Component: ARM Compiler 5.06 update 6 (build 750) Tool: armlink [4d35ed]

==============================================================================

Section Cross References

    startup_fm33lg0xx.o(STACK) refers (Special) to heapauxi.o(.text) for __use_two_region_memory
    startup_fm33lg0xx.o(HEAP) refers (Special) to heapauxi.o(.text) for __use_two_region_memory
    startup_fm33lg0xx.o(RESET) refers (Special) to heapauxi.o(.text) for __use_two_region_memory
    startup_fm33lg0xx.o(RESET) refers to startup_fm33lg0xx.o(STACK) for __initial_sp
    startup_fm33lg0xx.o(RESET) refers to startup_fm33lg0xx.o(.text) for Reset_Handler
    startup_fm33lg0xx.o(RESET) refers to mf_config.o(i.FDET_IRQHandler) for FDET_IRQHandler
    startup_fm33lg0xx.o(RESET) refers to uart0.o(i.UART0_IRQHandler) for UART0_IRQHandler
    startup_fm33lg0xx.o(RESET) refers to uart1.o(i.UART1_IRQHandler) for UART1_IRQHandler
    startup_fm33lg0xx.o(RESET) refers to uart3.o(i.UART3_IRQHandler) for UART3_IRQHandler
    startup_fm33lg0xx.o(RESET) refers to time.o(i.ATIM_IRQHandler) for ATIM_IRQHandler
    startup_fm33lg0xx.o(RESET) refers to pulse.o(i.GPIO_IRQHandler) for GPIO_IRQHandler
    startup_fm33lg0xx.o(.text) refers (Special) to heapauxi.o(.text) for __use_two_region_memory
    startup_fm33lg0xx.o(.text) refers to system_fm33lg0xx.o(i.SystemInit) for SystemInit
    startup_fm33lg0xx.o(.text) refers to __main.o(!!!main) for __main
    startup_fm33lg0xx.o(.text) refers to startup_fm33lg0xx.o(HEAP) for Heap_Mem
    startup_fm33lg0xx.o(.text) refers to startup_fm33lg0xx.o(STACK) for Stack_Mem
    mf_config.o(i.MF_CMU_XTLF_Init) refers to fm33lg0xx_fl_vao.o(i.FL_VAO_XTLF_Init) for FL_VAO_XTLF_Init
    mf_config.o(i.MF_Clock_Init) refers to mf_config.o(i.MF_CMU_XTLF_Init) for MF_CMU_XTLF_Init
    mf_config.o(i.MF_Clock_Init) refers to fm33lg0xx_fl.o(i.FL_DelayMs) for FL_DelayMs
    mf_config.o(i.MF_Clock_Init) refers to system_fm33lg0xx.o(i.SystemCoreClockUpdate) for SystemCoreClockUpdate
    mf_config.o(i.MF_SWD_IO_Init) refers to fm33lg0xx_fl_gpio.o(i.FL_GPIO_Init) for FL_GPIO_Init
    main.o(i.UART_Init) refers to uart0.o(i.UART0_MF_Config_Init) for UART0_MF_Config_Init
    main.o(i.UART_Init) refers to uart1.o(i.UART1_MF_Config_Init) for UART1_MF_Config_Init
    main.o(i.UART_Init) refers to uart3.o(i.UART3_MF_Config_Init) for UART3_MF_Config_Init
    main.o(i.main) refers to fm33lg0xx_fl.o(i.FL_Init) for FL_Init
    main.o(i.main) refers to mf_config.o(i.MF_Clock_Init) for MF_Clock_Init
    main.o(i.main) refers to mf_config.o(i.MF_SWD_IO_Init) for MF_SWD_IO_Init
    main.o(i.main) refers to gpio.o(i.User_GPIO_Init) for User_GPIO_Init
    main.o(i.main) refers to time.o(i.ATIM_Init) for ATIM_Init
    main.o(i.main) refers to main.o(i.UART_Init) for UART_Init
    main.o(i.main) refers to ina219.o(i.INA219_IIC_GPIO_Init) for INA219_IIC_GPIO_Init
    main.o(i.main) refers to adc.o(i.MF_ADC_Config_Init) for MF_ADC_Config_Init
    main.o(i.main) refers to pulse.o(i.MF_EXTI_Init) for MF_EXTI_Init
    main.o(i.main) refers to test_init.o(i.Test_Init) for Test_Init
    main.o(i.main) refers to led.o(i.LED_Sign_Close) for LED_Sign_Close
    main.o(i.main) refers to uart0.o(i.Uart0_Rx_rec) for Uart0_Rx_rec
    main.o(i.main) refers to uart1.o(i.Uart1_Rx_rec) for Uart1_Rx_rec
    main.o(i.main) refers to uart3.o(i.Uart3_Rx_rec) for Uart3_Rx_rec
    main.o(i.main) refers to test_init.o(i.Test_Function_Select) for Test_Function_Select
    system_fm33lg0xx.o(i.SystemCoreClockUpdate) refers to system_fm33lg0xx.o(i.__ARM_common_switch8) for __ARM_common_switch8
    system_fm33lg0xx.o(i.SystemCoreClockUpdate) refers to system_fm33lg0xx.o(i.SystemPLLClockUpdate) for SystemPLLClockUpdate
    system_fm33lg0xx.o(i.SystemCoreClockUpdate) refers to system_fm33lg0xx.o(.data) for XTHFClock
    system_fm33lg0xx.o(i.SystemInit) refers to system_fm33lg0xx.o(i.SystemCoreClockUpdate) for SystemCoreClockUpdate
    system_fm33lg0xx.o(i.SystemPLLClockUpdate) refers to system_fm33lg0xx.o(i.__ARM_common_switch8) for __ARM_common_switch8
    system_fm33lg0xx.o(i.SystemPLLClockUpdate) refers to aeabi_sdiv.o(.text) for __aeabi_uidivmod
    system_fm33lg0xx.o(i.SystemPLLClockUpdate) refers to system_fm33lg0xx.o(.data) for XTHFClock
    fm33lg0xx_fl_lpuart.o(i.FL_LPUART_DeInit) refers to fm33lg0xx_fl_lpuart.o(i.FL_RMU_EnableResetAPBPeripheral) for FL_RMU_EnableResetAPBPeripheral
    fm33lg0xx_fl_lpuart.o(i.FL_LPUART_DeInit) refers to fm33lg0xx_fl_lpuart.o(i.FL_RMU_DisableResetAPBPeripheral) for FL_RMU_DisableResetAPBPeripheral
    fm33lg0xx_fl_lpuart.o(i.FL_LPUART_DeInit) refers to fm33lg0xx_fl_lpuart.o(i.FL_CMU_IsEnabledGroup3BusClock) for FL_CMU_IsEnabledGroup3BusClock
    fm33lg0xx_fl_lpuart.o(i.FL_LPUART_DeInit) refers to fm33lg0xx_fl_lpuart.o(i.FL_CMU_DisableGroup3OperationClock) for FL_CMU_DisableGroup3OperationClock
    fm33lg0xx_fl_lpuart.o(i.FL_LPUART_Init) refers to fm33lg0xx_fl_lpuart.o(i.FL_CMU_EnableGroup3BusClock) for FL_CMU_EnableGroup3BusClock
[...]
    FL_GPIO_SetTriggerEdge0                  0x000019c3   Thumb Code    26  fm33lg0xx_fl_exti.o(i.FL_GPIO_SetTriggerEdge0)
    i.FL_GPIO_SetTriggerEdge1                0x000019dc   Section        0  fm33lg0xx_fl_exti.o(i.FL_GPIO_SetTriggerEdge1)
    FL_GPIO_SetTriggerEdge1                  0x000019dd   Thumb Code    26  fm33lg0xx_fl_exti.o(i.FL_GPIO_SetTriggerEdge1)
    i.FL_Init                                0x000019f6   Section        0  fm33lg0xx_fl.o(i.FL_Init)
    i.FL_NVIC_Init                           0x00001a00   Section        0  fm33lg0xx_fl.o(i.FL_NVIC_Init)
    i.FL_UART_EnableIT_TXShiftBuffEmpty      0x00001a48   Section        0  uart0.o(i.FL_UART_EnableIT_TXShiftBuffEmpty)
    FL_UART_EnableIT_TXShiftBuffEmpty        0x00001a49   Thumb Code    10  uart0.o(i.FL_UART_EnableIT_TXShiftBuffEmpty)
    i.FL_UART_EnableIT_TXShiftBuffEmpty      0x00001a52   Section        0  uart1.o(i.FL_UART_EnableIT_TXShiftBuffEmpty)
    FL_UART_EnableIT_TXShiftBuffEmpty        0x00001a53   Thumb Code    10  uart1.o(i.FL_UART_EnableIT_TXShiftBuffEmpty)
    i.FL_UART_EnableIT_TXShiftBuffEmpty      0x00001a5c   Section        0  uart3.o(i.FL_UART_EnableIT_TXShiftBuffEmpty)
    FL_UART_EnableIT_TXShiftBuffEmpty        0x00001a5d   Thumb Code    10  uart3.o(i.FL_UART_EnableIT_TXShiftBuffEmpty)
    i.FL_UART_Init                           0x00001a68   Section        0  fm33lg0xx_fl_uart.o(i.FL_UART_Init)
    i.FL_UART_WriteTXBuff                    0x00001d4c   Section        0  uart0.o(i.FL_UART_WriteTXBuff)
    FL_UART_WriteTXBuff                      0x00001d4d   Thumb Code    12  uart0.o(i.FL_UART_WriteTXBuff)
    i.FL_UART_WriteTXBuff                    0x00001d58   Section        0  uart1.o(i.FL_UART_WriteTXBuff)
    FL_UART_WriteTXBuff                      0x00001d59   Thumb Code    12  uart1.o(i.FL_UART_WriteTXBuff)
    i.FL_UART_WriteTXBuff                    0x00001d64   Section        0  uart3.o(i.FL_UART_WriteTXBuff)
    FL_UART_WriteTXBuff                      0x00001d65   Thumb Code    12  uart3.o(i.FL_UART_WriteTXBuff)
    i.FL_VAO_XTLF_Init                       0x00001d70   Section        0  fm33lg0xx_fl_vao.o(i.FL_VAO_XTLF_Init)
    i.Find_Device_ID                         0x00001e90   Section        0  ir.o(i.Find_Device_ID)
    i.Find_LoraEUI                           0x00001ea4   Section        0  ir.o(i.Find_LoraEUI)
    i.Find_Report_Result                     0x00001eb8   Section        0  ir.o(i.Find_Report_Result)
    i.Find_Result                            0x00001eec   Section        0  ir.o(i.Find_Result)
    i.Find_Self_Check                        0x00001f00   Section        0  ir.o(i.Find_Self_Check)
    i.Find_Version                           0x00001f34   Section        0  ir.o(i.Find_Version)
    i.GPIO_IRQHandler                        0x00001f48   Section        0  pulse.o(i.GPIO_IRQHandler)
    i.GetSingleChannelSample_POLL            0x00001f98   Section        0  adc.o(i.GetSingleChannelSample_POLL)
    GetSingleChannelSample_POLL              0x00001f99   Thumb Code   114  adc.o(i.GetSingleChannelSample_POLL)
    i.GetSingleChannelVoltage_POLL           0x00002014   Section        0  adc.o(i.GetSingleChannelVoltage_POLL)
    i.GetVREF1P2Sample_POLL                  0x00002090   Section        0  adc.o(i.GetVREF1P2Sample_POLL)
    GetVREF1P2Sample_POLL                    0x00002091   Thumb Code   144  adc.o(i.GetVREF1P2Sample_POLL)
    i.Get_GP30_Voltage                       0x0000212c   Section        0  ir.o(i.Get_GP30_Voltage)
    i.INA219_IIC_GPIO_Init                   0x00002140   Section        0  ina219.o(i.INA219_IIC_GPIO_Init)
    i.InvertUint16                           0x000021cc   Section        0  jiaoyan.o(i.InvertUint16)
    i.JILIAN_TONGXIN_xieyifasong             0x0000220c   Section        0  measurement.o(i.JILIAN_TONGXIN_xieyifasong)
    i.JILIAN_TONGXIN_xieyijiexi              0x0000227c   Section        0  measurement.o(i.JILIAN_TONGXIN_xieyijiexi)
    i.JILIAN_manshui_xieyi                   0x00002310   Section        0  measurement.o(i.JILIAN_manshui_xieyi)
    i.JILIAN_wushui_xieyi                    0x0000231c   Section        0  measurement.o(i.JILIAN_wushui_xieyi)
    i.JILIAN_zoushui_xieyi                   0x00002328   Section        0  measurement.o(i.JILIAN_zoushui_xieyi)
    i.LED_Sign_Close                         0x00002334   Section        0  led.o(i.LED_Sign_Close)
    i.LED_Sign_Open                          0x00002358   Section        0  led.o(i.LED_Sign_Open)
    i.MF_ADC_Common_Init                     0x00002378   Section        0  adc.o(i.MF_ADC_Common_Init)
    MF_ADC_Common_Init                       0x00002379   Thumb Code    24  adc.o(i.MF_ADC_Common_Init)
    i.MF_ADC_Config_Init                     0x00002390   Section        0  adc.o(i.MF_ADC_Config_Init)
    i.MF_ADC_Init                            0x0000239c   Section        0  adc.o(i.MF_ADC_Init)
    MF_ADC_Init                              0x0000239d   Thumb Code   108  adc.o(i.MF_ADC_Init)
    i.MF_ATIM_Interrupt_Init                 0x00002410   Section        0  time.o(i.MF_ATIM_Interrupt_Init)
    i.MF_ATIM_TimerBase_Init                 0x00002430   Section        0  time.o(i.MF_ATIM_TimerBase_Init)
    i.MF_CMU_XTLF_Init                       0x00002460   Section        0  mf_config.o(i.MF_CMU_XTLF_Init)
    i.MF_Clock_Init                          0x00002478   Section        0  mf_config.o(i.MF_Clock_Init)
    i.MF_EXTI_Common_Init                    0x000025d4   Section        0  pulse.o(i.MF_EXTI_Common_Init)
    i.MF_EXTI_Init                           0x000025e2   Section        0  pulse.o(i.MF_EXTI_Init)
    i.MF_EXTI_Line0_Init                     0x000025f8   Section        0  pulse.o(i.MF_EXTI_Line0_Init)
    i.MF_EXTI_Line12_Init                    0x00002634   Section        0  pulse.o(i.MF_EXTI_Line12_Init)
    i.MF_NVIC_Init                           0x00002674   Section        0  pulse.o(i.MF_NVIC_Init)
    i.MF_SWD_IO_Init                         0x00002684   Section        0  mf_config.o(i.MF_SWD_IO_Init)
    i.MF_UART0_Init                          0x000026c8   Section        0  uart0.o(i.MF_UART0_Init)
    i.MF_UART0_Interrupt_Init                0x00002734   Section        0  uart0.o(i.MF_UART0_Interrupt_Init)
    i.MF_UART1_Init                          0x00002768   Section        0  uart1.o(i.MF_UART1_Init)
    i.MF_UART1_Interrupt_Init                0x000027d0   Section        0  uart1.o(i.MF_UART1_Interrupt_Init)
    i.MF_UART3_Init                          0x00002804   Section        0  uart3.o(i.MF_UART3_Init)
    i.MF_UART3_Interrupt_Init                0x00002870   Section        0  uart3.o(i.MF_UART3_Interrupt_Init)
    i.Main_Current_CHK_CTL                   0x000028a4   Section        0  gpio.o(i.Main_Current_CHK_CTL)
    i.Main_Voltage_Output_Ctl                0x000028d0   Section        0  gpio.o(i.Main_Voltage_Output_Ctl)
    i.Manual_Report_UP                       0x000028fc   Section        0  ir.o(i.Manual_Report_UP)
    i.NVIC_SetPriority                       0x00002930   Section        0  fm33lg0xx_fl.o(i.NVIC_SetPriority)
    NVIC_SetPriority                         0x00002931   Thumb Code   110  fm33lg0xx_fl.o(i.NVIC_SetPriority)
    i.Output_12V_CTL1                        0x000029a8   Section        0  gpio.o(i.Output_12V_CTL1)
    i.Output_12V_CTL2                        0x000029d4   Section        0  gpio.o(i.Output_12V_CTL2)
    i.ReadZD_Current                         0x00002a00   Section        0  ina219.o(i.ReadZD_Current)
    i.Send_Qiandao                           0x00002aac   Section        0  ir.o(i.Send_Qiandao)
    i.Set_true                               0x00002acc   Section        0  ir.o(i.Set_true)
    i.Standby_Current_CHK_CTL                0x00002ae0   Section        0  gpio.o(i.Standby_Current_CHK_CTL)
    i.Standby_Voltage_Output_Ctl             0x00002b0c   Section        0  gpio.o(i.Standby_Voltage_Output_Ctl)
    i.Start_Wmbus_Test                       0x00002b38   Section        0  ir.o(i.Start_Wmbus_Test)
    i.Sum_jiaoyan                            0x00002b4c   Section        0  jiaoyan.o(i.Sum_jiaoyan)
    i.SystemCoreClockUpdate                  0x00002b6c   Section        0  system_fm33lg0xx.o(i.SystemCoreClockUpdate)
    i.SystemInit                             0x00002ca8   Section        0  system_fm33lg0xx.o(i.SystemInit)
    i.SystemPLLClockUpdate                   0x00002da4   Section        0  system_fm33lg0xx.o(i.SystemPLLClockUpdate)
    SystemPLLClockUpdate                     0x00002da5   Thumb Code   182  system_fm33lg0xx.o(i.SystemPLLClockUpdate)
    i.Test_Function_CAT1                     0x00002e74   Section        0  test_cat1.o(i.Test_Function_CAT1)
    i.Test_Function_Lierda                   0x00002e78   Section        0  test_lierda.o(i.Test_Function_Lierda)
    i.Test_Function_Mensi                    0x00003754   Section        0  test_mensi.o(i.Test_Function_Mensi)
    i.Test_Function_NB                       0x000040f8   Section        0  test_nb.o(i.Test_Function_NB)
    i.Test_Function_Pulse                    0x000046f8   Section        0  test_pulse.o(i.Test_Function_Pulse)
    i.Test_Function_Select                   0x00004f90   Section        0  test_init.o(i.Test_Function_Select)
    i.Test_Init                              0x00004fd4   Section        0  test_init.o(i.Test_Init)
    i.Test_Result_Init                       0x00005020   Section        0  test_init.o(i.Test_Result_Init)
    i.UART0_IRQHandler                       0x00005118   Section        0  uart0.o(i.UART0_IRQHandler)
    i.UART0_MF_Config_Init                   0x00005210   Section        0  uart0.o(i.UART0_MF_Config_Init)
    i.UART0_MF_NVIC_Init                     0x00005224   Section        0  uart0.o(i.UART0_MF_NVIC_Init)
    i.UART1_IRQHandler                       0x00005234   Section        0  uart1.o(i.UART1_IRQHandler)
    i.UART1_MF_Config_Init                   0x0000532c   Section        0  uart1.o(i.UART1_MF_Config_Init)
    i.UART1_MF_NVIC_Init                     0x00005340   Section        0  uart1.o(i.UART1_MF_NVIC_Init)
    i.UART3_IRQHandler                       0x00005350   Section        0  uart3.o(i.UART3_IRQHandler)
    i.UART3_MF_Config_Init                   0x00005440   Section        0  uart3.o(i.UART3_MF_Config_Init)
    i.UART3_MF_NVIC_Init                     0x00005454   Section        0  uart3.o(i.UART3_MF_NVIC_Init)
    i.UART_Init                              0x00005464   Section        0  main.o(i.UART_Init)
    i.UART_TX_state_change                   0x00005474   Section        0  uart0.o(i.UART_TX_state_change)
    i.Uart0_Rx_rec                           0x000054ac   Section        0  uart0.o(i.Uart0_Rx_rec)
    i.Uart0_Tx_Send                          0x00005518   Section        0  uart0.o(i.Uart0_Tx_Send)
    i.Uart0_Tx_Send_init                     0x00005590   Section        0  uart0.o(i.Uart0_Tx_Send_init)
    i.Uart1_Rx_rec                           0x000055a0   Section        0  uart1.o(i.Uart1_Rx_rec)
    i.Uart1_Tx_Send                          0x000055f8   Section        0  uart1.o(i.Uart1_Tx_Send)
    i.Uart1_Tx_Send_init                     0x00005668   Section        0  uart1.o(i.Uart1_Tx_Send_init)
    i.Uart3_Rx_rec                           0x00005678   Section        0  uart3.o(i.Uart3_Rx_rec)
    i.Uart3_Tx_Send                          0x000056c8   Section        0  uart3.o(i.Uart3_Tx_Send)
    i.Uart3_Tx_Send_init                     0x0000573c   Section        0  uart3.o(i.Uart3_Tx_Send_init)
    i.User_GPIO_Init                         0x0000574c   Section        0  gpio.o(i.User_GPIO_Init)
    i.Voltage_Main_Mould_CHK                 0x00005894   Section        0  adc.o(i.Voltage_Main_Mould_CHK)
    i.Workstation_CHK                        0x000058ac   Section        0  test_init.o(i.Workstation_CHK)
    i.ZDINA219_IIC_Delay                     0x000058b8   Section        0  ina219.o(i.ZDINA219_IIC_Delay)
    i.ZDINA219_IIC_RevByte                   0x000058c8   Section        0  ina219.o(i.ZDINA219_IIC_RevByte)
    i.ZDINA219_IIC_RevBytes                  0x0000590e   Section        0  ina219.o(i.ZDINA219_IIC_RevBytes)
    i.ZDINA219_IIC_SendByte                  0x00005970   Section        0  ina219.o(i.ZDINA219_IIC_SendByte)
    i.ZDINA219_IIC_SendBytes                 0x000059ea   Section        0  ina219.o(i.ZDINA219_IIC_SendBytes)
    i.ZDINA219_IIC_Start                     0x00005a06   Section        0  ina219.o(i.ZDINA219_IIC_Start)
    i.ZDINA219_IIC_Stop                      0x00005a2c   Section        0  ina219.o(i.ZDINA219_IIC_Stop)
    i.ZDINA219_SCL                           0x00005a5c   Section        0  ina219.o(i.ZDINA219_SCL)
    i.ZDINA219_SDA                           0x00005ac0   Section        0  ina219.o(i.ZDINA219_SDA)
    i.ZDINA219_SDA_InPut                     0x00005b24   Section        0  ina219.o(i.ZDINA219_SDA_InPut)
    i.ZDINA219_SDA_OUT_Dir_CTL               0x00005b58   Section        0  ina219.o(i.ZDINA219_SDA_OUT_Dir_CTL)
    i.__ARM_common_ll_muluu                  0x00005bb4   Section        0  adc.o(i.__ARM_common_ll_muluu)
    i.__ARM_common_switch8                   0x00005be4   Section        0  system_fm33lg0xx.o(i.__ARM_common_switch8)
    i.configWmbus                            0x00005c00   Section        0  ir.o(i.configWmbus)
    i.findLrdType                            0x00005c34   Section        0  ir.o(i.findLrdType)
    i.findWmbusConfig                        0x00005c48   Section        0  ir.o(i.findWmbusConfig)
    i.getLrdEUIInit                          0x00005c7c   Section        0  test_init.o(i.getLrdEUIInit)
    i.getLrdLoRaEUI                          0x00005ca0   Section        0  ir.o(i.getLrdLoRaEUI)
    i.irProtocolParse                        0x00005cb4   Section        0  ir.o(i.irProtocolParse)
    i.loraGetFreq                            0x00006430   Section        0  ir.o(i.loraGetFreq)
    i.loraSetFreq923                         0x000064a4   Section        0  ir.o(i.loraSetFreq923)
    i.lrdEUIResponse                         0x00006530   Section        0  pc.o(i.lrdEUIResponse)
    i.main                                   0x000065b8   Section        0  main.o(i.main)
    i.pcProtocolParse                        0x000065f8   Section        0  pc.o(i.pcProtocolParse)
    i.setWmbusKey                            0x00006790   Section        0  ir.o(i.setWmbusKey)
    i.simulate3WirePulse                     0x000067a4   Section        0  ir.o(i.simulate3WirePulse)
    i.startTestInit                          0x000067f4   Section        0  test_init.o(i.startTestInit)
    i.startTestResponse                      0x0000680c   Section        0  pc.o(i.startTestResponse)
    i.testDataResponse                       0x00006838   Section        0  pc.o(i.testDataResponse)
    i.whiteAppEUI                            0x00006b90   Section        0  ir.o(i.whiteAppEUI)
    i.whiteAppkey                            0x00006c24   Section        0  ir.o(i.whiteAppkey)
    i.whiteReset                             0x00006cb8   Section        0  ir.o(i.whiteReset)
    i.whiteSave                              0x00006d3c   Section        0  ir.o(i.whiteSave)
    .constdata                               0x00006dc0   Section       84  fm33lg0xx_fl_exti.o(.constdata)
    setExtiLineFuncs                         0x00006dc0   Data          76  fm33lg0xx_fl_exti.o(.constdata)
    setTrigEdgeFuncs                         0x00006e0c   Data           8  fm33lg0xx_fl_exti.o(.constdata)
    .data                                    0x20000000   Section       12  system_fm33lg0xx.o(.data)
    .data                                    0x2000000c   Section        3  ina219.o(.data)
    .data                                    0x2000000f   Section        8  jiaoyan.o(.data)
    .data                                    0x20000018   Section       10  uart0.o(.data)
    .data                                    0x20000022   Section       58  uart1.o(.data)
    .data                                    0x2000005c   Section        8  uart3.o(.data)
    .data                                    0x20000064   Section      248  ir.o(.data)
    .data                                    0x2000015c   Section        2  led.o(.data)
    .data                                    0x2000015e   Section       12  pc.o(.data)
    .data                                    0x2000016a   Section        2  test_pulse.o(.data)
    .data                                    0x2000016c   Section       13  test_init.o(.data)
    .bss                                     0x2000017c   Section       30  ina219.o(.bss)
    .bss                                     0x2000019a   Section       16  jiaoyan.o(.bss)
    .bss                                     0x200001ac   Section      616  uart0.o(.bss)
    .bss                                     0x20000414   Section      616  uart1.o(.bss)
    .bss                                     0x2000067c   Section      616  uart3.o(.bss)
    .bss                                     0x200008e4   Section      200  ir.o(.bss)
    .bss                                     0x200009ac   Section      200  measurement.o(.bss)
    .bss                                     0x20000a74   Section      400  pc.o(.bss)
    .bss                                     0x20000c04   Section      220  test_init.o(.bss)
    .bss                                     0x20000ce0   Section       96  libspace.o(.bss)
    HEAP                                     0x20000d40   Section     2048  startup_fm33lg0xx.o(HEAP)
    Heap_Mem                                 0x20000d40   Data        2048  startup_fm33lg0xx.o(HEAP)
    STACK                                    0x20001540   Section     2048  startup_fm33lg0xx.o(STACK)
    Stack_Mem                                0x20001540   Data        2048  startup_fm33lg0xx.o(STACK)
    __initial_sp                             0x20001d40   Data           0  startup_fm33lg0xx.o(STACK)

    Global Symbols

    Symbol Name                              Value     Ov Type        Size  Object(Section)

    BuildAttributes$$THM_ISAv3M$S$PE$A:L22$X:L11$S22$IEEE1$IW$USESV6$~STKCKD$USESV7$~SHL$OSPACE$ROPI$EBA8$UX$STANDARDLIB$REQ8$PRES8$EABIv2 0x00000000   Number         0  anon$$obj.o ABSOLUTE
    __ARM_use_no_argv                        0x00000000   Number         0  main.o ABSOLUTE
    __Vectors                                0x00000000   Data           4  startup_fm33lg0xx.o(RESET)
    __ARM_exceptions_init                     - Undefined Weak Reference
    __alloca_initialize                       - Undefined Weak Reference
    __arm_preinit_                            - Undefined Weak Reference
    __cpp_initialize__aeabi_                  - Undefined Weak Reference
    __cxa_finalize                            - Undefined Weak Reference
    __rt_locale                               - Undefined Weak Reference
    __sigvec_lookup                           - Undefined Weak Reference
    _atexit_init                              - Undefined Weak Reference
    _call_atexit_fns                          - Undefined Weak Reference
    _clock_init                               - Undefined Weak Reference
    _fp_trap_init                             - Undefined Weak Reference
    _fp_trap_shutdown                         - Undefined Weak Reference
    _get_lc_collate                           - Undefined Weak Reference
    _get_lc_ctype                             - Undefined Weak Reference
    _get_lc_monetary                          - Undefined Weak Reference
    _get_lc_numeric                           - Undefined Weak Reference
    _get_lc_time                              - Undefined Weak Reference
    _getenv_init                              - Undefined Weak Reference
    _handle_redirection                       - Undefined Weak Reference
    _init_alloc                               - Undefined Weak Reference
    _init_user_alloc                          - Undefined Weak Reference
    _initio                                   - Undefined Weak Reference
    _rand_init                                - Undefined Weak Reference
    _signal_finish                            - Undefined Weak Reference
    _signal_init                              - Undefined Weak Reference
    _terminate_alloc                          - Undefined Weak Reference
    _terminate_user_alloc                     - Undefined Weak Reference
    _terminateio                              - Undefined Weak Reference
    __Vectors_End                            0x000000c0   Data           0  startup_fm33lg0xx.o(RESET)
    __Vectors_Size                           0x000000c0   Number         0  startup_fm33lg0xx.o ABSOLUTE
    __main                                   0x000000c1   Thumb Code     8  __main.o(!!!main)
    __scatterload                            0x000000c9   Thumb Code     0  __scatter.o(!!!scatter)
    __scatterload_rt2                        0x000000c9   Thumb Code    52  __scatter.o(!!!scatter)
    __scatterload_rt2_thumb_only             0x000000c9   Thumb Code     0  __scatter.o(!!!scatter)
    __scatterload_null                       0x000000d9   Thumb Code     0  __scatter.o(!!!scatter)
    __scatterload_zeroinit                   0x00000105   Thumb Code    28  __scatter_zi.o(!!handler_zi)
    __rt_lib_init                            0x00000121   Thumb Code     0  libinit.o(.ARM.Collect$$libinit$$00000000)
    __rt_lib_init_alloca_1                   0x00000123   Thumb Code     0  libinit2.o(.ARM.Collect$$libinit$$0000002E)
    __rt_lib_init_argv_1                     0x00000123   Thumb Code     0  libinit2.o(.ARM.Collect$$libinit$$0000002C)
    __rt_lib_init_atexit_1                   0x00000123   Thumb Code     0  libinit2.o(.ARM.Collect$$libinit$$0000001B)
    __rt_lib_init_clock_1                    0x00000123   Thumb Code     0  libinit2.o(.ARM.Collect$$libinit$$00000021)
    __rt_lib_init_cpp_1                      0x00000123   Thumb Code     0  libinit2.o(.ARM.Collect$$libinit$$00000032)
    __rt_lib_init_exceptions_1               0x00000123   Thumb Code     0  libinit2.o(.ARM.Collect$$libinit$$00000030)
    __rt_lib_init_fp_1                       0x00000123   Thumb Code     0  libinit2.o(.ARM.Collect$$libinit$$00000002)
    __rt_lib_init_fp_trap_1                  0x00000123   Thumb Code     0  libinit2.o(.ARM.Collect$$libinit$$0000001F)
    __rt_lib_init_getenv_1                   0x00000123   Thumb Code     0  libinit2.o(.ARM.Collect$$libinit$$00000023)
    __rt_lib_init_heap_1                     0x00000123   Thumb Code     0  libinit2.o(.ARM.Collect$$libinit$$0000000A)
    __rt_lib_init_lc_collate_1               0x00000123   Thumb Code     0  libinit2.o(.ARM.Collect$$libinit$$00000011)
    __rt_lib_init_lc_ctype_1                 0x00000123   Thumb Code     0  libinit2.o(.ARM.Collect$$libinit$$00000013)
    __rt_lib_init_lc_monetary_1              0x00000123   Thumb Code     0  libinit2.o(.ARM.Collect$$libinit$$00000015)
    __rt_lib_init_lc_numeric_1               0x00000123   Thumb Code     0  libinit2.o(.ARM.Collect$$libinit$$00000017)
    __rt_lib_init_lc_time_1                  0x00000123   Thumb Code     0  libinit2.o(.ARM.Collect$$libinit$$00000019)
    __rt_lib_init_preinit_1                  0x00000123   Thumb Code     0  libinit2.o(.ARM.Collect$$libinit$$00000004)
    __rt_lib_init_rand_1                     0x00000123   Thumb Code     0  libinit2.o(.ARM.Collect$$libinit$$0000000E)
    __rt_lib_init_return                     0x00000123   Thumb Code     0  libinit2.o(.ARM.Collect$$libinit$$00000033)
    __rt_lib_init_signal_1                   0x00000123   Thumb Code     0  libinit2.o(.ARM.Collect$$libinit$$0000001D)
    __rt_lib_init_stdio_1                    0x00000123   Thumb Code     0  libinit2.o(.ARM.Collect$$libinit$$00000025)
    __rt_lib_init_user_alloc_1               0x00000123   Thumb Code     0  libinit2.o(.ARM.Collect$$libinit$$0000000C)
    __rt_lib_shutdown                        0x00000125   Thumb Code     0  libshutdown.o(.ARM.Collect$$libshutdown$$00000000)
    __rt_lib_shutdown_cpp_1                  0x00000127   Thumb Code     0  libshutdown2.o(.ARM.Collect$$libshutdown$$00000002)
    __rt_lib_shutdown_fp_trap_1              0x00000127   Thumb Code     0  libshutdown2.o(.ARM.Collect$$libshutdown$$00000007)
    __rt_lib_shutdown_heap_1                 0x00000127   Thumb Code     0  libshutdown2.o(.ARM.Collect$$libshutdown$$0000000F)
    __rt_lib_shutdown_return                 0x00000127   Thumb Code     0  libshutdown2.o(.ARM.Collect$$libshutdown$$00000010)
    __rt_lib_shutdown_signal_1               0x00000127   Thumb Code     0  libshutdown2.o(.ARM.Collect$$libshutdown$$0000000A)
    __rt_lib_shutdown_stdio_1                0x00000127   Thumb Code     0  libshutdown2.o(.ARM.Collect$$libshutdown$$00000004)
    __rt_lib_shutdown_user_alloc_1           0x00000127   Thumb Code     0  libshutdown2.o(.ARM.Collect$$libshutdown$$0000000C)
    __rt_entry                               0x00000129   Thumb Code     0  __rtentry.o(.ARM.Collect$$rtentry$$00000000)
    __rt_entry_presh_1                       0x00000129   Thumb Code     0  __rtentry2.o(.ARM.Collect$$rtentry$$00000002)
    __rt_entry_sh                            0x00000129   Thumb Code     0  __rtentry4.o(.ARM.Collect$$rtentry$$00000004)
    __rt_entry_li                            0x0000012f   Thumb Code     0  __rtentry2.o(.ARM.Collect$$rtentry$$0000000A)
    __rt_entry_postsh_1                      0x0000012f   Thumb Code     0  __rtentry2.o(.ARM.Collect$$rtentry$$00000009)
    __rt_entry_main                          0x00000133   Thumb Code     0  __rtentry2.o(.ARM.Collect$$rtentry$$0000000D)
    __rt_entry_postli_1                      0x00000133   Thumb Code     0  __rtentry2.o(.ARM.Collect$$rtentry$$0000000C)
    __rt_exit                                0x0000013b   Thumb Code     0  rtexit.o(.ARM.Collect$$rtexit$$00000000)
    __rt_exit_ls                             0x0000013d   Thumb Code     0  rtexit2.o(.ARM.Collect$$rtexit$$00000003)
    __rt_exit_prels_1                        0x0000013d   Thumb Code     0  rtexit2.o(.ARM.Collect$$rtexit$$00000002)
    __rt_exit_exit                           0x00000141   Thumb Code     0  rtexit2.o(.ARM.Collect$$rtexit$$00000004)
    __aeabi_memcpy4                          0x00000149   Thumb Code    56  rt_memcpy.o(.emb_text)
    __aeabi_memcpy8                          0x00000149   Thumb Code     0  rt_memcpy.o(.emb_text)
    Reset_Handler                            0x00000181   Thumb Code     8  startup_fm33lg0xx.o(.text)
    NMI_Handler                              0x00000189   Thumb Code     2  startup_fm33lg0xx.o(.text)
    HardFault_Handler                        0x0000018b   Thumb Code     2  startup_fm33lg0xx.o(.text)
    SVC_Handler                              0x0000018d   Thumb Code     2  startup_fm33lg0xx.o(.text)
    PendSV_Handler                           0x0000018f   Thumb Code     2  startup_fm33lg0xx.o(.text)
    SysTick_Handler                          0x00000191   Thumb Code     2  startup_fm33lg0xx.o(.text)
    ADC_IRQHandler                           0x00000193   Thumb Code     0  startup_fm33lg0xx.o(.text)
    AES_IRQHandler                           0x00000193   Thumb Code     0  startup_fm33lg0xx.o(.text)
    BSTIM_IRQHandler                         0x00000193   Thumb Code     0  startup_fm33lg0xx.o(.text)
    CAN_IRQHandler                           0x00000193   Thumb Code     0  startup_fm33lg0xx.o(.text)
    CCL_IRQHandler                           0x00000193   Thumb Code     0  startup_fm33lg0xx.o(.text)
    COMPx_IRQHandler                         0x00000193   Thumb Code     0  startup_fm33lg0xx.o(.text)
    DAC_IRQHandler                           0x00000193   Thumb Code     0  startup_fm33lg0xx.o(.text)
    DMA_IRQHandler                           0x00000193   Thumb Code     0  startup_fm33lg0xx.o(.text)
    FLASH_IRQHandler                         0x00000193   Thumb Code     0  startup_fm33lg0xx.o(.text)
    GPTIM0_1_IRQHandler                      0x00000193   Thumb Code     0  startup_fm33lg0xx.o(.text)
    GPTIM2_IRQHandler                        0x00000193   Thumb Code     0  startup_fm33lg0xx.o(.text)
    I2C_IRQHandler                           0x00000193   Thumb Code     0  startup_fm33lg0xx.o(.text)
    LPTIM_IRQHandler                         0x00000193   Thumb Code     0  startup_fm33lg0xx.o(.text)
    LPUARTx_IRQHandler                       0x00000193   Thumb Code     0  startup_fm33lg0xx.o(.text)
    LUT_IRQHandler                           0x00000193   Thumb Code     0  startup_fm33lg0xx.o(.text)
    RTC_IRQHandler                           0x00000193   Thumb Code     0  startup_fm33lg0xx.o(.text)
    SPI0_IRQHandler                          0x00000193   Thumb Code     0  startup_fm33lg0xx.o(.text)
    SPI1_IRQHandler                          0x00000193   Thumb Code     0  startup_fm33lg0xx.o(.text)
    SPI2_IRQHandler                          0x00000193   Thumb Code     0  startup_fm33lg0xx.o(.text)
    SVD_IRQHandler                           0x00000193   Thumb Code     0  startup_fm33lg0xx.o(.text)
    U7816_IRQHandler                         0x00000193   Thumb Code     0  startup_fm33lg0xx.o(.text)
    UART4_IRQHandler                         0x00000193   Thumb Code     0  startup_fm33lg0xx.o(.text)
    UART5_IRQHandler                         0x00000193   Thumb Code     0  startup_fm33lg0xx.o(.text)
    VREF_IRQHandler                          0x00000193   Thumb Code     0  startup_fm33lg0xx.o(.text)
    WDT_IRQHandler                           0x00000193   Thumb Code     0  startup_fm33lg0xx.o(.text)
    WKUPx_IRQHandler                         0x00000193   Thumb Code     0  startup_fm33lg0xx.o(.text)
    __user_initial_stackheap                 0x00000195   Thumb Code     0  startup_fm33lg0xx.o(.text)
    __aeabi_lmul                             0x000001b9   Thumb Code    48  llmul.o(.text)
    _ll_mul                                  0x000001b9   Thumb Code     0  llmul.o(.text)
    __aeabi_uldivmod                         0x000001e9   Thumb Code   258  lludiv.o(.text)
    _ll_udiv                                 0x000001e9   Thumb Code     0  lludiv.o(.text)
    __aeabi_memcpy                           0x000002eb   Thumb Code   130  rt_memcpy.o(.text)
    __rt_memcpy                              0x000002eb   Thumb Code     0  rt_memcpy.o(.text)
    _memset_w                                0x0000036d   Thumb Code    26  rt_memclr.o(.text)
    _memset                                  0x00000387   Thumb Code    30  rt_memclr.o(.text)
    __aeabi_memclr                           0x000003a5   Thumb Code     4  rt_memclr.o(.text)
    __rt_memclr                              0x000003a5   Thumb Code     0  rt_memclr.o(.text)
    __aeabi_memclr4                          0x000003a9   Thumb Code     0  rt_memclr.o(.text)
    __aeabi_memclr8                          0x000003a9   Thumb Code     0  rt_memclr.o(.text)
    __rt_memclr_w                            0x000003a9   Thumb Code     4  rt_memclr.o(.text)
    __aeabi_uidiv                            0x000003ad   Thumb Code     0  aeabi_sdiv.o(.text)
    __aeabi_uidivmod                         0x000003ad   Thumb Code    20  aeabi_sdiv.o(.text)
    __aeabi_idiv                             0x000003c1   Thumb Code     0  aeabi_sdiv.o(.text)
    __aeabi_idivmod                          0x000003c1   Thumb Code   326  aeabi_sdiv.o(.text)
    __use_two_region_memory                  0x00000507   Thumb Code     2  heapauxi.o(.text)
    __rt_heap_escrow$2region                 0x00000509   Thumb Code     2  heapauxi.o(.text)
    __rt_heap_expand$2region                 0x0000050b   Thumb Code     2  heapauxi.o(.text)
    __user_setup_stackheap                   0x0000050d   Thumb Code    62  sys_stackheap_outer.o(.text)
    exit                                     0x0000054b   Thumb Code    16  exit.o(.text)
    __user_libspace                          0x0000055d   Thumb Code     8  libspace.o(.text)
    __user_perproc_libspace                  0x0000055d   Thumb Code     0  libspace.o(.text)
    __user_perthread_libspace                0x0000055d   Thumb Code     0  libspace.o(.text)
    _sys_exit                                0x00000565   Thumb Code     8  sys_exit.o(.text)
    __I$use$semihosting                      0x00000571   Thumb Code     0  use_no_semi.o(.text)
    __use_no_semihosting_swi                 0x00000571   Thumb Code     2  use_no_semi.o(.text)
    __decompress                             0x00000573   Thumb Code     0  __dczerorl2.o(.text)
    __decompress1                            0x00000573   Thumb Code    86  __dczerorl2.o(.text)
    __semihosting_library_function           0x00000573   Thumb Code     0  indicate_semi.o(.text)
    ASCII8byte_To_ASCII16byte                0x000005c9   Thumb Code    52  jiaoyan.o(i.ASCII8byte_To_ASCII16byte)
    ASCII_To_Hex                             0x00000601   Thumb Code    58  jiaoyan.o(i.ASCII_To_Hex)
    ATIM_IRQHandler                          0x00000641   Thumb Code   210  time.o(i.ATIM_IRQHandler)
    ATIM_Init                                0x0000073d   Thumb Code    20  time.o(i.ATIM_Init)
    ATIM_NVIC_Init                           0x00000751   Thumb Code    16  time.o(i.ATIM_NVIC_Init)
    ATIM_Start                               0x00000761   Thumb Code    18  time.o(i.ATIM_Start)
    CRC16_MODBUS                             0x00000779   Thumb Code    78  jiaoyan.o(i.CRC16_MODBUS)
    CheckZDCurrent                           0x000007d1   Thumb Code   156  ina219.o(i.CheckZDCurrent)
    Close_Commumication                      0x0000086d   Thumb Code    16  ir.o(i.Close_Commumication)
    Current_CHK_CTRL_OFF_l                   0x00000881   Thumb Code    38  ina219.o(i.Current_CHK_CTRL_OFF_l)
    Current_CHK_CTRL_ON_l                    0x000008ad   Thumb Code    38  ina219.o(i.Current_CHK_CTRL_ON_l)
    Current_CHK_Func                         0x000008d9   Thumb Code    38  ina219.o(i.Current_CHK_Func)
    FDET_IRQHandler                          0x00000905   Thumb Code    44  mf_config.o(i.FDET_IRQHandler)
    FL_ADC_CommonInit                        0x0000093d   Thumb Code   386  fm33lg0xx_fl_adc.o(i.FL_ADC_CommonInit)
    FL_ADC_Init                              0x00000b15   Thumb Code   890  fm33lg0xx_fl_adc.o(i.FL_ADC_Init)
    FL_ATIM_Init                             0x00000ec5   Thumb Code   400  fm33lg0xx_fl_atim.o(i.FL_ATIM_Init)
    FL_CMU_GetAHBClockFreq                   0x000010d9   Thumb Code   114  fm33lg0xx_fl_cmu.o(i.FL_CMU_GetAHBClockFreq)
    FL_CMU_GetAPBClockFreq                   0x00001151   Thumb Code   114  fm33lg0xx_fl_cmu.o(i.FL_CMU_GetAPBClockFreq)
    FL_CMU_GetPLLClockFreq                   0x000011c9   Thumb Code   162  fm33lg0xx_fl_cmu.o(i.FL_CMU_GetPLLClockFreq)
    FL_CMU_GetRCHFClockFreq                  0x00001275   Thumb Code    60  fm33lg0xx_fl_cmu.o(i.FL_CMU_GetRCHFClockFreq)
    FL_CMU_GetRCLFClockFreq                  0x000012c5   Thumb Code    70  fm33lg0xx_fl_cmu.o(i.FL_CMU_GetRCLFClockFreq)
    FL_CMU_GetSystemClockFreq                0x00001311   Thumb Code    86  fm33lg0xx_fl_cmu.o(i.FL_CMU_GetSystemClockFreq)
    FL_DelayInit                             0x00001389   Thumb Code    26  fm33lg0xx_fl.o(i.FL_DelayInit)
    FL_DelayMs                               0x000013a9   Thumb Code    24  fm33lg0xx_fl.o(i.FL_DelayMs)
    FL_DelayUs                               0x000013c1   Thumb Code    56  fm33lg0xx_fl.o(i.FL_DelayUs)
    FL_EXTI_CommonInit                       0x00001405   Thumb Code    92  fm33lg0xx_fl_exti.o(i.FL_EXTI_CommonInit)
    FL_EXTI_Init                             0x00001465   Thumb Code   418  fm33lg0xx_fl_exti.o(i.FL_EXTI_Init)
    FL_GPIO_Init                             0x00001685   Thumb Code   470  fm33lg0xx_fl_gpio.o(i.FL_GPIO_Init)
    FL_Init                                  0x000019f7   Thumb Code     8  fm33lg0xx_fl.o(i.FL_Init)
    FL_NVIC_Init                             0x00001a01   Thumb Code    68  fm33lg0xx_fl.o(i.FL_NVIC_Init)
    FL_UART_Init                             0x00001a69   Thumb Code   712  fm33lg0xx_fl_uart.o(i.FL_UART_Init)
    FL_VAO_XTLF_Init                         0x00001d71   Thumb Code   278  fm33lg0xx_fl_vao.o(i.FL_VAO_XTLF_Init)
    Find_Device_ID                           0x00001e91   Thumb Code    16  ir.o(i.Find_Device_ID)
    Find_LoraEUI                             0x00001ea5   Thumb Code    16  ir.o(i.Find_LoraEUI)
    Find_Report_Result                       0x00001eb9   Thumb Code    44  ir.o(i.Find_Report_Result)
    Find_Result                              0x00001eed   Thumb Code    16  ir.o(i.Find_Result)
    Find_Self_Check                          0x00001f01   Thumb Code    44  ir.o(i.Find_Self_Check)
    Find_Version                             0x00001f35   Thumb Code    16  ir.o(i.Find_Version)
    GPIO_IRQHandler                          0x00001f49   Thumb Code    66  pulse.o(i.GPIO_IRQHandler)
    GetSingleChannelVoltage_POLL             0x00002015   Thumb Code   110  adc.o(i.GetSingleChannelVoltage_POLL)
    Get_GP30_Voltage                         0x0000212d   Thumb Code    16  ir.o(i.Get_GP30_Voltage)
    INA219_IIC_GPIO_Init                     0x00002141   Thumb Code   134  ina219.o(i.INA219_IIC_GPIO_Init)
    InvertUint16                             0x000021cd   Thumb Code    62  jiaoyan.o(i.InvertUint16)
    JILIAN_TONGXIN_xieyifasong               0x0000220d   Thumb Code   106  measurement.o(i.JILIAN_TONGXIN_xieyifasong)
    JILIAN_TONGXIN_xieyijiexi                0x0000227d   Thumb Code   144  measurement.o(i.JILIAN_TONGXIN_xieyijiexi)
    JILIAN_manshui_xieyi                     0x00002311   Thumb Code    12  measurement.o(i.JILIAN_manshui_xieyi)
    JILIAN_wushui_xieyi                      0x0000231d   Thumb Code    12  measurement.o(i.JILIAN_wushui_xieyi)
    JILIAN_zoushui_xieyi                     0x00002329   Thumb Code    12  measurement.o(i.JILIAN_zoushui_xieyi)
    LED_Sign_Close                           0x00002335   Thumb Code    26  led.o(i.LED_Sign_Close)
    LED_Sign_Open                            0x00002359   Thumb Code    24  led.o(i.LED_Sign_Open)
    MF_ADC_Config_Init                       0x00002391   Thumb Code    12  adc.o(i.MF_ADC_Config_Init)
    MF_ATIM_Interrupt_Init                   0x00002411   Thumb Code    28  time.o(i.MF_ATIM_Interrupt_Init)
    MF_ATIM_TimerBase_Init                   0x00002431   Thumb Code    40  time.o(i.MF_ATIM_TimerBase_Init)
    MF_CMU_XTLF_Init                         0x00002461   Thumb Code    20  mf_config.o(i.MF_CMU_XTLF_Init)
    MF_Clock_Init                            0x00002479   Thumb Code   322  mf_config.o(i.MF_Clock_Init)
    MF_EXTI_Common_Init                      0x000025d5   Thumb Code    14  pulse.o(i.MF_EXTI_Common_Init)
    MF_EXTI_Init                             0x000025e3   Thumb Code    20  pulse.o(i.MF_EXTI_Init)
    MF_EXTI_Line0_Init                       0x000025f9   Thumb Code    56  pulse.o(i.MF_EXTI_Line0_Init)
    MF_EXTI_Line12_Init                      0x00002635   Thumb Code    58  pulse.o(i.MF_EXTI_Line12_Init)
    MF_NVIC_Init                             0x00002675   Thumb Code    16  pulse.o(i.MF_NVIC_Init)
    MF_SWD_IO_Init                           0x00002685   Thumb Code    62  mf_config.o(i.MF_SWD_IO_Init)
    MF_UART0_Init                            0x000026c9   Thumb Code   100  uart0.o(i.MF_UART0_Init)
    MF_UART0_Interrupt_Init                  0x00002735   Thumb Code    46  uart0.o(i.MF_UART0_Interrupt_Init)
    MF_UART1_Init                            0x00002769   Thumb Code    96  uart1.o(i.MF_UART1_Init)
    MF_UART1_Interrupt_Init                  0x000027d1   Thumb Code    46  uart1.o(i.MF_UART1_Interrupt_Init)
    MF_UART3_Init                            0x00002805   Thumb Code    98  uart3.o(i.MF_UART3_Init)
    MF_UART3_Interrupt_Init                  0x00002871   Thumb Code    46  uart3.o(i.MF_UART3_Interrupt_Init)
    Main_Current_CHK_CTL                     0x000028a5   Thumb Code    40  gpio.o(i.Main_Current_CHK_CTL)
    Main_Voltage_Output_Ctl                  0x000028d1   Thumb Code    40  gpio.o(i.Main_Voltage_Output_Ctl)
    Manual_Report_UP                         0x000028fd   Thumb Code    44  ir.o(i.Manual_Report_UP)
    Output_12V_CTL1                          0x000029a9   Thumb Code    40  gpio.o(i.Output_12V_CTL1)
    Output_12V_CTL2                          0x000029d5   Thumb Code    40  gpio.o(i.Output_12V_CTL2)
    ReadZD_Current                           0x00002a01   Thumb Code   160  ina219.o(i.ReadZD_Current)
    Send_Qiandao                             0x00002aad   Thumb Code    26  ir.o(i.Send_Qiandao)
    Set_true                                 0x00002acd   Thumb Code    16  ir.o(i.Set_true)
    Standby_Current_CHK_CTL                  0x00002ae1   Thumb Code    40  gpio.o(i.Standby_Current_CHK_CTL)
    Standby_Voltage_Output_Ctl               0x00002b0d   Thumb Code    40  gpio.o(i.Standby_Voltage_Output_Ctl)
    Start_Wmbus_Test                         0x00002b39   Thumb Code    16  ir.o(i.Start_Wmbus_Test)
    Sum_jiaoyan                              0x00002b4d   Thumb Code    32  jiaoyan.o(i.Sum_jiaoyan)
    SystemCoreClockUpdate                    0x00002b6d   Thumb Code   282  system_fm33lg0xx.o(i.SystemCoreClockUpdate)
    SystemInit                               0x00002ca9   Thumb Code   230  system_fm33lg0xx.o(i.SystemInit)
    Test_Function_CAT1                       0x00002e75   Thumb Code     2  test_cat1.o(i.Test_Function_CAT1)
    Test_Function_Lierda                     0x00002e79   Thumb Code  2246  test_lierda.o(i.Test_Function_Lierda)
    Test_Function_Mensi                      0x00003755   Thumb Code  2438  test_mensi.o(i.Test_Function_Mensi)
    Test_Function_NB                         0x000040f9   Thumb Code  1504  test_nb.o(i.Test_Function_NB)
    Test_Function_Pulse                      0x000046f9   Thumb Code  2180  test_pulse.o(i.Test_Function_Pulse)
    Test_Function_Select                     0x00004f91   Thumb Code    62  test_init.o(i.Test_Function_Select)
    Test_Init                                0x00004fd5   Thumb Code    64  test_init.o(i.Test_Init)
    Test_Result_Init                         0x00005021   Thumb Code   234  test_init.o(i.Test_Result_Init)
    UART0_IRQHandler                         0x00005119   Thumb Code   218  uart0.o(i.UART0_IRQHandler)
    UART0_MF_Config_Init                     0x00005211   Thumb Code    20  uart0.o(i.UART0_MF_Config_Init)
    UART0_MF_NVIC_Init                       0x00005225   Thumb Code    16  uart0.o(i.UART0_MF_NVIC_Init)
    UART1_IRQHandler                         0x00005235   Thumb Code   218  uart1.o(i.UART1_IRQHandler)
    UART1_MF_Config_Init                     0x0000532d   Thumb Code    20  uart1.o(i.UART1_MF_Config_Init)
    UART1_MF_NVIC_Init                       0x00005341   Thumb Code    16  uart1.o(i.UART1_MF_NVIC_Init)
    UART3_IRQHandler                         0x00005351   Thumb Code   214  uart3.o(i.UART3_IRQHandler)
    UART3_MF_Config_Init                     0x00005441   Thumb Code    20  uart3.o(i.UART3_MF_Config_Init)
    UART3_MF_NVIC_Init                       0x00005455   Thumb Code    16  uart3.o(i.UART3_MF_NVIC_Init)
    UART_Init                                0x00005465   Thumb Code    16  main.o(i.UART_Init)
    UART_TX_state_change                     0x00005475   Thumb Code    50  uart0.o(i.UART_TX_state_change)
    Uart0_Rx_rec                             0x000054ad   Thumb Code    84  uart0.o(i.Uart0_Rx_rec)
    Uart0_Tx_Send                            0x00005519   Thumb Code   104  uart0.o(i.Uart0_Tx_Send)
    Uart0_Tx_Send_init                       0x00005591   Thumb Code    10  uart0.o(i.Uart0_Tx_Send_init)
    Uart1_Rx_rec                             0x000055a1   Thumb Code    68  uart1.o(i.Uart1_Rx_rec)
    Uart1_Tx_Send                            0x000055f9   Thumb Code    94  uart1.o(i.Uart1_Tx_Send)
    Uart1_Tx_Send_init                       0x00005669   Thumb Code    10  uart1.o(i.Uart1_Tx_Send_init)
    Uart3_Rx_rec                             0x00005679   Thumb Code    58  uart3.o(i.Uart3_Rx_rec)
    Uart3_Tx_Send                            0x000056c9   Thumb Code    98  uart3.o(i.Uart3_Tx_Send)
    Uart3_Tx_Send_init                       0x0000573d   Thumb Code    10  uart3.o(i.Uart3_Tx_Send_init)
    User_GPIO_Init                           0x0000574d   Thumb Code   324  gpio.o(i.User_GPIO_Init)
    Voltage_Main_Mould_CHK                   0x00005895   Thumb Code    22  adc.o(i.Voltage_Main_Mould_CHK)
    Workstation_CHK                          0x000058ad   Thumb Code     8  test_init.o(i.Workstation_CHK)
    ZDINA219_IIC_Delay                       0x000058b9   Thumb Code    16  ina219.o(i.ZDINA219_IIC_Delay)
    ZDINA219_IIC_RevByte                     0x000058c9   Thumb Code    70  ina219.o(i.ZDINA219_IIC_RevByte)
    ZDINA219_IIC_RevBytes                    0x0000590f   Thumb Code    98  ina219.o(i.ZDINA219_IIC_RevBytes)
    ZDINA219_IIC_SendByte                    0x00005971   Thumb Code   122  ina219.o(i.ZDINA219_IIC_SendByte)
    ZDINA219_IIC_SendBytes                   0x000059eb   Thumb Code    28  ina219.o(i.ZDINA219_IIC_SendBytes)
    ZDINA219_IIC_Start                       0x00005a07   Thumb Code    38  ina219.o(i.ZDINA219_IIC_Start)
    ZDINA219_IIC_Stop                        0x00005a2d   Thumb Code    48  ina219.o(i.ZDINA219_IIC_Stop)
    ZDINA219_SCL                             0x00005a5d   Thumb Code    90  ina219.o(i.ZDINA219_SCL)
    ZDINA219_SDA                             0x00005ac1   Thumb Code    90  ina219.o(i.ZDINA219_SDA)
    ZDINA219_SDA_InPut                       0x00005b25   Thumb Code    42  ina219.o(i.ZDINA219_SDA_InPut)
    ZDINA219_SDA_OUT_Dir_CTL                 0x00005b59   Thumb Code    84  ina219.o(i.ZDINA219_SDA_OUT_Dir_CTL)
    __ARM_common_ll_muluu                    0x00005bb5   Thumb Code    48  adc.o(i.__ARM_common_ll_muluu)
    __ARM_common_switch8                     0x00005be5   Thumb Code    28  system_fm33lg0xx.o(i.__ARM_common_switch8)
    configWmbus                              0x00005c01   Thumb Code    44  ir.o(i.configWmbus)
    findLrdType                              0x00005c35   Thumb Code    16  ir.o(i.findLrdType)
    findWmbusConfig                          0x00005c49   Thumb Code    44  ir.o(i.findWmbusConfig)
    getLrdEUIInit                            0x00005c7d   Thumb Code    24  test_init.o(i.getLrdEUIInit)
    getLrdLoRaEUI                            0x00005ca1   Thumb Code    16  ir.o(i.getLrdLoRaEUI)
    irProtocolParse                          0x00005cb5   Thumb Code  1894  ir.o(i.irProtocolParse)
    loraGetFreq                              0x00006431   Thumb Code   110  ir.o(i.loraGetFreq)
    loraSetFreq923                           0x000064a5   Thumb Code   134  ir.o(i.loraSetFreq923)
    lrdEUIResponse                           0x00006531   Thumb Code   126  pc.o(i.lrdEUIResponse)
    main                                     0x000065b9   Thumb Code    64  main.o(i.main)
    pcProtocolParse                          0x000065f9   Thumb Code   396  pc.o(i.pcProtocolParse)
    setWmbusKey                              0x00006791   Thumb Code    16  ir.o(i.setWmbusKey)
    simulate3WirePulse                       0x000067a5   Thumb Code    74  ir.o(i.simulate3WirePulse)
    startTestInit                            0x000067f5   Thumb Code    18  test_init.o(i.startTestInit)
    startTestResponse                        0x0000680d   Thumb Code    36  pc.o(i.startTestResponse)
    testDataResponse                         0x00006839   Thumb Code   846  pc.o(i.testDataResponse)
    whiteAppEUI                              0x00006b91   Thumb Code   140  ir.o(i.whiteAppEUI)
    whiteAppkey                              0x00006c25   Thumb Code   140  ir.o(i.whiteAppkey)
    whiteReset                               0x00006cb9   Thumb Code   126  ir.o(i.whiteReset)
    whiteSave                                0x00006d3d   Thumb Code   126  ir.o(i.whiteSave)
    Region$$Table$$Base                      0x00006e14   Number         0  anon$$obj.o(Region$$Table)
    Region$$Table$$Limit                     0x00006e34   Number         0  anon$$obj.o(Region$$Table)
    XTLFClock                                0x20000000   Data           4  system_fm33lg0xx.o(.data)
    XTHFClock                                0x20000004   Data           4  system_fm33lg0xx.o(.data)
    SystemCoreClock                          0x20000008   Data           4  system_fm33lg0xx.o(.data)
    ZDINA219Buff                             0x2000000c   Data           2  ina219.o(.data)
    chuankou_dangqian                        0x2000000e   Data           1  ina219.o(.data)
    ASCII_EUI                                0x2000000f   Data           8  jiaoyan.o(.data)
    uart0_Rec_shuju_flag                     0x20000018   Data           1  uart0.o(.data)
    uart0_Rec_shuju_neirong_count            0x2000001a   Data           2  uart0.o(.data)
    send_over_flag0                          0x2000001c   Data           1  uart0.o(.data)
    chaoshi_dengdai_0                        0x2000001e   Data           2  uart0.o(.data)
    uart0_Rec_shuju_time_count               0x20000020   Data           2  uart0.o(.data)
    send_over_flag1                          0x20000022   Data           1  uart1.o(.data)
    uart1_Rec_shuju_flag                     0x20000023   Data           1  uart1.o(.data)
    uart1_Rec_shuju_neirong_count            0x20000024   Data           2  uart1.o(.data)
    chaoshi_dengdai_1                        0x20000026   Data           2  uart1.o(.data)
    uart1_Rec_shuju_time_count               0x20000028   Data           2  uart1.o(.data)
    qiandao                                  0x2000002a   Data          50  uart1.o(.data)
    uart3_Rec_shuju_flag                     0x2000005c   Data           1  uart3.o(.data)
    uart3_Rec_shuju_neirong_count            0x2000005e   Data           2  uart3.o(.data)
    chaoshi_dengdai_3                        0x20000060   Data           2  uart3.o(.data)
    uart3_Rec_shuju_time_count               0x20000062   Data           2  uart3.o(.data)
    device_ID                                0x20000064   Data           8  ir.o(.data)
    start_Wmbus_test_xieyi                   0x2000006c   Data           9  ir.o(.data)
    set_true_xieyi                           0x20000075   Data           9  ir.o(.data)
    get_version_xieyi                        0x2000007e   Data           6  ir.o(.data)
    find_device_ID_xieyi                     0x20000084   Data           6  ir.o(.data)
    find_version_xieyi                       0x2000008a   Data           6  ir.o(.data)
    find_result_xieyi                        0x20000090   Data           6  ir.o(.data)
    get_gp30_voltage_xieyi                   0x20000096   Data           6  ir.o(.data)
    report_up_xieyi                          0x2000009c   Data          15  ir.o(.data)
    report_result_xieyi                      0x200000ab   Data          15  ir.o(.data)
    self_check_xieyi                         0x200000ba   Data          15  ir.o(.data)
    close_check_xieyi                        0x200000c9   Data          14  ir.o(.data)
    EUI_xieyi                                0x200000d7   Data          18  ir.o(.data)
    pulse_xieyi                              0x200000e9   Data          10  ir.o(.data)
    lierda_EUI_xieyi                         0x200000f3   Data           7  ir.o(.data)
    find_Lrd_type_xieyi                      0x200000fa   Data          17  ir.o(.data)
    config_wmbus_xieyi                       0x2000010b   Data          15  ir.o(.data)
    find_Wmbus_config_xieyi                  0x2000011a   Data          15  ir.o(.data)
    set_wmbus_key_xieyi                      0x20000129   Data          41  ir.o(.data)
    Part_Qiandao_FE                          0x20000152   Data          10  ir.o(.data)
    led_time_count                           0x2000015c   Data           2  led.o(.data)
    startTestResContents                     0x2000015e   Data           6  pc.o(.data)
    lrdStartTestResContents                  0x20000164   Data           6  pc.o(.data)
    pulse_forward_count                      0x2000016a   Data           1  test_pulse.o(.data)
    pulse_back_count                         0x2000016b   Data           1  test_pulse.o(.data)
    Test_process                             0x2000016c   Data           1  test_init.o(.data)
    Test_agreement_receive                   0x2000016d   Data           1  test_init.o(.data)
    single_step_timing                       0x20000170   Data           4  test_init.o(.data)
    interval_timing                          0x20000174   Data           4  test_init.o(.data)
    repeat_report                            0x20000178   Data           1  test_init.o(.data)
    ZDINA219CurrentBuff                      0x2000017c   Data          20  ina219.o(.bss)
    ZDINA219CurrentMidBuff                   0x20000190   Data          10  ina219.o(.bss)
    ASCII_16Byte                             0x2000019a   Data          16  jiaoyan.o(.bss)
    uart0_Rec_shuju_neirong                  0x200001ac   Data         200  uart0.o(.bss)
    uart0_Uart0_Tx_SendData                  0x20000274   Data         200  uart0.o(.bss)
    send_data_zancun_0                       0x2000033c   Data         200  uart0.o(.bss)
    UART0Op                                  0x20000404   Data          16  uart0.o(.bss)
    uart1_Rec_shuju_neirong                  0x20000414   Data         200  uart1.o(.bss)
    uart1_Uart0_Tx_SendData                  0x200004dc   Data         200  uart1.o(.bss)
    send_data_zancun_1                       0x200005a4   Data         200  uart1.o(.bss)
    UART1Op                                  0x2000066c   Data          16  uart1.o(.bss)
    uart3_Rec_shuju_neirong                  0x2000067c   Data         200  uart3.o(.bss)
    uart3_Uart0_Tx_SendData                  0x20000744   Data         200  uart3.o(.bss)
    send_data_zancun                         0x2000080c   Data         200  uart3.o(.bss)
    UART3Op                                  0x200008d4   Data          16  uart3.o(.bss)
    white_module_param_xieyi                 0x200008e4   Data         200  ir.o(.bss)
    jiliang_xieyi_zuzhen                     0x200009ac   Data         200  measurement.o(.bss)
    testDataResContents                      0x20000a74   Data         200  pc.o(.bss)
    lrdEUIResContents                        0x20000b3c   Data         200  pc.o(.bss)
    Test_result                              0x20000c04   Data         220  test_init.o(.bss)
    __libspace_start                         0x20000ce0   Data          96  libspace.o(.bss)
    __temporary_stack_top$libspace           0x20000d40   Data           0  libspace.o(.bss)



==============================================================================

Memory Map of the image

  Image Entry point : 0x000000c1

  Load Region LR_IROM1 (Base: 0x00000000, Size: 0x00006fb0, Max: 0x00040000, ABSOLUTE, COMPRESSED[0x00006f00])

    Execution Region ER_IROM1 (Exec base: 0x00000000, Load base: 0x00000000, Size: 0x00006e34, Max: 0x00040000, ABSOLUTE)

    Exec Addr    Load Addr    Size         Type   Attr      Idx    E Section Name        Object

    0x00000000   0x00000000   0x000000c0   Data   RO            3    RESET               startup_fm33lg0xx.o
    0x000000c0   0x000000c0   0x00000008   Code   RO         3949  * !!!main             c_p.l(__main.o)
    0x000000c8   0x000000c8   0x0000003c   Code   RO         4161    !!!scatter          c_p.l(__scatter.o)
    0x00000104   0x00000104   0x0000001c   Code   RO         4163    !!handler_zi        c_p.l(__scatter_zi.o)
    0x00000120   0x00000120   0x00000002   Code   RO         4026    .ARM.Collect$$libinit$$00000000  c_p.l(libinit.o)
    0x00000122   0x00000122   0x00000000   Code   RO         4042    .ARM.Collect$$libinit$$00000002  c_p.l(libinit2.o)
    0x00000122   0x00000122   0x00000000   Code   RO         4044    .ARM.Collect$$libinit$$00000004  c_p.l(libinit2.o)
    0x00000122   0x00000122   0x00000000   Code   RO         4047    .ARM.Collect$$libinit$$0000000A  c_p.l(libinit2.o)
    0x00000122   0x00000122   0x00000000   Code   RO         4049    .ARM.Collect$$libinit$$0000000C  c_p.l(libinit2.o)
    0x00000122   0x00000122   0x00000000   Code   RO         4051    .ARM.Collect$$libinit$$0000000E  c_p.l(libinit2.o)
    0x00000122   0x00000122   0x00000000   Code   RO         4054    .ARM.Collect$$libinit$$00000011  c_p.l(libinit2.o)
    0x00000122   0x00000122   0x00000000   Code   RO         4056    .ARM.Collect$$libinit$$00000013  c_p.l(libinit2.o)
    0x00000122   0x00000122   0x00000000   Code   RO         4058    .ARM.Collect$$libinit$$00000015  c_p.l(libinit2.o)
    0x00000122   0x00000122   0x00000000   Code   RO         4060    .ARM.Collect$$libinit$$00000017  c_p.l(libinit2.o)
    0x00000122   0x00000122   0x00000000   Code   RO         4062    .ARM.Collect$$libinit$$00000019  c_p.l(libinit2.o)
    0x00000122   0x00000122   0x00000000   Code   RO         4064    .ARM.Collect$$libinit$$0000001B  c_p.l(libinit2.o)
    0x00000122   0x00000122   0x00000000   Code   RO         4066    .ARM.Collect$$libinit$$0000001D  c_p.l(libinit2.o)
    0x00000122   0x00000122   0x00000000   Code   RO         4068    .ARM.Collect$$libinit$$0000001F  c_p.l(libinit2.o)
    0x00000122   0x00000122   0x00000000   Code   RO         4070    .ARM.Collect$$libinit$$00000021  c_p.l(libinit2.o)
    0x00000122   0x00000122   0x00000000   Code   RO         4072    .ARM.Collect$$libinit$$00000023  c_p.l(libinit2.o)
    0x00000122   0x00000122   0x00000000   Code   RO         4074    .ARM.Collect$$libinit$$00000025  c_p.l(libinit2.o)
    0x00000122   0x00000122   0x00000000   Code   RO         4078    .ARM.Collect$$libinit$$0000002C  c_p.l(libinit2.o)
    0x00000122   0x00000122   0x00000000   Code   RO         4080    .ARM.Collect$$libinit$$0000002E  c_p.l(libinit2.o)
    0x00000122   0x00000122   0x00000000   Code   RO         4082    .ARM.Collect$$libinit$$00000030  c_p.l(libinit2.o)
    0x00000122   0x00000122   0x00000000   Code   RO         4084    .ARM.Collect$$libinit$$00000032  c_p.l(libinit2.o)
    0x00000122   0x00000122   0x00000002   Code   RO         4085    .ARM.Collect$$libinit$$00000033  c_p.l(libinit2.o)
    0x00000124   0x00000124   0x00000002   Code   RO         4116    .ARM.Collect$$libshutdown$$00000000  c_p.l(libshutdown.o)
    0x00000126   0x00000126   0x00000000   Code   RO         4142    .ARM.Collect$$libshutdown$$00000002  c_p.l(libshutdown2.o)
    0x00000126   0x00000126   0x00000000   Code   RO         4144    .ARM.Collect$$libshutdown$$00000004  c_p.l(libshutdown2.o)
    0x00000126   0x00000126   0x00000000   Code   RO         4147    .ARM.Collect$$libshutdown$$00000007  c_p.l(libshutdown2.o)
    0x00000126   0x00000126   0x00000000   Code   RO         4150    .ARM.Collect$$libshutdown$$0000000A  c_p.l(libshutdown2.o)
    0x00000126   0x00000126   0x00000000   Code   RO         4152    .ARM.Collect$$libshutdown$$0000000C  c_p.l(libshutdown2.o)
    0x00000126   0x00000126   0x00000000   Code   RO         4155    .ARM.Collect$$libshutdown$$0000000F  c_p.l(libshutdown2.o)
    0x00000126   0x00000126   0x00000002   Code   RO         4156    .ARM.Collect$$libshutdown$$00000010  c_p.l(libshutdown2.o)
    0x00000128   0x00000128   0x00000000   Code   RO         3979    .ARM.Collect$$rtentry$$00000000  c_p.l(__rtentry.o)
    0x00000128   0x00000128   0x00000000   Code   RO         3992    .ARM.Collect$$rtentry$$00000002  c_p.l(__rtentry2.o)
    0x00000128   0x00000128   0x00000006   Code   RO         4004    .ARM.Collect$$rtentry$$00000004  c_p.l(__rtentry4.o)
    0x0000012e   0x0000012e   0x00000000   Code   RO         3994    .ARM.Collect$$rtentry$$00000009  c_p.l(__rtentry2.o)
    0x0000012e   0x0000012e   0x00000004   Code   RO         3995    .ARM.Collect$$rtentry$$0000000A  c_p.l(__rtentry2.o)
    0x00000132   0x00000132   0x00000000   Code   RO         3997    .ARM.Collect$$rtentry$$0000000C  c_p.l(__rtentry2.o)
    0x00000132   0x00000132   0x00000008   Code   RO         3998    .ARM.Collect$$rtentry$$0000000D  c_p.l(__rtentry2.o)
    0x0000013a   0x0000013a   0x00000002   Code   RO         4033    .ARM.Collect$$rtexit$$00000000  c_p.l(rtexit.o)
    0x0000013c   0x0000013c   0x00000000   Code   RO         4089    .ARM.Collect$$rtexit$$00000002  c_p.l(rtexit2.o)
    0x0000013c   0x0000013c   0x00000004   Code   RO         4090    .ARM.Collect$$rtexit$$00000003  c_p.l(rtexit2.o)
    0x00000140   0x00000140   0x00000006   Code   RO         4091    .ARM.Collect$$rtexit$$00000004  c_p.l(rtexit2.o)
    0x00000146   0x00000146   0x00000002   PAD
    0x00000148   0x00000148   0x00000038   Code   RO         3937    .emb_text           c_p.l(rt_memcpy.o)
    0x00000180   0x00000180   0x00000038   Code   RO            4    .text               startup_fm33lg0xx.o
    0x000001b8   0x000001b8   0x00000030   Code   RO         3933    .text               c_p.l(llmul.o)
    0x000001e8   0x000001e8   0x00000102   Code   RO         3935    .text               c_p.l(lludiv.o)
    0x000002ea   0x000002ea   0x00000082   Code   RO         3938    .text               c_p.l(rt_memcpy.o)
    0x0000036c   0x0000036c   0x00000040   Code   RO         3941    .text               c_p.l(rt_memclr.o)
    0x000003ac   0x000003ac   0x0000015a   Code   RO         3943    .text               c_p.l(aeabi_sdiv.o)
    0x00000506   0x00000506   0x00000006   Code   RO         3947    .text               c_p.l(heapauxi.o)
    0x0000050c   0x0000050c   0x0000003e   Code   RO         4012    .text               c_p.l(sys_stackheap_outer.o)
    0x0000054a   0x0000054a   0x00000010   Code   RO         4015    .text               c_p.l(exit.o)
    0x0000055a   0x0000055a   0x00000002   PAD
    0x0000055c   0x0000055c   0x00000008   Code   RO         4029    .text               c_p.l(libspace.o)
    0x00000564   0x00000564   0x0000000c   Code   RO         4086    .text               c_p.l(sys_exit.o)
    0x00000570   0x00000570   0x00000002   Code   RO         4105    .text               c_p.l(use_no_semi.o)
    0x00000572   0x00000572   0x00000000   Code   RO         4107    .text               c_p.l(indicate_semi.o)
    0x00000572   0x00000572   0x00000056   Code   RO         4159    .text               c_p.l(__dczerorl2.o)
    0x000005c8   0x000005c8   0x00000038   Code   RO         3047    i.ASCII8byte_To_ASCII16byte  jiaoyan.o
    0x00000600   0x00000600   0x00000040   Code   RO         3048    i.ASCII_To_Hex      jiaoyan.o
    0x00000640   0x00000640   0x000000fc   Code   RO         3111    i.ATIM_IRQHandler   time.o
    0x0000073c   0x0000073c   0x00000014   Code   RO         3112    i.ATIM_Init         time.o
    0x00000750   0x00000750   0x00000010   Code   RO         3113    i.ATIM_NVIC_Init    time.o
    0x00000760   0x00000760   0x00000018   Code   RO         3114    i.ATIM_Start        time.o
    0x00000778   0x00000778   0x00000058   Code   RO         3049    i.CRC16_MODBUS      jiaoyan.o
    0x000007d0   0x000007d0   0x0000009c   Code   RO         2900    i.CheckZDCurrent    ina219.o
    0x0000086c   0x0000086c   0x00000014   Code   RO         3417    i.Close_Commumication  ir.o
    0x00000880   0x00000880   0x0000002c   Code   RO         2901    i.Current_CHK_CTRL_OFF_l  ina219.o
    0x000008ac   0x000008ac   0x0000002c   Code   RO         2902    i.Current_CHK_CTRL_ON_l  ina219.o
    0x000008d8   0x000008d8   0x0000002c   Code   RO         2903    i.Current_CHK_Func  ina219.o
    0x00000904   0x00000904   0x00000030   Code   RO           13    i.FDET_IRQHandler   mf_config.o
    0x00000934   0x00000934   0x00000006   Code   RO         2728    i.FL_ADC_ClearFlag_EndOfConversion  adc.o
    0x0000093a   0x0000093a   0x00000002   PAD
    0x0000093c   0x0000093c   0x0000018c   Code   RO         1186    i.FL_ADC_CommonInit  fm33lg0xx_fl_adc.o
    0x00000ac8   0x00000ac8   0x0000000a   Code   RO         1189    i.FL_ADC_Disable    fm33lg0xx_fl_adc.o
    0x00000ad2   0x00000ad2   0x0000000a   Code   RO         2729    i.FL_ADC_Disable    adc.o
    0x00000adc   0x00000adc   0x0000000c   Code   RO         1190    i.FL_ADC_DisableOverSampling  fm33lg0xx_fl_adc.o
    0x00000ae8   0x00000ae8   0x0000000c   Code   RO         2730    i.FL_ADC_DisableSequencerChannel  adc.o
    0x00000af4   0x00000af4   0x0000000a   Code   RO         2731    i.FL_ADC_Enable     adc.o
    0x00000afe   0x00000afe   0x0000000a   Code   RO         2732    i.FL_ADC_EnableSWConversion  adc.o
    0x00000b08   0x00000b08   0x0000000c   Code   RO         2733    i.FL_ADC_EnableSequencerChannel  adc.o
    0x00000b14   0x00000b14   0x00000388   Code   RO         1191    i.FL_ADC_Init       fm33lg0xx_fl_adc.o
    0x00000e9c   0x00000e9c   0x00000010   Code   RO         2734    i.FL_ADC_IsActiveFlag_EndOfConversion  adc.o
    0x00000eac   0x00000eac   0x0000000c   Code   RO         1192    i.FL_ADC_SetClockSource  fm33lg0xx_fl_adc.o
    0x00000eb8   0x00000eb8   0x0000000a   Code   RO         1475    i.FL_ATIM_GenerateUpdateEvent  fm33lg0xx_fl_atim.o
    0x00000ec2   0x00000ec2   0x00000002   PAD
    0x00000ec4   0x00000ec4   0x00000198   Code   RO         1478    i.FL_ATIM_Init      fm33lg0xx_fl_atim.o
    0x0000105c   0x0000105c   0x00000010   Code   RO         1479    i.FL_ATIM_IsActiveFlag_Update  fm33lg0xx_fl_atim.o
    0x0000106c   0x0000106c   0x0000000c   Code   RO         1484    i.FL_ATIM_SetCounterAlignedMode  fm33lg0xx_fl_atim.o
    0x00001078   0x00001078   0x0000000c   Code   RO         1485    i.FL_ATIM_SetCounterDirection  fm33lg0xx_fl_atim.o
    0x00001084   0x00001084   0x0000000a   Code   RO         1409    i.FL_CDIF_EnableCPUToVAO  fm33lg0xx_fl_vao.o
    0x0000108e   0x0000108e   0x0000000a   Code   RO         1410    i.FL_CDIF_EnableVAOToCPU  fm33lg0xx_fl_vao.o
    0x00001098   0x00001098   0x00000010   Code   RO         2373    i.FL_CMU_EnableGroup3BusClock  fm33lg0xx_fl_uart.o
    0x000010a8   0x000010a8   0x00000010   Code   RO         1490    i.FL_CMU_EnableGroup3OperationClock  fm33lg0xx_fl_atim.o
    0x000010b8   0x000010b8   0x00000010   Code   RO         2374    i.FL_CMU_EnableGroup3OperationClock  fm33lg0xx_fl_uart.o
    0x000010c8   0x000010c8   0x00000010   Code   RO         1491    i.FL_CMU_EnableGroup4BusClock  fm33lg0xx_fl_atim.o
    0x000010d8   0x000010d8   0x00000078   Code   RO         2052    i.FL_CMU_GetAHBClockFreq  fm33lg0xx_fl_cmu.o
    0x00001150   0x00001150   0x00000078   Code   RO         2053    i.FL_CMU_GetAPBClockFreq  fm33lg0xx_fl_cmu.o
    0x000011c8   0x000011c8   0x000000ac   Code   RO         2054    i.FL_CMU_GetPLLClockFreq  fm33lg0xx_fl_cmu.o
    0x00001274   0x00001274   0x00000050   Code   RO         2055    i.FL_CMU_GetRCHFClockFreq  fm33lg0xx_fl_cmu.o
    0x000012c4   0x000012c4   0x0000004c   Code   RO         2056    i.FL_CMU_GetRCLFClockFreq  fm33lg0xx_fl_cmu.o
    0x00001310   0x00001310   0x00000064   Code   RO         2057    i.FL_CMU_GetSystemClockFreq  fm33lg0xx_fl_cmu.o
    0x00001374   0x00001374   0x00000014   Code   RO         2735    i.FL_CMU_SetADCPrescaler  adc.o
    0x00001388   0x00001388   0x00000020   Code   RO         1779    i.FL_DelayInit      fm33lg0xx_fl.o
    0x000013a8   0x000013a8   0x00000018   Code   RO         1780    i.FL_DelayMs        fm33lg0xx_fl.o
    0x000013c0   0x000013c0   0x00000044   Code   RO         1782    i.FL_DelayUs        fm33lg0xx_fl.o
    0x00001404   0x00001404   0x00000060   Code   RO          763    i.FL_EXTI_CommonInit  fm33lg0xx_fl_exti.o
    0x00001464   0x00001464   0x000001bc   Code   RO          766    i.FL_EXTI_Init      fm33lg0xx_fl_exti.o
    0x00001620   0x00001620   0x00000008   Code   RO          768    i.FL_GPIO_ClearFlag_EXTI  fm33lg0xx_fl_exti.o
    0x00001628   0x00001628   0x00000008   Code   RO         3815    i.FL_GPIO_ClearFlag_EXTI  pulse.o
    0x00001630   0x00001630   0x0000000c   Code   RO          769    i.FL_GPIO_DisableDigitalFilter  fm33lg0xx_fl_exti.o
    0x0000163c   0x0000163c   0x0000000a   Code   RO         2224    i.FL_GPIO_DisablePinAnalogSwitch  fm33lg0xx_fl_gpio.o
    0x00001646   0x00001646   0x0000000a   Code   RO         2225    i.FL_GPIO_DisablePinInput  fm33lg0xx_fl_gpio.o
    0x00001650   0x00001650   0x0000000a   Code   RO         2226    i.FL_GPIO_DisablePinOpenDrain  fm33lg0xx_fl_gpio.o
    0x0000165a   0x0000165a   0x0000000a   Code   RO         2227    i.FL_GPIO_DisablePinPullup  fm33lg0xx_fl_gpio.o
    0x00001664   0x00001664   0x0000000a   Code   RO         2228    i.FL_GPIO_DisablePinRemap  fm33lg0xx_fl_gpio.o
    0x0000166e   0x0000166e   0x00000016   Code   RO         2904    i.FL_GPIO_GetInputPin  ina219.o
    0x00001684   0x00001684   0x000001e8   Code   RO         2229    i.FL_GPIO_Init      fm33lg0xx_fl_gpio.o
    0x0000186c   0x0000186c   0x0000001a   Code   RO         3816    i.FL_GPIO_IsActiveFlag_EXTI  pulse.o
    0x00001886   0x00001886   0x0000000a   Code   RO         2831    i.FL_GPIO_ResetOutputPin  gpio.o
    0x00001890   0x00001890   0x0000000a   Code   RO         2905    i.FL_GPIO_ResetOutputPin  ina219.o
    0x0000189a   0x0000189a   0x0000000c   Code   RO          770    i.FL_GPIO_SetExtiLine0  fm33lg0xx_fl_exti.o
    0x000018a6   0x000018a6   0x0000000c   Code   RO          771    i.FL_GPIO_SetExtiLine1  fm33lg0xx_fl_exti.o
    0x000018b2   0x000018b2   0x0000000e   Code   RO          772    i.FL_GPIO_SetExtiLine10  fm33lg0xx_fl_exti.o
    0x000018c0   0x000018c0   0x0000000e   Code   RO          773    i.FL_GPIO_SetExtiLine11  fm33lg0xx_fl_exti.o
    0x000018ce   0x000018ce   0x0000000e   Code   RO          774    i.FL_GPIO_SetExtiLine12  fm33lg0xx_fl_exti.o
    0x000018dc   0x000018dc   0x0000000e   Code   RO          775    i.FL_GPIO_SetExtiLine13  fm33lg0xx_fl_exti.o
    0x000018ea   0x000018ea   0x0000000e   Code   RO          776    i.FL_GPIO_SetExtiLine14  fm33lg0xx_fl_exti.o
    0x000018f8   0x000018f8   0x0000000c   Code   RO          777    i.FL_GPIO_SetExtiLine15  fm33lg0xx_fl_exti.o
    0x00001904   0x00001904   0x0000000c   Code   RO          778    i.FL_GPIO_SetExtiLine16  fm33lg0xx_fl_exti.o
    0x00001910   0x00001910   0x0000000c   Code   RO          779    i.FL_GPIO_SetExtiLine17  fm33lg0xx_fl_exti.o
    0x0000191c   0x0000191c   0x0000000c   Code   RO          780    i.FL_GPIO_SetExtiLine18  fm33lg0xx_fl_exti.o
    0x00001928   0x00001928   0x0000000c   Code   RO          781    i.FL_GPIO_SetExtiLine2  fm33lg0xx_fl_exti.o
    0x00001934   0x00001934   0x0000000c   Code   RO          782    i.FL_GPIO_SetExtiLine3  fm33lg0xx_fl_exti.o
    0x00001940   0x00001940   0x0000000e   Code   RO          783    i.FL_GPIO_SetExtiLine4  fm33lg0xx_fl_exti.o
    0x0000194e   0x0000194e   0x0000000e   Code   RO          784    i.FL_GPIO_SetExtiLine5  fm33lg0xx_fl_exti.o
    0x0000195c   0x0000195c   0x0000000e   Code   RO          785    i.FL_GPIO_SetExtiLine6  fm33lg0xx_fl_exti.o
    0x0000196a   0x0000196a   0x0000000e   Code   RO          786    i.FL_GPIO_SetExtiLine7  fm33lg0xx_fl_exti.o
    0x00001978   0x00001978   0x0000000e   Code   RO          787    i.FL_GPIO_SetExtiLine8  fm33lg0xx_fl_exti.o
    0x00001986   0x00001986   0x0000000e   Code   RO          788    i.FL_GPIO_SetExtiLine9  fm33lg0xx_fl_exti.o
    0x00001994   0x00001994   0x0000000a   Code   RO         2832    i.FL_GPIO_SetOutputPin  gpio.o
    0x0000199e   0x0000199e   0x0000000a   Code   RO         2906    i.FL_GPIO_SetOutputPin  ina219.o
    0x000019a8   0x000019a8   0x0000001a   Code   RO         2230    i.FL_GPIO_SetPinMode  fm33lg0xx_fl_gpio.o
    0x000019c2   0x000019c2   0x0000001a   Code   RO          789    i.FL_GPIO_SetTriggerEdge0  fm33lg0xx_fl_exti.o
    0x000019dc   0x000019dc   0x0000001a   Code   RO          790    i.FL_GPIO_SetTriggerEdge1  fm33lg0xx_fl_exti.o
    0x000019f6   0x000019f6   0x00000008   Code   RO         1784    i.FL_Init           fm33lg0xx_fl.o
    0x000019fe   0x000019fe   0x00000002   PAD
    0x00001a00   0x00001a00   0x00000048   Code   RO         1785    i.FL_NVIC_Init      fm33lg0xx_fl.o
    0x00001a48   0x00001a48   0x0000000a   Code   RO         3165    i.FL_UART_EnableIT_TXShiftBuffEmpty  uart0.o
    0x00001a52   0x00001a52   0x0000000a   Code   RO         3256    i.FL_UART_EnableIT_TXShiftBuffEmpty  uart1.o
    0x00001a5c   0x00001a5c   0x0000000a   Code   RO         3335    i.FL_UART_EnableIT_TXShiftBuffEmpty  uart3.o
    0x00001a66   0x00001a66   0x00000002   PAD
    0x00001a68   0x00001a68   0x000002e4   Code   RO         2380    i.FL_UART_Init      fm33lg0xx_fl_uart.o
    0x00001d4c   0x00001d4c   0x0000000c   Code   RO         3166    i.FL_UART_WriteTXBuff  uart0.o
    0x00001d58   0x00001d58   0x0000000c   Code   RO         3257    i.FL_UART_WriteTXBuff  uart1.o
    0x00001d64   0x00001d64   0x0000000c   Code   RO         3336    i.FL_UART_WriteTXBuff  uart3.o
    0x00001d70   0x00001d70   0x00000120   Code   RO         1414    i.FL_VAO_XTLF_Init  fm33lg0xx_fl_vao.o
    0x00001e90   0x00001e90   0x00000014   Code   RO         3418    i.Find_Device_ID    ir.o
    0x00001ea4   0x00001ea4   0x00000014   Code   RO         3419    i.Find_LoraEUI      ir.o
    0x00001eb8   0x00001eb8   0x00000034   Code   RO         3420    i.Find_Report_Result  ir.o
    0x00001eec   0x00001eec   0x00000014   Code   RO         3421    i.Find_Result       ir.o
    0x00001f00   0x00001f00   0x00000034   Code   RO         3422    i.Find_Self_Check   ir.o
    0x00001f34   0x00001f34   0x00000014   Code   RO         3423    i.Find_Version      ir.o
    0x00001f48   0x00001f48   0x00000050   Code   RO         3817    i.GPIO_IRQHandler   pulse.o
    0x00001f98   0x00001f98   0x0000007c   Code   RO         2736    i.GetSingleChannelSample_POLL  adc.o
    0x00002014   0x00002014   0x0000007c   Code   RO         2737    i.GetSingleChannelVoltage_POLL  adc.o
    0x00002090   0x00002090   0x0000009c   Code   RO         2738    i.GetVREF1P2Sample_POLL  adc.o
    0x0000212c   0x0000212c   0x00000014   Code   RO         3424    i.Get_GP30_Voltage  ir.o
    0x00002140   0x00002140   0x0000008c   Code   RO         2907    i.INA219_IIC_GPIO_Init  ina219.o
    0x000021cc   0x000021cc   0x0000003e   Code   RO         3051    i.InvertUint16      jiaoyan.o
    0x0000220a   0x0000220a   0x00000002   PAD
    0x0000220c   0x0000220c   0x00000070   Code   RO         3615    i.JILIAN_TONGXIN_xieyifasong  measurement.o
    0x0000227c   0x0000227c   0x00000094   Code   RO         3616    i.JILIAN_TONGXIN_xieyijiexi  measurement.o
    0x00002310   0x00002310   0x0000000c   Code   RO         3617    i.JILIAN_manshui_xieyi  measurement.o
    0x0000231c   0x0000231c   0x0000000c   Code   RO         3618    i.JILIAN_wushui_xieyi  measurement.o
    0x00002328   0x00002328   0x0000000c   Code   RO         3619    i.JILIAN_zoushui_xieyi  measurement.o
    0x00002334   0x00002334   0x00000024   Code   RO         3586    i.LED_Sign_Close    led.o
    0x00002358   0x00002358   0x00000020   Code   RO         3587    i.LED_Sign_Open     led.o
    0x00002378   0x00002378   0x00000018   Code   RO         2739    i.MF_ADC_Common_Init  adc.o
    0x00002390   0x00002390   0x0000000c   Code   RO         2740    i.MF_ADC_Config_Init  adc.o
    0x0000239c   0x0000239c   0x00000074   Code   RO         2741    i.MF_ADC_Init       adc.o
    0x00002410   0x00002410   0x00000020   Code   RO         3115    i.MF_ATIM_Interrupt_Init  time.o
    0x00002430   0x00002430   0x00000030   Code   RO         3116    i.MF_ATIM_TimerBase_Init  time.o
    0x00002460   0x00002460   0x00000018   Code   RO           14    i.MF_CMU_XTLF_Init  mf_config.o
    0x00002478   0x00002478   0x0000015c   Code   RO           15    i.MF_Clock_Init     mf_config.o
    0x000025d4   0x000025d4   0x0000000e   Code   RO         3818    i.MF_EXTI_Common_Init  pulse.o
    0x000025e2   0x000025e2   0x00000014   Code   RO         3819    i.MF_EXTI_Init      pulse.o
    0x000025f6   0x000025f6   0x00000002   PAD
    0x000025f8   0x000025f8   0x0000003c   Code   RO         3820    i.MF_EXTI_Line0_Init  pulse.o
    0x00002634   0x00002634   0x00000040   Code   RO         3821    i.MF_EXTI_Line12_Init  pulse.o
    0x00002674   0x00002674   0x00000010   Code   RO         3822    i.MF_NVIC_Init      pulse.o
    0x00002684   0x00002684   0x00000044   Code   RO           16    i.MF_SWD_IO_Init    mf_config.o
    0x000026c8   0x000026c8   0x0000006c   Code   RO         3167    i.MF_UART0_Init     uart0.o
    0x00002734   0x00002734   0x00000034   Code   RO         3168    i.MF_UART0_Interrupt_Init  uart0.o
    0x00002768   0x00002768   0x00000068   Code   RO         3258    i.MF_UART1_Init     uart1.o
    0x000027d0   0x000027d0   0x00000034   Code   RO         3259    i.MF_UART1_Interrupt_Init  uart1.o
    0x00002804   0x00002804   0x0000006c   Code   RO         3337    i.MF_UART3_Init     uart3.o
    0x00002870   0x00002870   0x00000034   Code   RO         3338    i.MF_UART3_Interrupt_Init  uart3.o
    0x000028a4   0x000028a4   0x0000002c   Code   RO         2833    i.Main_Current_CHK_CTL  gpio.o
    0x000028d0   0x000028d0   0x0000002c   Code   RO         2834    i.Main_Voltage_Output_Ctl  gpio.o
    0x000028fc   0x000028fc   0x00000034   Code   RO         3425    i.Manual_Report_UP  ir.o
    0x00002930   0x00002930   0x00000078   Code   RO         1786    i.NVIC_SetPriority  fm33lg0xx_fl.o
    0x000029a8   0x000029a8   0x0000002c   Code   RO         2835    i.Output_12V_CTL1   gpio.o
    0x000029d4   0x000029d4   0x0000002c   Code   RO         2836    i.Output_12V_CTL2   gpio.o
    0x00002a00   0x00002a00   0x000000ac   Code   RO         2908    i.ReadZD_Current    ina219.o
    0x00002aac   0x00002aac   0x00000020   Code   RO         3426    i.Send_Qiandao      ir.o
    0x00002acc   0x00002acc   0x00000014   Code   RO         3427    i.Set_true          ir.o
    0x00002ae0   0x00002ae0   0x0000002c   Code   RO         2837    i.Standby_Current_CHK_CTL  gpio.o
    0x00002b0c   0x00002b0c   0x0000002c   Code   RO         2838    i.Standby_Voltage_Output_Ctl  gpio.o
    0x00002b38   0x00002b38   0x00000014   Code   RO         3428    i.Start_Wmbus_Test  ir.o
    0x00002b4c   0x00002b4c   0x00000020   Code   RO         3053    i.Sum_jiaoyan       jiaoyan.o
    0x00002b6c   0x00002b6c   0x0000013c   Code   RO          316    i.SystemCoreClockUpdate  system_fm33lg0xx.o
    0x00002ca8   0x00002ca8   0x000000fc   Code   RO          317    i.SystemInit        system_fm33lg0xx.o
    0x00002da4   0x00002da4   0x000000d0   Code   RO          318    i.SystemPLLClockUpdate  system_fm33lg0xx.o
    0x00002e74   0x00002e74   0x00000002   Code   RO         3728    i.Test_Function_CAT1  test_cat1.o
    0x00002e76   0x00002e76   0x00000002   PAD
    0x00002e78   0x00002e78   0x000008dc   Code   RO         3749    i.Test_Function_Lierda  test_lierda.o
    0x00003754   0x00003754   0x000009a4   Code   RO         3794    i.Test_Function_Mensi  test_mensi.o
    0x000040f8   0x000040f8   0x00000600   Code   RO         3707    i.Test_Function_NB  test_nb.o
    0x000046f8   0x000046f8   0x00000898   Code   RO         3770    i.Test_Function_Pulse  test_pulse.o
    0x00004f90   0x00004f90   0x00000044   Code   RO         3879    i.Test_Function_Select  test_init.o
    0x00004fd4   0x00004fd4   0x0000004c   Code   RO         3880    i.Test_Init         test_init.o
    0x00005020   0x00005020   0x000000f8   Code   RO         3881    i.Test_Result_Init  test_init.o
    0x00005118   0x00005118   0x000000f8   Code   RO         3169    i.UART0_IRQHandler  uart0.o
    0x00005210   0x00005210   0x00000014   Code   RO         3170    i.UART0_MF_Config_Init  uart0.o
    0x00005224   0x00005224   0x00000010   Code   RO         3171    i.UART0_MF_NVIC_Init  uart0.o
    0x00005234   0x00005234   0x000000f8   Code   RO         3260    i.UART1_IRQHandler  uart1.o
    0x0000532c   0x0000532c   0x00000014   Code   RO         3261    i.UART1_MF_Config_Init  uart1.o
    0x00005340   0x00005340   0x00000010   Code   RO         3262    i.UART1_MF_NVIC_Init  uart1.o
    0x00005350   0x00005350   0x000000f0   Code   RO         3339    i.UART3_IRQHandler  uart3.o
    0x00005440   0x00005440   0x00000014   Code   RO         3340    i.UART3_MF_Config_Init  uart3.o
    0x00005454   0x00005454   0x00000010   Code   RO         3341    i.UART3_MF_NVIC_Init  uart3.o
    0x00005464   0x00005464   0x00000010   Code   RO          217    i.UART_Init         main.o
    0x00005474   0x00005474   0x00000038   Code   RO         3172    i.UART_TX_state_change  uart0.o
    0x000054ac   0x000054ac   0x0000006c   Code   RO         3173    i.Uart0_Rx_rec      uart0.o
    0x00005518   0x00005518   0x00000078   Code   RO         3174    i.Uart0_Tx_Send     uart0.o
    0x00005590   0x00005590   0x00000010   Code   RO         3175    i.Uart0_Tx_Send_init  uart0.o
    0x000055a0   0x000055a0   0x00000058   Code   RO         3263    i.Uart1_Rx_rec      uart1.o
    0x000055f8   0x000055f8   0x00000070   Code   RO         3264    i.Uart1_Tx_Send     uart1.o
    0x00005668   0x00005668   0x00000010   Code   RO         3265    i.Uart1_Tx_Send_init  uart1.o
    0x00005678   0x00005678   0x00000050   Code   RO         3342    i.Uart3_Rx_rec      uart3.o
    0x000056c8   0x000056c8   0x00000074   Code   RO         3343    i.Uart3_Tx_Send     uart3.o
    0x0000573c   0x0000573c   0x00000010   Code   RO         3344    i.Uart3_Tx_Send_init  uart3.o
    0x0000574c   0x0000574c   0x00000148   Code   RO         2839    i.User_GPIO_Init    gpio.o
    0x00005894   0x00005894   0x00000016   Code   RO         2742    i.Voltage_Main_Mould_CHK  adc.o
    0x000058aa   0x000058aa   0x00000002   PAD
    0x000058ac   0x000058ac   0x0000000c   Code   RO         3882    i.Workstation_CHK   test_init.o
    0x000058b8   0x000058b8   0x00000010   Code   RO         2909    i.ZDINA219_IIC_Delay  ina219.o
    0x000058c8   0x000058c8   0x00000046   Code   RO         2911    i.ZDINA219_IIC_RevByte  ina219.o
    0x0000590e   0x0000590e   0x00000062   Code   RO         2912    i.ZDINA219_IIC_RevBytes  ina219.o
    0x00005970   0x00005970   0x0000007a   Code   RO         2913    i.ZDINA219_IIC_SendByte  ina219.o
    0x000059ea   0x000059ea   0x0000001c   Code   RO         2914    i.ZDINA219_IIC_SendBytes  ina219.o
    0x00005a06   0x00005a06   0x00000026   Code   RO         2915    i.ZDINA219_IIC_Start  ina219.o
    0x00005a2c   0x00005a2c   0x00000030   Code   RO         2916    i.ZDINA219_IIC_Stop  ina219.o
    0x00005a5c   0x00005a5c   0x00000064   Code   RO         2917    i.ZDINA219_SCL      ina219.o
    0x00005ac0   0x00005ac0   0x00000064   Code   RO         2918    i.ZDINA219_SDA      ina219.o
    0x00005b24   0x00005b24   0x00000034   Code   RO         2919    i.ZDINA219_SDA_InPut  ina219.o
    0x00005b58   0x00005b58   0x0000005c   Code   RO         2920    i.ZDINA219_SDA_OUT_Dir_CTL  ina219.o
    0x00005bb4   0x00005bb4   0x00000030   Code   RO         2815    i.__ARM_common_ll_muluu  adc.o
    0x00005be4   0x00005be4   0x0000001c   Code   RO          345    i.__ARM_common_switch8  system_fm33lg0xx.o
    0x00005c00   0x00005c00   0x00000034   Code   RO         3429    i.configWmbus       ir.o
    0x00005c34   0x00005c34   0x00000014   Code   RO         3430    i.findLrdType       ir.o
    0x00005c48   0x00005c48   0x00000034   Code   RO         3431    i.findWmbusConfig   ir.o
    0x00005c7c   0x00005c7c   0x00000024   Code   RO         3883    i.getLrdEUIInit     test_init.o
    0x00005ca0   0x00005ca0   0x00000014   Code   RO         3432    i.getLrdLoRaEUI     ir.o
    0x00005cb4   0x00005cb4   0x0000077c   Code   RO         3433    i.irProtocolParse   ir.o
    0x00006430   0x00006430   0x00000074   Code   RO         3434    i.loraGetFreq       ir.o
    0x000064a4   0x000064a4   0x0000008c   Code   RO         3435    i.loraSetFreq923    ir.o
    0x00006530   0x00006530   0x00000088   Code   RO         3664    i.lrdEUIResponse    pc.o
    0x000065b8   0x000065b8   0x00000040   Code   RO          218    i.main              main.o
    0x000065f8   0x000065f8   0x00000198   Code   RO         3665    i.pcProtocolParse   pc.o
    0x00006790   0x00006790   0x00000014   Code   RO         3436    i.setWmbusKey       ir.o
    0x000067a4   0x000067a4   0x00000050   Code   RO         3437    i.simulate3WirePulse  ir.o
    0x000067f4   0x000067f4   0x00000018   Code   RO         3884    i.startTestInit     test_init.o
    0x0000680c   0x0000680c   0x0000002c   Code   RO         3666    i.startTestResponse  pc.o
    0x00006838   0x00006838   0x00000358   Code   RO         3667    i.testDataResponse  pc.o
    0x00006b90   0x00006b90   0x00000094   Code   RO         3438    i.whiteAppEUI       ir.o
    0x00006c24   0x00006c24   0x00000094   Code   RO         3439    i.whiteAppkey       ir.o
    0x00006cb8   0x00006cb8   0x00000084   Code   RO         3440    i.whiteReset        ir.o
    0x00006d3c   0x00006d3c   0x00000084   Code   RO         3441    i.whiteSave         ir.o
    0x00006dc0   0x00006dc0   0x00000054   Data   RO          791    .constdata          fm33lg0xx_fl_exti.o
    0x00006e14   0x00006e14   0x00000020   Data   RO         4157    Region$$Table       anon$$obj.o


    Execution Region RW_IRAM1 (Exec base: 0x20000000, Load base: 0x00006e34, Size: 0x00001d40, Max: 0x00008000, ABSOLUTE, COMPRESSED[0x000000cc])

    Exec Addr    Load Addr    Size         Type   Attr      Idx    E Section Name        Object

    0x20000000   COMPRESSED   0x0000000c   Data   RW          319    .data               system_fm33lg0xx.o
    0x2000000c   COMPRESSED   0x00000003   Data   RW         2922    .data               ina219.o
    0x2000000f   COMPRESSED   0x00000008   Data   RW         3055    .data               jiaoyan.o
    0x20000017   COMPRESSED   0x00000001   PAD
    0x20000018   COMPRESSED   0x0000000a   Data   RW         3177    .data               uart0.o
    0x20000022   COMPRESSED   0x0000003a   Data   RW         3267    .data               uart1.o
    0x2000005c   COMPRESSED   0x00000008   Data   RW         3346    .data               uart3.o
    0x20000064   COMPRESSED   0x000000f8   Data   RW         3443    .data               ir.o
    0x2000015c   COMPRESSED   0x00000002   Data   RW         3588    .data               led.o
    0x2000015e   COMPRESSED   0x0000000c   Data   RW         3669    .data               pc.o
    0x2000016a   COMPRESSED   0x00000002   Data   RW         3771    .data               test_pulse.o
    0x2000016c   COMPRESSED   0x0000000d   Data   RW         3886    .data               test_init.o
    0x20000179   COMPRESSED   0x00000003   PAD
    0x2000017c        -       0x0000001e   Zero   RW         2921    .bss                ina219.o
    0x2000019a        -       0x00000010   Zero   RW         3054    .bss                jiaoyan.o
    0x200001aa   COMPRESSED   0x00000002   PAD
    0x200001ac        -       0x00000268   Zero   RW         3176    .bss                uart0.o
    0x20000414        -       0x00000268   Zero   RW         3266    .bss                uart1.o
    0x2000067c        -       0x00000268   Zero   RW         3345    .bss                uart3.o
    0x200008e4        -       0x000000c8   Zero   RW         3442    .bss                ir.o
    0x200009ac        -       0x000000c8   Zero   RW         3620    .bss                measurement.o
    0x20000a74        -       0x00000190   Zero   RW         3668    .bss                pc.o
    0x20000c04        -       0x000000dc   Zero   RW         3885    .bss                test_init.o
    0x20000ce0        -       0x00000060   Zero   RW         4030    .bss                c_p.l(libspace.o)
    0x20000d40        -       0x00000800   Zero   RW            2    HEAP                startup_fm33lg0xx.o
    0x20001540        -       0x00000800   Zero   RW            1    STACK               startup_fm33lg0xx.o


==============================================================================

Image component sizes


      Code (inc. data)   RO Data    RW Data    ZI Data      Debug   Object Name

       722         48          0          0          0      56461   adc.o
       324         32          0          0          0      12174   fm33lg0xx_fl.o
      1334         24          0          0          0      59926   fm33lg0xx_fl_adc.o
       490         16          0          0          0      68035   fm33lg0xx_fl_atim.o
       668         82          0          0          0      28143   fm33lg0xx_fl_cmu.o
       862         30         84          0          0      64504   fm33lg0xx_fl_exti.o
       564         18          0          0          0      23319   fm33lg0xx_fl_gpio.o
         0          0          0          0          0      23880   fm33lg0xx_fl_rtca.o
       772         36          0          0          0      39859   fm33lg0xx_fl_uart.o
       308         10          0          0          0      12127   fm33lg0xx_fl_vao.o
       612         28          0          0          0      21381   gpio.o
      1406         74          0          3         30      28481   ina219.o
      3324        180          0        248        200      14895   ir.o
       302         20          0          8         16       3610   jiaoyan.o
        68         18          0          2          0       1286   led.o
        80          0          0          0          0       4690   main.o
       296         10          0          0        200       3651   measurement.o
       488         40          0          0          0     100114   mf_config.o
      1444         40          0         12        400       3537   pc.o
       288         24          0          0          0      20617   pulse.o
        56         26        192          0       4096        732   startup_fm33lg0xx.o
       804        102          0         12          0       2315   system_fm33lg0xx.o
         2          0          0          0          0        409   test_cat1.o
       464         62          0         13        220       3275   test_init.o
      2268        186          0          0          0       1839   test_lierda.o
      2468        220          0          0          0       1870   test_mensi.o
      1536        100          0          0          0       1315   test_nb.o
      2200        138          0          2          0       1997   test_pulse.o
       392         60          0          0          0      35062   time.o
       766         96          0         10        616      18409   uart0.o
       678         88          0         58        616       6790   uart1.o
       670         88          0          8        616       7004   uart3.o

    ----------------------------------------------------------------------
     26672       1896        308        380       7012     671707   Object Totals
         0          0         32          0          0          0   (incl. Generated)
        16          0          0          4          2          0   (incl. Padding)

    ----------------------------------------------------------------------

      Code (inc. data)   RO Data    RW Data    ZI Data      Debug   Library Member Name

        86          0          0          0          0          0   __dczerorl2.o
         8          0          0          0          0         68   __main.o
         0          0          0          0          0          0   __rtentry.o
        12          0          0          0          0          0   __rtentry2.o
         6          0          0          0          0          0   __rtentry4.o
        60          8          0          0          0          0   __scatter.o
        28          0          0          0          0          0   __scatter_zi.o
       346          0          0          0          0         92   aeabi_sdiv.o
        16          0          0          0          0         68   exit.o
         6          0          0          0          0        136   heapauxi.o
         0          0          0          0          0          0   indicate_semi.o
         2          0          0          0          0          0   libinit.o
         2          0          0          0          0          0   libinit2.o
         2          0          0          0          0          0   libshutdown.o
         2          0          0          0          0          0   libshutdown2.o
         8          4          0          0         96         68   libspace.o
        48          0          0          0          0         72   llmul.o
       258          0          0          0          0         88   lludiv.o
        64          0          0          0          0        108   rt_memclr.o
       186          0          0          0          0        144   rt_memcpy.o
         2          0          0          0          0          0   rtexit.o
        10          0          0          0          0          0   rtexit2.o
        12          4          0          0          0         60   sys_exit.o
        62          0          0          0          0         80   sys_stackheap_outer.o
         2          0          0          0          0         68   use_no_semi.o

    ----------------------------------------------------------------------
      1232         16          0          0         96       1052   Library Totals
         4          0          0          0          0          0   (incl. Padding)

    ----------------------------------------------------------------------

      Code (inc. data)   RO Data    RW Data    ZI Data      Debug   Library Name

      1228         16          0          0         96       1052   c_p.l

    ----------------------------------------------------------------------
      1232         16          0          0         96       1052   Library Totals

    ----------------------------------------------------------------------

==============================================================================


      Code (inc. data)   RO Data    RW Data    ZI Data      Debug   

     27904       1912        308        380       7108     663107   Grand Totals
     27904       1912        308        204       7108     663107   ELF Image Totals (compressed)
     27904       1912        308        204          0          0   ROM Totals

==============================================================================

    Total RO  Size (Code + RO Data)                28212 (  27.55kB)
    Total RW  Size (RW Data + ZI Data)              7488 (   7.31kB)
    Total ROM Size (Code + RO Data + RW Data)      28416 (  27.75kB)

==============================================================================

