0001142 I Target type is fm33lg04x [board]
0001192 I DP IDR = 0x0bb11477 (v1 MINDP rev0) [dap]
0001212 I AHB-AP#0 IDR = 0x04770021 (AHB-AP var2 rev0) [discovery]
0001220 I AHB-AP#0 Class 0x1 ROM table #0 @ 0xe00ff000 (designer=43b:Arm part=471) [rom_table]
0001227 I [0]<e000e000:SCS SC000 class=14 designer=43b:Arm part=00d> [rom_table]
0001230 I [1]<e0001000:DWT v6-M class=14 designer=43b:Arm part=00a> [rom_table]
0001232 I [2]<e0002000:BPU v6-M class=14 designer=43b:Arm part=00b> [rom_table]
0001238 I CPU core #0: SecurCore SC000 r0p0, v6.0-M architecture [cortex_m]
0001238 I   Extensions: [MPU] [cortex_m]
0001241 I Setting core #0 (Cortex-M0) default reset sequence to ResetSystem [pack_target]
0001246 I 1 hardware watchpoints [dwt]
0001249 I 4 hardware breakpoints, 0 literal comparators [fpb]
0001265 I Semihost server started on port 4444 (core 0) [server]
0001733 I GDB server started on port 3333 (core 0) [gdbserver]
0012950 I Client connected to port 3333! [gdbserver]
0012998 I Attempting to load RTOS plugins [gdbserver]
0013035 I Client detached [gdbserver]
0013036 I Client disconnected from port 3333! [gdbserver]
0162727 I Client connected to port 3333! [gdbserver]
0162748 I Attempting to load RTOS plugins [gdbserver]
0162754 I Client detached [gdbserver]
0162754 I Client disconnected from port 3333! [gdbserver]
