<!doctype html public "-//w3c//dtd html 4.0 transitional//en">
<html><head>
<title>Static Call Graph - [.\Objects\FM33LC0xx_Tester.axf]</title></head>
<body><HR>
<H1>Static Call Graph for image .\Objects\FM33LC0xx_Tester.axf</H1><HR>
<BR><P>#&#060CALLGRAPH&#062# ARM Linker, 5060750: Last Updated: Thu Aug 07 09:28:45 2025
<BR><P>
<H3>Maximum Stack Usage =        324 bytes + Unknown(Cycles, Untraceable Function Pointers)</H3><H3>
Call chain for Maximum Stack Depth:</H3>
main &rArr; test_Loop_Func &rArr; DeBug_print &rArr; Uart0_Tx_Send &rArr; UART_TX_state_change &rArr; FL_GPIO_Init &rArr; FL_GPIO_SetPinMode
<P>
<H3>
Mutually Recursive functions
</H3> <LI><a href="#[1]">NMI_Handler</a>&nbsp;&nbsp;&nbsp;&rArr;&nbsp;&nbsp;&nbsp;<a href="#[1]">NMI_Handler</a><BR>
 <LI><a href="#[2]">HardFault_Handler</a>&nbsp;&nbsp;&nbsp;&rArr;&nbsp;&nbsp;&nbsp;<a href="#[2]">HardFault_Handler</a><BR>
 <LI><a href="#[3]">SVC_Handler</a>&nbsp;&nbsp;&nbsp;&rArr;&nbsp;&nbsp;&nbsp;<a href="#[3]">SVC_Handler</a><BR>
 <LI><a href="#[4]">PendSV_Handler</a>&nbsp;&nbsp;&nbsp;&rArr;&nbsp;&nbsp;&nbsp;<a href="#[4]">PendSV_Handler</a><BR>
 <LI><a href="#[5]">SysTick_Handler</a>&nbsp;&nbsp;&nbsp;&rArr;&nbsp;&nbsp;&nbsp;<a href="#[5]">SysTick_Handler</a><BR>
 <LI><a href="#[b]">ADC_IRQHandler</a>&nbsp;&nbsp;&nbsp;&rArr;&nbsp;&nbsp;&nbsp;<a href="#[b]">ADC_IRQHandler</a><BR>
</UL>
<P>
<H3>
Function Pointers
</H3><UL>
 <LI><a href="#[b]">ADC_IRQHandler</a> from startup_fm33lg0xx.o(.text) referenced from startup_fm33lg0xx.o(RESET)
 <LI><a href="#[19]">AES_IRQHandler</a> from startup_fm33lg0xx.o(.text) referenced from startup_fm33lg0xx.o(RESET)
 <LI><a href="#[22]">ATIM_IRQHandler</a> from time.o(i.ATIM_IRQHandler) referenced from startup_fm33lg0xx.o(RESET)
 <LI><a href="#[1e]">BSTIM_IRQHandler</a> from startup_fm33lg0xx.o(.text) referenced from startup_fm33lg0xx.o(RESET)
 <LI><a href="#[25]">CAN_IRQHandler</a> from startup_fm33lg0xx.o(.text) referenced from startup_fm33lg0xx.o(RESET)
 <LI><a href="#[18]">CCL_IRQHandler</a> from startup_fm33lg0xx.o(.text) referenced from startup_fm33lg0xx.o(RESET)
 <LI><a href="#[1f]">COMPx_IRQHandler</a> from startup_fm33lg0xx.o(.text) referenced from startup_fm33lg0xx.o(RESET)
 <LI><a href="#[c]">DAC_IRQHandler</a> from startup_fm33lg0xx.o(.text) referenced from startup_fm33lg0xx.o(RESET)
 <LI><a href="#[1b]">DMA_IRQHandler</a> from startup_fm33lg0xx.o(.text) referenced from startup_fm33lg0xx.o(RESET)
 <LI><a href="#[a]">FDET_IRQHandler</a> from startup_fm33lg0xx.o(.text) referenced from startup_fm33lg0xx.o(RESET)
 <LI><a href="#[9]">FLASH_IRQHandler</a> from startup_fm33lg0xx.o(.text) referenced from startup_fm33lg0xx.o(RESET)
 <LI><a href="#[2a]">FL_GPIO_SetExtiLine0</a> from fm33lg0xx_fl_exti.o(i.FL_GPIO_SetExtiLine0) referenced from fm33lg0xx_fl_exti.o(.constdata)
 <LI><a href="#[2b]">FL_GPIO_SetExtiLine1</a> from fm33lg0xx_fl_exti.o(i.FL_GPIO_SetExtiLine1) referenced from fm33lg0xx_fl_exti.o(.constdata)
 <LI><a href="#[34]">FL_GPIO_SetExtiLine10</a> from fm33lg0xx_fl_exti.o(i.FL_GPIO_SetExtiLine10) referenced from fm33lg0xx_fl_exti.o(.constdata)
 <LI><a href="#[35]">FL_GPIO_SetExtiLine11</a> from fm33lg0xx_fl_exti.o(i.FL_GPIO_SetExtiLine11) referenced from fm33lg0xx_fl_exti.o(.constdata)
 <LI><a href="#[36]">FL_GPIO_SetExtiLine12</a> from fm33lg0xx_fl_exti.o(i.FL_GPIO_SetExtiLine12) referenced from fm33lg0xx_fl_exti.o(.constdata)
 <LI><a href="#[37]">FL_GPIO_SetExtiLine13</a> from fm33lg0xx_fl_exti.o(i.FL_GPIO_SetExtiLine13) referenced from fm33lg0xx_fl_exti.o(.constdata)
 <LI><a href="#[38]">FL_GPIO_SetExtiLine14</a> from fm33lg0xx_fl_exti.o(i.FL_GPIO_SetExtiLine14) referenced from fm33lg0xx_fl_exti.o(.constdata)
 <LI><a href="#[39]">FL_GPIO_SetExtiLine15</a> from fm33lg0xx_fl_exti.o(i.FL_GPIO_SetExtiLine15) referenced from fm33lg0xx_fl_exti.o(.constdata)
 <LI><a href="#[3a]">FL_GPIO_SetExtiLine16</a> from fm33lg0xx_fl_exti.o(i.FL_GPIO_SetExtiLine16) referenced from fm33lg0xx_fl_exti.o(.constdata)
 <LI><a href="#[3b]">FL_GPIO_SetExtiLine17</a> from fm33lg0xx_fl_exti.o(i.FL_GPIO_SetExtiLine17) referenced from fm33lg0xx_fl_exti.o(.constdata)
 <LI><a href="#[3c]">FL_GPIO_SetExtiLine18</a> from fm33lg0xx_fl_exti.o(i.FL_GPIO_SetExtiLine18) referenced from fm33lg0xx_fl_exti.o(.constdata)
 <LI><a href="#[2c]">FL_GPIO_SetExtiLine2</a> from fm33lg0xx_fl_exti.o(i.FL_GPIO_SetExtiLine2) referenced from fm33lg0xx_fl_exti.o(.constdata)
 <LI><a href="#[2d]">FL_GPIO_SetExtiLine3</a> from fm33lg0xx_fl_exti.o(i.FL_GPIO_SetExtiLine3) referenced from fm33lg0xx_fl_exti.o(.constdata)
 <LI><a href="#[2e]">FL_GPIO_SetExtiLine4</a> from fm33lg0xx_fl_exti.o(i.FL_GPIO_SetExtiLine4) referenced from fm33lg0xx_fl_exti.o(.constdata)
 <LI><a href="#[2f]">FL_GPIO_SetExtiLine5</a> from fm33lg0xx_fl_exti.o(i.FL_GPIO_SetExtiLine5) referenced from fm33lg0xx_fl_exti.o(.constdata)
 <LI><a href="#[30]">FL_GPIO_SetExtiLine6</a> from fm33lg0xx_fl_exti.o(i.FL_GPIO_SetExtiLine6) referenced from fm33lg0xx_fl_exti.o(.constdata)
 <LI><a href="#[31]">FL_GPIO_SetExtiLine7</a> from fm33lg0xx_fl_exti.o(i.FL_GPIO_SetExtiLine7) referenced from fm33lg0xx_fl_exti.o(.constdata)
 <LI><a href="#[32]">FL_GPIO_SetExtiLine8</a> from fm33lg0xx_fl_exti.o(i.FL_GPIO_SetExtiLine8) referenced from fm33lg0xx_fl_exti.o(.constdata)
 <LI><a href="#[33]">FL_GPIO_SetExtiLine9</a> from fm33lg0xx_fl_exti.o(i.FL_GPIO_SetExtiLine9) referenced from fm33lg0xx_fl_exti.o(.constdata)
 <LI><a href="#[3d]">FL_GPIO_SetTriggerEdge0</a> from fm33lg0xx_fl_exti.o(i.FL_GPIO_SetTriggerEdge0) referenced from fm33lg0xx_fl_exti.o(.constdata)
 <LI><a href="#[3e]">FL_GPIO_SetTriggerEdge1</a> from fm33lg0xx_fl_exti.o(i.FL_GPIO_SetTriggerEdge1) referenced from fm33lg0xx_fl_exti.o(.constdata)
 <LI><a href="#[24]">GPIO_IRQHandler</a> from exti.o(i.GPIO_IRQHandler) referenced from startup_fm33lg0xx.o(RESET)
 <LI><a href="#[20]">GPTIM0_1_IRQHandler</a> from startup_fm33lg0xx.o(.text) referenced from startup_fm33lg0xx.o(RESET)
 <LI><a href="#[21]">GPTIM2_IRQHandler</a> from startup_fm33lg0xx.o(.text) referenced from startup_fm33lg0xx.o(RESET)
 <LI><a href="#[2]">HardFault_Handler</a> from startup_fm33lg0xx.o(.text) referenced from startup_fm33lg0xx.o(RESET)
 <LI><a href="#[17]">I2C_IRQHandler</a> from startup_fm33lg0xx.o(.text) referenced from startup_fm33lg0xx.o(RESET)
 <LI><a href="#[1a]">LPTIM_IRQHandler</a> from startup_fm33lg0xx.o(.text) referenced from startup_fm33lg0xx.o(RESET)
 <LI><a href="#[16]">LPUARTx_IRQHandler</a> from startup_fm33lg0xx.o(.text) referenced from startup_fm33lg0xx.o(RESET)
 <LI><a href="#[1d]">LUT_IRQHandler</a> from startup_fm33lg0xx.o(.text) referenced from startup_fm33lg0xx.o(RESET)
 <LI><a href="#[1]">NMI_Handler</a> from startup_fm33lg0xx.o(.text) referenced from startup_fm33lg0xx.o(RESET)
 <LI><a href="#[4]">PendSV_Handler</a> from startup_fm33lg0xx.o(.text) referenced from startup_fm33lg0xx.o(RESET)
 <LI><a href="#[8]">RTC_IRQHandler</a> from startup_fm33lg0xx.o(.text) referenced from startup_fm33lg0xx.o(RESET)
 <LI><a href="#[0]">Reset_Handler</a> from startup_fm33lg0xx.o(.text) referenced from startup_fm33lg0xx.o(RESET)
 <LI><a href="#[d]">SPI0_IRQHandler</a> from startup_fm33lg0xx.o(.text) referenced from startup_fm33lg0xx.o(RESET)
 <LI><a href="#[e]">SPI1_IRQHandler</a> from startup_fm33lg0xx.o(.text) referenced from startup_fm33lg0xx.o(RESET)
 <LI><a href="#[f]">SPI2_IRQHandler</a> from startup_fm33lg0xx.o(.text) referenced from startup_fm33lg0xx.o(RESET)
 <LI><a href="#[3]">SVC_Handler</a> from startup_fm33lg0xx.o(.text) referenced from startup_fm33lg0xx.o(RESET)
 <LI><a href="#[7]">SVD_IRQHandler</a> from startup_fm33lg0xx.o(.text) referenced from startup_fm33lg0xx.o(RESET)
 <LI><a href="#[5]">SysTick_Handler</a> from startup_fm33lg0xx.o(.text) referenced from startup_fm33lg0xx.o(RESET)
 <LI><a href="#[27]">SystemInit</a> from system_fm33lg0xx.o(i.SystemInit) referenced from startup_fm33lg0xx.o(.text)
 <LI><a href="#[15]">U7816_IRQHandler</a> from startup_fm33lg0xx.o(.text) referenced from startup_fm33lg0xx.o(RESET)
 <LI><a href="#[10]">UART0_IRQHandler</a> from uart0.o(i.UART0_IRQHandler) referenced from startup_fm33lg0xx.o(RESET)
 <LI><a href="#[11]">UART1_IRQHandler</a> from uart1.o(i.UART1_IRQHandler) referenced from startup_fm33lg0xx.o(RESET)
 <LI><a href="#[12]">UART3_IRQHandler</a> from uart3.o(i.UART3_IRQHandler) referenced from startup_fm33lg0xx.o(RESET)
 <LI><a href="#[13]">UART4_IRQHandler</a> from uart4.o(i.UART4_IRQHandler) referenced from startup_fm33lg0xx.o(RESET)
 <LI><a href="#[14]">UART5_IRQHandler</a> from startup_fm33lg0xx.o(.text) referenced from startup_fm33lg0xx.o(RESET)
 <LI><a href="#[23]">VREF_IRQHandler</a> from startup_fm33lg0xx.o(.text) referenced from startup_fm33lg0xx.o(RESET)
 <LI><a href="#[6]">WDT_IRQHandler</a> from startup_fm33lg0xx.o(.text) referenced from startup_fm33lg0xx.o(RESET)
 <LI><a href="#[1c]">WKUPx_IRQHandler</a> from startup_fm33lg0xx.o(.text) referenced from startup_fm33lg0xx.o(RESET)
 <LI><a href="#[28]">__main</a> from entry.o(.ARM.Collect$$$$00000000) referenced from startup_fm33lg0xx.o(.text)
 <LI><a href="#[29]">_snputc</a> from printfa.o(i._snputc) referenced from printfa.o(i.__0vsnprintf)
 <LI><a href="#[26]">main</a> from main.o(i.main) referenced from entry9a.o(.ARM.Collect$$$$0000000B)
</UL>
<P>
<H3>
Global Symbols
</H3>
<P><STRONG><a name="[28]"></a>__main</STRONG> (Thumb, 0 bytes, Stack size unknown bytes, entry.o(.ARM.Collect$$$$00000000))
<BR>[Address Reference Count : 1]<UL><LI> startup_fm33lg0xx.o(.text)
</UL>
<P><STRONG><a name="[116]"></a>_main_stk</STRONG> (Thumb, 0 bytes, Stack size unknown bytes, entry2.o(.ARM.Collect$$$$00000001))

<P><STRONG><a name="[3f]"></a>_main_scatterload</STRONG> (Thumb, 0 bytes, Stack size unknown bytes, entry5.o(.ARM.Collect$$$$00000004))
<BR><BR>[Calls]<UL><LI><a href="#[40]">&gt;&gt;</a>&nbsp;&nbsp;&nbsp;__scatterload
</UL>

<P><STRONG><a name="[54]"></a>__main_after_scatterload</STRONG> (Thumb, 0 bytes, Stack size unknown bytes, entry5.o(.ARM.Collect$$$$00000004))
<BR><BR>[Called By]<UL><LI><a href="#[40]">&gt;&gt;</a>&nbsp;&nbsp;&nbsp;__scatterload
</UL>

<P><STRONG><a name="[117]"></a>_main_clock</STRONG> (Thumb, 0 bytes, Stack size unknown bytes, entry7b.o(.ARM.Collect$$$$00000008))

<P><STRONG><a name="[118]"></a>_main_cpp_init</STRONG> (Thumb, 0 bytes, Stack size unknown bytes, entry8b.o(.ARM.Collect$$$$0000000A))

<P><STRONG><a name="[119]"></a>_main_init</STRONG> (Thumb, 0 bytes, Stack size unknown bytes, entry9a.o(.ARM.Collect$$$$0000000B))

<P><STRONG><a name="[11a]"></a>__rt_final_cpp</STRONG> (Thumb, 0 bytes, Stack size unknown bytes, entry10a.o(.ARM.Collect$$$$0000000D))

<P><STRONG><a name="[11b]"></a>__rt_final_exit</STRONG> (Thumb, 0 bytes, Stack size unknown bytes, entry11a.o(.ARM.Collect$$$$0000000F))

<P><STRONG><a name="[0]"></a>Reset_Handler</STRONG> (Thumb, 8 bytes, Stack size 0 bytes, startup_fm33lg0xx.o(.text))
<BR>[Address Reference Count : 1]<UL><LI> startup_fm33lg0xx.o(RESET)
</UL>
<P><STRONG><a name="[1]"></a>NMI_Handler</STRONG> (Thumb, 2 bytes, Stack size 0 bytes, startup_fm33lg0xx.o(.text))
<BR><BR>[Calls]<UL><LI><a href="#[1]">&gt;&gt;</a>&nbsp;&nbsp;&nbsp;NMI_Handler
</UL>
<BR>[Called By]<UL><LI><a href="#[1]">&gt;&gt;</a>&nbsp;&nbsp;&nbsp;NMI_Handler
</UL>
<BR>[Address Reference Count : 1]<UL><LI> startup_fm33lg0xx.o(RESET)
</UL>
<P><STRONG><a name="[2]"></a>HardFault_Handler</STRONG> (Thumb, 2 bytes, Stack size 0 bytes, startup_fm33lg0xx.o(.text))
<BR><BR>[Calls]<UL><LI><a href="#[2]">&gt;&gt;</a>&nbsp;&nbsp;&nbsp;HardFault_Handler
</UL>
<BR>[Called By]<UL><LI><a href="#[2]">&gt;&gt;</a>&nbsp;&nbsp;&nbsp;HardFault_Handler
</UL>
<BR>[Address Reference Count : 1]<UL><LI> startup_fm33lg0xx.o(RESET)
</UL>
<P><STRONG><a name="[3]"></a>SVC_Handler</STRONG> (Thumb, 2 bytes, Stack size 0 bytes, startup_fm33lg0xx.o(.text))
<BR><BR>[Calls]<UL><LI><a href="#[3]">&gt;&gt;</a>&nbsp;&nbsp;&nbsp;SVC_Handler
</UL>
<BR>[Called By]<UL><LI><a href="#[3]">&gt;&gt;</a>&nbsp;&nbsp;&nbsp;SVC_Handler
</UL>
<BR>[Address Reference Count : 1]<UL><LI> startup_fm33lg0xx.o(RESET)
</UL>
<P><STRONG><a name="[4]"></a>PendSV_Handler</STRONG> (Thumb, 2 bytes, Stack size 0 bytes, startup_fm33lg0xx.o(.text))
<BR><BR>[Calls]<UL><LI><a href="#[4]">&gt;&gt;</a>&nbsp;&nbsp;&nbsp;PendSV_Handler
</UL>
<BR>[Called By]<UL><LI><a href="#[4]">&gt;&gt;</a>&nbsp;&nbsp;&nbsp;PendSV_Handler
</UL>
<BR>[Address Reference Count : 1]<UL><LI> startup_fm33lg0xx.o(RESET)
</UL>
<P><STRONG><a name="[5]"></a>SysTick_Handler</STRONG> (Thumb, 2 bytes, Stack size 0 bytes, startup_fm33lg0xx.o(.text))
<BR><BR>[Calls]<UL><LI><a href="#[5]">&gt;&gt;</a>&nbsp;&nbsp;&nbsp;SysTick_Handler
</UL>
<BR>[Called By]<UL><LI><a href="#[5]">&gt;&gt;</a>&nbsp;&nbsp;&nbsp;SysTick_Handler
</UL>
<BR>[Address Reference Count : 1]<UL><LI> startup_fm33lg0xx.o(RESET)
</UL>
<P><STRONG><a name="[b]"></a>ADC_IRQHandler</STRONG> (Thumb, 0 bytes, Stack size 0 bytes, startup_fm33lg0xx.o(.text))
<BR><BR>[Calls]<UL><LI><a href="#[b]">&gt;&gt;</a>&nbsp;&nbsp;&nbsp;ADC_IRQHandler
</UL>
<BR>[Called By]<UL><LI><a href="#[b]">&gt;&gt;</a>&nbsp;&nbsp;&nbsp;ADC_IRQHandler
</UL>
<BR>[Address Reference Count : 1]<UL><LI> startup_fm33lg0xx.o(RESET)
</UL>
<P><STRONG><a name="[19]"></a>AES_IRQHandler</STRONG> (Thumb, 0 bytes, Stack size 0 bytes, startup_fm33lg0xx.o(.text))
<BR>[Address Reference Count : 1]<UL><LI> startup_fm33lg0xx.o(RESET)
</UL>
<P><STRONG><a name="[1e]"></a>BSTIM_IRQHandler</STRONG> (Thumb, 0 bytes, Stack size 0 bytes, startup_fm33lg0xx.o(.text))
<BR>[Address Reference Count : 1]<UL><LI> startup_fm33lg0xx.o(RESET)
</UL>
<P><STRONG><a name="[25]"></a>CAN_IRQHandler</STRONG> (Thumb, 0 bytes, Stack size 0 bytes, startup_fm33lg0xx.o(.text))
<BR>[Address Reference Count : 1]<UL><LI> startup_fm33lg0xx.o(RESET)
</UL>
<P><STRONG><a name="[18]"></a>CCL_IRQHandler</STRONG> (Thumb, 0 bytes, Stack size 0 bytes, startup_fm33lg0xx.o(.text))
<BR>[Address Reference Count : 1]<UL><LI> startup_fm33lg0xx.o(RESET)
</UL>
<P><STRONG><a name="[1f]"></a>COMPx_IRQHandler</STRONG> (Thumb, 0 bytes, Stack size 0 bytes, startup_fm33lg0xx.o(.text))
<BR>[Address Reference Count : 1]<UL><LI> startup_fm33lg0xx.o(RESET)
</UL>
<P><STRONG><a name="[c]"></a>DAC_IRQHandler</STRONG> (Thumb, 0 bytes, Stack size 0 bytes, startup_fm33lg0xx.o(.text))
<BR>[Address Reference Count : 1]<UL><LI> startup_fm33lg0xx.o(RESET)
</UL>
<P><STRONG><a name="[1b]"></a>DMA_IRQHandler</STRONG> (Thumb, 0 bytes, Stack size 0 bytes, startup_fm33lg0xx.o(.text))
<BR>[Address Reference Count : 1]<UL><LI> startup_fm33lg0xx.o(RESET)
</UL>
<P><STRONG><a name="[a]"></a>FDET_IRQHandler</STRONG> (Thumb, 0 bytes, Stack size 0 bytes, startup_fm33lg0xx.o(.text))
<BR>[Address Reference Count : 1]<UL><LI> startup_fm33lg0xx.o(RESET)
</UL>
<P><STRONG><a name="[9]"></a>FLASH_IRQHandler</STRONG> (Thumb, 0 bytes, Stack size 0 bytes, startup_fm33lg0xx.o(.text))
<BR>[Address Reference Count : 1]<UL><LI> startup_fm33lg0xx.o(RESET)
</UL>
<P><STRONG><a name="[20]"></a>GPTIM0_1_IRQHandler</STRONG> (Thumb, 0 bytes, Stack size 0 bytes, startup_fm33lg0xx.o(.text))
<BR>[Address Reference Count : 1]<UL><LI> startup_fm33lg0xx.o(RESET)
</UL>
<P><STRONG><a name="[21]"></a>GPTIM2_IRQHandler</STRONG> (Thumb, 0 bytes, Stack size 0 bytes, startup_fm33lg0xx.o(.text))
<BR>[Address Reference Count : 1]<UL><LI> startup_fm33lg0xx.o(RESET)
</UL>
<P><STRONG><a name="[17]"></a>I2C_IRQHandler</STRONG> (Thumb, 0 bytes, Stack size 0 bytes, startup_fm33lg0xx.o(.text))
<BR>[Address Reference Count : 1]<UL><LI> startup_fm33lg0xx.o(RESET)
</UL>
<P><STRONG><a name="[1a]"></a>LPTIM_IRQHandler</STRONG> (Thumb, 0 bytes, Stack size 0 bytes, startup_fm33lg0xx.o(.text))
<BR>[Address Reference Count : 1]<UL><LI> startup_fm33lg0xx.o(RESET)
</UL>
<P><STRONG><a name="[16]"></a>LPUARTx_IRQHandler</STRONG> (Thumb, 0 bytes, Stack size 0 bytes, startup_fm33lg0xx.o(.text))
<BR>[Address Reference Count : 1]<UL><LI> startup_fm33lg0xx.o(RESET)
</UL>
<P><STRONG><a name="[1d]"></a>LUT_IRQHandler</STRONG> (Thumb, 0 bytes, Stack size 0 bytes, startup_fm33lg0xx.o(.text))
<BR>[Address Reference Count : 1]<UL><LI> startup_fm33lg0xx.o(RESET)
</UL>
<P><STRONG><a name="[8]"></a>RTC_IRQHandler</STRONG> (Thumb, 0 bytes, Stack size 0 bytes, startup_fm33lg0xx.o(.text))
<BR>[Address Reference Count : 1]<UL><LI> startup_fm33lg0xx.o(RESET)
</UL>
<P><STRONG><a name="[d]"></a>SPI0_IRQHandler</STRONG> (Thumb, 0 bytes, Stack size 0 bytes, startup_fm33lg0xx.o(.text))
<BR>[Address Reference Count : 1]<UL><LI> startup_fm33lg0xx.o(RESET)
</UL>
<P><STRONG><a name="[e]"></a>SPI1_IRQHandler</STRONG> (Thumb, 0 bytes, Stack size 0 bytes, startup_fm33lg0xx.o(.text))
<BR>[Address Reference Count : 1]<UL><LI> startup_fm33lg0xx.o(RESET)
</UL>
<P><STRONG><a name="[f]"></a>SPI2_IRQHandler</STRONG> (Thumb, 0 bytes, Stack size 0 bytes, startup_fm33lg0xx.o(.text))
<BR>[Address Reference Count : 1]<UL><LI> startup_fm33lg0xx.o(RESET)
</UL>
<P><STRONG><a name="[7]"></a>SVD_IRQHandler</STRONG> (Thumb, 0 bytes, Stack size 0 bytes, startup_fm33lg0xx.o(.text))
<BR>[Address Reference Count : 1]<UL><LI> startup_fm33lg0xx.o(RESET)
</UL>
<P><STRONG><a name="[15]"></a>U7816_IRQHandler</STRONG> (Thumb, 0 bytes, Stack size 0 bytes, startup_fm33lg0xx.o(.text))
<BR>[Address Reference Count : 1]<UL><LI> startup_fm33lg0xx.o(RESET)
</UL>
<P><STRONG><a name="[14]"></a>UART5_IRQHandler</STRONG> (Thumb, 0 bytes, Stack size 0 bytes, startup_fm33lg0xx.o(.text))
<BR>[Address Reference Count : 1]<UL><LI> startup_fm33lg0xx.o(RESET)
</UL>
<P><STRONG><a name="[23]"></a>VREF_IRQHandler</STRONG> (Thumb, 0 bytes, Stack size 0 bytes, startup_fm33lg0xx.o(.text))
<BR>[Address Reference Count : 1]<UL><LI> startup_fm33lg0xx.o(RESET)
</UL>
<P><STRONG><a name="[6]"></a>WDT_IRQHandler</STRONG> (Thumb, 0 bytes, Stack size 0 bytes, startup_fm33lg0xx.o(.text))
<BR>[Address Reference Count : 1]<UL><LI> startup_fm33lg0xx.o(RESET)
</UL>
<P><STRONG><a name="[1c]"></a>WKUPx_IRQHandler</STRONG> (Thumb, 0 bytes, Stack size 0 bytes, startup_fm33lg0xx.o(.text))
<BR>[Address Reference Count : 1]<UL><LI> startup_fm33lg0xx.o(RESET)
</UL>
<P><STRONG><a name="[11c]"></a>__aeabi_uidiv</STRONG> (Thumb, 0 bytes, Stack size 12 bytes, uidiv.o(.text), UNUSED)

<P><STRONG><a name="[42]"></a>__aeabi_uidivmod</STRONG> (Thumb, 44 bytes, Stack size 12 bytes, uidiv.o(.text))
<BR><BR>[Stack]<UL><LI>Max Depth = 12<LI>Call Chain = __aeabi_uidivmod
</UL>
<BR>[Called By]<UL><LI><a href="#[7d]">&gt;&gt;</a>&nbsp;&nbsp;&nbsp;FL_DelayUs
<LI><a href="#[d5]">&gt;&gt;</a>&nbsp;&nbsp;&nbsp;SystemPLLClockUpdate
<LI><a href="#[7e]">&gt;&gt;</a>&nbsp;&nbsp;&nbsp;FL_EXTI_Init
<LI><a href="#[79]">&gt;&gt;</a>&nbsp;&nbsp;&nbsp;FL_CMU_GetPLLClockFreq
<LI><a href="#[8b]">&gt;&gt;</a>&nbsp;&nbsp;&nbsp;FL_UART_Init
<LI><a href="#[f7]">&gt;&gt;</a>&nbsp;&nbsp;&nbsp;_printf_core
<LI><a href="#[41]">&gt;&gt;</a>&nbsp;&nbsp;&nbsp;__aeabi_idivmod
</UL>

<P><STRONG><a name="[11d]"></a>__aeabi_idiv</STRONG> (Thumb, 0 bytes, Stack size 16 bytes, idiv.o(.text), UNUSED)

<P><STRONG><a name="[41]"></a>__aeabi_idivmod</STRONG> (Thumb, 40 bytes, Stack size 16 bytes, idiv.o(.text))
<BR><BR>[Stack]<UL><LI>Max Depth = 28<LI>Call Chain = __aeabi_idivmod &rArr; __aeabi_uidivmod
</UL>
<BR>[Calls]<UL><LI><a href="#[42]">&gt;&gt;</a>&nbsp;&nbsp;&nbsp;__aeabi_uidivmod
</UL>
<BR>[Called By]<UL><LI><a href="#[5b]">&gt;&gt;</a>&nbsp;&nbsp;&nbsp;CheckZDCurrent
</UL>

<P><STRONG><a name="[43]"></a>__aeabi_uldivmod</STRONG> (Thumb, 96 bytes, Stack size 48 bytes, uldiv.o(.text))
<BR><BR>[Stack]<UL><LI>Max Depth = 56<LI>Call Chain = __aeabi_uldivmod &rArr; __aeabi_llsr
</UL>
<BR>[Calls]<UL><LI><a href="#[44]">&gt;&gt;</a>&nbsp;&nbsp;&nbsp;__aeabi_llsr
<LI><a href="#[45]">&gt;&gt;</a>&nbsp;&nbsp;&nbsp;__aeabi_llsl
</UL>
<BR>[Called By]<UL><LI><a href="#[97]">&gt;&gt;</a>&nbsp;&nbsp;&nbsp;GetSingleChannelVoltage_POLL
<LI><a href="#[f7]">&gt;&gt;</a>&nbsp;&nbsp;&nbsp;_printf_core
<LI><a href="#[f8]">&gt;&gt;</a>&nbsp;&nbsp;&nbsp;_fp_digits
</UL>

<P><STRONG><a name="[46]"></a>__aeabi_lmul</STRONG> (Thumb, 122 bytes, Stack size 64 bytes, llmul.o(.text))
<BR><BR>[Stack]<UL><LI>Max Depth = 72<LI>Call Chain = __aeabi_lmul &rArr; __aeabi_llsl
</UL>
<BR>[Calls]<UL><LI><a href="#[45]">&gt;&gt;</a>&nbsp;&nbsp;&nbsp;__aeabi_llsl
</UL>
<BR>[Called By]<UL><LI><a href="#[97]">&gt;&gt;</a>&nbsp;&nbsp;&nbsp;GetSingleChannelVoltage_POLL
</UL>

<P><STRONG><a name="[11e]"></a>_ll_mul</STRONG> (Thumb, 0 bytes, Stack size 64 bytes, llmul.o(.text), UNUSED)

<P><STRONG><a name="[c5]"></a>__aeabi_memcpy</STRONG> (Thumb, 36 bytes, Stack size 0 bytes, memcpya.o(.text))
<BR><BR>[Called By]<UL><LI><a href="#[10c]">&gt;&gt;</a>&nbsp;&nbsp;&nbsp;test_Loop_Func
<LI><a href="#[ed]">&gt;&gt;</a>&nbsp;&nbsp;&nbsp;Uart1_Tx_Send
<LI><a href="#[69]">&gt;&gt;</a>&nbsp;&nbsp;&nbsp;Uart0_Tx_Send
<LI><a href="#[d8]">&gt;&gt;</a>&nbsp;&nbsp;&nbsp;TONGXIN_xieyijiexi
<LI><a href="#[9b]">&gt;&gt;</a>&nbsp;&nbsp;&nbsp;TONGXIN_xieyifasong
<LI><a href="#[c6]">&gt;&gt;</a>&nbsp;&nbsp;&nbsp;PC_xieyijiexi
<LI><a href="#[c4]">&gt;&gt;</a>&nbsp;&nbsp;&nbsp;PC_xieyifasong_2
</UL>

<P><STRONG><a name="[eb]"></a>__aeabi_memcpy4</STRONG> (Thumb, 0 bytes, Stack size 0 bytes, memcpya.o(.text))
<BR><BR>[Called By]<UL><LI><a href="#[ec]">&gt;&gt;</a>&nbsp;&nbsp;&nbsp;Uart1_Rx_rec
<LI><a href="#[ea]">&gt;&gt;</a>&nbsp;&nbsp;&nbsp;Uart0_Rx_rec
</UL>

<P><STRONG><a name="[11f]"></a>__aeabi_memcpy8</STRONG> (Thumb, 0 bytes, Stack size 0 bytes, memcpya.o(.text), UNUSED)

<P><STRONG><a name="[48]"></a>__aeabi_memset</STRONG> (Thumb, 14 bytes, Stack size 0 bytes, memseta.o(.text))
<BR><BR>[Called By]<UL><LI><a href="#[49]">&gt;&gt;</a>&nbsp;&nbsp;&nbsp;_memset$wrapper
<LI><a href="#[47]">&gt;&gt;</a>&nbsp;&nbsp;&nbsp;__aeabi_memclr
</UL>

<P><STRONG><a name="[120]"></a>__aeabi_memset4</STRONG> (Thumb, 0 bytes, Stack size 0 bytes, memseta.o(.text), UNUSED)

<P><STRONG><a name="[121]"></a>__aeabi_memset8</STRONG> (Thumb, 0 bytes, Stack size 0 bytes, memseta.o(.text), UNUSED)

<P><STRONG><a name="[47]"></a>__aeabi_memclr</STRONG> (Thumb, 4 bytes, Stack size 0 bytes, memseta.o(.text))
<BR><BR>[Calls]<UL><LI><a href="#[48]">&gt;&gt;</a>&nbsp;&nbsp;&nbsp;__aeabi_memset
</UL>
<BR>[Called By]<UL><LI><a href="#[113]">&gt;&gt;</a>&nbsp;&nbsp;&nbsp;test_jieguo_qingling
<LI><a href="#[c4]">&gt;&gt;</a>&nbsp;&nbsp;&nbsp;PC_xieyifasong_2
</UL>

<P><STRONG><a name="[114]"></a>__aeabi_memclr4</STRONG> (Thumb, 0 bytes, Stack size 0 bytes, memseta.o(.text))
<BR><BR>[Called By]<UL><LI><a href="#[113]">&gt;&gt;</a>&nbsp;&nbsp;&nbsp;test_jieguo_qingling
</UL>

<P><STRONG><a name="[122]"></a>__aeabi_memclr8</STRONG> (Thumb, 0 bytes, Stack size 0 bytes, memseta.o(.text), UNUSED)

<P><STRONG><a name="[49]"></a>_memset$wrapper</STRONG> (Thumb, 18 bytes, Stack size 8 bytes, memseta.o(.text), UNUSED)
<BR><BR>[Calls]<UL><LI><a href="#[48]">&gt;&gt;</a>&nbsp;&nbsp;&nbsp;__aeabi_memset
</UL>

<P><STRONG><a name="[4a]"></a>__aeabi_dadd</STRONG> (Thumb, 328 bytes, Stack size 48 bytes, dadd.o(.text), UNUSED)
<BR><BR>[Calls]<UL><LI><a href="#[4b]">&gt;&gt;</a>&nbsp;&nbsp;&nbsp;__aeabi_lasr
<LI><a href="#[45]">&gt;&gt;</a>&nbsp;&nbsp;&nbsp;__aeabi_llsl
<LI><a href="#[4d]">&gt;&gt;</a>&nbsp;&nbsp;&nbsp;_double_round
<LI><a href="#[4c]">&gt;&gt;</a>&nbsp;&nbsp;&nbsp;_double_epilogue
</UL>
<BR>[Called By]<UL><LI><a href="#[4e]">&gt;&gt;</a>&nbsp;&nbsp;&nbsp;__aeabi_dsub
<LI><a href="#[4f]">&gt;&gt;</a>&nbsp;&nbsp;&nbsp;__aeabi_drsub
<LI><a href="#[f8]">&gt;&gt;</a>&nbsp;&nbsp;&nbsp;_fp_digits
</UL>

<P><STRONG><a name="[4e]"></a>__aeabi_dsub</STRONG> (Thumb, 12 bytes, Stack size 8 bytes, dadd.o(.text), UNUSED)
<BR><BR>[Calls]<UL><LI><a href="#[4a]">&gt;&gt;</a>&nbsp;&nbsp;&nbsp;__aeabi_dadd
</UL>

<P><STRONG><a name="[4f]"></a>__aeabi_drsub</STRONG> (Thumb, 12 bytes, Stack size 8 bytes, dadd.o(.text), UNUSED)
<BR><BR>[Calls]<UL><LI><a href="#[4a]">&gt;&gt;</a>&nbsp;&nbsp;&nbsp;__aeabi_dadd
</UL>

<P><STRONG><a name="[50]"></a>__aeabi_dmul</STRONG> (Thumb, 202 bytes, Stack size 72 bytes, dmul.o(.text), UNUSED)
<BR><BR>[Calls]<UL><LI><a href="#[4c]">&gt;&gt;</a>&nbsp;&nbsp;&nbsp;_double_epilogue
</UL>
<BR>[Called By]<UL><LI><a href="#[f8]">&gt;&gt;</a>&nbsp;&nbsp;&nbsp;_fp_digits
</UL>

<P><STRONG><a name="[51]"></a>__aeabi_ddiv</STRONG> (Thumb, 234 bytes, Stack size 40 bytes, ddiv.o(.text), UNUSED)
<BR><BR>[Calls]<UL><LI><a href="#[4d]">&gt;&gt;</a>&nbsp;&nbsp;&nbsp;_double_round
</UL>
<BR>[Called By]<UL><LI><a href="#[f8]">&gt;&gt;</a>&nbsp;&nbsp;&nbsp;_fp_digits
</UL>

<P><STRONG><a name="[45]"></a>__aeabi_llsl</STRONG> (Thumb, 32 bytes, Stack size 8 bytes, llshl.o(.text))
<BR><BR>[Stack]<UL><LI>Max Depth = 8<LI>Call Chain = __aeabi_llsl
</UL>
<BR>[Called By]<UL><LI><a href="#[4a]">&gt;&gt;</a>&nbsp;&nbsp;&nbsp;__aeabi_dadd
<LI><a href="#[4c]">&gt;&gt;</a>&nbsp;&nbsp;&nbsp;_double_epilogue
<LI><a href="#[53]">&gt;&gt;</a>&nbsp;&nbsp;&nbsp;__aeabi_d2ulz
<LI><a href="#[46]">&gt;&gt;</a>&nbsp;&nbsp;&nbsp;__aeabi_lmul
<LI><a href="#[43]">&gt;&gt;</a>&nbsp;&nbsp;&nbsp;__aeabi_uldivmod
</UL>

<P><STRONG><a name="[123]"></a>_ll_shift_l</STRONG> (Thumb, 0 bytes, Stack size 8 bytes, llshl.o(.text), UNUSED)

<P><STRONG><a name="[44]"></a>__aeabi_llsr</STRONG> (Thumb, 34 bytes, Stack size 8 bytes, llushr.o(.text))
<BR><BR>[Stack]<UL><LI>Max Depth = 8<LI>Call Chain = __aeabi_llsr
</UL>
<BR>[Called By]<UL><LI><a href="#[4c]">&gt;&gt;</a>&nbsp;&nbsp;&nbsp;_double_epilogue
<LI><a href="#[53]">&gt;&gt;</a>&nbsp;&nbsp;&nbsp;__aeabi_d2ulz
<LI><a href="#[43]">&gt;&gt;</a>&nbsp;&nbsp;&nbsp;__aeabi_uldivmod
</UL>

<P><STRONG><a name="[124]"></a>_ll_ushift_r</STRONG> (Thumb, 0 bytes, Stack size 8 bytes, llushr.o(.text), UNUSED)

<P><STRONG><a name="[4b]"></a>__aeabi_lasr</STRONG> (Thumb, 38 bytes, Stack size 8 bytes, llsshr.o(.text), UNUSED)
<BR><BR>[Called By]<UL><LI><a href="#[4a]">&gt;&gt;</a>&nbsp;&nbsp;&nbsp;__aeabi_dadd
</UL>

<P><STRONG><a name="[125]"></a>_ll_sshift_r</STRONG> (Thumb, 0 bytes, Stack size 8 bytes, llsshr.o(.text), UNUSED)

<P><STRONG><a name="[126]"></a>__I$use$fp</STRONG> (Thumb, 0 bytes, Stack size 8 bytes, iusefp.o(.text), UNUSED)

<P><STRONG><a name="[4d]"></a>_double_round</STRONG> (Thumb, 26 bytes, Stack size 8 bytes, depilogue.o(.text), UNUSED)
<BR><BR>[Called By]<UL><LI><a href="#[51]">&gt;&gt;</a>&nbsp;&nbsp;&nbsp;__aeabi_ddiv
<LI><a href="#[4a]">&gt;&gt;</a>&nbsp;&nbsp;&nbsp;__aeabi_dadd
<LI><a href="#[4c]">&gt;&gt;</a>&nbsp;&nbsp;&nbsp;_double_epilogue
</UL>

<P><STRONG><a name="[4c]"></a>_double_epilogue</STRONG> (Thumb, 164 bytes, Stack size 48 bytes, depilogue.o(.text), UNUSED)
<BR><BR>[Calls]<UL><LI><a href="#[52]">&gt;&gt;</a>&nbsp;&nbsp;&nbsp;__ARM_clz
<LI><a href="#[44]">&gt;&gt;</a>&nbsp;&nbsp;&nbsp;__aeabi_llsr
<LI><a href="#[45]">&gt;&gt;</a>&nbsp;&nbsp;&nbsp;__aeabi_llsl
<LI><a href="#[4d]">&gt;&gt;</a>&nbsp;&nbsp;&nbsp;_double_round
</UL>
<BR>[Called By]<UL><LI><a href="#[4a]">&gt;&gt;</a>&nbsp;&nbsp;&nbsp;__aeabi_dadd
<LI><a href="#[50]">&gt;&gt;</a>&nbsp;&nbsp;&nbsp;__aeabi_dmul
</UL>

<P><STRONG><a name="[53]"></a>__aeabi_d2ulz</STRONG> (Thumb, 54 bytes, Stack size 8 bytes, dfixul.o(.text), UNUSED)
<BR><BR>[Calls]<UL><LI><a href="#[44]">&gt;&gt;</a>&nbsp;&nbsp;&nbsp;__aeabi_llsr
<LI><a href="#[45]">&gt;&gt;</a>&nbsp;&nbsp;&nbsp;__aeabi_llsl
</UL>
<BR>[Called By]<UL><LI><a href="#[f8]">&gt;&gt;</a>&nbsp;&nbsp;&nbsp;_fp_digits
</UL>

<P><STRONG><a name="[f9]"></a>__aeabi_cdrcmple</STRONG> (Thumb, 38 bytes, Stack size 0 bytes, cdrcmple.o(.text), UNUSED)
<BR><BR>[Called By]<UL><LI><a href="#[f8]">&gt;&gt;</a>&nbsp;&nbsp;&nbsp;_fp_digits
</UL>

<P><STRONG><a name="[40]"></a>__scatterload</STRONG> (Thumb, 28 bytes, Stack size 0 bytes, init.o(.text))
<BR><BR>[Calls]<UL><LI><a href="#[54]">&gt;&gt;</a>&nbsp;&nbsp;&nbsp;__main_after_scatterload
</UL>
<BR>[Called By]<UL><LI><a href="#[3f]">&gt;&gt;</a>&nbsp;&nbsp;&nbsp;_main_scatterload
</UL>

<P><STRONG><a name="[127]"></a>__scatterload_rt2</STRONG> (Thumb, 0 bytes, Stack size 0 bytes, init.o(.text), UNUSED)

<P><STRONG><a name="[22]"></a>ATIM_IRQHandler</STRONG> (Thumb, 286 bytes, Stack size 0 bytes, time.o(i.ATIM_IRQHandler))
<BR>[Address Reference Count : 1]<UL><LI> startup_fm33lg0xx.o(RESET)
</UL>
<P><STRONG><a name="[55]"></a>ATIM_Init</STRONG> (Thumb, 20 bytes, Stack size 8 bytes, time.o(i.ATIM_Init))
<BR><BR>[Stack]<UL><LI>Max Depth = 56<LI>Call Chain = ATIM_Init &rArr; MF_ATIM_TimerBase_Init &rArr; FL_ATIM_Init
</UL>
<BR>[Calls]<UL><LI><a href="#[56]">&gt;&gt;</a>&nbsp;&nbsp;&nbsp;MF_ATIM_TimerBase_Init
<LI><a href="#[57]">&gt;&gt;</a>&nbsp;&nbsp;&nbsp;MF_ATIM_Interrupt_Init
<LI><a href="#[59]">&gt;&gt;</a>&nbsp;&nbsp;&nbsp;ATIM_Start
<LI><a href="#[58]">&gt;&gt;</a>&nbsp;&nbsp;&nbsp;ATIM_NVIC_Init
</UL>
<BR>[Called By]<UL><LI><a href="#[10b]">&gt;&gt;</a>&nbsp;&nbsp;&nbsp;test_Init
</UL>

<P><STRONG><a name="[58]"></a>ATIM_NVIC_Init</STRONG> (Thumb, 16 bytes, Stack size 8 bytes, time.o(i.ATIM_NVIC_Init))
<BR><BR>[Stack]<UL><LI>Max Depth = 32<LI>Call Chain = ATIM_NVIC_Init &rArr; FL_NVIC_Init &rArr; NVIC_SetPriority
</UL>
<BR>[Calls]<UL><LI><a href="#[5a]">&gt;&gt;</a>&nbsp;&nbsp;&nbsp;FL_NVIC_Init
</UL>
<BR>[Called By]<UL><LI><a href="#[55]">&gt;&gt;</a>&nbsp;&nbsp;&nbsp;ATIM_Init
</UL>

<P><STRONG><a name="[59]"></a>ATIM_Start</STRONG> (Thumb, 18 bytes, Stack size 0 bytes, time.o(i.ATIM_Start))
<BR><BR>[Called By]<UL><LI><a href="#[55]">&gt;&gt;</a>&nbsp;&nbsp;&nbsp;ATIM_Init
</UL>

<P><STRONG><a name="[d6]"></a>CRC16_XMODEM</STRONG> (Thumb, 66 bytes, Stack size 16 bytes, crc.o(i.CRC16_XMODEM))
<BR><BR>[Stack]<UL><LI>Max Depth = 16<LI>Call Chain = CRC16_XMODEM
</UL>
<BR>[Called By]<UL><LI><a href="#[d8]">&gt;&gt;</a>&nbsp;&nbsp;&nbsp;TONGXIN_xieyijiexi
<LI><a href="#[9b]">&gt;&gt;</a>&nbsp;&nbsp;&nbsp;TONGXIN_xieyifasong
</UL>

<P><STRONG><a name="[5b]"></a>CheckZDCurrent</STRONG> (Thumb, 156 bytes, Stack size 24 bytes, zdina219.o(i.CheckZDCurrent))
<BR><BR>[Stack]<UL><LI>Max Depth = 140<LI>Call Chain = CheckZDCurrent &rArr; ReadZD_Current &rArr; ZDINA219_IIC_SendBytes &rArr; ZDINA219_IIC_SendByte &rArr; ZDINA219_SDA_OUT_Dir_CTL &rArr; FL_GPIO_Init &rArr; FL_GPIO_SetPinMode
</UL>
<BR>[Calls]<UL><LI><a href="#[5d]">&gt;&gt;</a>&nbsp;&nbsp;&nbsp;FL_DelayMs
<LI><a href="#[41]">&gt;&gt;</a>&nbsp;&nbsp;&nbsp;__aeabi_idivmod
<LI><a href="#[5c]">&gt;&gt;</a>&nbsp;&nbsp;&nbsp;ReadZD_Current
</UL>
<BR>[Called By]<UL><LI><a href="#[66]">&gt;&gt;</a>&nbsp;&nbsp;&nbsp;Current_CHK_Func
</UL>

<P><STRONG><a name="[5e]"></a>Current_CHK_CTRL_OFF</STRONG> (Thumb, 12 bytes, Stack size 8 bytes, gpio.o(i.Current_CHK_CTRL_OFF))
<BR><BR>[Stack]<UL><LI>Max Depth = 8<LI>Call Chain = Current_CHK_CTRL_OFF
</UL>
<BR>[Calls]<UL><LI><a href="#[5f]">&gt;&gt;</a>&nbsp;&nbsp;&nbsp;FL_GPIO_SetOutputPin
</UL>
<BR>[Called By]<UL><LI><a href="#[b9]">&gt;&gt;</a>&nbsp;&nbsp;&nbsp;Others_GPIO_Init
<LI><a href="#[60]">&gt;&gt;</a>&nbsp;&nbsp;&nbsp;Current_CHK_CTRL_OFF_l
</UL>

<P><STRONG><a name="[60]"></a>Current_CHK_CTRL_OFF_l</STRONG> (Thumb, 34 bytes, Stack size 8 bytes, zdina219.o(i.Current_CHK_CTRL_OFF_l))
<BR><BR>[Stack]<UL><LI>Max Depth = 16<LI>Call Chain = Current_CHK_CTRL_OFF_l &rArr; NB_Current_CHK_CTRL_OFF
</UL>
<BR>[Calls]<UL><LI><a href="#[61]">&gt;&gt;</a>&nbsp;&nbsp;&nbsp;NB_Current_CHK_CTRL_OFF
<LI><a href="#[5e]">&gt;&gt;</a>&nbsp;&nbsp;&nbsp;Current_CHK_CTRL_OFF
</UL>
<BR>[Called By]<UL><LI><a href="#[66]">&gt;&gt;</a>&nbsp;&nbsp;&nbsp;Current_CHK_Func
</UL>

<P><STRONG><a name="[62]"></a>Current_CHK_CTRL_ON</STRONG> (Thumb, 12 bytes, Stack size 8 bytes, gpio.o(i.Current_CHK_CTRL_ON))
<BR><BR>[Stack]<UL><LI>Max Depth = 8<LI>Call Chain = Current_CHK_CTRL_ON
</UL>
<BR>[Calls]<UL><LI><a href="#[63]">&gt;&gt;</a>&nbsp;&nbsp;&nbsp;FL_GPIO_ResetOutputPin
</UL>
<BR>[Called By]<UL><LI><a href="#[64]">&gt;&gt;</a>&nbsp;&nbsp;&nbsp;Current_CHK_CTRL_ON_l
</UL>

<P><STRONG><a name="[64]"></a>Current_CHK_CTRL_ON_l</STRONG> (Thumb, 34 bytes, Stack size 8 bytes, zdina219.o(i.Current_CHK_CTRL_ON_l))
<BR><BR>[Stack]<UL><LI>Max Depth = 16<LI>Call Chain = Current_CHK_CTRL_ON_l &rArr; NB_Current_CHK_CTRL_ON
</UL>
<BR>[Calls]<UL><LI><a href="#[65]">&gt;&gt;</a>&nbsp;&nbsp;&nbsp;NB_Current_CHK_CTRL_ON
<LI><a href="#[62]">&gt;&gt;</a>&nbsp;&nbsp;&nbsp;Current_CHK_CTRL_ON
</UL>
<BR>[Called By]<UL><LI><a href="#[66]">&gt;&gt;</a>&nbsp;&nbsp;&nbsp;Current_CHK_Func
</UL>

<P><STRONG><a name="[66]"></a>Current_CHK_Func</STRONG> (Thumb, 38 bytes, Stack size 16 bytes, zdina219.o(i.Current_CHK_Func))
<BR><BR>[Stack]<UL><LI>Max Depth = 156<LI>Call Chain = Current_CHK_Func &rArr; CheckZDCurrent &rArr; ReadZD_Current &rArr; ZDINA219_IIC_SendBytes &rArr; ZDINA219_IIC_SendByte &rArr; ZDINA219_SDA_OUT_Dir_CTL &rArr; FL_GPIO_Init &rArr; FL_GPIO_SetPinMode
</UL>
<BR>[Calls]<UL><LI><a href="#[64]">&gt;&gt;</a>&nbsp;&nbsp;&nbsp;Current_CHK_CTRL_ON_l
<LI><a href="#[60]">&gt;&gt;</a>&nbsp;&nbsp;&nbsp;Current_CHK_CTRL_OFF_l
<LI><a href="#[5b]">&gt;&gt;</a>&nbsp;&nbsp;&nbsp;CheckZDCurrent
</UL>
<BR>[Called By]<UL><LI><a href="#[10c]">&gt;&gt;</a>&nbsp;&nbsp;&nbsp;test_Loop_Func
</UL>

<P><STRONG><a name="[67]"></a>DeBug_print</STRONG> (Thumb, 62 bytes, Stack size 232 bytes, uart0.o(i.DeBug_print))
<BR><BR>[Stack]<UL><LI>Max Depth = 316<LI>Call Chain = DeBug_print &rArr; Uart0_Tx_Send &rArr; UART_TX_state_change &rArr; FL_GPIO_Init &rArr; FL_GPIO_SetPinMode
</UL>
<BR>[Calls]<UL><LI><a href="#[69]">&gt;&gt;</a>&nbsp;&nbsp;&nbsp;Uart0_Tx_Send
<LI><a href="#[68]">&gt;&gt;</a>&nbsp;&nbsp;&nbsp;__c89vsnprintf
</UL>
<BR>[Called By]<UL><LI><a href="#[10c]">&gt;&gt;</a>&nbsp;&nbsp;&nbsp;test_Loop_Func
</UL>

<P><STRONG><a name="[6a]"></a>FL_ADC_CommonInit</STRONG> (Thumb, 386 bytes, Stack size 16 bytes, fm33lg0xx_fl_adc.o(i.FL_ADC_CommonInit))
<BR><BR>[Stack]<UL><LI>Max Depth = 16<LI>Call Chain = FL_ADC_CommonInit
</UL>
<BR>[Calls]<UL><LI><a href="#[6b]">&gt;&gt;</a>&nbsp;&nbsp;&nbsp;FL_ADC_SetClockSource
</UL>
<BR>[Called By]<UL><LI><a href="#[a3]">&gt;&gt;</a>&nbsp;&nbsp;&nbsp;MF_ADC_Common_Init
</UL>

<P><STRONG><a name="[6c]"></a>FL_ADC_Init</STRONG> (Thumb, 890 bytes, Stack size 24 bytes, fm33lg0xx_fl_adc.o(i.FL_ADC_Init))
<BR><BR>[Stack]<UL><LI>Max Depth = 24<LI>Call Chain = FL_ADC_Init
</UL>
<BR>[Calls]<UL><LI><a href="#[6e]">&gt;&gt;</a>&nbsp;&nbsp;&nbsp;FL_ADC_DisableOverSampling
<LI><a href="#[6d]">&gt;&gt;</a>&nbsp;&nbsp;&nbsp;FL_ADC_Disable
</UL>
<BR>[Called By]<UL><LI><a href="#[a5]">&gt;&gt;</a>&nbsp;&nbsp;&nbsp;MF_ADC_Init
</UL>

<P><STRONG><a name="[6f]"></a>FL_ATIM_Init</STRONG> (Thumb, 400 bytes, Stack size 16 bytes, fm33lg0xx_fl_atim.o(i.FL_ATIM_Init))
<BR><BR>[Stack]<UL><LI>Max Depth = 16<LI>Call Chain = FL_ATIM_Init
</UL>
<BR>[Calls]<UL><LI><a href="#[70]">&gt;&gt;</a>&nbsp;&nbsp;&nbsp;FL_CMU_EnableGroup4BusClock
<LI><a href="#[71]">&gt;&gt;</a>&nbsp;&nbsp;&nbsp;FL_CMU_EnableGroup3OperationClock
<LI><a href="#[72]">&gt;&gt;</a>&nbsp;&nbsp;&nbsp;FL_ATIM_SetCounterDirection
<LI><a href="#[73]">&gt;&gt;</a>&nbsp;&nbsp;&nbsp;FL_ATIM_SetCounterAlignedMode
<LI><a href="#[75]">&gt;&gt;</a>&nbsp;&nbsp;&nbsp;FL_ATIM_IsActiveFlag_Update
<LI><a href="#[74]">&gt;&gt;</a>&nbsp;&nbsp;&nbsp;FL_ATIM_GenerateUpdateEvent
</UL>
<BR>[Called By]<UL><LI><a href="#[56]">&gt;&gt;</a>&nbsp;&nbsp;&nbsp;MF_ATIM_TimerBase_Init
</UL>

<P><STRONG><a name="[76]"></a>FL_CMU_GetAHBClockFreq</STRONG> (Thumb, 114 bytes, Stack size 8 bytes, fm33lg0xx_fl_cmu.o(i.FL_CMU_GetAHBClockFreq))
<BR><BR>[Stack]<UL><LI>Max Depth = 44<LI>Call Chain = FL_CMU_GetAHBClockFreq &rArr; FL_CMU_GetSystemClockFreq &rArr; FL_CMU_GetPLLClockFreq &rArr; __aeabi_uidivmod
</UL>
<BR>[Calls]<UL><LI><a href="#[77]">&gt;&gt;</a>&nbsp;&nbsp;&nbsp;FL_CMU_GetSystemClockFreq
</UL>
<BR>[Called By]<UL><LI><a href="#[78]">&gt;&gt;</a>&nbsp;&nbsp;&nbsp;FL_CMU_GetAPBClockFreq
</UL>

<P><STRONG><a name="[78]"></a>FL_CMU_GetAPBClockFreq</STRONG> (Thumb, 114 bytes, Stack size 8 bytes, fm33lg0xx_fl_cmu.o(i.FL_CMU_GetAPBClockFreq))
<BR><BR>[Stack]<UL><LI>Max Depth = 52<LI>Call Chain = FL_CMU_GetAPBClockFreq &rArr; FL_CMU_GetAHBClockFreq &rArr; FL_CMU_GetSystemClockFreq &rArr; FL_CMU_GetPLLClockFreq &rArr; __aeabi_uidivmod
</UL>
<BR>[Calls]<UL><LI><a href="#[76]">&gt;&gt;</a>&nbsp;&nbsp;&nbsp;FL_CMU_GetAHBClockFreq
</UL>
<BR>[Called By]<UL><LI><a href="#[8b]">&gt;&gt;</a>&nbsp;&nbsp;&nbsp;FL_UART_Init
</UL>

<P><STRONG><a name="[79]"></a>FL_CMU_GetPLLClockFreq</STRONG> (Thumb, 162 bytes, Stack size 16 bytes, fm33lg0xx_fl_cmu.o(i.FL_CMU_GetPLLClockFreq))
<BR><BR>[Stack]<UL><LI>Max Depth = 28<LI>Call Chain = FL_CMU_GetPLLClockFreq &rArr; __aeabi_uidivmod
</UL>
<BR>[Calls]<UL><LI><a href="#[7b]">&gt;&gt;</a>&nbsp;&nbsp;&nbsp;__ARM_common_switch8
<LI><a href="#[7a]">&gt;&gt;</a>&nbsp;&nbsp;&nbsp;FL_CMU_GetRCHFClockFreq
<LI><a href="#[42]">&gt;&gt;</a>&nbsp;&nbsp;&nbsp;__aeabi_uidivmod
</UL>
<BR>[Called By]<UL><LI><a href="#[77]">&gt;&gt;</a>&nbsp;&nbsp;&nbsp;FL_CMU_GetSystemClockFreq
</UL>

<P><STRONG><a name="[7a]"></a>FL_CMU_GetRCHFClockFreq</STRONG> (Thumb, 60 bytes, Stack size 0 bytes, fm33lg0xx_fl_cmu.o(i.FL_CMU_GetRCHFClockFreq))
<BR><BR>[Called By]<UL><LI><a href="#[77]">&gt;&gt;</a>&nbsp;&nbsp;&nbsp;FL_CMU_GetSystemClockFreq
<LI><a href="#[79]">&gt;&gt;</a>&nbsp;&nbsp;&nbsp;FL_CMU_GetPLLClockFreq
<LI><a href="#[8b]">&gt;&gt;</a>&nbsp;&nbsp;&nbsp;FL_UART_Init
</UL>

<P><STRONG><a name="[7c]"></a>FL_CMU_GetRCLFClockFreq</STRONG> (Thumb, 70 bytes, Stack size 0 bytes, fm33lg0xx_fl_cmu.o(i.FL_CMU_GetRCLFClockFreq))
<BR><BR>[Called By]<UL><LI><a href="#[77]">&gt;&gt;</a>&nbsp;&nbsp;&nbsp;FL_CMU_GetSystemClockFreq
</UL>

<P><STRONG><a name="[77]"></a>FL_CMU_GetSystemClockFreq</STRONG> (Thumb, 86 bytes, Stack size 8 bytes, fm33lg0xx_fl_cmu.o(i.FL_CMU_GetSystemClockFreq))
<BR><BR>[Stack]<UL><LI>Max Depth = 36<LI>Call Chain = FL_CMU_GetSystemClockFreq &rArr; FL_CMU_GetPLLClockFreq &rArr; __aeabi_uidivmod
</UL>
<BR>[Calls]<UL><LI><a href="#[7b]">&gt;&gt;</a>&nbsp;&nbsp;&nbsp;__ARM_common_switch8
<LI><a href="#[7c]">&gt;&gt;</a>&nbsp;&nbsp;&nbsp;FL_CMU_GetRCLFClockFreq
<LI><a href="#[7a]">&gt;&gt;</a>&nbsp;&nbsp;&nbsp;FL_CMU_GetRCHFClockFreq
<LI><a href="#[79]">&gt;&gt;</a>&nbsp;&nbsp;&nbsp;FL_CMU_GetPLLClockFreq
</UL>
<BR>[Called By]<UL><LI><a href="#[76]">&gt;&gt;</a>&nbsp;&nbsp;&nbsp;FL_CMU_GetAHBClockFreq
<LI><a href="#[8b]">&gt;&gt;</a>&nbsp;&nbsp;&nbsp;FL_UART_Init
</UL>

<P><STRONG><a name="[89]"></a>FL_DelayInit</STRONG> (Thumb, 26 bytes, Stack size 0 bytes, fm33lg0xx_fl.o(i.FL_DelayInit))
<BR><BR>[Called By]<UL><LI><a href="#[88]">&gt;&gt;</a>&nbsp;&nbsp;&nbsp;FL_Init
</UL>

<P><STRONG><a name="[5d]"></a>FL_DelayMs</STRONG> (Thumb, 46 bytes, Stack size 16 bytes, fm33lg0xx_fl.o(i.FL_DelayMs))
<BR><BR>[Stack]<UL><LI>Max Depth = 36<LI>Call Chain = FL_DelayMs &rArr; FL_DelayUs &rArr; __aeabi_uidivmod
</UL>
<BR>[Calls]<UL><LI><a href="#[7d]">&gt;&gt;</a>&nbsp;&nbsp;&nbsp;FL_DelayUs
</UL>
<BR>[Called By]<UL><LI><a href="#[10c]">&gt;&gt;</a>&nbsp;&nbsp;&nbsp;test_Loop_Func
<LI><a href="#[ea]">&gt;&gt;</a>&nbsp;&nbsp;&nbsp;Uart0_Rx_rec
<LI><a href="#[69]">&gt;&gt;</a>&nbsp;&nbsp;&nbsp;Uart0_Tx_Send
<LI><a href="#[5c]">&gt;&gt;</a>&nbsp;&nbsp;&nbsp;ReadZD_Current
<LI><a href="#[5b]">&gt;&gt;</a>&nbsp;&nbsp;&nbsp;CheckZDCurrent
</UL>

<P><STRONG><a name="[7d]"></a>FL_DelayUs</STRONG> (Thumb, 56 bytes, Stack size 8 bytes, fm33lg0xx_fl.o(i.FL_DelayUs))
<BR><BR>[Stack]<UL><LI>Max Depth = 20<LI>Call Chain = FL_DelayUs &rArr; __aeabi_uidivmod
</UL>
<BR>[Calls]<UL><LI><a href="#[42]">&gt;&gt;</a>&nbsp;&nbsp;&nbsp;__aeabi_uidivmod
</UL>
<BR>[Called By]<UL><LI><a href="#[5d]">&gt;&gt;</a>&nbsp;&nbsp;&nbsp;FL_DelayMs
</UL>

<P><STRONG><a name="[ac]"></a>FL_EXTI_CommonInit</STRONG> (Thumb, 92 bytes, Stack size 0 bytes, fm33lg0xx_fl_exti.o(i.FL_EXTI_CommonInit))
<BR><BR>[Called By]<UL><LI><a href="#[a9]">&gt;&gt;</a>&nbsp;&nbsp;&nbsp;MF_EXTI_Common_Init
</UL>

<P><STRONG><a name="[7e]"></a>FL_EXTI_Init</STRONG> (Thumb, 424 bytes, Stack size 32 bytes, fm33lg0xx_fl_exti.o(i.FL_EXTI_Init))
<BR><BR>[Stack]<UL><LI>Max Depth = 44<LI>Call Chain = FL_EXTI_Init &rArr; __aeabi_uidivmod
</UL>
<BR>[Calls]<UL><LI><a href="#[7f]">&gt;&gt;</a>&nbsp;&nbsp;&nbsp;FL_GPIO_DisableDigitalFilter
<LI><a href="#[80]">&gt;&gt;</a>&nbsp;&nbsp;&nbsp;FL_GPIO_ClearFlag_EXTI
<LI><a href="#[42]">&gt;&gt;</a>&nbsp;&nbsp;&nbsp;__aeabi_uidivmod
</UL>
<BR>[Called By]<UL><LI><a href="#[aa]">&gt;&gt;</a>&nbsp;&nbsp;&nbsp;MF_EXTI_Line13_Init
</UL>

<P><STRONG><a name="[81]"></a>FL_GPIO_Init</STRONG> (Thumb, 470 bytes, Stack size 24 bytes, fm33lg0xx_fl_gpio.o(i.FL_GPIO_Init))
<BR><BR>[Stack]<UL><LI>Max Depth = 36<LI>Call Chain = FL_GPIO_Init &rArr; FL_GPIO_SetPinMode
</UL>
<BR>[Calls]<UL><LI><a href="#[87]">&gt;&gt;</a>&nbsp;&nbsp;&nbsp;FL_GPIO_SetPinMode
<LI><a href="#[86]">&gt;&gt;</a>&nbsp;&nbsp;&nbsp;FL_GPIO_DisablePinRemap
<LI><a href="#[83]">&gt;&gt;</a>&nbsp;&nbsp;&nbsp;FL_GPIO_DisablePinPullup
<LI><a href="#[84]">&gt;&gt;</a>&nbsp;&nbsp;&nbsp;FL_GPIO_DisablePinOpenDrain
<LI><a href="#[82]">&gt;&gt;</a>&nbsp;&nbsp;&nbsp;FL_GPIO_DisablePinInput
<LI><a href="#[85]">&gt;&gt;</a>&nbsp;&nbsp;&nbsp;FL_GPIO_DisablePinAnalogSwitch
</UL>
<BR>[Called By]<UL><LI><a href="#[b9]">&gt;&gt;</a>&nbsp;&nbsp;&nbsp;Others_GPIO_Init
<LI><a href="#[9d]">&gt;&gt;</a>&nbsp;&nbsp;&nbsp;INA219_IIC_GPIO_Init
<LI><a href="#[a5]">&gt;&gt;</a>&nbsp;&nbsp;&nbsp;MF_ADC_Init
<LI><a href="#[b6]">&gt;&gt;</a>&nbsp;&nbsp;&nbsp;MF_UART4_Init
<LI><a href="#[b3]">&gt;&gt;</a>&nbsp;&nbsp;&nbsp;MF_UART3_Init
<LI><a href="#[b0]">&gt;&gt;</a>&nbsp;&nbsp;&nbsp;MF_UART1_Init
<LI><a href="#[e9]">&gt;&gt;</a>&nbsp;&nbsp;&nbsp;UART_TX_state_change
<LI><a href="#[ad]">&gt;&gt;</a>&nbsp;&nbsp;&nbsp;MF_UART0_Init
<LI><a href="#[aa]">&gt;&gt;</a>&nbsp;&nbsp;&nbsp;MF_EXTI_Line13_Init
<LI><a href="#[ef]">&gt;&gt;</a>&nbsp;&nbsp;&nbsp;ZDINA219_SDA_OUT_Dir_CTL
</UL>

<P><STRONG><a name="[88]"></a>FL_Init</STRONG> (Thumb, 8 bytes, Stack size 8 bytes, fm33lg0xx_fl.o(i.FL_Init))
<BR><BR>[Stack]<UL><LI>Max Depth = 8<LI>Call Chain = FL_Init
</UL>
<BR>[Calls]<UL><LI><a href="#[89]">&gt;&gt;</a>&nbsp;&nbsp;&nbsp;FL_DelayInit
</UL>
<BR>[Called By]<UL><LI><a href="#[26]">&gt;&gt;</a>&nbsp;&nbsp;&nbsp;main
</UL>

<P><STRONG><a name="[5a]"></a>FL_NVIC_Init</STRONG> (Thumb, 68 bytes, Stack size 16 bytes, fm33lg0xx_fl.o(i.FL_NVIC_Init))
<BR><BR>[Stack]<UL><LI>Max Depth = 24<LI>Call Chain = FL_NVIC_Init &rArr; NVIC_SetPriority
</UL>
<BR>[Calls]<UL><LI><a href="#[8a]">&gt;&gt;</a>&nbsp;&nbsp;&nbsp;NVIC_SetPriority
</UL>
<BR>[Called By]<UL><LI><a href="#[e7]">&gt;&gt;</a>&nbsp;&nbsp;&nbsp;UART4_MF_NVIC_Init
<LI><a href="#[e3]">&gt;&gt;</a>&nbsp;&nbsp;&nbsp;UART3_MF_NVIC_Init
<LI><a href="#[df]">&gt;&gt;</a>&nbsp;&nbsp;&nbsp;UART1_MF_NVIC_Init
<LI><a href="#[db]">&gt;&gt;</a>&nbsp;&nbsp;&nbsp;UART0_MF_NVIC_Init
<LI><a href="#[58]">&gt;&gt;</a>&nbsp;&nbsp;&nbsp;ATIM_NVIC_Init
<LI><a href="#[ab]">&gt;&gt;</a>&nbsp;&nbsp;&nbsp;MF_NVIC_Init
</UL>

<P><STRONG><a name="[8b]"></a>FL_UART_Init</STRONG> (Thumb, 712 bytes, Stack size 24 bytes, fm33lg0xx_fl_uart.o(i.FL_UART_Init))
<BR><BR>[Stack]<UL><LI>Max Depth = 76<LI>Call Chain = FL_UART_Init &rArr; FL_CMU_GetAPBClockFreq &rArr; FL_CMU_GetAHBClockFreq &rArr; FL_CMU_GetSystemClockFreq &rArr; FL_CMU_GetPLLClockFreq &rArr; __aeabi_uidivmod
</UL>
<BR>[Calls]<UL><LI><a href="#[77]">&gt;&gt;</a>&nbsp;&nbsp;&nbsp;FL_CMU_GetSystemClockFreq
<LI><a href="#[7a]">&gt;&gt;</a>&nbsp;&nbsp;&nbsp;FL_CMU_GetRCHFClockFreq
<LI><a href="#[78]">&gt;&gt;</a>&nbsp;&nbsp;&nbsp;FL_CMU_GetAPBClockFreq
<LI><a href="#[8d]">&gt;&gt;</a>&nbsp;&nbsp;&nbsp;FL_CMU_EnableGroup3OperationClock
<LI><a href="#[8c]">&gt;&gt;</a>&nbsp;&nbsp;&nbsp;FL_CMU_EnableGroup3BusClock
<LI><a href="#[42]">&gt;&gt;</a>&nbsp;&nbsp;&nbsp;__aeabi_uidivmod
</UL>
<BR>[Called By]<UL><LI><a href="#[b6]">&gt;&gt;</a>&nbsp;&nbsp;&nbsp;MF_UART4_Init
<LI><a href="#[b3]">&gt;&gt;</a>&nbsp;&nbsp;&nbsp;MF_UART3_Init
<LI><a href="#[b0]">&gt;&gt;</a>&nbsp;&nbsp;&nbsp;MF_UART1_Init
<LI><a href="#[ad]">&gt;&gt;</a>&nbsp;&nbsp;&nbsp;MF_UART0_Init
</UL>

<P><STRONG><a name="[24]"></a>GPIO_IRQHandler</STRONG> (Thumb, 40 bytes, Stack size 0 bytes, exti.o(i.GPIO_IRQHandler))
<BR>[Address Reference Count : 1]<UL><LI> startup_fm33lg0xx.o(RESET)
</UL>
<P><STRONG><a name="[97]"></a>GetSingleChannelVoltage_POLL</STRONG> (Thumb, 110 bytes, Stack size 64 bytes, adc_chk.o(i.GetSingleChannelVoltage_POLL))
<BR><BR>[Stack]<UL><LI>Max Depth = 136<LI>Call Chain = GetSingleChannelVoltage_POLL &rArr; __aeabi_lmul &rArr; __aeabi_llsl
</UL>
<BR>[Calls]<UL><LI><a href="#[99]">&gt;&gt;</a>&nbsp;&nbsp;&nbsp;__ARM_common_ll_muluu
<LI><a href="#[98]">&gt;&gt;</a>&nbsp;&nbsp;&nbsp;GetVREF1P2Sample_POLL
<LI><a href="#[8e]">&gt;&gt;</a>&nbsp;&nbsp;&nbsp;GetSingleChannelSample_POLL
<LI><a href="#[46]">&gt;&gt;</a>&nbsp;&nbsp;&nbsp;__aeabi_lmul
<LI><a href="#[43]">&gt;&gt;</a>&nbsp;&nbsp;&nbsp;__aeabi_uldivmod
</UL>
<BR>[Called By]<UL><LI><a href="#[103]">&gt;&gt;</a>&nbsp;&nbsp;&nbsp;get_zhukongban_gongdian_dianya
<LI><a href="#[102]">&gt;&gt;</a>&nbsp;&nbsp;&nbsp;get_famen_2_dianya
<LI><a href="#[101]">&gt;&gt;</a>&nbsp;&nbsp;&nbsp;get_famen_1_dianya
</UL>

<P><STRONG><a name="[9a]"></a>Get_Famen_Status</STRONG> (Thumb, 20 bytes, Stack size 8 bytes, tongxin_xieyi_ctrl.o(i.Get_Famen_Status))
<BR><BR>[Stack]<UL><LI>Max Depth = 164<LI>Call Chain = Get_Famen_Status &rArr; TONGXIN_xieyifasong &rArr; Uart1_Tx_Send_ok &rArr; PC_Chuankou_tongxin_Debug_send &rArr; Uart0_Tx_Send &rArr; UART_TX_state_change &rArr; FL_GPIO_Init &rArr; FL_GPIO_SetPinMode
</UL>
<BR>[Calls]<UL><LI><a href="#[9b]">&gt;&gt;</a>&nbsp;&nbsp;&nbsp;TONGXIN_xieyifasong
</UL>
<BR>[Called By]<UL><LI><a href="#[10c]">&gt;&gt;</a>&nbsp;&nbsp;&nbsp;test_Loop_Func
</UL>

<P><STRONG><a name="[9c]"></a>Get_yali_Status</STRONG> (Thumb, 20 bytes, Stack size 8 bytes, tongxin_xieyi_ctrl.o(i.Get_yali_Status))
<BR><BR>[Stack]<UL><LI>Max Depth = 164<LI>Call Chain = Get_yali_Status &rArr; TONGXIN_xieyifasong &rArr; Uart1_Tx_Send_ok &rArr; PC_Chuankou_tongxin_Debug_send &rArr; Uart0_Tx_Send &rArr; UART_TX_state_change &rArr; FL_GPIO_Init &rArr; FL_GPIO_SetPinMode
</UL>
<BR>[Calls]<UL><LI><a href="#[9b]">&gt;&gt;</a>&nbsp;&nbsp;&nbsp;TONGXIN_xieyifasong
</UL>
<BR>[Called By]<UL><LI><a href="#[10c]">&gt;&gt;</a>&nbsp;&nbsp;&nbsp;test_Loop_Func
</UL>

<P><STRONG><a name="[9d]"></a>INA219_IIC_GPIO_Init</STRONG> (Thumb, 134 bytes, Stack size 32 bytes, zdina219.o(i.INA219_IIC_GPIO_Init))
<BR><BR>[Stack]<UL><LI>Max Depth = 68<LI>Call Chain = INA219_IIC_GPIO_Init &rArr; FL_GPIO_Init &rArr; FL_GPIO_SetPinMode
</UL>
<BR>[Calls]<UL><LI><a href="#[81]">&gt;&gt;</a>&nbsp;&nbsp;&nbsp;FL_GPIO_Init
<LI><a href="#[9e]">&gt;&gt;</a>&nbsp;&nbsp;&nbsp;FL_GPIO_SetOutputPin
</UL>
<BR>[Called By]<UL><LI><a href="#[b9]">&gt;&gt;</a>&nbsp;&nbsp;&nbsp;Others_GPIO_Init
</UL>

<P><STRONG><a name="[9f]"></a>LED_FLAG_LOOP</STRONG> (Thumb, 36 bytes, Stack size 8 bytes, led_ctrl.o(i.LED_FLAG_LOOP))
<BR><BR>[Stack]<UL><LI>Max Depth = 16<LI>Call Chain = LED_FLAG_LOOP &rArr; LED_Off
</UL>
<BR>[Calls]<UL><LI><a href="#[a0]">&gt;&gt;</a>&nbsp;&nbsp;&nbsp;LED_Off
</UL>
<BR>[Called By]<UL><LI><a href="#[26]">&gt;&gt;</a>&nbsp;&nbsp;&nbsp;main
</UL>

<P><STRONG><a name="[a1]"></a>LED_FLAG_Run</STRONG> (Thumb, 20 bytes, Stack size 8 bytes, led_ctrl.o(i.LED_FLAG_Run))
<BR><BR>[Stack]<UL><LI>Max Depth = 16<LI>Call Chain = LED_FLAG_Run &rArr; LED_On
</UL>
<BR>[Calls]<UL><LI><a href="#[a2]">&gt;&gt;</a>&nbsp;&nbsp;&nbsp;LED_On
</UL>
<BR>[Called By]<UL><LI><a href="#[10f]">&gt;&gt;</a>&nbsp;&nbsp;&nbsp;test_start_Init
<LI><a href="#[ec]">&gt;&gt;</a>&nbsp;&nbsp;&nbsp;Uart1_Rx_rec
<LI><a href="#[ea]">&gt;&gt;</a>&nbsp;&nbsp;&nbsp;Uart0_Rx_rec
</UL>

<P><STRONG><a name="[a0]"></a>LED_Off</STRONG> (Thumb, 12 bytes, Stack size 8 bytes, gpio.o(i.LED_Off))
<BR><BR>[Stack]<UL><LI>Max Depth = 8<LI>Call Chain = LED_Off
</UL>
<BR>[Calls]<UL><LI><a href="#[5f]">&gt;&gt;</a>&nbsp;&nbsp;&nbsp;FL_GPIO_SetOutputPin
</UL>
<BR>[Called By]<UL><LI><a href="#[b9]">&gt;&gt;</a>&nbsp;&nbsp;&nbsp;Others_GPIO_Init
<LI><a href="#[9f]">&gt;&gt;</a>&nbsp;&nbsp;&nbsp;LED_FLAG_LOOP
</UL>

<P><STRONG><a name="[a2]"></a>LED_On</STRONG> (Thumb, 12 bytes, Stack size 8 bytes, gpio.o(i.LED_On))
<BR><BR>[Stack]<UL><LI>Max Depth = 8<LI>Call Chain = LED_On
</UL>
<BR>[Calls]<UL><LI><a href="#[63]">&gt;&gt;</a>&nbsp;&nbsp;&nbsp;FL_GPIO_ResetOutputPin
</UL>
<BR>[Called By]<UL><LI><a href="#[a1]">&gt;&gt;</a>&nbsp;&nbsp;&nbsp;LED_FLAG_Run
</UL>

<P><STRONG><a name="[a4]"></a>MF_ADC_Config_Init</STRONG> (Thumb, 12 bytes, Stack size 8 bytes, adc_chk.o(i.MF_ADC_Config_Init))
<BR><BR>[Stack]<UL><LI>Max Depth = 116<LI>Call Chain = MF_ADC_Config_Init &rArr; MF_ADC_Init &rArr; FL_GPIO_Init &rArr; FL_GPIO_SetPinMode
</UL>
<BR>[Calls]<UL><LI><a href="#[a5]">&gt;&gt;</a>&nbsp;&nbsp;&nbsp;MF_ADC_Init
<LI><a href="#[a3]">&gt;&gt;</a>&nbsp;&nbsp;&nbsp;MF_ADC_Common_Init
</UL>
<BR>[Called By]<UL><LI><a href="#[10b]">&gt;&gt;</a>&nbsp;&nbsp;&nbsp;test_Init
</UL>

<P><STRONG><a name="[57]"></a>MF_ATIM_Interrupt_Init</STRONG> (Thumb, 28 bytes, Stack size 0 bytes, time.o(i.MF_ATIM_Interrupt_Init))
<BR><BR>[Called By]<UL><LI><a href="#[55]">&gt;&gt;</a>&nbsp;&nbsp;&nbsp;ATIM_Init
</UL>

<P><STRONG><a name="[56]"></a>MF_ATIM_TimerBase_Init</STRONG> (Thumb, 40 bytes, Stack size 32 bytes, time.o(i.MF_ATIM_TimerBase_Init))
<BR><BR>[Stack]<UL><LI>Max Depth = 48<LI>Call Chain = MF_ATIM_TimerBase_Init &rArr; FL_ATIM_Init
</UL>
<BR>[Calls]<UL><LI><a href="#[6f]">&gt;&gt;</a>&nbsp;&nbsp;&nbsp;FL_ATIM_Init
</UL>
<BR>[Called By]<UL><LI><a href="#[55]">&gt;&gt;</a>&nbsp;&nbsp;&nbsp;ATIM_Init
</UL>

<P><STRONG><a name="[a6]"></a>MF_Clock_Init</STRONG> (Thumb, 122 bytes, Stack size 8 bytes, mf_config.o(i.MF_Clock_Init))
<BR><BR>[Stack]<UL><LI>Max Depth = 36<LI>Call Chain = MF_Clock_Init &rArr; SystemCoreClockUpdate &rArr; SystemPLLClockUpdate &rArr; __aeabi_uidivmod
</UL>
<BR>[Calls]<UL><LI><a href="#[a7]">&gt;&gt;</a>&nbsp;&nbsp;&nbsp;SystemCoreClockUpdate
</UL>
<BR>[Called By]<UL><LI><a href="#[26]">&gt;&gt;</a>&nbsp;&nbsp;&nbsp;main
</UL>

<P><STRONG><a name="[a8]"></a>MF_Config_Init</STRONG> (Thumb, 16 bytes, Stack size 8 bytes, exti.o(i.MF_Config_Init))
<BR><BR>[Stack]<UL><LI>Max Depth = 92<LI>Call Chain = MF_Config_Init &rArr; MF_EXTI_Line13_Init &rArr; FL_EXTI_Init &rArr; __aeabi_uidivmod
</UL>
<BR>[Calls]<UL><LI><a href="#[ab]">&gt;&gt;</a>&nbsp;&nbsp;&nbsp;MF_NVIC_Init
<LI><a href="#[aa]">&gt;&gt;</a>&nbsp;&nbsp;&nbsp;MF_EXTI_Line13_Init
<LI><a href="#[a9]">&gt;&gt;</a>&nbsp;&nbsp;&nbsp;MF_EXTI_Common_Init
</UL>
<BR>[Called By]<UL><LI><a href="#[26]">&gt;&gt;</a>&nbsp;&nbsp;&nbsp;main
</UL>

<P><STRONG><a name="[a9]"></a>MF_EXTI_Common_Init</STRONG> (Thumb, 14 bytes, Stack size 8 bytes, exti.o(i.MF_EXTI_Common_Init))
<BR><BR>[Stack]<UL><LI>Max Depth = 8<LI>Call Chain = MF_EXTI_Common_Init
</UL>
<BR>[Calls]<UL><LI><a href="#[ac]">&gt;&gt;</a>&nbsp;&nbsp;&nbsp;FL_EXTI_CommonInit
</UL>
<BR>[Called By]<UL><LI><a href="#[a8]">&gt;&gt;</a>&nbsp;&nbsp;&nbsp;MF_Config_Init
</UL>

<P><STRONG><a name="[aa]"></a>MF_EXTI_Line13_Init</STRONG> (Thumb, 54 bytes, Stack size 40 bytes, exti.o(i.MF_EXTI_Line13_Init))
<BR><BR>[Stack]<UL><LI>Max Depth = 84<LI>Call Chain = MF_EXTI_Line13_Init &rArr; FL_EXTI_Init &rArr; __aeabi_uidivmod
</UL>
<BR>[Calls]<UL><LI><a href="#[81]">&gt;&gt;</a>&nbsp;&nbsp;&nbsp;FL_GPIO_Init
<LI><a href="#[7e]">&gt;&gt;</a>&nbsp;&nbsp;&nbsp;FL_EXTI_Init
</UL>
<BR>[Called By]<UL><LI><a href="#[a8]">&gt;&gt;</a>&nbsp;&nbsp;&nbsp;MF_Config_Init
</UL>

<P><STRONG><a name="[ab]"></a>MF_NVIC_Init</STRONG> (Thumb, 16 bytes, Stack size 8 bytes, exti.o(i.MF_NVIC_Init))
<BR><BR>[Stack]<UL><LI>Max Depth = 32<LI>Call Chain = MF_NVIC_Init &rArr; FL_NVIC_Init &rArr; NVIC_SetPriority
</UL>
<BR>[Calls]<UL><LI><a href="#[5a]">&gt;&gt;</a>&nbsp;&nbsp;&nbsp;FL_NVIC_Init
</UL>
<BR>[Called By]<UL><LI><a href="#[a8]">&gt;&gt;</a>&nbsp;&nbsp;&nbsp;MF_Config_Init
</UL>

<P><STRONG><a name="[ad]"></a>MF_UART0_Init</STRONG> (Thumb, 100 bytes, Stack size 56 bytes, uart0.o(i.MF_UART0_Init))
<BR><BR>[Stack]<UL><LI>Max Depth = 132<LI>Call Chain = MF_UART0_Init &rArr; FL_UART_Init &rArr; FL_CMU_GetAPBClockFreq &rArr; FL_CMU_GetAHBClockFreq &rArr; FL_CMU_GetSystemClockFreq &rArr; FL_CMU_GetPLLClockFreq &rArr; __aeabi_uidivmod
</UL>
<BR>[Calls]<UL><LI><a href="#[81]">&gt;&gt;</a>&nbsp;&nbsp;&nbsp;FL_GPIO_Init
<LI><a href="#[8b]">&gt;&gt;</a>&nbsp;&nbsp;&nbsp;FL_UART_Init
</UL>
<BR>[Called By]<UL><LI><a href="#[da]">&gt;&gt;</a>&nbsp;&nbsp;&nbsp;UART0_MF_Config_Init
</UL>

<P><STRONG><a name="[ae]"></a>MF_UART0_Interrupt_Init</STRONG> (Thumb, 46 bytes, Stack size 8 bytes, uart0.o(i.MF_UART0_Interrupt_Init))
<BR><BR>[Stack]<UL><LI>Max Depth = 8<LI>Call Chain = MF_UART0_Interrupt_Init
</UL>
<BR>[Calls]<UL><LI><a href="#[af]">&gt;&gt;</a>&nbsp;&nbsp;&nbsp;FL_UART_EnableIT_TXShiftBuffEmpty
</UL>
<BR>[Called By]<UL><LI><a href="#[da]">&gt;&gt;</a>&nbsp;&nbsp;&nbsp;UART0_MF_Config_Init
</UL>

<P><STRONG><a name="[b0]"></a>MF_UART1_Init</STRONG> (Thumb, 96 bytes, Stack size 56 bytes, uart1.o(i.MF_UART1_Init))
<BR><BR>[Stack]<UL><LI>Max Depth = 132<LI>Call Chain = MF_UART1_Init &rArr; FL_UART_Init &rArr; FL_CMU_GetAPBClockFreq &rArr; FL_CMU_GetAHBClockFreq &rArr; FL_CMU_GetSystemClockFreq &rArr; FL_CMU_GetPLLClockFreq &rArr; __aeabi_uidivmod
</UL>
<BR>[Calls]<UL><LI><a href="#[81]">&gt;&gt;</a>&nbsp;&nbsp;&nbsp;FL_GPIO_Init
<LI><a href="#[8b]">&gt;&gt;</a>&nbsp;&nbsp;&nbsp;FL_UART_Init
</UL>
<BR>[Called By]<UL><LI><a href="#[de]">&gt;&gt;</a>&nbsp;&nbsp;&nbsp;UART1_MF_Config_Init
</UL>

<P><STRONG><a name="[b1]"></a>MF_UART1_Interrupt_Init</STRONG> (Thumb, 46 bytes, Stack size 8 bytes, uart1.o(i.MF_UART1_Interrupt_Init))
<BR><BR>[Stack]<UL><LI>Max Depth = 8<LI>Call Chain = MF_UART1_Interrupt_Init
</UL>
<BR>[Calls]<UL><LI><a href="#[b2]">&gt;&gt;</a>&nbsp;&nbsp;&nbsp;FL_UART_EnableIT_TXShiftBuffEmpty
</UL>
<BR>[Called By]<UL><LI><a href="#[de]">&gt;&gt;</a>&nbsp;&nbsp;&nbsp;UART1_MF_Config_Init
</UL>

<P><STRONG><a name="[b3]"></a>MF_UART3_Init</STRONG> (Thumb, 98 bytes, Stack size 56 bytes, uart3.o(i.MF_UART3_Init))
<BR><BR>[Stack]<UL><LI>Max Depth = 132<LI>Call Chain = MF_UART3_Init &rArr; FL_UART_Init &rArr; FL_CMU_GetAPBClockFreq &rArr; FL_CMU_GetAHBClockFreq &rArr; FL_CMU_GetSystemClockFreq &rArr; FL_CMU_GetPLLClockFreq &rArr; __aeabi_uidivmod
</UL>
<BR>[Calls]<UL><LI><a href="#[81]">&gt;&gt;</a>&nbsp;&nbsp;&nbsp;FL_GPIO_Init
<LI><a href="#[8b]">&gt;&gt;</a>&nbsp;&nbsp;&nbsp;FL_UART_Init
</UL>
<BR>[Called By]<UL><LI><a href="#[e2]">&gt;&gt;</a>&nbsp;&nbsp;&nbsp;UART3_MF_Config_Init
</UL>

<P><STRONG><a name="[b4]"></a>MF_UART3_Interrupt_Init</STRONG> (Thumb, 46 bytes, Stack size 8 bytes, uart3.o(i.MF_UART3_Interrupt_Init))
<BR><BR>[Stack]<UL><LI>Max Depth = 8<LI>Call Chain = MF_UART3_Interrupt_Init
</UL>
<BR>[Calls]<UL><LI><a href="#[b5]">&gt;&gt;</a>&nbsp;&nbsp;&nbsp;FL_UART_EnableIT_TXShiftBuffEmpty
</UL>
<BR>[Called By]<UL><LI><a href="#[e2]">&gt;&gt;</a>&nbsp;&nbsp;&nbsp;UART3_MF_Config_Init
</UL>

<P><STRONG><a name="[b6]"></a>MF_UART4_Init</STRONG> (Thumb, 94 bytes, Stack size 56 bytes, uart4.o(i.MF_UART4_Init))
<BR><BR>[Stack]<UL><LI>Max Depth = 132<LI>Call Chain = MF_UART4_Init &rArr; FL_UART_Init &rArr; FL_CMU_GetAPBClockFreq &rArr; FL_CMU_GetAHBClockFreq &rArr; FL_CMU_GetSystemClockFreq &rArr; FL_CMU_GetPLLClockFreq &rArr; __aeabi_uidivmod
</UL>
<BR>[Calls]<UL><LI><a href="#[81]">&gt;&gt;</a>&nbsp;&nbsp;&nbsp;FL_GPIO_Init
<LI><a href="#[8b]">&gt;&gt;</a>&nbsp;&nbsp;&nbsp;FL_UART_Init
</UL>
<BR>[Called By]<UL><LI><a href="#[e6]">&gt;&gt;</a>&nbsp;&nbsp;&nbsp;UART4_MF_Config_Init
</UL>

<P><STRONG><a name="[b7]"></a>MF_UART4_Interrupt_Init</STRONG> (Thumb, 46 bytes, Stack size 8 bytes, uart4.o(i.MF_UART4_Interrupt_Init))
<BR><BR>[Stack]<UL><LI>Max Depth = 8<LI>Call Chain = MF_UART4_Interrupt_Init
</UL>
<BR>[Calls]<UL><LI><a href="#[b8]">&gt;&gt;</a>&nbsp;&nbsp;&nbsp;FL_UART_EnableIT_TXShiftBuffEmpty
</UL>
<BR>[Called By]<UL><LI><a href="#[e6]">&gt;&gt;</a>&nbsp;&nbsp;&nbsp;UART4_MF_Config_Init
</UL>

<P><STRONG><a name="[61]"></a>NB_Current_CHK_CTRL_OFF</STRONG> (Thumb, 12 bytes, Stack size 8 bytes, gpio.o(i.NB_Current_CHK_CTRL_OFF))
<BR><BR>[Stack]<UL><LI>Max Depth = 8<LI>Call Chain = NB_Current_CHK_CTRL_OFF
</UL>
<BR>[Calls]<UL><LI><a href="#[63]">&gt;&gt;</a>&nbsp;&nbsp;&nbsp;FL_GPIO_ResetOutputPin
</UL>
<BR>[Called By]<UL><LI><a href="#[b9]">&gt;&gt;</a>&nbsp;&nbsp;&nbsp;Others_GPIO_Init
<LI><a href="#[60]">&gt;&gt;</a>&nbsp;&nbsp;&nbsp;Current_CHK_CTRL_OFF_l
</UL>

<P><STRONG><a name="[65]"></a>NB_Current_CHK_CTRL_ON</STRONG> (Thumb, 12 bytes, Stack size 8 bytes, gpio.o(i.NB_Current_CHK_CTRL_ON))
<BR><BR>[Stack]<UL><LI>Max Depth = 8<LI>Call Chain = NB_Current_CHK_CTRL_ON
</UL>
<BR>[Calls]<UL><LI><a href="#[63]">&gt;&gt;</a>&nbsp;&nbsp;&nbsp;FL_GPIO_ResetOutputPin
</UL>
<BR>[Called By]<UL><LI><a href="#[64]">&gt;&gt;</a>&nbsp;&nbsp;&nbsp;Current_CHK_CTRL_ON_l
</UL>

<P><STRONG><a name="[b9]"></a>Others_GPIO_Init</STRONG> (Thumb, 612 bytes, Stack size 32 bytes, gpio.o(i.Others_GPIO_Init))
<BR><BR>[Stack]<UL><LI>Max Depth = 100<LI>Call Chain = Others_GPIO_Init &rArr; INA219_IIC_GPIO_Init &rArr; FL_GPIO_Init &rArr; FL_GPIO_SetPinMode
</UL>
<BR>[Calls]<UL><LI><a href="#[81]">&gt;&gt;</a>&nbsp;&nbsp;&nbsp;FL_GPIO_Init
<LI><a href="#[9d]">&gt;&gt;</a>&nbsp;&nbsp;&nbsp;INA219_IIC_GPIO_Init
<LI><a href="#[ba]">&gt;&gt;</a>&nbsp;&nbsp;&nbsp;zhudian_gongdian_OFF
<LI><a href="#[bf]">&gt;&gt;</a>&nbsp;&nbsp;&nbsp;huuoer_2_OFF
<LI><a href="#[be]">&gt;&gt;</a>&nbsp;&nbsp;&nbsp;huuoer_1_OFF
<LI><a href="#[bd]">&gt;&gt;</a>&nbsp;&nbsp;&nbsp;erji_dianya_CHK_CTRL_OFF
<LI><a href="#[bb]">&gt;&gt;</a>&nbsp;&nbsp;&nbsp;beidian_gongdian_OFF
<LI><a href="#[c0]">&gt;&gt;</a>&nbsp;&nbsp;&nbsp;RS2103_POWER_OFF
<LI><a href="#[61]">&gt;&gt;</a>&nbsp;&nbsp;&nbsp;NB_Current_CHK_CTRL_OFF
<LI><a href="#[a0]">&gt;&gt;</a>&nbsp;&nbsp;&nbsp;LED_Off
<LI><a href="#[5e]">&gt;&gt;</a>&nbsp;&nbsp;&nbsp;Current_CHK_CTRL_OFF
<LI><a href="#[bc]">&gt;&gt;</a>&nbsp;&nbsp;&nbsp;zhudian_dianya_CHK_CTRL_OFF
</UL>
<BR>[Called By]<UL><LI><a href="#[10b]">&gt;&gt;</a>&nbsp;&nbsp;&nbsp;test_Init
</UL>

<P><STRONG><a name="[c1]"></a>PC_Chuankou_tongxin_Debug_send</STRONG> (Thumb, 28 bytes, Stack size 16 bytes, uart0.o(i.PC_Chuankou_tongxin_Debug_send))
<BR><BR>[Stack]<UL><LI>Max Depth = 100<LI>Call Chain = PC_Chuankou_tongxin_Debug_send &rArr; Uart0_Tx_Send &rArr; UART_TX_state_change &rArr; FL_GPIO_Init &rArr; FL_GPIO_SetPinMode
</UL>
<BR>[Calls]<UL><LI><a href="#[69]">&gt;&gt;</a>&nbsp;&nbsp;&nbsp;Uart0_Tx_Send
</UL>
<BR>[Called By]<UL><LI><a href="#[ea]">&gt;&gt;</a>&nbsp;&nbsp;&nbsp;Uart0_Rx_rec
<LI><a href="#[d7]">&gt;&gt;</a>&nbsp;&nbsp;&nbsp;Uart1_Tx_Send_ok
<LI><a href="#[c7]">&gt;&gt;</a>&nbsp;&nbsp;&nbsp;test_start
</UL>

<P><STRONG><a name="[c2]"></a>PC_Chuankou_tongxin_send</STRONG> (Thumb, 16 bytes, Stack size 16 bytes, uart0.o(i.PC_Chuankou_tongxin_send))
<BR><BR>[Stack]<UL><LI>Max Depth = 100<LI>Call Chain = PC_Chuankou_tongxin_send &rArr; Uart0_Tx_Send &rArr; UART_TX_state_change &rArr; FL_GPIO_Init &rArr; FL_GPIO_SetPinMode
</UL>
<BR>[Calls]<UL><LI><a href="#[69]">&gt;&gt;</a>&nbsp;&nbsp;&nbsp;Uart0_Tx_Send
</UL>
<BR>[Called By]<UL><LI><a href="#[c4]">&gt;&gt;</a>&nbsp;&nbsp;&nbsp;PC_xieyifasong_2
<LI><a href="#[c3]">&gt;&gt;</a>&nbsp;&nbsp;&nbsp;PC_xieyifasong_1
</UL>

<P><STRONG><a name="[c3]"></a>PC_xieyifasong_1</STRONG> (Thumb, 28 bytes, Stack size 8 bytes, pc_xieyi_ctrl.o(i.PC_xieyifasong_1))
<BR><BR>[Stack]<UL><LI>Max Depth = 108<LI>Call Chain = PC_xieyifasong_1 &rArr; PC_Chuankou_tongxin_send &rArr; Uart0_Tx_Send &rArr; UART_TX_state_change &rArr; FL_GPIO_Init &rArr; FL_GPIO_SetPinMode
</UL>
<BR>[Calls]<UL><LI><a href="#[c2]">&gt;&gt;</a>&nbsp;&nbsp;&nbsp;PC_Chuankou_tongxin_send
</UL>
<BR>[Called By]<UL><LI><a href="#[c6]">&gt;&gt;</a>&nbsp;&nbsp;&nbsp;PC_xieyijiexi
</UL>

<P><STRONG><a name="[c4]"></a>PC_xieyifasong_2</STRONG> (Thumb, 714 bytes, Stack size 16 bytes, pc_xieyi_ctrl.o(i.PC_xieyifasong_2))
<BR><BR>[Stack]<UL><LI>Max Depth = 116<LI>Call Chain = PC_xieyifasong_2 &rArr; PC_Chuankou_tongxin_send &rArr; Uart0_Tx_Send &rArr; UART_TX_state_change &rArr; FL_GPIO_Init &rArr; FL_GPIO_SetPinMode
</UL>
<BR>[Calls]<UL><LI><a href="#[c2]">&gt;&gt;</a>&nbsp;&nbsp;&nbsp;PC_Chuankou_tongxin_send
<LI><a href="#[47]">&gt;&gt;</a>&nbsp;&nbsp;&nbsp;__aeabi_memclr
<LI><a href="#[c5]">&gt;&gt;</a>&nbsp;&nbsp;&nbsp;__aeabi_memcpy
</UL>
<BR>[Called By]<UL><LI><a href="#[c6]">&gt;&gt;</a>&nbsp;&nbsp;&nbsp;PC_xieyijiexi
</UL>

<P><STRONG><a name="[c6]"></a>PC_xieyijiexi</STRONG> (Thumb, 278 bytes, Stack size 32 bytes, pc_xieyi_ctrl.o(i.PC_xieyijiexi))
<BR><BR>[Stack]<UL><LI>Max Depth = 148<LI>Call Chain = PC_xieyijiexi &rArr; PC_xieyifasong_2 &rArr; PC_Chuankou_tongxin_send &rArr; Uart0_Tx_Send &rArr; UART_TX_state_change &rArr; FL_GPIO_Init &rArr; FL_GPIO_SetPinMode
</UL>
<BR>[Calls]<UL><LI><a href="#[c7]">&gt;&gt;</a>&nbsp;&nbsp;&nbsp;test_start
<LI><a href="#[c4]">&gt;&gt;</a>&nbsp;&nbsp;&nbsp;PC_xieyifasong_2
<LI><a href="#[c3]">&gt;&gt;</a>&nbsp;&nbsp;&nbsp;PC_xieyifasong_1
<LI><a href="#[c5]">&gt;&gt;</a>&nbsp;&nbsp;&nbsp;__aeabi_memcpy
</UL>
<BR>[Called By]<UL><LI><a href="#[ea]">&gt;&gt;</a>&nbsp;&nbsp;&nbsp;Uart0_Rx_rec
</UL>

<P><STRONG><a name="[c0]"></a>RS2103_POWER_OFF</STRONG> (Thumb, 12 bytes, Stack size 8 bytes, gpio.o(i.RS2103_POWER_OFF))
<BR><BR>[Stack]<UL><LI>Max Depth = 8<LI>Call Chain = RS2103_POWER_OFF
</UL>
<BR>[Calls]<UL><LI><a href="#[63]">&gt;&gt;</a>&nbsp;&nbsp;&nbsp;FL_GPIO_ResetOutputPin
</UL>
<BR>[Called By]<UL><LI><a href="#[b9]">&gt;&gt;</a>&nbsp;&nbsp;&nbsp;Others_GPIO_Init
</UL>

<P><STRONG><a name="[c8]"></a>RS2103_POWER_ON</STRONG> (Thumb, 12 bytes, Stack size 8 bytes, gpio.o(i.RS2103_POWER_ON))
<BR><BR>[Stack]<UL><LI>Max Depth = 8<LI>Call Chain = RS2103_POWER_ON
</UL>
<BR>[Calls]<UL><LI><a href="#[5f]">&gt;&gt;</a>&nbsp;&nbsp;&nbsp;FL_GPIO_SetOutputPin
</UL>
<BR>[Called By]<UL><LI><a href="#[108]">&gt;&gt;</a>&nbsp;&nbsp;&nbsp;jiliang_fangshi_select
</UL>

<P><STRONG><a name="[c9]"></a>RS2103_Sel_youci</STRONG> (Thumb, 12 bytes, Stack size 8 bytes, gpio.o(i.RS2103_Sel_youci))
<BR><BR>[Stack]<UL><LI>Max Depth = 8<LI>Call Chain = RS2103_Sel_youci
</UL>
<BR>[Calls]<UL><LI><a href="#[63]">&gt;&gt;</a>&nbsp;&nbsp;&nbsp;FL_GPIO_ResetOutputPin
</UL>
<BR>[Called By]<UL><LI><a href="#[108]">&gt;&gt;</a>&nbsp;&nbsp;&nbsp;jiliang_fangshi_select
</UL>

<P><STRONG><a name="[5c]"></a>ReadZD_Current</STRONG> (Thumb, 160 bytes, Stack size 16 bytes, zdina219.o(i.ReadZD_Current))
<BR><BR>[Stack]<UL><LI>Max Depth = 116<LI>Call Chain = ReadZD_Current &rArr; ZDINA219_IIC_SendBytes &rArr; ZDINA219_IIC_SendByte &rArr; ZDINA219_SDA_OUT_Dir_CTL &rArr; FL_GPIO_Init &rArr; FL_GPIO_SetPinMode
</UL>
<BR>[Calls]<UL><LI><a href="#[5d]">&gt;&gt;</a>&nbsp;&nbsp;&nbsp;FL_DelayMs
<LI><a href="#[cd]">&gt;&gt;</a>&nbsp;&nbsp;&nbsp;ZDINA219_IIC_Stop
<LI><a href="#[ca]">&gt;&gt;</a>&nbsp;&nbsp;&nbsp;ZDINA219_IIC_Start
<LI><a href="#[cc]">&gt;&gt;</a>&nbsp;&nbsp;&nbsp;ZDINA219_IIC_SendBytes
<LI><a href="#[cb]">&gt;&gt;</a>&nbsp;&nbsp;&nbsp;ZDINA219_IIC_SendByte
<LI><a href="#[ce]">&gt;&gt;</a>&nbsp;&nbsp;&nbsp;ZDINA219_IIC_RevBytes
</UL>
<BR>[Called By]<UL><LI><a href="#[5b]">&gt;&gt;</a>&nbsp;&nbsp;&nbsp;CheckZDCurrent
</UL>

<P><STRONG><a name="[cf]"></a>SENSOR_D_High</STRONG> (Thumb, 14 bytes, Stack size 8 bytes, gpio.o(i.SENSOR_D_High))
<BR><BR>[Stack]<UL><LI>Max Depth = 8<LI>Call Chain = SENSOR_D_High
</UL>
<BR>[Calls]<UL><LI><a href="#[5f]">&gt;&gt;</a>&nbsp;&nbsp;&nbsp;FL_GPIO_SetOutputPin
</UL>
<BR>[Called By]<UL><LI><a href="#[108]">&gt;&gt;</a>&nbsp;&nbsp;&nbsp;jiliang_fangshi_select
</UL>

<P><STRONG><a name="[d0]"></a>SENSOR_D_Low</STRONG> (Thumb, 14 bytes, Stack size 8 bytes, gpio.o(i.SENSOR_D_Low))
<BR><BR>[Stack]<UL><LI>Max Depth = 8<LI>Call Chain = SENSOR_D_Low
</UL>
<BR>[Calls]<UL><LI><a href="#[63]">&gt;&gt;</a>&nbsp;&nbsp;&nbsp;FL_GPIO_ResetOutputPin
</UL>
<BR>[Called By]<UL><LI><a href="#[10c]">&gt;&gt;</a>&nbsp;&nbsp;&nbsp;test_Loop_Func
</UL>

<P><STRONG><a name="[d1]"></a>SENSOR_P_High</STRONG> (Thumb, 14 bytes, Stack size 8 bytes, gpio.o(i.SENSOR_P_High))
<BR><BR>[Stack]<UL><LI>Max Depth = 8<LI>Call Chain = SENSOR_P_High
</UL>
<BR>[Calls]<UL><LI><a href="#[5f]">&gt;&gt;</a>&nbsp;&nbsp;&nbsp;FL_GPIO_SetOutputPin
</UL>
<BR>[Called By]<UL><LI><a href="#[10c]">&gt;&gt;</a>&nbsp;&nbsp;&nbsp;test_Loop_Func
</UL>

<P><STRONG><a name="[d2]"></a>SENSOR_P_Low</STRONG> (Thumb, 14 bytes, Stack size 8 bytes, gpio.o(i.SENSOR_P_Low))
<BR><BR>[Stack]<UL><LI>Max Depth = 8<LI>Call Chain = SENSOR_P_Low
</UL>
<BR>[Calls]<UL><LI><a href="#[63]">&gt;&gt;</a>&nbsp;&nbsp;&nbsp;FL_GPIO_ResetOutputPin
</UL>
<BR>[Called By]<UL><LI><a href="#[108]">&gt;&gt;</a>&nbsp;&nbsp;&nbsp;jiliang_fangshi_select
</UL>

<P><STRONG><a name="[d3]"></a>SENSOR_T_High</STRONG> (Thumb, 12 bytes, Stack size 8 bytes, gpio.o(i.SENSOR_T_High))
<BR><BR>[Stack]<UL><LI>Max Depth = 8<LI>Call Chain = SENSOR_T_High
</UL>
<BR>[Calls]<UL><LI><a href="#[5f]">&gt;&gt;</a>&nbsp;&nbsp;&nbsp;FL_GPIO_SetOutputPin
</UL>
<BR>[Called By]<UL><LI><a href="#[108]">&gt;&gt;</a>&nbsp;&nbsp;&nbsp;jiliang_fangshi_select
</UL>

<P><STRONG><a name="[d4]"></a>SENSOR_T_Low</STRONG> (Thumb, 12 bytes, Stack size 8 bytes, gpio.o(i.SENSOR_T_Low))
<BR><BR>[Stack]<UL><LI>Max Depth = 8<LI>Call Chain = SENSOR_T_Low
</UL>
<BR>[Calls]<UL><LI><a href="#[63]">&gt;&gt;</a>&nbsp;&nbsp;&nbsp;FL_GPIO_ResetOutputPin
</UL>
<BR>[Called By]<UL><LI><a href="#[10c]">&gt;&gt;</a>&nbsp;&nbsp;&nbsp;test_Loop_Func
</UL>

<P><STRONG><a name="[a7]"></a>SystemCoreClockUpdate</STRONG> (Thumb, 282 bytes, Stack size 8 bytes, system_fm33lg0xx.o(i.SystemCoreClockUpdate))
<BR><BR>[Stack]<UL><LI>Max Depth = 28<LI>Call Chain = SystemCoreClockUpdate &rArr; SystemPLLClockUpdate &rArr; __aeabi_uidivmod
</UL>
<BR>[Calls]<UL><LI><a href="#[7b]">&gt;&gt;</a>&nbsp;&nbsp;&nbsp;__ARM_common_switch8
<LI><a href="#[d5]">&gt;&gt;</a>&nbsp;&nbsp;&nbsp;SystemPLLClockUpdate
</UL>
<BR>[Called By]<UL><LI><a href="#[a6]">&gt;&gt;</a>&nbsp;&nbsp;&nbsp;MF_Clock_Init
<LI><a href="#[27]">&gt;&gt;</a>&nbsp;&nbsp;&nbsp;SystemInit
</UL>

<P><STRONG><a name="[27]"></a>SystemInit</STRONG> (Thumb, 230 bytes, Stack size 8 bytes, system_fm33lg0xx.o(i.SystemInit))
<BR><BR>[Stack]<UL><LI>Max Depth = 36<LI>Call Chain = SystemInit &rArr; SystemCoreClockUpdate &rArr; SystemPLLClockUpdate &rArr; __aeabi_uidivmod
</UL>
<BR>[Calls]<UL><LI><a href="#[a7]">&gt;&gt;</a>&nbsp;&nbsp;&nbsp;SystemCoreClockUpdate
</UL>
<BR>[Address Reference Count : 1]<UL><LI> startup_fm33lg0xx.o(.text)
</UL>
<P><STRONG><a name="[9b]"></a>TONGXIN_xieyifasong</STRONG> (Thumb, 232 bytes, Stack size 40 bytes, tongxin_xieyi_ctrl.o(i.TONGXIN_xieyifasong))
<BR><BR>[Stack]<UL><LI>Max Depth = 156<LI>Call Chain = TONGXIN_xieyifasong &rArr; Uart1_Tx_Send_ok &rArr; PC_Chuankou_tongxin_Debug_send &rArr; Uart0_Tx_Send &rArr; UART_TX_state_change &rArr; FL_GPIO_Init &rArr; FL_GPIO_SetPinMode
</UL>
<BR>[Calls]<UL><LI><a href="#[d6]">&gt;&gt;</a>&nbsp;&nbsp;&nbsp;CRC16_XMODEM
<LI><a href="#[d7]">&gt;&gt;</a>&nbsp;&nbsp;&nbsp;Uart1_Tx_Send_ok
<LI><a href="#[c5]">&gt;&gt;</a>&nbsp;&nbsp;&nbsp;__aeabi_memcpy
</UL>
<BR>[Called By]<UL><LI><a href="#[111]">&gt;&gt;</a>&nbsp;&nbsp;&nbsp;yali_enable_xieyi
<LI><a href="#[10e]">&gt;&gt;</a>&nbsp;&nbsp;&nbsp;send_shanggao_xieyi
<LI><a href="#[10d]">&gt;&gt;</a>&nbsp;&nbsp;&nbsp;send_chaxun_xieyi
<LI><a href="#[10a]">&gt;&gt;</a>&nbsp;&nbsp;&nbsp;kaifa_xieyi
<LI><a href="#[106]">&gt;&gt;</a>&nbsp;&nbsp;&nbsp;guanfa_xieyi
<LI><a href="#[100]">&gt;&gt;</a>&nbsp;&nbsp;&nbsp;find_biaohao_xieyi
<LI><a href="#[ff]">&gt;&gt;</a>&nbsp;&nbsp;&nbsp;find_banbenhao_xieyi
<LI><a href="#[9c]">&gt;&gt;</a>&nbsp;&nbsp;&nbsp;Get_yali_Status
<LI><a href="#[9a]">&gt;&gt;</a>&nbsp;&nbsp;&nbsp;Get_Famen_Status
</UL>

<P><STRONG><a name="[d8]"></a>TONGXIN_xieyijiexi</STRONG> (Thumb, 986 bytes, Stack size 56 bytes, tongxin_xieyi_ctrl.o(i.TONGXIN_xieyijiexi))
<BR><BR>[Stack]<UL><LI>Max Depth = 72<LI>Call Chain = TONGXIN_xieyijiexi &rArr; CRC16_XMODEM
</UL>
<BR>[Calls]<UL><LI><a href="#[d6]">&gt;&gt;</a>&nbsp;&nbsp;&nbsp;CRC16_XMODEM
<LI><a href="#[c5]">&gt;&gt;</a>&nbsp;&nbsp;&nbsp;__aeabi_memcpy
</UL>
<BR>[Called By]<UL><LI><a href="#[ec]">&gt;&gt;</a>&nbsp;&nbsp;&nbsp;Uart1_Rx_rec
</UL>

<P><STRONG><a name="[10]"></a>UART0_IRQHandler</STRONG> (Thumb, 218 bytes, Stack size 24 bytes, uart0.o(i.UART0_IRQHandler))
<BR><BR>[Stack]<UL><LI>Max Depth = 24<LI>Call Chain = UART0_IRQHandler
</UL>
<BR>[Calls]<UL><LI><a href="#[d9]">&gt;&gt;</a>&nbsp;&nbsp;&nbsp;FL_UART_WriteTXBuff
</UL>
<BR>[Address Reference Count : 1]<UL><LI> startup_fm33lg0xx.o(RESET)
</UL>
<P><STRONG><a name="[da]"></a>UART0_MF_Config_Init</STRONG> (Thumb, 20 bytes, Stack size 8 bytes, uart0.o(i.UART0_MF_Config_Init))
<BR><BR>[Stack]<UL><LI>Max Depth = 140<LI>Call Chain = UART0_MF_Config_Init &rArr; MF_UART0_Init &rArr; FL_UART_Init &rArr; FL_CMU_GetAPBClockFreq &rArr; FL_CMU_GetAHBClockFreq &rArr; FL_CMU_GetSystemClockFreq &rArr; FL_CMU_GetPLLClockFreq &rArr; __aeabi_uidivmod
</UL>
<BR>[Calls]<UL><LI><a href="#[dc]">&gt;&gt;</a>&nbsp;&nbsp;&nbsp;Uart0_Tx_Send_init
<LI><a href="#[db]">&gt;&gt;</a>&nbsp;&nbsp;&nbsp;UART0_MF_NVIC_Init
<LI><a href="#[ae]">&gt;&gt;</a>&nbsp;&nbsp;&nbsp;MF_UART0_Interrupt_Init
<LI><a href="#[ad]">&gt;&gt;</a>&nbsp;&nbsp;&nbsp;MF_UART0_Init
</UL>
<BR>[Called By]<UL><LI><a href="#[10b]">&gt;&gt;</a>&nbsp;&nbsp;&nbsp;test_Init
</UL>

<P><STRONG><a name="[db]"></a>UART0_MF_NVIC_Init</STRONG> (Thumb, 16 bytes, Stack size 8 bytes, uart0.o(i.UART0_MF_NVIC_Init))
<BR><BR>[Stack]<UL><LI>Max Depth = 32<LI>Call Chain = UART0_MF_NVIC_Init &rArr; FL_NVIC_Init &rArr; NVIC_SetPriority
</UL>
<BR>[Calls]<UL><LI><a href="#[5a]">&gt;&gt;</a>&nbsp;&nbsp;&nbsp;FL_NVIC_Init
</UL>
<BR>[Called By]<UL><LI><a href="#[da]">&gt;&gt;</a>&nbsp;&nbsp;&nbsp;UART0_MF_Config_Init
</UL>

<P><STRONG><a name="[11]"></a>UART1_IRQHandler</STRONG> (Thumb, 218 bytes, Stack size 24 bytes, uart1.o(i.UART1_IRQHandler))
<BR><BR>[Stack]<UL><LI>Max Depth = 24<LI>Call Chain = UART1_IRQHandler
</UL>
<BR>[Calls]<UL><LI><a href="#[dd]">&gt;&gt;</a>&nbsp;&nbsp;&nbsp;FL_UART_WriteTXBuff
</UL>
<BR>[Address Reference Count : 1]<UL><LI> startup_fm33lg0xx.o(RESET)
</UL>
<P><STRONG><a name="[de]"></a>UART1_MF_Config_Init</STRONG> (Thumb, 20 bytes, Stack size 8 bytes, uart1.o(i.UART1_MF_Config_Init))
<BR><BR>[Stack]<UL><LI>Max Depth = 140<LI>Call Chain = UART1_MF_Config_Init &rArr; MF_UART1_Init &rArr; FL_UART_Init &rArr; FL_CMU_GetAPBClockFreq &rArr; FL_CMU_GetAHBClockFreq &rArr; FL_CMU_GetSystemClockFreq &rArr; FL_CMU_GetPLLClockFreq &rArr; __aeabi_uidivmod
</UL>
<BR>[Calls]<UL><LI><a href="#[e0]">&gt;&gt;</a>&nbsp;&nbsp;&nbsp;Uart1_Tx_Send_init
<LI><a href="#[df]">&gt;&gt;</a>&nbsp;&nbsp;&nbsp;UART1_MF_NVIC_Init
<LI><a href="#[b1]">&gt;&gt;</a>&nbsp;&nbsp;&nbsp;MF_UART1_Interrupt_Init
<LI><a href="#[b0]">&gt;&gt;</a>&nbsp;&nbsp;&nbsp;MF_UART1_Init
</UL>
<BR>[Called By]<UL><LI><a href="#[10b]">&gt;&gt;</a>&nbsp;&nbsp;&nbsp;test_Init
</UL>

<P><STRONG><a name="[df]"></a>UART1_MF_NVIC_Init</STRONG> (Thumb, 16 bytes, Stack size 8 bytes, uart1.o(i.UART1_MF_NVIC_Init))
<BR><BR>[Stack]<UL><LI>Max Depth = 32<LI>Call Chain = UART1_MF_NVIC_Init &rArr; FL_NVIC_Init &rArr; NVIC_SetPriority
</UL>
<BR>[Calls]<UL><LI><a href="#[5a]">&gt;&gt;</a>&nbsp;&nbsp;&nbsp;FL_NVIC_Init
</UL>
<BR>[Called By]<UL><LI><a href="#[de]">&gt;&gt;</a>&nbsp;&nbsp;&nbsp;UART1_MF_Config_Init
</UL>

<P><STRONG><a name="[12]"></a>UART3_IRQHandler</STRONG> (Thumb, 214 bytes, Stack size 24 bytes, uart3.o(i.UART3_IRQHandler))
<BR><BR>[Stack]<UL><LI>Max Depth = 24<LI>Call Chain = UART3_IRQHandler
</UL>
<BR>[Calls]<UL><LI><a href="#[e1]">&gt;&gt;</a>&nbsp;&nbsp;&nbsp;FL_UART_WriteTXBuff
</UL>
<BR>[Address Reference Count : 1]<UL><LI> startup_fm33lg0xx.o(RESET)
</UL>
<P><STRONG><a name="[e2]"></a>UART3_MF_Config_Init</STRONG> (Thumb, 20 bytes, Stack size 8 bytes, uart3.o(i.UART3_MF_Config_Init))
<BR><BR>[Stack]<UL><LI>Max Depth = 140<LI>Call Chain = UART3_MF_Config_Init &rArr; MF_UART3_Init &rArr; FL_UART_Init &rArr; FL_CMU_GetAPBClockFreq &rArr; FL_CMU_GetAHBClockFreq &rArr; FL_CMU_GetSystemClockFreq &rArr; FL_CMU_GetPLLClockFreq &rArr; __aeabi_uidivmod
</UL>
<BR>[Calls]<UL><LI><a href="#[e4]">&gt;&gt;</a>&nbsp;&nbsp;&nbsp;Uart3_Tx_Send_init
<LI><a href="#[e3]">&gt;&gt;</a>&nbsp;&nbsp;&nbsp;UART3_MF_NVIC_Init
<LI><a href="#[b4]">&gt;&gt;</a>&nbsp;&nbsp;&nbsp;MF_UART3_Interrupt_Init
<LI><a href="#[b3]">&gt;&gt;</a>&nbsp;&nbsp;&nbsp;MF_UART3_Init
</UL>
<BR>[Called By]<UL><LI><a href="#[10b]">&gt;&gt;</a>&nbsp;&nbsp;&nbsp;test_Init
</UL>

<P><STRONG><a name="[e3]"></a>UART3_MF_NVIC_Init</STRONG> (Thumb, 16 bytes, Stack size 8 bytes, uart3.o(i.UART3_MF_NVIC_Init))
<BR><BR>[Stack]<UL><LI>Max Depth = 32<LI>Call Chain = UART3_MF_NVIC_Init &rArr; FL_NVIC_Init &rArr; NVIC_SetPriority
</UL>
<BR>[Calls]<UL><LI><a href="#[5a]">&gt;&gt;</a>&nbsp;&nbsp;&nbsp;FL_NVIC_Init
</UL>
<BR>[Called By]<UL><LI><a href="#[e2]">&gt;&gt;</a>&nbsp;&nbsp;&nbsp;UART3_MF_Config_Init
</UL>

<P><STRONG><a name="[13]"></a>UART4_IRQHandler</STRONG> (Thumb, 218 bytes, Stack size 24 bytes, uart4.o(i.UART4_IRQHandler))
<BR><BR>[Stack]<UL><LI>Max Depth = 24<LI>Call Chain = UART4_IRQHandler
</UL>
<BR>[Calls]<UL><LI><a href="#[e5]">&gt;&gt;</a>&nbsp;&nbsp;&nbsp;FL_UART_WriteTXBuff
</UL>
<BR>[Address Reference Count : 1]<UL><LI> startup_fm33lg0xx.o(RESET)
</UL>
<P><STRONG><a name="[e6]"></a>UART4_MF_Config_Init</STRONG> (Thumb, 20 bytes, Stack size 8 bytes, uart4.o(i.UART4_MF_Config_Init))
<BR><BR>[Stack]<UL><LI>Max Depth = 140<LI>Call Chain = UART4_MF_Config_Init &rArr; MF_UART4_Init &rArr; FL_UART_Init &rArr; FL_CMU_GetAPBClockFreq &rArr; FL_CMU_GetAHBClockFreq &rArr; FL_CMU_GetSystemClockFreq &rArr; FL_CMU_GetPLLClockFreq &rArr; __aeabi_uidivmod
</UL>
<BR>[Calls]<UL><LI><a href="#[e8]">&gt;&gt;</a>&nbsp;&nbsp;&nbsp;Uart4_Tx_Send_init
<LI><a href="#[e7]">&gt;&gt;</a>&nbsp;&nbsp;&nbsp;UART4_MF_NVIC_Init
<LI><a href="#[b7]">&gt;&gt;</a>&nbsp;&nbsp;&nbsp;MF_UART4_Interrupt_Init
<LI><a href="#[b6]">&gt;&gt;</a>&nbsp;&nbsp;&nbsp;MF_UART4_Init
</UL>
<BR>[Called By]<UL><LI><a href="#[10b]">&gt;&gt;</a>&nbsp;&nbsp;&nbsp;test_Init
</UL>

<P><STRONG><a name="[e7]"></a>UART4_MF_NVIC_Init</STRONG> (Thumb, 16 bytes, Stack size 8 bytes, uart4.o(i.UART4_MF_NVIC_Init))
<BR><BR>[Stack]<UL><LI>Max Depth = 32<LI>Call Chain = UART4_MF_NVIC_Init &rArr; FL_NVIC_Init &rArr; NVIC_SetPriority
</UL>
<BR>[Calls]<UL><LI><a href="#[5a]">&gt;&gt;</a>&nbsp;&nbsp;&nbsp;FL_NVIC_Init
</UL>
<BR>[Called By]<UL><LI><a href="#[e6]">&gt;&gt;</a>&nbsp;&nbsp;&nbsp;UART4_MF_Config_Init
</UL>

<P><STRONG><a name="[e9]"></a>UART_TX_state_change</STRONG> (Thumb, 50 bytes, Stack size 32 bytes, uart0.o(i.UART_TX_state_change))
<BR><BR>[Stack]<UL><LI>Max Depth = 68<LI>Call Chain = UART_TX_state_change &rArr; FL_GPIO_Init &rArr; FL_GPIO_SetPinMode
</UL>
<BR>[Calls]<UL><LI><a href="#[81]">&gt;&gt;</a>&nbsp;&nbsp;&nbsp;FL_GPIO_Init
</UL>
<BR>[Called By]<UL><LI><a href="#[ea]">&gt;&gt;</a>&nbsp;&nbsp;&nbsp;Uart0_Rx_rec
<LI><a href="#[69]">&gt;&gt;</a>&nbsp;&nbsp;&nbsp;Uart0_Tx_Send
</UL>

<P><STRONG><a name="[ea]"></a>Uart0_Rx_rec</STRONG> (Thumb, 94 bytes, Stack size 8 bytes, uart0.o(i.Uart0_Rx_rec))
<BR><BR>[Stack]<UL><LI>Max Depth = 156<LI>Call Chain = Uart0_Rx_rec &rArr; PC_xieyijiexi &rArr; PC_xieyifasong_2 &rArr; PC_Chuankou_tongxin_send &rArr; Uart0_Tx_Send &rArr; UART_TX_state_change &rArr; FL_GPIO_Init &rArr; FL_GPIO_SetPinMode
</UL>
<BR>[Calls]<UL><LI><a href="#[5d]">&gt;&gt;</a>&nbsp;&nbsp;&nbsp;FL_DelayMs
<LI><a href="#[c1]">&gt;&gt;</a>&nbsp;&nbsp;&nbsp;PC_Chuankou_tongxin_Debug_send
<LI><a href="#[e9]">&gt;&gt;</a>&nbsp;&nbsp;&nbsp;UART_TX_state_change
<LI><a href="#[c6]">&gt;&gt;</a>&nbsp;&nbsp;&nbsp;PC_xieyijiexi
<LI><a href="#[a1]">&gt;&gt;</a>&nbsp;&nbsp;&nbsp;LED_FLAG_Run
<LI><a href="#[eb]">&gt;&gt;</a>&nbsp;&nbsp;&nbsp;__aeabi_memcpy4
</UL>
<BR>[Called By]<UL><LI><a href="#[26]">&gt;&gt;</a>&nbsp;&nbsp;&nbsp;main
</UL>

<P><STRONG><a name="[69]"></a>Uart0_Tx_Send</STRONG> (Thumb, 104 bytes, Stack size 16 bytes, uart0.o(i.Uart0_Tx_Send))
<BR><BR>[Stack]<UL><LI>Max Depth = 84<LI>Call Chain = Uart0_Tx_Send &rArr; UART_TX_state_change &rArr; FL_GPIO_Init &rArr; FL_GPIO_SetPinMode
</UL>
<BR>[Calls]<UL><LI><a href="#[5d]">&gt;&gt;</a>&nbsp;&nbsp;&nbsp;FL_DelayMs
<LI><a href="#[e9]">&gt;&gt;</a>&nbsp;&nbsp;&nbsp;UART_TX_state_change
<LI><a href="#[d9]">&gt;&gt;</a>&nbsp;&nbsp;&nbsp;FL_UART_WriteTXBuff
<LI><a href="#[af]">&gt;&gt;</a>&nbsp;&nbsp;&nbsp;FL_UART_EnableIT_TXShiftBuffEmpty
<LI><a href="#[c5]">&gt;&gt;</a>&nbsp;&nbsp;&nbsp;__aeabi_memcpy
</UL>
<BR>[Called By]<UL><LI><a href="#[c1]">&gt;&gt;</a>&nbsp;&nbsp;&nbsp;PC_Chuankou_tongxin_Debug_send
<LI><a href="#[67]">&gt;&gt;</a>&nbsp;&nbsp;&nbsp;DeBug_print
<LI><a href="#[c2]">&gt;&gt;</a>&nbsp;&nbsp;&nbsp;PC_Chuankou_tongxin_send
</UL>

<P><STRONG><a name="[dc]"></a>Uart0_Tx_Send_init</STRONG> (Thumb, 10 bytes, Stack size 0 bytes, uart0.o(i.Uart0_Tx_Send_init))
<BR><BR>[Called By]<UL><LI><a href="#[da]">&gt;&gt;</a>&nbsp;&nbsp;&nbsp;UART0_MF_Config_Init
</UL>

<P><STRONG><a name="[ec]"></a>Uart1_Rx_rec</STRONG> (Thumb, 58 bytes, Stack size 8 bytes, uart1.o(i.Uart1_Rx_rec))
<BR><BR>[Stack]<UL><LI>Max Depth = 80<LI>Call Chain = Uart1_Rx_rec &rArr; TONGXIN_xieyijiexi &rArr; CRC16_XMODEM
</UL>
<BR>[Calls]<UL><LI><a href="#[d8]">&gt;&gt;</a>&nbsp;&nbsp;&nbsp;TONGXIN_xieyijiexi
<LI><a href="#[a1]">&gt;&gt;</a>&nbsp;&nbsp;&nbsp;LED_FLAG_Run
<LI><a href="#[eb]">&gt;&gt;</a>&nbsp;&nbsp;&nbsp;__aeabi_memcpy4
</UL>
<BR>[Called By]<UL><LI><a href="#[26]">&gt;&gt;</a>&nbsp;&nbsp;&nbsp;main
</UL>

<P><STRONG><a name="[ed]"></a>Uart1_Tx_Send</STRONG> (Thumb, 94 bytes, Stack size 16 bytes, uart1.o(i.Uart1_Tx_Send))
<BR><BR>[Stack]<UL><LI>Max Depth = 16<LI>Call Chain = Uart1_Tx_Send
</UL>
<BR>[Calls]<UL><LI><a href="#[dd]">&gt;&gt;</a>&nbsp;&nbsp;&nbsp;FL_UART_WriteTXBuff
<LI><a href="#[b2]">&gt;&gt;</a>&nbsp;&nbsp;&nbsp;FL_UART_EnableIT_TXShiftBuffEmpty
<LI><a href="#[c5]">&gt;&gt;</a>&nbsp;&nbsp;&nbsp;__aeabi_memcpy
</UL>
<BR>[Called By]<UL><LI><a href="#[d7]">&gt;&gt;</a>&nbsp;&nbsp;&nbsp;Uart1_Tx_Send_ok
</UL>

<P><STRONG><a name="[e0]"></a>Uart1_Tx_Send_init</STRONG> (Thumb, 10 bytes, Stack size 0 bytes, uart1.o(i.Uart1_Tx_Send_init))
<BR><BR>[Called By]<UL><LI><a href="#[de]">&gt;&gt;</a>&nbsp;&nbsp;&nbsp;UART1_MF_Config_Init
</UL>

<P><STRONG><a name="[d7]"></a>Uart1_Tx_Send_ok</STRONG> (Thumb, 62 bytes, Stack size 16 bytes, uart1.o(i.Uart1_Tx_Send_ok))
<BR><BR>[Stack]<UL><LI>Max Depth = 116<LI>Call Chain = Uart1_Tx_Send_ok &rArr; PC_Chuankou_tongxin_Debug_send &rArr; Uart0_Tx_Send &rArr; UART_TX_state_change &rArr; FL_GPIO_Init &rArr; FL_GPIO_SetPinMode
</UL>
<BR>[Calls]<UL><LI><a href="#[c1]">&gt;&gt;</a>&nbsp;&nbsp;&nbsp;PC_Chuankou_tongxin_Debug_send
<LI><a href="#[ed]">&gt;&gt;</a>&nbsp;&nbsp;&nbsp;Uart1_Tx_Send
</UL>
<BR>[Called By]<UL><LI><a href="#[9b]">&gt;&gt;</a>&nbsp;&nbsp;&nbsp;TONGXIN_xieyifasong
</UL>

<P><STRONG><a name="[e4]"></a>Uart3_Tx_Send_init</STRONG> (Thumb, 10 bytes, Stack size 0 bytes, uart3.o(i.Uart3_Tx_Send_init))
<BR><BR>[Called By]<UL><LI><a href="#[e2]">&gt;&gt;</a>&nbsp;&nbsp;&nbsp;UART3_MF_Config_Init
</UL>

<P><STRONG><a name="[e8]"></a>Uart4_Tx_Send_init</STRONG> (Thumb, 10 bytes, Stack size 0 bytes, uart4.o(i.Uart4_Tx_Send_init))
<BR><BR>[Called By]<UL><LI><a href="#[e6]">&gt;&gt;</a>&nbsp;&nbsp;&nbsp;UART4_MF_Config_Init
</UL>

<P><STRONG><a name="[f1]"></a>ZDINA219_IIC_Delay</STRONG> (Thumb, 16 bytes, Stack size 0 bytes, zdina219.o(i.ZDINA219_IIC_Delay))
<BR><BR>[Called By]<UL><LI><a href="#[cd]">&gt;&gt;</a>&nbsp;&nbsp;&nbsp;ZDINA219_IIC_Stop
<LI><a href="#[ca]">&gt;&gt;</a>&nbsp;&nbsp;&nbsp;ZDINA219_IIC_Start
<LI><a href="#[cb]">&gt;&gt;</a>&nbsp;&nbsp;&nbsp;ZDINA219_IIC_SendByte
<LI><a href="#[ce]">&gt;&gt;</a>&nbsp;&nbsp;&nbsp;ZDINA219_IIC_RevBytes
<LI><a href="#[ee]">&gt;&gt;</a>&nbsp;&nbsp;&nbsp;ZDINA219_IIC_RevByte
</UL>

<P><STRONG><a name="[ee]"></a>ZDINA219_IIC_RevByte</STRONG> (Thumb, 70 bytes, Stack size 16 bytes, zdina219.o(i.ZDINA219_IIC_RevByte))
<BR><BR>[Stack]<UL><LI>Max Depth = 84<LI>Call Chain = ZDINA219_IIC_RevByte &rArr; ZDINA219_SDA_OUT_Dir_CTL &rArr; FL_GPIO_Init &rArr; FL_GPIO_SetPinMode
</UL>
[...]
<BR><BR>[Called By]<UL><LI><a href="#[7e]">&gt;&gt;</a>&nbsp;&nbsp;&nbsp;FL_EXTI_Init
</UL>

<P><STRONG><a name="[2a]"></a>FL_GPIO_SetExtiLine0</STRONG> (Thumb, 12 bytes, Stack size 0 bytes, fm33lg0xx_fl_exti.o(i.FL_GPIO_SetExtiLine0))
<BR>[Address Reference Count : 1]<UL><LI> fm33lg0xx_fl_exti.o(.constdata)
</UL>
<P><STRONG><a name="[2b]"></a>FL_GPIO_SetExtiLine1</STRONG> (Thumb, 12 bytes, Stack size 0 bytes, fm33lg0xx_fl_exti.o(i.FL_GPIO_SetExtiLine1))
<BR>[Address Reference Count : 1]<UL><LI> fm33lg0xx_fl_exti.o(.constdata)
</UL>
<P><STRONG><a name="[34]"></a>FL_GPIO_SetExtiLine10</STRONG> (Thumb, 14 bytes, Stack size 0 bytes, fm33lg0xx_fl_exti.o(i.FL_GPIO_SetExtiLine10))
<BR>[Address Reference Count : 1]<UL><LI> fm33lg0xx_fl_exti.o(.constdata)
</UL>
<P><STRONG><a name="[35]"></a>FL_GPIO_SetExtiLine11</STRONG> (Thumb, 14 bytes, Stack size 0 bytes, fm33lg0xx_fl_exti.o(i.FL_GPIO_SetExtiLine11))
<BR>[Address Reference Count : 1]<UL><LI> fm33lg0xx_fl_exti.o(.constdata)
</UL>
<P><STRONG><a name="[36]"></a>FL_GPIO_SetExtiLine12</STRONG> (Thumb, 14 bytes, Stack size 0 bytes, fm33lg0xx_fl_exti.o(i.FL_GPIO_SetExtiLine12))
<BR>[Address Reference Count : 1]<UL><LI> fm33lg0xx_fl_exti.o(.constdata)
</UL>
<P><STRONG><a name="[37]"></a>FL_GPIO_SetExtiLine13</STRONG> (Thumb, 14 bytes, Stack size 0 bytes, fm33lg0xx_fl_exti.o(i.FL_GPIO_SetExtiLine13))
<BR>[Address Reference Count : 1]<UL><LI> fm33lg0xx_fl_exti.o(.constdata)
</UL>
<P><STRONG><a name="[38]"></a>FL_GPIO_SetExtiLine14</STRONG> (Thumb, 14 bytes, Stack size 0 bytes, fm33lg0xx_fl_exti.o(i.FL_GPIO_SetExtiLine14))
<BR>[Address Reference Count : 1]<UL><LI> fm33lg0xx_fl_exti.o(.constdata)
</UL>
<P><STRONG><a name="[39]"></a>FL_GPIO_SetExtiLine15</STRONG> (Thumb, 12 bytes, Stack size 0 bytes, fm33lg0xx_fl_exti.o(i.FL_GPIO_SetExtiLine15))
<BR>[Address Reference Count : 1]<UL><LI> fm33lg0xx_fl_exti.o(.constdata)
</UL>
<P><STRONG><a name="[3a]"></a>FL_GPIO_SetExtiLine16</STRONG> (Thumb, 12 bytes, Stack size 0 bytes, fm33lg0xx_fl_exti.o(i.FL_GPIO_SetExtiLine16))
<BR>[Address Reference Count : 1]<UL><LI> fm33lg0xx_fl_exti.o(.constdata)
</UL>
<P><STRONG><a name="[3b]"></a>FL_GPIO_SetExtiLine17</STRONG> (Thumb, 12 bytes, Stack size 0 bytes, fm33lg0xx_fl_exti.o(i.FL_GPIO_SetExtiLine17))
<BR>[Address Reference Count : 1]<UL><LI> fm33lg0xx_fl_exti.o(.constdata)
</UL>
<P><STRONG><a name="[3c]"></a>FL_GPIO_SetExtiLine18</STRONG> (Thumb, 12 bytes, Stack size 0 bytes, fm33lg0xx_fl_exti.o(i.FL_GPIO_SetExtiLine18))
<BR>[Address Reference Count : 1]<UL><LI> fm33lg0xx_fl_exti.o(.constdata)
</UL>
<P><STRONG><a name="[2c]"></a>FL_GPIO_SetExtiLine2</STRONG> (Thumb, 12 bytes, Stack size 0 bytes, fm33lg0xx_fl_exti.o(i.FL_GPIO_SetExtiLine2))
<BR>[Address Reference Count : 1]<UL><LI> fm33lg0xx_fl_exti.o(.constdata)
</UL>
<P><STRONG><a name="[2d]"></a>FL_GPIO_SetExtiLine3</STRONG> (Thumb, 12 bytes, Stack size 0 bytes, fm33lg0xx_fl_exti.o(i.FL_GPIO_SetExtiLine3))
<BR>[Address Reference Count : 1]<UL><LI> fm33lg0xx_fl_exti.o(.constdata)
</UL>
<P><STRONG><a name="[2e]"></a>FL_GPIO_SetExtiLine4</STRONG> (Thumb, 14 bytes, Stack size 0 bytes, fm33lg0xx_fl_exti.o(i.FL_GPIO_SetExtiLine4))
<BR>[Address Reference Count : 1]<UL><LI> fm33lg0xx_fl_exti.o(.constdata)
</UL>
<P><STRONG><a name="[2f]"></a>FL_GPIO_SetExtiLine5</STRONG> (Thumb, 14 bytes, Stack size 0 bytes, fm33lg0xx_fl_exti.o(i.FL_GPIO_SetExtiLine5))
<BR>[Address Reference Count : 1]<UL><LI> fm33lg0xx_fl_exti.o(.constdata)
</UL>
<P><STRONG><a name="[30]"></a>FL_GPIO_SetExtiLine6</STRONG> (Thumb, 14 bytes, Stack size 0 bytes, fm33lg0xx_fl_exti.o(i.FL_GPIO_SetExtiLine6))
<BR>[Address Reference Count : 1]<UL><LI> fm33lg0xx_fl_exti.o(.constdata)
</UL>
<P><STRONG><a name="[31]"></a>FL_GPIO_SetExtiLine7</STRONG> (Thumb, 14 bytes, Stack size 0 bytes, fm33lg0xx_fl_exti.o(i.FL_GPIO_SetExtiLine7))
<BR>[Address Reference Count : 1]<UL><LI> fm33lg0xx_fl_exti.o(.constdata)
</UL>
<P><STRONG><a name="[32]"></a>FL_GPIO_SetExtiLine8</STRONG> (Thumb, 14 bytes, Stack size 0 bytes, fm33lg0xx_fl_exti.o(i.FL_GPIO_SetExtiLine8))
<BR>[Address Reference Count : 1]<UL><LI> fm33lg0xx_fl_exti.o(.constdata)
</UL>
<P><STRONG><a name="[33]"></a>FL_GPIO_SetExtiLine9</STRONG> (Thumb, 14 bytes, Stack size 0 bytes, fm33lg0xx_fl_exti.o(i.FL_GPIO_SetExtiLine9))
<BR>[Address Reference Count : 1]<UL><LI> fm33lg0xx_fl_exti.o(.constdata)
</UL>
<P><STRONG><a name="[3d]"></a>FL_GPIO_SetTriggerEdge0</STRONG> (Thumb, 26 bytes, Stack size 12 bytes, fm33lg0xx_fl_exti.o(i.FL_GPIO_SetTriggerEdge0))
<BR><BR>[Stack]<UL><LI>Max Depth = 12<LI>Call Chain = FL_GPIO_SetTriggerEdge0
</UL>
<BR>[Address Reference Count : 1]<UL><LI> fm33lg0xx_fl_exti.o(.constdata)
</UL>
<P><STRONG><a name="[3e]"></a>FL_GPIO_SetTriggerEdge1</STRONG> (Thumb, 26 bytes, Stack size 8 bytes, fm33lg0xx_fl_exti.o(i.FL_GPIO_SetTriggerEdge1))
<BR><BR>[Stack]<UL><LI>Max Depth = 8<LI>Call Chain = FL_GPIO_SetTriggerEdge1
</UL>
<BR>[Address Reference Count : 1]<UL><LI> fm33lg0xx_fl_exti.o(.constdata)
</UL>
<P><STRONG><a name="[85]"></a>FL_GPIO_DisablePinAnalogSwitch</STRONG> (Thumb, 10 bytes, Stack size 0 bytes, fm33lg0xx_fl_gpio.o(i.FL_GPIO_DisablePinAnalogSwitch))
<BR><BR>[Called By]<UL><LI><a href="#[81]">&gt;&gt;</a>&nbsp;&nbsp;&nbsp;FL_GPIO_Init
</UL>

<P><STRONG><a name="[82]"></a>FL_GPIO_DisablePinInput</STRONG> (Thumb, 10 bytes, Stack size 0 bytes, fm33lg0xx_fl_gpio.o(i.FL_GPIO_DisablePinInput))
<BR><BR>[Called By]<UL><LI><a href="#[81]">&gt;&gt;</a>&nbsp;&nbsp;&nbsp;FL_GPIO_Init
</UL>

<P><STRONG><a name="[84]"></a>FL_GPIO_DisablePinOpenDrain</STRONG> (Thumb, 10 bytes, Stack size 0 bytes, fm33lg0xx_fl_gpio.o(i.FL_GPIO_DisablePinOpenDrain))
<BR><BR>[Called By]<UL><LI><a href="#[81]">&gt;&gt;</a>&nbsp;&nbsp;&nbsp;FL_GPIO_Init
</UL>

<P><STRONG><a name="[83]"></a>FL_GPIO_DisablePinPullup</STRONG> (Thumb, 10 bytes, Stack size 0 bytes, fm33lg0xx_fl_gpio.o(i.FL_GPIO_DisablePinPullup))
<BR><BR>[Called By]<UL><LI><a href="#[81]">&gt;&gt;</a>&nbsp;&nbsp;&nbsp;FL_GPIO_Init
</UL>

<P><STRONG><a name="[86]"></a>FL_GPIO_DisablePinRemap</STRONG> (Thumb, 10 bytes, Stack size 0 bytes, fm33lg0xx_fl_gpio.o(i.FL_GPIO_DisablePinRemap))
<BR><BR>[Called By]<UL><LI><a href="#[81]">&gt;&gt;</a>&nbsp;&nbsp;&nbsp;FL_GPIO_Init
</UL>

<P><STRONG><a name="[87]"></a>FL_GPIO_SetPinMode</STRONG> (Thumb, 26 bytes, Stack size 12 bytes, fm33lg0xx_fl_gpio.o(i.FL_GPIO_SetPinMode))
<BR><BR>[Stack]<UL><LI>Max Depth = 12<LI>Call Chain = FL_GPIO_SetPinMode
</UL>
<BR>[Called By]<UL><LI><a href="#[81]">&gt;&gt;</a>&nbsp;&nbsp;&nbsp;FL_GPIO_Init
</UL>

<P><STRONG><a name="[8c]"></a>FL_CMU_EnableGroup3BusClock</STRONG> (Thumb, 12 bytes, Stack size 0 bytes, fm33lg0xx_fl_uart.o(i.FL_CMU_EnableGroup3BusClock))
<BR><BR>[Called By]<UL><LI><a href="#[8b]">&gt;&gt;</a>&nbsp;&nbsp;&nbsp;FL_UART_Init
</UL>

<P><STRONG><a name="[8d]"></a>FL_CMU_EnableGroup3OperationClock</STRONG> (Thumb, 12 bytes, Stack size 0 bytes, fm33lg0xx_fl_uart.o(i.FL_CMU_EnableGroup3OperationClock))
<BR><BR>[Called By]<UL><LI><a href="#[8b]">&gt;&gt;</a>&nbsp;&nbsp;&nbsp;FL_UART_Init
</UL>

<P><STRONG><a name="[92]"></a>FL_ADC_ClearFlag_EndOfConversion</STRONG> (Thumb, 6 bytes, Stack size 0 bytes, adc_chk.o(i.FL_ADC_ClearFlag_EndOfConversion))
<BR><BR>[Called By]<UL><LI><a href="#[98]">&gt;&gt;</a>&nbsp;&nbsp;&nbsp;GetVREF1P2Sample_POLL
<LI><a href="#[8e]">&gt;&gt;</a>&nbsp;&nbsp;&nbsp;GetSingleChannelSample_POLL
</UL>

<P><STRONG><a name="[96]"></a>FL_ADC_Disable</STRONG> (Thumb, 10 bytes, Stack size 0 bytes, adc_chk.o(i.FL_ADC_Disable))
<BR><BR>[Called By]<UL><LI><a href="#[98]">&gt;&gt;</a>&nbsp;&nbsp;&nbsp;GetVREF1P2Sample_POLL
<LI><a href="#[8e]">&gt;&gt;</a>&nbsp;&nbsp;&nbsp;GetSingleChannelSample_POLL
</UL>

<P><STRONG><a name="[90]"></a>FL_ADC_DisableSequencerChannel</STRONG> (Thumb, 12 bytes, Stack size 0 bytes, adc_chk.o(i.FL_ADC_DisableSequencerChannel))
<BR><BR>[Called By]<UL><LI><a href="#[98]">&gt;&gt;</a>&nbsp;&nbsp;&nbsp;GetVREF1P2Sample_POLL
<LI><a href="#[8e]">&gt;&gt;</a>&nbsp;&nbsp;&nbsp;GetSingleChannelSample_POLL
</UL>

<P><STRONG><a name="[93]"></a>FL_ADC_Enable</STRONG> (Thumb, 10 bytes, Stack size 0 bytes, adc_chk.o(i.FL_ADC_Enable))
<BR><BR>[Called By]<UL><LI><a href="#[98]">&gt;&gt;</a>&nbsp;&nbsp;&nbsp;GetVREF1P2Sample_POLL
<LI><a href="#[8e]">&gt;&gt;</a>&nbsp;&nbsp;&nbsp;GetSingleChannelSample_POLL
</UL>

<P><STRONG><a name="[94]"></a>FL_ADC_EnableSWConversion</STRONG> (Thumb, 10 bytes, Stack size 0 bytes, adc_chk.o(i.FL_ADC_EnableSWConversion))
<BR><BR>[Called By]<UL><LI><a href="#[98]">&gt;&gt;</a>&nbsp;&nbsp;&nbsp;GetVREF1P2Sample_POLL
<LI><a href="#[8e]">&gt;&gt;</a>&nbsp;&nbsp;&nbsp;GetSingleChannelSample_POLL
</UL>

<P><STRONG><a name="[91]"></a>FL_ADC_EnableSequencerChannel</STRONG> (Thumb, 12 bytes, Stack size 0 bytes, adc_chk.o(i.FL_ADC_EnableSequencerChannel))
<BR><BR>[Called By]<UL><LI><a href="#[a5]">&gt;&gt;</a>&nbsp;&nbsp;&nbsp;MF_ADC_Init
<LI><a href="#[98]">&gt;&gt;</a>&nbsp;&nbsp;&nbsp;GetVREF1P2Sample_POLL
<LI><a href="#[8e]">&gt;&gt;</a>&nbsp;&nbsp;&nbsp;GetSingleChannelSample_POLL
</UL>

<P><STRONG><a name="[95]"></a>FL_ADC_IsActiveFlag_EndOfConversion</STRONG> (Thumb, 16 bytes, Stack size 0 bytes, adc_chk.o(i.FL_ADC_IsActiveFlag_EndOfConversion))
<BR><BR>[Called By]<UL><LI><a href="#[98]">&gt;&gt;</a>&nbsp;&nbsp;&nbsp;GetVREF1P2Sample_POLL
<LI><a href="#[8e]">&gt;&gt;</a>&nbsp;&nbsp;&nbsp;GetSingleChannelSample_POLL
</UL>

<P><STRONG><a name="[8f]"></a>FL_CMU_SetADCPrescaler</STRONG> (Thumb, 16 bytes, Stack size 0 bytes, adc_chk.o(i.FL_CMU_SetADCPrescaler))
<BR><BR>[Called By]<UL><LI><a href="#[98]">&gt;&gt;</a>&nbsp;&nbsp;&nbsp;GetVREF1P2Sample_POLL
<LI><a href="#[8e]">&gt;&gt;</a>&nbsp;&nbsp;&nbsp;GetSingleChannelSample_POLL
</UL>

<P><STRONG><a name="[8e]"></a>GetSingleChannelSample_POLL</STRONG> (Thumb, 114 bytes, Stack size 32 bytes, adc_chk.o(i.GetSingleChannelSample_POLL))
<BR><BR>[Stack]<UL><LI>Max Depth = 32<LI>Call Chain = GetSingleChannelSample_POLL
</UL>
<BR>[Calls]<UL><LI><a href="#[8f]">&gt;&gt;</a>&nbsp;&nbsp;&nbsp;FL_CMU_SetADCPrescaler
<LI><a href="#[95]">&gt;&gt;</a>&nbsp;&nbsp;&nbsp;FL_ADC_IsActiveFlag_EndOfConversion
<LI><a href="#[91]">&gt;&gt;</a>&nbsp;&nbsp;&nbsp;FL_ADC_EnableSequencerChannel
<LI><a href="#[94]">&gt;&gt;</a>&nbsp;&nbsp;&nbsp;FL_ADC_EnableSWConversion
<LI><a href="#[93]">&gt;&gt;</a>&nbsp;&nbsp;&nbsp;FL_ADC_Enable
<LI><a href="#[90]">&gt;&gt;</a>&nbsp;&nbsp;&nbsp;FL_ADC_DisableSequencerChannel
<LI><a href="#[96]">&gt;&gt;</a>&nbsp;&nbsp;&nbsp;FL_ADC_Disable
<LI><a href="#[92]">&gt;&gt;</a>&nbsp;&nbsp;&nbsp;FL_ADC_ClearFlag_EndOfConversion
</UL>
<BR>[Called By]<UL><LI><a href="#[97]">&gt;&gt;</a>&nbsp;&nbsp;&nbsp;GetSingleChannelVoltage_POLL
</UL>

<P><STRONG><a name="[98]"></a>GetVREF1P2Sample_POLL</STRONG> (Thumb, 144 bytes, Stack size 24 bytes, adc_chk.o(i.GetVREF1P2Sample_POLL))
<BR><BR>[Stack]<UL><LI>Max Depth = 24<LI>Call Chain = GetVREF1P2Sample_POLL
</UL>
<BR>[Calls]<UL><LI><a href="#[8f]">&gt;&gt;</a>&nbsp;&nbsp;&nbsp;FL_CMU_SetADCPrescaler
<LI><a href="#[95]">&gt;&gt;</a>&nbsp;&nbsp;&nbsp;FL_ADC_IsActiveFlag_EndOfConversion
<LI><a href="#[91]">&gt;&gt;</a>&nbsp;&nbsp;&nbsp;FL_ADC_EnableSequencerChannel
<LI><a href="#[94]">&gt;&gt;</a>&nbsp;&nbsp;&nbsp;FL_ADC_EnableSWConversion
<LI><a href="#[93]">&gt;&gt;</a>&nbsp;&nbsp;&nbsp;FL_ADC_Enable
<LI><a href="#[90]">&gt;&gt;</a>&nbsp;&nbsp;&nbsp;FL_ADC_DisableSequencerChannel
<LI><a href="#[96]">&gt;&gt;</a>&nbsp;&nbsp;&nbsp;FL_ADC_Disable
<LI><a href="#[92]">&gt;&gt;</a>&nbsp;&nbsp;&nbsp;FL_ADC_ClearFlag_EndOfConversion
</UL>
<BR>[Called By]<UL><LI><a href="#[97]">&gt;&gt;</a>&nbsp;&nbsp;&nbsp;GetSingleChannelVoltage_POLL
</UL>

<P><STRONG><a name="[a3]"></a>MF_ADC_Common_Init</STRONG> (Thumb, 24 bytes, Stack size 24 bytes, adc_chk.o(i.MF_ADC_Common_Init))
<BR><BR>[Stack]<UL><LI>Max Depth = 40<LI>Call Chain = MF_ADC_Common_Init &rArr; FL_ADC_CommonInit
</UL>
<BR>[Calls]<UL><LI><a href="#[6a]">&gt;&gt;</a>&nbsp;&nbsp;&nbsp;FL_ADC_CommonInit
</UL>
<BR>[Called By]<UL><LI><a href="#[a4]">&gt;&gt;</a>&nbsp;&nbsp;&nbsp;MF_ADC_Config_Init
</UL>

<P><STRONG><a name="[a5]"></a>MF_ADC_Init</STRONG> (Thumb, 248 bytes, Stack size 72 bytes, adc_chk.o(i.MF_ADC_Init))
<BR><BR>[Stack]<UL><LI>Max Depth = 108<LI>Call Chain = MF_ADC_Init &rArr; FL_GPIO_Init &rArr; FL_GPIO_SetPinMode
</UL>
<BR>[Calls]<UL><LI><a href="#[6c]">&gt;&gt;</a>&nbsp;&nbsp;&nbsp;FL_ADC_Init
<LI><a href="#[81]">&gt;&gt;</a>&nbsp;&nbsp;&nbsp;FL_GPIO_Init
<LI><a href="#[91]">&gt;&gt;</a>&nbsp;&nbsp;&nbsp;FL_ADC_EnableSequencerChannel
</UL>
<BR>[Called By]<UL><LI><a href="#[a4]">&gt;&gt;</a>&nbsp;&nbsp;&nbsp;MF_ADC_Config_Init
</UL>

<P><STRONG><a name="[63]"></a>FL_GPIO_ResetOutputPin</STRONG> (Thumb, 6 bytes, Stack size 0 bytes, gpio.o(i.FL_GPIO_ResetOutputPin))
<BR><BR>[Called By]<UL><LI><a href="#[ba]">&gt;&gt;</a>&nbsp;&nbsp;&nbsp;zhudian_gongdian_OFF
<LI><a href="#[bf]">&gt;&gt;</a>&nbsp;&nbsp;&nbsp;huuoer_2_OFF
<LI><a href="#[be]">&gt;&gt;</a>&nbsp;&nbsp;&nbsp;huuoer_1_OFF
<LI><a href="#[bd]">&gt;&gt;</a>&nbsp;&nbsp;&nbsp;erji_dianya_CHK_CTRL_OFF
<LI><a href="#[fe]">&gt;&gt;</a>&nbsp;&nbsp;&nbsp;daowei_OPEN_Low
<LI><a href="#[bb]">&gt;&gt;</a>&nbsp;&nbsp;&nbsp;beidian_gongdian_OFF
<LI><a href="#[d4]">&gt;&gt;</a>&nbsp;&nbsp;&nbsp;SENSOR_T_Low
<LI><a href="#[d2]">&gt;&gt;</a>&nbsp;&nbsp;&nbsp;SENSOR_P_Low
<LI><a href="#[d0]">&gt;&gt;</a>&nbsp;&nbsp;&nbsp;SENSOR_D_Low
<LI><a href="#[c9]">&gt;&gt;</a>&nbsp;&nbsp;&nbsp;RS2103_Sel_youci
<LI><a href="#[c0]">&gt;&gt;</a>&nbsp;&nbsp;&nbsp;RS2103_POWER_OFF
<LI><a href="#[65]">&gt;&gt;</a>&nbsp;&nbsp;&nbsp;NB_Current_CHK_CTRL_ON
<LI><a href="#[61]">&gt;&gt;</a>&nbsp;&nbsp;&nbsp;NB_Current_CHK_CTRL_OFF
<LI><a href="#[a2]">&gt;&gt;</a>&nbsp;&nbsp;&nbsp;LED_On
<LI><a href="#[62]">&gt;&gt;</a>&nbsp;&nbsp;&nbsp;Current_CHK_CTRL_ON
<LI><a href="#[bc]">&gt;&gt;</a>&nbsp;&nbsp;&nbsp;zhudian_dianya_CHK_CTRL_OFF
</UL>

<P><STRONG><a name="[5f]"></a>FL_GPIO_SetOutputPin</STRONG> (Thumb, 6 bytes, Stack size 0 bytes, gpio.o(i.FL_GPIO_SetOutputPin))
<BR><BR>[Called By]<UL><LI><a href="#[115]">&gt;&gt;</a>&nbsp;&nbsp;&nbsp;zhudian_gongdian_On
<LI><a href="#[107]">&gt;&gt;</a>&nbsp;&nbsp;&nbsp;huuoer_2_ON
<LI><a href="#[fd]">&gt;&gt;</a>&nbsp;&nbsp;&nbsp;daowei_CLOSE_High
<LI><a href="#[fc]">&gt;&gt;</a>&nbsp;&nbsp;&nbsp;beidian_gongdian_On
<LI><a href="#[d3]">&gt;&gt;</a>&nbsp;&nbsp;&nbsp;SENSOR_T_High
<LI><a href="#[d1]">&gt;&gt;</a>&nbsp;&nbsp;&nbsp;SENSOR_P_High
<LI><a href="#[cf]">&gt;&gt;</a>&nbsp;&nbsp;&nbsp;SENSOR_D_High
<LI><a href="#[c8]">&gt;&gt;</a>&nbsp;&nbsp;&nbsp;RS2103_POWER_ON
<LI><a href="#[a0]">&gt;&gt;</a>&nbsp;&nbsp;&nbsp;LED_Off
<LI><a href="#[5e]">&gt;&gt;</a>&nbsp;&nbsp;&nbsp;Current_CHK_CTRL_OFF
</UL>

<P><STRONG><a name="[105]"></a>FL_GPIO_GetInputPin</STRONG> (Thumb, 22 bytes, Stack size 0 bytes, test_list.o(i.FL_GPIO_GetInputPin))
<BR><BR>[Called By]<UL><LI><a href="#[104]">&gt;&gt;</a>&nbsp;&nbsp;&nbsp;gongwei_jiance
<LI><a href="#[108]">&gt;&gt;</a>&nbsp;&nbsp;&nbsp;jiliang_fangshi_select
</UL>

<P><STRONG><a name="[af]"></a>FL_UART_EnableIT_TXShiftBuffEmpty</STRONG> (Thumb, 10 bytes, Stack size 0 bytes, uart0.o(i.FL_UART_EnableIT_TXShiftBuffEmpty))
<BR><BR>[Called By]<UL><LI><a href="#[69]">&gt;&gt;</a>&nbsp;&nbsp;&nbsp;Uart0_Tx_Send
<LI><a href="#[ae]">&gt;&gt;</a>&nbsp;&nbsp;&nbsp;MF_UART0_Interrupt_Init
</UL>

<P><STRONG><a name="[d9]"></a>FL_UART_WriteTXBuff</STRONG> (Thumb, 12 bytes, Stack size 0 bytes, uart0.o(i.FL_UART_WriteTXBuff))
<BR><BR>[Called By]<UL><LI><a href="#[69]">&gt;&gt;</a>&nbsp;&nbsp;&nbsp;Uart0_Tx_Send
<LI><a href="#[10]">&gt;&gt;</a>&nbsp;&nbsp;&nbsp;UART0_IRQHandler
</UL>

<P><STRONG><a name="[b2]"></a>FL_UART_EnableIT_TXShiftBuffEmpty</STRONG> (Thumb, 10 bytes, Stack size 0 bytes, uart1.o(i.FL_UART_EnableIT_TXShiftBuffEmpty))
<BR><BR>[Called By]<UL><LI><a href="#[ed]">&gt;&gt;</a>&nbsp;&nbsp;&nbsp;Uart1_Tx_Send
<LI><a href="#[b1]">&gt;&gt;</a>&nbsp;&nbsp;&nbsp;MF_UART1_Interrupt_Init
</UL>

<P><STRONG><a name="[dd]"></a>FL_UART_WriteTXBuff</STRONG> (Thumb, 12 bytes, Stack size 0 bytes, uart1.o(i.FL_UART_WriteTXBuff))
<BR><BR>[Called By]<UL><LI><a href="#[ed]">&gt;&gt;</a>&nbsp;&nbsp;&nbsp;Uart1_Tx_Send
<LI><a href="#[11]">&gt;&gt;</a>&nbsp;&nbsp;&nbsp;UART1_IRQHandler
</UL>

<P><STRONG><a name="[b5]"></a>FL_UART_EnableIT_TXShiftBuffEmpty</STRONG> (Thumb, 10 bytes, Stack size 0 bytes, uart3.o(i.FL_UART_EnableIT_TXShiftBuffEmpty))
<BR><BR>[Called By]<UL><LI><a href="#[b4]">&gt;&gt;</a>&nbsp;&nbsp;&nbsp;MF_UART3_Interrupt_Init
</UL>

<P><STRONG><a name="[e1]"></a>FL_UART_WriteTXBuff</STRONG> (Thumb, 12 bytes, Stack size 0 bytes, uart3.o(i.FL_UART_WriteTXBuff))
<BR><BR>[Called By]<UL><LI><a href="#[12]">&gt;&gt;</a>&nbsp;&nbsp;&nbsp;UART3_IRQHandler
</UL>

<P><STRONG><a name="[b8]"></a>FL_UART_EnableIT_TXShiftBuffEmpty</STRONG> (Thumb, 10 bytes, Stack size 0 bytes, uart4.o(i.FL_UART_EnableIT_TXShiftBuffEmpty))
<BR><BR>[Called By]<UL><LI><a href="#[b7]">&gt;&gt;</a>&nbsp;&nbsp;&nbsp;MF_UART4_Interrupt_Init
</UL>

<P><STRONG><a name="[e5]"></a>FL_UART_WriteTXBuff</STRONG> (Thumb, 12 bytes, Stack size 0 bytes, uart4.o(i.FL_UART_WriteTXBuff))
<BR><BR>[Called By]<UL><LI><a href="#[13]">&gt;&gt;</a>&nbsp;&nbsp;&nbsp;UART4_IRQHandler
</UL>

<P><STRONG><a name="[f5]"></a>FL_GPIO_GetInputPin</STRONG> (Thumb, 22 bytes, Stack size 0 bytes, zdina219.o(i.FL_GPIO_GetInputPin))
<BR><BR>[Called By]<UL><LI><a href="#[f2]">&gt;&gt;</a>&nbsp;&nbsp;&nbsp;ZDINA219_SDA_InPut
</UL>

<P><STRONG><a name="[f4]"></a>FL_GPIO_ResetOutputPin</STRONG> (Thumb, 6 bytes, Stack size 0 bytes, zdina219.o(i.FL_GPIO_ResetOutputPin))
<BR><BR>[Called By]<UL><LI><a href="#[f3]">&gt;&gt;</a>&nbsp;&nbsp;&nbsp;ZDINA219_SDA
<LI><a href="#[f0]">&gt;&gt;</a>&nbsp;&nbsp;&nbsp;ZDINA219_SCL
</UL>

<P><STRONG><a name="[9e]"></a>FL_GPIO_SetOutputPin</STRONG> (Thumb, 6 bytes, Stack size 0 bytes, zdina219.o(i.FL_GPIO_SetOutputPin))
<BR><BR>[Called By]<UL><LI><a href="#[9d]">&gt;&gt;</a>&nbsp;&nbsp;&nbsp;INA219_IIC_GPIO_Init
<LI><a href="#[f3]">&gt;&gt;</a>&nbsp;&nbsp;&nbsp;ZDINA219_SDA
<LI><a href="#[f0]">&gt;&gt;</a>&nbsp;&nbsp;&nbsp;ZDINA219_SCL
</UL>

<P><STRONG><a name="[f8]"></a>_fp_digits</STRONG> (Thumb, 344 bytes, Stack size 64 bytes, printfa.o(i._fp_digits), UNUSED)
<BR><BR>[Calls]<UL><LI><a href="#[51]">&gt;&gt;</a>&nbsp;&nbsp;&nbsp;__aeabi_ddiv
<LI><a href="#[4a]">&gt;&gt;</a>&nbsp;&nbsp;&nbsp;__aeabi_dadd
<LI><a href="#[50]">&gt;&gt;</a>&nbsp;&nbsp;&nbsp;__aeabi_dmul
<LI><a href="#[53]">&gt;&gt;</a>&nbsp;&nbsp;&nbsp;__aeabi_d2ulz
<LI><a href="#[f9]">&gt;&gt;</a>&nbsp;&nbsp;&nbsp;__aeabi_cdrcmple
<LI><a href="#[43]">&gt;&gt;</a>&nbsp;&nbsp;&nbsp;__aeabi_uldivmod
</UL>
<BR>[Called By]<UL><LI><a href="#[f7]">&gt;&gt;</a>&nbsp;&nbsp;&nbsp;_printf_core
</UL>

<P><STRONG><a name="[f7]"></a>_printf_core</STRONG> (Thumb, 1754 bytes, Stack size 128 bytes, printfa.o(i._printf_core), UNUSED)
<BR><BR>[Calls]<UL><LI><a href="#[fa]">&gt;&gt;</a>&nbsp;&nbsp;&nbsp;_printf_pre_padding
<LI><a href="#[fb]">&gt;&gt;</a>&nbsp;&nbsp;&nbsp;_printf_post_padding
<LI><a href="#[f8]">&gt;&gt;</a>&nbsp;&nbsp;&nbsp;_fp_digits
<LI><a href="#[43]">&gt;&gt;</a>&nbsp;&nbsp;&nbsp;__aeabi_uldivmod
<LI><a href="#[42]">&gt;&gt;</a>&nbsp;&nbsp;&nbsp;__aeabi_uidivmod
</UL>
<BR>[Called By]<UL><LI><a href="#[f6]">&gt;&gt;</a>&nbsp;&nbsp;&nbsp;__0vsnprintf
</UL>

<P><STRONG><a name="[fb]"></a>_printf_post_padding</STRONG> (Thumb, 32 bytes, Stack size 24 bytes, printfa.o(i._printf_post_padding), UNUSED)
<BR><BR>[Called By]<UL><LI><a href="#[f7]">&gt;&gt;</a>&nbsp;&nbsp;&nbsp;_printf_core
</UL>

<P><STRONG><a name="[fa]"></a>_printf_pre_padding</STRONG> (Thumb, 44 bytes, Stack size 40 bytes, printfa.o(i._printf_pre_padding), UNUSED)
<BR><BR>[Called By]<UL><LI><a href="#[f7]">&gt;&gt;</a>&nbsp;&nbsp;&nbsp;_printf_core
</UL>

<P><STRONG><a name="[29]"></a>_snputc</STRONG> (Thumb, 22 bytes, Stack size 0 bytes, printfa.o(i._snputc))
<BR>[Address Reference Count : 1]<UL><LI> printfa.o(i.__0vsnprintf)
</UL><P>
<H3>
Undefined Global Symbols
</H3><HR></body></html>
