Component: ARM Compiler 5.06 update 7 (build 960) Tool: armlink [4d3601]

==============================================================================

Section Cross References

    startup_fm33lg0xx.o(RESET) refers to startup_fm33lg0xx.o(STACK) for __initial_sp
    startup_fm33lg0xx.o(RESET) refers to startup_fm33lg0xx.o(.text) for Reset_Handler
    startup_fm33lg0xx.o(RESET) refers to uart0.o(i.UART0_IRQHandler) for UART0_IRQHandler
    startup_fm33lg0xx.o(RESET) refers to uart1.o(i.UART1_IRQHandler) for UART1_IRQHandler
    startup_fm33lg0xx.o(RESET) refers to uart5.o(i.UART5_IRQHandler) for UART5_IRQHandler
    startup_fm33lg0xx.o(RESET) refers to time.o(i.ATIM_IRQHandler) for ATIM_IRQHandler
    startup_fm33lg0xx.o(RESET) refers to gpio.o(i.GPIO_IRQHandler) for GPIO_IRQHandler
    startup_fm33lg0xx.o(.text) refers to system_fm33lg0xx.o(i.SystemInit) for SystemInit
    startup_fm33lg0xx.o(.text) refers to entry.o(.ARM.Collect$$$$00000000) for __main
    mf_config.o(i.MF_Clock_Init) refers to system_fm33lg0xx.o(i.SystemCoreClockUpdate) for SystemCoreClockUpdate
    main.o(i.main) refers to fm33lg0xx_fl.o(i.FL_Init) for FL_Init
    main.o(i.main) refers to mf_config.o(i.MF_Clock_Init) for MF_Clock_Init
    main.o(i.main) refers to main.o(i.test_Init) for test_Init
    main.o(i.main) refers to uart1.o(i.Uart1_Rx_rec) for Uart1_Rx_rec
    main.o(i.main) refers to led_ctrl.o(i.LED_FLAG_LOOP) for LED_FLAG_LOOP
    main.o(i.test_Init) refers to gpio.o(i.Others_GPIO_Init) for Others_GPIO_Init
    main.o(i.test_Init) refers to uart1.o(i.UART1_MF_Config_Init) for UART1_MF_Config_Init
    main.o(i.test_Init) refers to time.o(i.ATIM_Init) for ATIM_Init
    main.o(i.test_Init) refers to adc_chk.o(i.MF_ADC_PC10_Config_Init) for MF_ADC_PC10_Config_Init
    main.o(i.test_Init) refers to test_list.o(i.test_start_Init) for test_start_Init
    main.o(i.test_Init) refers to wtd.o(i.WatchDog_Init) for WatchDog_Init
    main.o(i.test_Init) refers to pc_xieyi_ctrl.o(i.xuceshi_gongwei_qingchu) for xuceshi_gongwei_qingchu
    uart5.o(i.MF_UART5_Init) refers to fm33lg0xx_fl_gpio.o(i.FL_GPIO_Init) for FL_GPIO_Init
    uart5.o(i.MF_UART5_Init) refers to fm33lg0xx_fl_uart.o(i.FL_UART_Init) for FL_UART_Init
    uart5.o(i.MF_UART5_Interrupt_Init) refers to uart5.o(i.FL_UART_EnableIT_TXShiftBuffEmpty) for FL_UART_EnableIT_TXShiftBuffEmpty
    uart5.o(i.UART5_IRQHandler) refers to uart5.o(i.FL_UART_WriteTXBuff) for FL_UART_WriteTXBuff
    uart5.o(i.UART5_IRQHandler) refers to uart5.o(.bss) for uart5_Rec_shuju_neirong
    uart5.o(i.UART5_IRQHandler) refers to uart5.o(.data) for uart5_Rec_shuju_neirong_count
    uart5.o(i.UART5_MF_Config_Init) refers to uart5.o(i.MF_UART5_Init) for MF_UART5_Init
    uart5.o(i.UART5_MF_Config_Init) refers to uart5.o(i.MF_UART5_Interrupt_Init) for MF_UART5_Interrupt_Init
    uart5.o(i.UART5_MF_Config_Init) refers to uart5.o(i.UART5_MF_NVIC_Init) for UART5_MF_NVIC_Init
    uart5.o(i.UART5_MF_Config_Init) refers to uart5.o(i.Uart5_Tx_Send_init) for Uart5_Tx_Send_init
    uart5.o(i.UART5_MF_NVIC_Init) refers to fm33lg0xx_fl.o(i.FL_NVIC_Init) for FL_NVIC_Init
    uart5.o(i.Uart5_Rx_rec) refers to led_ctrl.o(i.LED_FLAG_Run) for LED_FLAG_Run
    uart5.o(i.Uart5_Rx_rec) refers to memcpya.o(.text) for __aeabi_memcpy4
    uart5.o(i.Uart5_Rx_rec) refers to uart5.o(i.Uart5_Tx_Send) for Uart5_Tx_Send
    uart5.o(i.Uart5_Rx_rec) refers to uart5.o(.data) for uart5_Rec_shuju_flag
    uart5.o(i.Uart5_Rx_rec) refers to uart5.o(.bss) for uart5_Rec_shuju_neirong
    uart5.o(i.Uart5_Tx_Send) refers to fm33lg0xx_fl.o(i.FL_DelayMs) for FL_DelayMs
    uart5.o(i.Uart5_Tx_Send) refers to memcpya.o(.text) for __aeabi_memcpy
    uart5.o(i.Uart5_Tx_Send) refers to uart5.o(i.FL_UART_EnableIT_TXShiftBuffEmpty) for FL_UART_EnableIT_TXShiftBuffEmpty
    uart5.o(i.Uart5_Tx_Send) refers to uart5.o(i.FL_UART_WriteTXBuff) for FL_UART_WriteTXBuff
    uart5.o(i.Uart5_Tx_Send) refers to uart5.o(.data) for chaoshi_dengdai
    uart5.o(i.Uart5_Tx_Send) refers to uart5.o(.bss) for UART5Op
    uart5.o(i.Uart5_Tx_Send_init) refers to uart5.o(.bss) for UART5Op
    time.o(i.ATIM_IRQHandler) refers to uart5.o(.data) for uart5_Rec_shuju_time_count
    time.o(i.ATIM_IRQHandler) refers to uart1.o(.data) for uart1_Rec_shuju_time_count
    time.o(i.ATIM_IRQHandler) refers to uart0.o(.data) for uart0_Rec_shuju_time_count
    time.o(i.ATIM_IRQHandler) refers to test_list.o(.data) for Test_quanju_canshu_L
    time.o(i.ATIM_IRQHandler) refers to led_ctrl.o(.data) for LED_thing_time
    time.o(i.ATIM_Init) refers to time.o(i.MF_ATIM_TimerBase_Init) for MF_ATIM_TimerBase_Init
    time.o(i.ATIM_Init) refers to time.o(i.MF_ATIM_Interrupt_Init) for MF_ATIM_Interrupt_Init
    time.o(i.ATIM_Init) refers to time.o(i.ATIM_NVIC_Init) for ATIM_NVIC_Init
    time.o(i.ATIM_Init) refers to time.o(i.ATIM_Start) for ATIM_Start
    time.o(i.ATIM_NVIC_Init) refers to fm33lg0xx_fl.o(i.FL_NVIC_Init) for FL_NVIC_Init
[...]
    Removing fm33lg0xx_fl_comp.o(i.FL_COMP_Init), (836 bytes).
    Removing fm33lg0xx_fl_comp.o(i.FL_COMP_StructInit), (20 bytes).
    Removing fm33lg0xx_fl_crc.o(.rev16_text), (4 bytes).
    Removing fm33lg0xx_fl_crc.o(.revsh_text), (4 bytes).
    Removing fm33lg0xx_fl_crc.o(i.FL_CRC_DeInit), (168 bytes).
    Removing fm33lg0xx_fl_crc.o(i.FL_CRC_Init), (364 bytes).
    Removing fm33lg0xx_fl_crc.o(i.FL_CRC_StructInit), (24 bytes).
    Removing fm33lg0xx_fl_dac.o(.rev16_text), (4 bytes).
    Removing fm33lg0xx_fl_dac.o(.revsh_text), (4 bytes).
    Removing fm33lg0xx_fl_dac.o(i.FL_DAC_DeInit), (84 bytes).
    Removing fm33lg0xx_fl_dac.o(i.FL_DAC_Init), (576 bytes).
    Removing fm33lg0xx_fl_dac.o(i.FL_DAC_StructInit), (24 bytes).
    Removing fm33lg0xx_fl_dac.o(i.FL_RMU_DisableResetAPBPeripheral), (34 bytes).
    Removing fm33lg0xx_fl_dac.o(i.FL_RMU_EnableResetAPBPeripheral), (34 bytes).
    Removing fm33lg0xx_fl_divas.o(.rev16_text), (4 bytes).
    Removing fm33lg0xx_fl_divas.o(.revsh_text), (4 bytes).
    Removing fm33lg0xx_fl_divas.o(i.FL_DIVAS_DeInit), (168 bytes).
    Removing fm33lg0xx_fl_divas.o(i.FL_DIVAS_Hdiv_Calculation), (128 bytes).
    Removing fm33lg0xx_fl_divas.o(i.FL_DIVAS_Init), (56 bytes).
    Removing fm33lg0xx_fl_divas.o(i.FL_DIVAS_IsActiveFlag_Busy), (16 bytes).
    Removing fm33lg0xx_fl_divas.o(i.FL_DIVAS_Root_Calculation), (68 bytes).
    Removing fm33lg0xx_fl_divas.o(i.FL_DIVAS_SetMode), (12 bytes).
    Removing fm33lg0xx_fl_divas.o(i.FL_DIVAS_WriteOperand), (4 bytes).
    Removing fm33lg0xx_fl_dma.o(.rev16_text), (4 bytes).
    Removing fm33lg0xx_fl_dma.o(.revsh_text), (4 bytes).
    Removing fm33lg0xx_fl_dma.o(i.FL_DMA_DeInit), (108 bytes).
    Removing fm33lg0xx_fl_dma.o(i.FL_DMA_Init), (740 bytes).
    Removing fm33lg0xx_fl_dma.o(i.FL_DMA_StartTransmission), (172 bytes).
    Removing fm33lg0xx_fl_dma.o(i.FL_DMA_StructInit), (20 bytes).
    Removing fm33lg0xx_fl_exti.o(.rev16_text), (4 bytes).
    Removing fm33lg0xx_fl_exti.o(.revsh_text), (4 bytes).
    Removing fm33lg0xx_fl_exti.o(i.FL_EXTI_CommonDeinit), (24 bytes).
    Removing fm33lg0xx_fl_exti.o(i.FL_EXTI_CommonInit), (96 bytes).
    Removing fm33lg0xx_fl_exti.o(i.FL_EXTI_CommonStructInit), (8 bytes).
    Removing fm33lg0xx_fl_exti.o(i.FL_EXTI_DeInit), (192 bytes).
    Removing fm33lg0xx_fl_exti.o(i.FL_EXTI_Init), (448 bytes).
    Removing fm33lg0xx_fl_exti.o(i.FL_EXTI_StructInit), (10 bytes).
    Removing fm33lg0xx_fl_exti.o(i.FL_GPIO_ClearFlag_EXTI), (8 bytes).
    Removing fm33lg0xx_fl_exti.o(i.FL_GPIO_DisableDigitalFilter), (12 bytes).
    Removing fm33lg0xx_fl_exti.o(i.FL_GPIO_SetExtiLine0), (12 bytes).
    Removing fm33lg0xx_fl_exti.o(i.FL_GPIO_SetExtiLine1), (12 bytes).
    Removing fm33lg0xx_fl_exti.o(i.FL_GPIO_SetExtiLine10), (14 bytes).
    Removing fm33lg0xx_fl_exti.o(i.FL_GPIO_SetExtiLine11), (14 bytes).
    Removing fm33lg0xx_fl_exti.o(i.FL_GPIO_SetExtiLine12), (14 bytes).
    Removing fm33lg0xx_fl_exti.o(i.FL_GPIO_SetExtiLine13), (14 bytes).
    Removing fm33lg0xx_fl_exti.o(i.FL_GPIO_SetExtiLine14), (14 bytes).
    Removing fm33lg0xx_fl_exti.o(i.FL_GPIO_SetExtiLine15), (12 bytes).
    Removing fm33lg0xx_fl_exti.o(i.FL_GPIO_SetExtiLine16), (12 bytes).
    Removing fm33lg0xx_fl_exti.o(i.FL_GPIO_SetExtiLine17), (12 bytes).
    Removing fm33lg0xx_fl_exti.o(i.FL_GPIO_SetExtiLine18), (12 bytes).
    Removing fm33lg0xx_fl_exti.o(i.FL_GPIO_SetExtiLine2), (12 bytes).
    Removing fm33lg0xx_fl_exti.o(i.FL_GPIO_SetExtiLine3), (12 bytes).
    Removing fm33lg0xx_fl_exti.o(i.FL_GPIO_SetExtiLine4), (14 bytes).
    Removing fm33lg0xx_fl_exti.o(i.FL_GPIO_SetExtiLine5), (14 bytes).
    Removing fm33lg0xx_fl_exti.o(i.FL_GPIO_SetExtiLine6), (14 bytes).
    Removing fm33lg0xx_fl_exti.o(i.FL_GPIO_SetExtiLine7), (14 bytes).
    Removing fm33lg0xx_fl_exti.o(i.FL_GPIO_SetExtiLine8), (14 bytes).
    Removing fm33lg0xx_fl_exti.o(i.FL_GPIO_SetExtiLine9), (14 bytes).
    Removing fm33lg0xx_fl_exti.o(i.FL_GPIO_SetTriggerEdge0), (26 bytes).
    Removing fm33lg0xx_fl_exti.o(i.FL_GPIO_SetTriggerEdge1), (26 bytes).
    Removing fm33lg0xx_fl_exti.o(.constdata), (84 bytes).
    Removing fm33lg0xx_fl_flash.o(.rev16_text), (4 bytes).
    Removing fm33lg0xx_fl_flash.o(.revsh_text), (4 bytes).
    Removing fm33lg0xx_fl_flash.o(i.FL_CMU_DisableGroup2BusClock), (16 bytes).
    Removing fm33lg0xx_fl_flash.o(i.FL_CMU_DisableGroup3OperationClock), (16 bytes).
    Removing fm33lg0xx_fl_flash.o(i.FL_CMU_EnableGroup2BusClock), (16 bytes).
    Removing fm33lg0xx_fl_flash.o(i.FL_CMU_EnableGroup3OperationClock), (16 bytes).
    Removing fm33lg0xx_fl_flash.o(i.FL_DMA_ClearFlag_TransferComplete), (10 bytes).
    Removing fm33lg0xx_fl_flash.o(i.FL_DMA_EnableChannel), (38 bytes).
    Removing fm33lg0xx_fl_flash.o(i.FL_DMA_IsActiveFlag_TransferComplete), (30 bytes).
    Removing fm33lg0xx_fl_flash.o(i.FL_DMA_WriteFlashAddress), (12 bytes).
    Removing fm33lg0xx_fl_flash.o(i.FL_DMA_WriteMemoryAddress), (40 bytes).
    Removing fm33lg0xx_fl_flash.o(i.FL_DMA_WriteTransmissionSize), (48 bytes).
    Removing fm33lg0xx_fl_flash.o(i.FL_FLASH_ClearFlag_AuthenticationError), (8 bytes).
    Removing fm33lg0xx_fl_flash.o(i.FL_FLASH_ClearFlag_ClockError), (8 bytes).
    Removing fm33lg0xx_fl_flash.o(i.FL_FLASH_ClearFlag_EraseComplete), (6 bytes).
    Removing fm33lg0xx_fl_flash.o(i.FL_FLASH_EnableErase), (18 bytes).
    Removing fm33lg0xx_fl_flash.o(i.FL_FLASH_EnableProgram), (18 bytes).
    Removing fm33lg0xx_fl_flash.o(i.FL_FLASH_GetFlashLockStatus), (12 bytes).
    Removing fm33lg0xx_fl_flash.o(i.FL_FLASH_IsActiveFlag_AuthenticationError), (14 bytes).
    Removing fm33lg0xx_fl_flash.o(i.FL_FLASH_IsActiveFlag_ClockError), (14 bytes).
    Removing fm33lg0xx_fl_flash.o(i.FL_FLASH_IsActiveFlag_EraseComplete), (16 bytes).
    Removing fm33lg0xx_fl_flash.o(i.FL_FLASH_IsActiveFlag_KeyError), (14 bytes).
    Removing fm33lg0xx_fl_flash.o(i.FL_FLASH_IsActiveFlag_ProgramComplete), (12 bytes).
    Removing fm33lg0xx_fl_flash.o(i.FL_FLASH_LockFlash), (8 bytes).
    Removing fm33lg0xx_fl_flash.o(i.FL_FLASH_PageErase), (296 bytes).
    Removing fm33lg0xx_fl_flash.o(i.FL_FLASH_Program_Page), (308 bytes).
    Removing fm33lg0xx_fl_flash.o(i.FL_FLASH_Program_Sector), (304 bytes).
    Removing fm33lg0xx_fl_flash.o(i.FL_FLASH_Program_Word), (288 bytes).
    Removing fm33lg0xx_fl_flash.o(i.FL_FLASH_Read_Dma), (220 bytes).
    Removing fm33lg0xx_fl_flash.o(i.FL_FLASH_SectorErase), (300 bytes).
    Removing fm33lg0xx_fl_flash.o(i.FL_FLASH_SetFlashEraseType), (14 bytes).
    Removing fm33lg0xx_fl_flash.o(i.FL_FLASH_UnlockFlash), (4 bytes).
    Removing fm33lg0xx_fl_flash.o(i.FL_FLASH_Write_Dma), (300 bytes).
    Removing fm33lg0xx_fl_flash.o(i.__get_PRIMASK), (6 bytes).
    Removing fm33lg0xx_fl_flash.o(i.__set_PRIMASK), (6 bytes).
    Removing fm33lg0xx_fl_gpio.o(.rev16_text), (4 bytes).
    Removing fm33lg0xx_fl_gpio.o(.revsh_text), (4 bytes).
    Removing fm33lg0xx_fl_gpio.o(i.FL_GPIO_ALLPIN_LPM_MODE), (68 bytes).
    Removing fm33lg0xx_fl_gpio.o(i.FL_GPIO_DeInit), (184 bytes).
    Removing fm33lg0xx_fl_gpio.o(i.FL_GPIO_StructInit), (28 bytes).
    Removing fm33lg0xx_fl_gpio.o(i.FL_WKUP_DeInit), (92 bytes).
    Removing fm33lg0xx_fl_gpio.o(i.FL_WKUP_Init), (168 bytes).
    Removing fm33lg0xx_fl_gpio.o(i.FL_WKUP_StructInit), (6 bytes).
    Removing fm33lg0xx_fl_gptim.o(.rev16_text), (4 bytes).
    Removing fm33lg0xx_fl_gptim.o(.revsh_text), (4 bytes).
    Removing fm33lg0xx_fl_gptim.o(i.FL_CMU_DisableGroup4BusClock), (16 bytes).
    Removing fm33lg0xx_fl_gptim.o(i.FL_CMU_EnableGroup4BusClock), (16 bytes).
    Removing fm33lg0xx_fl_gptim.o(i.FL_GPTIM_CC_SetChannelMode), (80 bytes).
    Removing fm33lg0xx_fl_gptim.o(i.FL_GPTIM_DeInit), (180 bytes).
    Removing fm33lg0xx_fl_gptim.o(i.FL_GPTIM_ETR_Init), (396 bytes).
    Removing fm33lg0xx_fl_gptim.o(i.FL_GPTIM_ETR_StructInit), (12 bytes).
    Removing fm33lg0xx_fl_gptim.o(i.FL_GPTIM_GenerateUpdateEvent), (10 bytes).
    Removing fm33lg0xx_fl_gptim.o(i.FL_GPTIM_IC_Init), (752 bytes).
    Removing fm33lg0xx_fl_gptim.o(i.FL_GPTIM_IC_StructInit), (18 bytes).
    Removing fm33lg0xx_fl_gptim.o(i.FL_GPTIM_Init), (364 bytes).
    Removing fm33lg0xx_fl_gptim.o(i.FL_GPTIM_OC_Init), (504 bytes).
    Removing fm33lg0xx_fl_gptim.o(i.FL_GPTIM_OC_StructInit), (16 bytes).
    Removing fm33lg0xx_fl_gptim.o(i.FL_GPTIM_SetCounterAlignedMode), (12 bytes).
    Removing fm33lg0xx_fl_gptim.o(i.FL_GPTIM_SetSlaveMode), (12 bytes).
    Removing fm33lg0xx_fl_gptim.o(i.FL_GPTIM_SlaveMode_Init), (360 bytes).
    Removing fm33lg0xx_fl_gptim.o(i.FL_GPTIM_SlaveMode_StructInit), (16 bytes).
    Removing fm33lg0xx_fl_gptim.o(i.FL_GPTIM_StructInit), (24 bytes).
    Removing fm33lg0xx_fl_gptim.o(i.FL_RMU_DisableResetAPBPeripheral), (34 bytes).
    Removing fm33lg0xx_fl_gptim.o(i.FL_RMU_EnableResetAPBPeripheral), (34 bytes).
    Removing fm33lg0xx_fl_gptim.o(i.OCConfig), (416 bytes).
    Removing fm33lg0xx_fl_i2c.o(.rev16_text), (4 bytes).
    Removing fm33lg0xx_fl_i2c.o(.revsh_text), (4 bytes).
    Removing fm33lg0xx_fl_i2c.o(i.FL_CMU_EnableGroup3BusClock), (16 bytes).
    Removing fm33lg0xx_fl_i2c.o(i.FL_I2C_DeInit), (188 bytes).
    Removing fm33lg0xx_fl_i2c.o(i.FL_I2C_MasterMode_Init), (364 bytes).
    Removing fm33lg0xx_fl_i2c.o(i.FL_I2C_MasterMode_StructInit), (16 bytes).
    Removing fm33lg0xx_fl_i2c.o(i.FL_I2C_SlaveMode_Init), (284 bytes).
    Removing fm33lg0xx_fl_i2c.o(i.FL_I2C_SlaveMode_StructInit), (16 bytes).
    Removing fm33lg0xx_fl_i2c.o(i.FL_I2C_Slave_WriteSlaveAddress), (12 bytes).
    Removing fm33lg0xx_fl_iwdt.o(.rev16_text), (4 bytes).
    Removing fm33lg0xx_fl_iwdt.o(.revsh_text), (4 bytes).
    Removing fm33lg0xx_fl_iwdt.o(i.FL_IWDT_DeInit), (36 bytes).
    Removing fm33lg0xx_fl_lcd.o(.rev16_text), (4 bytes).
    Removing fm33lg0xx_fl_lcd.o(.revsh_text), (4 bytes).
    Removing fm33lg0xx_fl_lcd.o(i.FL_LCD_4COMDisplay), (74 bytes).
    Removing fm33lg0xx_fl_lcd.o(i.FL_LCD_6COMDisplay), (74 bytes).
    Removing fm33lg0xx_fl_lcd.o(i.FL_LCD_8COMDisplay), (74 bytes).
    Removing fm33lg0xx_fl_lcd.o(i.FL_LCD_DeInit), (168 bytes).
    Removing fm33lg0xx_fl_lcd.o(i.FL_LCD_DisplayFreq), (196 bytes).
    Removing fm33lg0xx_fl_lcd.o(i.FL_LCD_FlickTime), (124 bytes).
    Removing fm33lg0xx_fl_lcd.o(i.FL_LCD_GetCOMNumber), (10 bytes).
    Removing fm33lg0xx_fl_lcd.o(i.FL_LCD_Init), (620 bytes).
    Removing fm33lg0xx_fl_lcd.o(i.FL_LCD_ReadDisplayFrequency), (8 bytes).
    Removing fm33lg0xx_fl_lcd.o(i.FL_LCD_StructInit), (40 bytes).
    Removing fm33lg0xx_fl_lptim16.o(.rev16_text), (4 bytes).
    Removing fm33lg0xx_fl_lptim16.o(.revsh_text), (4 bytes).
    Removing fm33lg0xx_fl_lptim16.o(i.FL_LPTIM16_DeInit), (184 bytes).
    Removing fm33lg0xx_fl_lptim16.o(i.FL_LPTIM16_EnableETRFilter), (12 bytes).
    Removing fm33lg0xx_fl_lptim16.o(i.FL_LPTIM16_IC_Init), (384 bytes).
    Removing fm33lg0xx_fl_lptim16.o(i.FL_LPTIM16_IC_StructInit), (14 bytes).
    Removing fm33lg0xx_fl_lptim16.o(i.FL_LPTIM16_Init), (656 bytes).
    Removing fm33lg0xx_fl_lptim16.o(i.FL_LPTIM16_OC_Init), (208 bytes).
    Removing fm33lg0xx_fl_lptim16.o(i.FL_LPTIM16_OC_StructInit), (8 bytes).
    Removing fm33lg0xx_fl_lptim16.o(i.FL_LPTIM16_SetChannelMode), (42 bytes).
    Removing fm33lg0xx_fl_lptim16.o(i.FL_LPTIM16_SetETRCountEdge), (12 bytes).
    Removing fm33lg0xx_fl_lptim16.o(i.FL_LPTIM16_SetETRTriggerEdge), (12 bytes).
    Removing fm33lg0xx_fl_lptim16.o(i.FL_LPTIM16_StructInit), (22 bytes).
    Removing fm33lg0xx_fl_lptim32.o(.rev16_text), (4 bytes).
    Removing fm33lg0xx_fl_lptim32.o(.revsh_text), (4 bytes).
    Removing fm33lg0xx_fl_lptim32.o(i.FL_LPTIM32_DeInit), (184 bytes).
    Removing fm33lg0xx_fl_lptim32.o(i.FL_LPTIM32_EnableETRFilter), (12 bytes).
    Removing fm33lg0xx_fl_lptim32.o(i.FL_LPTIM32_IC_Init), (312 bytes).
    Removing fm33lg0xx_fl_lptim32.o(i.FL_LPTIM32_IC_StructInit), (8 bytes).
    Removing fm33lg0xx_fl_lptim32.o(i.FL_LPTIM32_Init), (580 bytes).
    Removing fm33lg0xx_fl_lptim32.o(i.FL_LPTIM32_OC_Init), (272 bytes).
    Removing fm33lg0xx_fl_lptim32.o(i.FL_LPTIM32_OC_StructInit), (8 bytes).
    Removing fm33lg0xx_fl_lptim32.o(i.FL_LPTIM32_SetChannelMode), (78 bytes).
    Removing fm33lg0xx_fl_lptim32.o(i.FL_LPTIM32_SetETRCountEdge), (12 bytes).
    Removing fm33lg0xx_fl_lptim32.o(i.FL_LPTIM32_SetETRTriggerEdge), (12 bytes).
    Removing fm33lg0xx_fl_lptim32.o(i.FL_LPTIM32_StructInit), (20 bytes).
    Removing fm33lg0xx_fl_lpuart.o(.rev16_text), (4 bytes).
    Removing fm33lg0xx_fl_lpuart.o(.revsh_text), (4 bytes).
    Removing fm33lg0xx_fl_lpuart.o(i.FL_CMU_DisableGroup3OperationClock), (16 bytes).
    Removing fm33lg0xx_fl_lpuart.o(i.FL_CMU_EnableGroup3BusClock), (16 bytes).
    Removing fm33lg0xx_fl_lpuart.o(i.FL_CMU_EnableGroup3OperationClock), (16 bytes).
    Removing fm33lg0xx_fl_lpuart.o(i.FL_CMU_IsEnabledGroup3BusClock), (24 bytes).
    Removing fm33lg0xx_fl_lpuart.o(i.FL_LPUART_DeInit), (208 bytes).
    Removing fm33lg0xx_fl_lpuart.o(i.FL_LPUART_Init), (736 bytes).
    Removing fm33lg0xx_fl_lpuart.o(i.FL_LPUART_StructInit), (24 bytes).
    Removing fm33lg0xx_fl_lpuart.o(i.FL_RMU_DisableResetAPBPeripheral), (34 bytes).
    Removing fm33lg0xx_fl_lpuart.o(i.FL_RMU_EnableResetAPBPeripheral), (34 bytes).
    Removing fm33lg0xx_fl_opa.o(.rev16_text), (4 bytes).
    Removing fm33lg0xx_fl_opa.o(.revsh_text), (4 bytes).
    Removing fm33lg0xx_fl_opa.o(i.FL_OPA_DeInit), (168 bytes).
    Removing fm33lg0xx_fl_opa.o(i.FL_OPA_Init), (452 bytes).
    Removing fm33lg0xx_fl_opa.o(i.FL_OPA_StructInit), (22 bytes).
    Removing fm33lg0xx_fl_pgl.o(.rev16_text), (4 bytes).
    Removing fm33lg0xx_fl_pgl.o(.revsh_text), (4 bytes).
    Removing fm33lg0xx_fl_pgl.o(i.FL_PGL_DeInit), (168 bytes).
    Removing fm33lg0xx_fl_pgl.o(i.FL_PGL_EnableLUTInputMask), (78 bytes).
    Removing fm33lg0xx_fl_pgl.o(i.FL_PGL_LUT_Init), (608 bytes).
    Removing fm33lg0xx_fl_pgl.o(i.FL_PGL_SetLUTEffectiveEdge), (94 bytes).
    Removing fm33lg0xx_fl_pgl.o(i.FL_PGL_SetLUTInputSource), (140 bytes).
    Removing fm33lg0xx_fl_pgl.o(i.FL_PGL_SetLUTOutputMode), (92 bytes).
    Removing fm33lg0xx_fl_pgl.o(i.FL_PGL_StructInit), (24 bytes).
    Removing fm33lg0xx_fl_pmu.o(.rev16_text), (4 bytes).
    Removing fm33lg0xx_fl_pmu.o(.revsh_text), (4 bytes).
    Removing fm33lg0xx_fl_pmu.o(i.FL_PMU_Sleep_DeInit), (56 bytes).
    Removing fm33lg0xx_fl_pmu.o(i.FL_PMU_Sleep_Init), (332 bytes).
    Removing fm33lg0xx_fl_pmu.o(i.FL_PMU_StructInit), (22 bytes).
    Removing fm33lg0xx_fl_rng.o(.rev16_text), (4 bytes).
    Removing fm33lg0xx_fl_rng.o(.revsh_text), (4 bytes).
    Removing fm33lg0xx_fl_rng.o(i.FL_CMU_SetRNGPrescaler), (24 bytes).
    Removing fm33lg0xx_fl_rng.o(i.FL_RNG_ClearFlag_CRCComplete), (10 bytes).
    Removing fm33lg0xx_fl_rng.o(i.FL_RNG_DeInit), (168 bytes).
    Removing fm33lg0xx_fl_rng.o(i.FL_RNG_Disable), (10 bytes).
    Removing fm33lg0xx_fl_rng.o(i.FL_RNG_Init), (188 bytes).
    Removing fm33lg0xx_fl_rng.o(i.GetCrc32), (132 bytes).
    Removing fm33lg0xx_fl_rng.o(i.GetRandomNumber), (92 bytes).
    Removing fm33lg0xx_fl_rtca.o(.rev16_text), (4 bytes).
    Removing fm33lg0xx_fl_rtca.o(.revsh_text), (4 bytes).
    Removing fm33lg0xx_fl_rtca.o(i.FL_RTCA_ConfigTime), (128 bytes).
    Removing fm33lg0xx_fl_rtca.o(i.FL_RTCA_DeInit), (76 bytes).
    Removing fm33lg0xx_fl_rtca.o(i.FL_RTCA_GetTime), (74 bytes).
    Removing fm33lg0xx_fl_rtca.o(i.FL_RTCA_Init), (64 bytes).
    Removing fm33lg0xx_fl_rtca.o(i.FL_RTCA_StructInit), (18 bytes).
    Removing fm33lg0xx_fl_rtcb.o(.rev16_text), (4 bytes).
    Removing fm33lg0xx_fl_rtcb.o(.revsh_text), (4 bytes).
    Removing fm33lg0xx_fl_rtcb.o(i.FL_RTCB_ConfigTime), (128 bytes).
    Removing fm33lg0xx_fl_rtcb.o(i.FL_RTCB_DeInit), (88 bytes).
    Removing fm33lg0xx_fl_rtcb.o(i.FL_RTCB_GetTime), (74 bytes).
    Removing fm33lg0xx_fl_rtcb.o(i.FL_RTCB_Init), (56 bytes).
    Removing fm33lg0xx_fl_rtcb.o(i.FL_RTCB_StructInit), (18 bytes).
    Removing fm33lg0xx_fl_spi.o(.rev16_text), (4 bytes).
    Removing fm33lg0xx_fl_spi.o(.revsh_text), (4 bytes).
    Removing fm33lg0xx_fl_spi.o(i.FL_CMU_DisableGroup3BusClock), (16 bytes).
    Removing fm33lg0xx_fl_spi.o(i.FL_CMU_EnableGroup3BusClock), (16 bytes).
    Removing fm33lg0xx_fl_spi.o(i.FL_RMU_DisableResetAPBPeripheral), (34 bytes).
    Removing fm33lg0xx_fl_spi.o(i.FL_RMU_EnableResetAPBPeripheral), (34 bytes).
    Removing fm33lg0xx_fl_spi.o(i.FL_SPI_DeInit), (192 bytes).
    Removing fm33lg0xx_fl_spi.o(i.FL_SPI_Init), (496 bytes).
    Removing fm33lg0xx_fl_spi.o(i.FL_SPI_StructInit), (28 bytes).
    Removing fm33lg0xx_fl_svd.o(.rev16_text), (4 bytes).
    Removing fm33lg0xx_fl_svd.o(.revsh_text), (4 bytes).
    Removing fm33lg0xx_fl_svd.o(i.FL_SVD_DeInit), (168 bytes).
    Removing fm33lg0xx_fl_svd.o(i.FL_SVD_Init), (416 bytes).
    Removing fm33lg0xx_fl_svd.o(i.FL_SVD_StructInit), (18 bytes).
    Removing fm33lg0xx_fl_u7816.o(.rev16_text), (4 bytes).
    Removing fm33lg0xx_fl_u7816.o(.revsh_text), (4 bytes).
    Removing fm33lg0xx_fl_u7816.o(i.FL_U7816_DeInit), (168 bytes).
    Removing fm33lg0xx_fl_u7816.o(i.FL_U7816_Init), (648 bytes).
    Removing fm33lg0xx_fl_u7816.o(i.FL_U7816_StructInit), (52 bytes).
    Removing fm33lg0xx_fl_uart.o(.rev16_text), (4 bytes).
    Removing fm33lg0xx_fl_uart.o(.revsh_text), (4 bytes).
    Removing fm33lg0xx_fl_uart.o(i.FL_CMU_DisableGroup3BusClock), (16 bytes).
    Removing fm33lg0xx_fl_uart.o(i.FL_CMU_DisableGroup3OperationClock), (16 bytes).
    Removing fm33lg0xx_fl_uart.o(i.FL_RMU_DisableResetAPBPeripheral), (34 bytes).
    Removing fm33lg0xx_fl_uart.o(i.FL_RMU_EnableResetAPBPeripheral), (34 bytes).
    Removing fm33lg0xx_fl_uart.o(i.FL_UART_DeInit), (272 bytes).
    Removing fm33lg0xx_fl_uart.o(i.FL_UART_InfraRed_Init), (480 bytes).
    Removing fm33lg0xx_fl_uart.o(i.FL_UART_InfraRed_StructInit), (20 bytes).
    Removing fm33lg0xx_fl_uart.o(i.FL_UART_StructInit), (28 bytes).
    Removing fm33lg0xx_fl_vao.o(.rev16_text), (4 bytes).
    Removing fm33lg0xx_fl_vao.o(.revsh_text), (4 bytes).
    Removing fm33lg0xx_fl_vao.o(i.FL_CDIF_EnableCPUToVAO), (10 bytes).
    Removing fm33lg0xx_fl_vao.o(i.FL_CDIF_EnableVAOToCPU), (10 bytes).
    Removing fm33lg0xx_fl_vao.o(i.FL_VAO_DeInit), (92 bytes).
    Removing fm33lg0xx_fl_vao.o(i.FL_VAO_IO_Init), (400 bytes).
    Removing fm33lg0xx_fl_vao.o(i.FL_VAO_IO_StructInit), (16 bytes).
    Removing fm33lg0xx_fl_vao.o(i.FL_VAO_XTLF_Init), (288 bytes).
    Removing fm33lg0xx_fl_vao.o(i.FL_VAO_XTLF_StructInit), (10 bytes).
    Removing fm33lg0xx_fl_wwdt.o(.rev16_text), (4 bytes).
    Removing fm33lg0xx_fl_wwdt.o(.revsh_text), (4 bytes).
    Removing fm33lg0xx_fl_wwdt.o(i.FL_WWDT_DeInit), (36 bytes).
    Removing fm33lg0xx_fl_wwdt.o(i.FL_WWDT_Init), (144 bytes).
    Removing fm33lg0xx_fl_wwdt.o(i.FL_WWDT_StructInit), (6 bytes).
    Removing fm33lg0xx_fl_vrefp.o(.rev16_text), (4 bytes).
    Removing fm33lg0xx_fl_vrefp.o(.revsh_text), (4 bytes).
    Removing fm33lg0xx_fl_vrefp.o(i.FL_VREFP_DeInit), (36 bytes).
    Removing fm33lg0xx_fl_vrefp.o(i.FL_VREFP_Init), (436 bytes).
    Removing fm33lg0xx_fl_vrefp.o(i.FL_VREFP_StructInit), (28 bytes).
    Removing fadd.o(.text), (178 bytes).
    Removing fmul.o(.text), (122 bytes).
    Removing fdiv.o(.text), (124 bytes).
    Removing dadd.o(.text), (360 bytes).
    Removing dmul.o(.text), (208 bytes).
    Removing ddiv.o(.text), (240 bytes).
    Removing ffltui.o(.text), (14 bytes).
    Removing dfltui.o(.text), (28 bytes).
    Removing ffixui.o(.text), (40 bytes).
    Removing dfixui.o(.text), (60 bytes).
    Removing cfcmple.o(.text), (20 bytes).
    Removing fepilogue.o(.text), (130 bytes).
    Removing depilogue.o(.text), (190 bytes).
    Removing dfixul.o(.text), (64 bytes).
    Removing cdrcmple.o(.text), (40 bytes).
    Removing adc_chk.o(i.__ARM_common_ll_muluu), (48 bytes).
    Removing depilogue.o(i.__ARM_clz), (46 bytes).

434 unused section(s) (total 38744 bytes) removed from the image.

==============================================================================

Image Symbol Table

    Local Symbols

    Symbol Name                              Value     Ov Type        Size  Object(Section)

    RESET                                    0x00000000   Section      192  startup_fm33lg0xx.o(RESET)
    ../clib/microlib/division.c              0x00000000   Number         0  uldiv.o ABSOLUTE
    ../clib/microlib/division.c              0x00000000   Number         0  idiv.o ABSOLUTE
    ../clib/microlib/division.c              0x00000000   Number         0  uidiv.o ABSOLUTE
    ../clib/microlib/init/entry.s            0x00000000   Number         0  entry7a.o ABSOLUTE
    ../clib/microlib/init/entry.s            0x00000000   Number         0  entry7b.o ABSOLUTE
    ../clib/microlib/init/entry.s            0x00000000   Number         0  entry10a.o ABSOLUTE
    ../clib/microlib/init/entry.s            0x00000000   Number         0  entry9a.o ABSOLUTE
    ../clib/microlib/init/entry.s            0x00000000   Number         0  entry.o ABSOLUTE
    ../clib/microlib/init/entry.s            0x00000000   Number         0  entry8b.o ABSOLUTE
    ../clib/microlib/init/entry.s            0x00000000   Number         0  entry8a.o ABSOLUTE
    ../clib/microlib/init/entry.s            0x00000000   Number         0  entry5.o ABSOLUTE
    ../clib/microlib/init/entry.s            0x00000000   Number         0  entry2.o ABSOLUTE
    ../clib/microlib/init/entry.s            0x00000000   Number         0  entry9b.o ABSOLUTE
    ../clib/microlib/init/entry.s            0x00000000   Number         0  entry11a.o ABSOLUTE
    ../clib/microlib/init/entry.s            0x00000000   Number         0  entry12b.o ABSOLUTE
    ../clib/microlib/init/entry.s            0x00000000   Number         0  entry12a.o ABSOLUTE
    ../clib/microlib/init/entry.s            0x00000000   Number         0  entry11b.o ABSOLUTE
    ../clib/microlib/init/entry.s            0x00000000   Number         0  entry10b.o ABSOLUTE
    ../clib/microlib/longlong.c              0x00000000   Number         0  llmul.o ABSOLUTE
    ../clib/microlib/longlong.c              0x00000000   Number         0  llsshr.o ABSOLUTE
    ../clib/microlib/longlong.c              0x00000000   Number         0  llushr.o ABSOLUTE
    ../clib/microlib/longlong.c              0x00000000   Number         0  llshl.o ABSOLUTE
    ../clib/microlib/printf/printf.c         0x00000000   Number         0  printfa.o ABSOLUTE
    ../clib/microlib/stdio/fputc.c           0x00000000   Number         0  fputc.o ABSOLUTE
    ../clib/microlib/stdio/semi.s            0x00000000   Number         0  semi.o ABSOLUTE
    ../clib/microlib/stdio/streams.c         0x00000000   Number         0  stdout.o ABSOLUTE
    ../clib/microlib/string/memcpy.c         0x00000000   Number         0  memcpya.o ABSOLUTE
    ../clib/microlib/string/memcpy.c         0x00000000   Number         0  memcpyb.o ABSOLUTE
    ../clib/microlib/string/memset.c         0x00000000   Number         0  memseta.o ABSOLUTE
    ../clib/microlib/stubs.s                 0x00000000   Number         0  iusesemip.o ABSOLUTE
    ../clib/microlib/stubs.s                 0x00000000   Number         0  iusefp.o ABSOLUTE
    ../fplib/microlib/fpadd.c                0x00000000   Number         0  fadd.o ABSOLUTE
    ../fplib/microlib/fpadd.c                0x00000000   Number         0  dadd.o ABSOLUTE
    ../fplib/microlib/fpdiv.c                0x00000000   Number         0  fdiv.o ABSOLUTE
    ../fplib/microlib/fpdiv.c                0x00000000   Number         0  ddiv.o ABSOLUTE
    ../fplib/microlib/fpepilogue.c           0x00000000   Number         0  depilogue.o ABSOLUTE
    ../fplib/microlib/fpepilogue.c           0x00000000   Number         0  fepilogue.o ABSOLUTE
    ../fplib/microlib/fpfix.c                0x00000000   Number         0  ffixui.o ABSOLUTE
    ../fplib/microlib/fpfix.c                0x00000000   Number         0  dfixui.o ABSOLUTE
    ../fplib/microlib/fpfix.c                0x00000000   Number         0  dfixul.o ABSOLUTE
    ../fplib/microlib/fpflt.c                0x00000000   Number         0  dfltui.o ABSOLUTE
    ../fplib/microlib/fpflt.c                0x00000000   Number         0  ffltui.o ABSOLUTE
    ../fplib/microlib/fpmul.c                0x00000000   Number         0  fmul.o ABSOLUTE
    ../fplib/microlib/fpmul.c                0x00000000   Number         0  dmul.o ABSOLUTE
    ..\Drivers\CMSIS\Device\FM\FM33xx\Source\Templates\ARM\startup_fm33lg0xx.s 0x00000000   Number         0  startup_fm33lg0xx.o ABSOLUTE
    ..\Drivers\CMSIS\Device\FM\FM33xx\Source\system_fm33lg0xx.c 0x00000000   Number         0  system_fm33lg0xx.o ABSOLUTE
    ..\Drivers\FM33LG0xx_FL_Driver\Src\fm33lg0xx_fl.c 0x00000000   Number         0  fm33lg0xx_fl.o ABSOLUTE
    ..\Drivers\FM33LG0xx_FL_Driver\Src\fm33lg0xx_fl_adc.c 0x00000000   Number         0  fm33lg0xx_fl_adc.o ABSOLUTE
    ..\Drivers\FM33LG0xx_FL_Driver\Src\fm33lg0xx_fl_aes.c 0x00000000   Number         0  fm33lg0xx_fl_aes.o ABSOLUTE
    ..\Drivers\FM33LG0xx_FL_Driver\Src\fm33lg0xx_fl_atim.c 0x00000000   Number         0  fm33lg0xx_fl_atim.o ABSOLUTE
    ..\Drivers\FM33LG0xx_FL_Driver\Src\fm33lg0xx_fl_bstim16.c 0x00000000   Number         0  fm33lg0xx_fl_bstim16.o ABSOLUTE
    ..\Drivers\FM33LG0xx_FL_Driver\Src\fm33lg0xx_fl_bstim32.c 0x00000000   Number         0  fm33lg0xx_fl_bstim32.o ABSOLUTE
    ..\Drivers\FM33LG0xx_FL_Driver\Src\fm33lg0xx_fl_can.c 0x00000000   Number         0  fm33lg0xx_fl_can.o ABSOLUTE
    ..\Drivers\FM33LG0xx_FL_Driver\Src\fm33lg0xx_fl_cmu.c 0x00000000   Number         0  fm33lg0xx_fl_cmu.o ABSOLUTE
    ..\Drivers\FM33LG0xx_FL_Driver\Src\fm33lg0xx_fl_comp.c 0x00000000   Number         0  fm33lg0xx_fl_comp.o ABSOLUTE
    ..\Drivers\FM33LG0xx_FL_Driver\Src\fm33lg0xx_fl_crc.c 0x00000000   Number         0  fm33lg0xx_fl_crc.o ABSOLUTE
    ..\Drivers\FM33LG0xx_FL_Driver\Src\fm33lg0xx_fl_dac.c 0x00000000   Number         0  fm33lg0xx_fl_dac.o ABSOLUTE
    ..\Drivers\FM33LG0xx_FL_Driver\Src\fm33lg0xx_fl_divas.c 0x00000000   Number         0  fm33lg0xx_fl_divas.o ABSOLUTE
    ..\Drivers\FM33LG0xx_FL_Driver\Src\fm33lg0xx_fl_dma.c 0x00000000   Number         0  fm33lg0xx_fl_dma.o ABSOLUTE
    ..\Drivers\FM33LG0xx_FL_Driver\Src\fm33lg0xx_fl_exti.c 0x00000000   Number         0  fm33lg0xx_fl_exti.o ABSOLUTE
    ..\Drivers\FM33LG0xx_FL_Driver\Src\fm33lg0xx_fl_flash.c 0x00000000   Number         0  fm33lg0xx_fl_flash.o ABSOLUTE
    ..\Drivers\FM33LG0xx_FL_Driver\Src\fm33lg0xx_fl_gpio.c 0x00000000   Number         0  fm33lg0xx_fl_gpio.o ABSOLUTE
    ..\Drivers\FM33LG0xx_FL_Driver\Src\fm33lg0xx_fl_gptim.c 0x00000000   Number         0  fm33lg0xx_fl_gptim.o ABSOLUTE
    ..\Drivers\FM33LG0xx_FL_Driver\Src\fm33lg0xx_fl_i2c.c 0x00000000   Number         0  fm33lg0xx_fl_i2c.o ABSOLUTE
    ..\Drivers\FM33LG0xx_FL_Driver\Src\fm33lg0xx_fl_iwdt.c 0x00000000   Number         0  fm33lg0xx_fl_iwdt.o ABSOLUTE
    ..\Drivers\FM33LG0xx_FL_Driver\Src\fm33lg0xx_fl_lcd.c 0x00000000   Number         0  fm33lg0xx_fl_lcd.o ABSOLUTE
    ..\Drivers\FM33LG0xx_FL_Driver\Src\fm33lg0xx_fl_lptim16.c 0x00000000   Number         0  fm33lg0xx_fl_lptim16.o ABSOLUTE
    ..\Drivers\FM33LG0xx_FL_Driver\Src\fm33lg0xx_fl_lptim32.c 0x00000000   Number         0  fm33lg0xx_fl_lptim32.o ABSOLUTE
    ..\Drivers\FM33LG0xx_FL_Driver\Src\fm33lg0xx_fl_lpuart.c 0x00000000   Number         0  fm33lg0xx_fl_lpuart.o ABSOLUTE
    ..\Drivers\FM33LG0xx_FL_Driver\Src\fm33lg0xx_fl_opa.c 0x00000000   Number         0  fm33lg0xx_fl_opa.o ABSOLUTE
    ..\Drivers\FM33LG0xx_FL_Driver\Src\fm33lg0xx_fl_pgl.c 0x00000000   Number         0  fm33lg0xx_fl_pgl.o ABSOLUTE
    ..\Drivers\FM33LG0xx_FL_Driver\Src\fm33lg0xx_fl_pmu.c 0x00000000   Number         0  fm33lg0xx_fl_pmu.o ABSOLUTE
    ..\Drivers\FM33LG0xx_FL_Driver\Src\fm33lg0xx_fl_rng.c 0x00000000   Number         0  fm33lg0xx_fl_rng.o ABSOLUTE
    ..\Drivers\FM33LG0xx_FL_Driver\Src\fm33lg0xx_fl_rtca.c 0x00000000   Number         0  fm33lg0xx_fl_rtca.o ABSOLUTE
    ..\Drivers\FM33LG0xx_FL_Driver\Src\fm33lg0xx_fl_rtcb.c 0x00000000   Number         0  fm33lg0xx_fl_rtcb.o ABSOLUTE
    ..\Drivers\FM33LG0xx_FL_Driver\Src\fm33lg0xx_fl_spi.c 0x00000000   Number         0  fm33lg0xx_fl_spi.o ABSOLUTE
    ..\Drivers\FM33LG0xx_FL_Driver\Src\fm33lg0xx_fl_svd.c 0x00000000   Number         0  fm33lg0xx_fl_svd.o ABSOLUTE
    ..\Drivers\FM33LG0xx_FL_Driver\Src\fm33lg0xx_fl_u7816.c 0x00000000   Number         0  fm33lg0xx_fl_u7816.o ABSOLUTE
    ..\Drivers\FM33LG0xx_FL_Driver\Src\fm33lg0xx_fl_uart.c 0x00000000   Number         0  fm33lg0xx_fl_uart.o ABSOLUTE
    ..\Drivers\FM33LG0xx_FL_Driver\Src\fm33lg0xx_fl_vao.c 0x00000000   Number         0  fm33lg0xx_fl_vao.o ABSOLUTE
    ..\Drivers\FM33LG0xx_FL_Driver\Src\fm33lg0xx_fl_vrefp.c 0x00000000   Number         0  fm33lg0xx_fl_vrefp.o ABSOLUTE
    ..\Drivers\FM33LG0xx_FL_Driver\Src\fm33lg0xx_fl_wwdt.c 0x00000000   Number         0  fm33lg0xx_fl_wwdt.o ABSOLUTE
    ..\MF-config\Src\mf_config.c             0x00000000   Number         0  mf_config.o ABSOLUTE
    ..\Src\ADC_CHK.c                         0x00000000   Number         0  adc_chk.o ABSOLUTE
    ..\Src\GPIO.c                            0x00000000   Number         0  gpio.o ABSOLUTE
    ..\Src\LED_CTRL.c                        0x00000000   Number         0  led_ctrl.o ABSOLUTE
    ..\Src\PC_xieyi_Ctrl.c                   0x00000000   Number         0  pc_xieyi_ctrl.o ABSOLUTE
    ..\Src\Test_List.c                       0x00000000   Number         0  test_list.o ABSOLUTE
    ..\Src\WTD.c                             0x00000000   Number         0  wtd.o ABSOLUTE
    ..\Src\ZDINA219.c                        0x00000000   Number         0  zdina219.o ABSOLUTE
    ..\Src\main.c                            0x00000000   Number         0  main.o ABSOLUTE
    ..\Src\time.c                            0x00000000   Number         0  time.o ABSOLUTE
    ..\Src\tongxin_xieyi_Ctrl.c              0x00000000   Number         0  tongxin_xieyi_ctrl.o ABSOLUTE
    ..\Src\uart0.c                           0x00000000   Number         0  uart0.o ABSOLUTE
    ..\Src\uart1.c                           0x00000000   Number         0  uart1.o ABSOLUTE
    ..\Src\uart5.c                           0x00000000   Number         0  uart5.o ABSOLUTE
    ..\\Drivers\\CMSIS\\Device\\FM\\FM33xx\\Source\\system_fm33lg0xx.c 0x00000000   Number         0  system_fm33lg0xx.o ABSOLUTE
    ..\\Drivers\\FM33LG0xx_FL_Driver\\Src\\fm33lg0xx_fl.c 0x00000000   Number         0  fm33lg0xx_fl.o ABSOLUTE
    ..\\Drivers\\FM33LG0xx_FL_Driver\\Src\\fm33lg0xx_fl_adc.c 0x00000000   Number         0  fm33lg0xx_fl_adc.o ABSOLUTE
    ..\\Drivers\\FM33LG0xx_FL_Driver\\Src\\fm33lg0xx_fl_aes.c 0x00000000   Number         0  fm33lg0xx_fl_aes.o ABSOLUTE
    ..\\Drivers\\FM33LG0xx_FL_Driver\\Src\\fm33lg0xx_fl_atim.c 0x00000000   Number         0  fm33lg0xx_fl_atim.o ABSOLUTE
    ..\\Drivers\\FM33LG0xx_FL_Driver\\Src\\fm33lg0xx_fl_bstim16.c 0x00000000   Number         0  fm33lg0xx_fl_bstim16.o ABSOLUTE
    ..\\Drivers\\FM33LG0xx_FL_Driver\\Src\\fm33lg0xx_fl_bstim32.c 0x00000000   Number         0  fm33lg0xx_fl_bstim32.o ABSOLUTE
    ..\\Drivers\\FM33LG0xx_FL_Driver\\Src\\fm33lg0xx_fl_can.c 0x00000000   Number         0  fm33lg0xx_fl_can.o ABSOLUTE
    ..\\Drivers\\FM33LG0xx_FL_Driver\\Src\\fm33lg0xx_fl_cmu.c 0x00000000   Number         0  fm33lg0xx_fl_cmu.o ABSOLUTE
    ..\\Drivers\\FM33LG0xx_FL_Driver\\Src\\fm33lg0xx_fl_comp.c 0x00000000   Number         0  fm33lg0xx_fl_comp.o ABSOLUTE
    ..\\Drivers\\FM33LG0xx_FL_Driver\\Src\\fm33lg0xx_fl_crc.c 0x00000000   Number         0  fm33lg0xx_fl_crc.o ABSOLUTE
    ..\\Drivers\\FM33LG0xx_FL_Driver\\Src\\fm33lg0xx_fl_dac.c 0x00000000   Number         0  fm33lg0xx_fl_dac.o ABSOLUTE
    ..\\Drivers\\FM33LG0xx_FL_Driver\\Src\\fm33lg0xx_fl_divas.c 0x00000000   Number         0  fm33lg0xx_fl_divas.o ABSOLUTE
    ..\\Drivers\\FM33LG0xx_FL_Driver\\Src\\fm33lg0xx_fl_dma.c 0x00000000   Number         0  fm33lg0xx_fl_dma.o ABSOLUTE
    ..\\Drivers\\FM33LG0xx_FL_Driver\\Src\\fm33lg0xx_fl_exti.c 0x00000000   Number         0  fm33lg0xx_fl_exti.o ABSOLUTE
    ..\\Drivers\\FM33LG0xx_FL_Driver\\Src\\fm33lg0xx_fl_flash.c 0x00000000   Number         0  fm33lg0xx_fl_flash.o ABSOLUTE
    ..\\Drivers\\FM33LG0xx_FL_Driver\\Src\\fm33lg0xx_fl_gpio.c 0x00000000   Number         0  fm33lg0xx_fl_gpio.o ABSOLUTE
    ..\\Drivers\\FM33LG0xx_FL_Driver\\Src\\fm33lg0xx_fl_gptim.c 0x00000000   Number         0  fm33lg0xx_fl_gptim.o ABSOLUTE
    ..\\Drivers\\FM33LG0xx_FL_Driver\\Src\\fm33lg0xx_fl_i2c.c 0x00000000   Number         0  fm33lg0xx_fl_i2c.o ABSOLUTE
    ..\\Drivers\\FM33LG0xx_FL_Driver\\Src\\fm33lg0xx_fl_iwdt.c 0x00000000   Number         0  fm33lg0xx_fl_iwdt.o ABSOLUTE
    ..\\Drivers\\FM33LG0xx_FL_Driver\\Src\\fm33lg0xx_fl_lcd.c 0x00000000   Number         0  fm33lg0xx_fl_lcd.o ABSOLUTE
    ..\\Drivers\\FM33LG0xx_FL_Driver\\Src\\fm33lg0xx_fl_lptim16.c 0x00000000   Number         0  fm33lg0xx_fl_lptim16.o ABSOLUTE
    ..\\Drivers\\FM33LG0xx_FL_Driver\\Src\\fm33lg0xx_fl_lptim32.c 0x00000000   Number         0  fm33lg0xx_fl_lptim32.o ABSOLUTE
    ..\\Drivers\\FM33LG0xx_FL_Driver\\Src\\fm33lg0xx_fl_lpuart.c 0x00000000   Number         0  fm33lg0xx_fl_lpuart.o ABSOLUTE
    ..\\Drivers\\FM33LG0xx_FL_Driver\\Src\\fm33lg0xx_fl_opa.c 0x00000000   Number         0  fm33lg0xx_fl_opa.o ABSOLUTE
    ..\\Drivers\\FM33LG0xx_FL_Driver\\Src\\fm33lg0xx_fl_pgl.c 0x00000000   Number         0  fm33lg0xx_fl_pgl.o ABSOLUTE
    ..\\Drivers\\FM33LG0xx_FL_Driver\\Src\\fm33lg0xx_fl_pmu.c 0x00000000   Number         0  fm33lg0xx_fl_pmu.o ABSOLUTE
    ..\\Drivers\\FM33LG0xx_FL_Driver\\Src\\fm33lg0xx_fl_rng.c 0x00000000   Number         0  fm33lg0xx_fl_rng.o ABSOLUTE
    ..\\Drivers\\FM33LG0xx_FL_Driver\\Src\\fm33lg0xx_fl_rtca.c 0x00000000   Number         0  fm33lg0xx_fl_rtca.o ABSOLUTE
    ..\\Drivers\\FM33LG0xx_FL_Driver\\Src\\fm33lg0xx_fl_rtcb.c 0x00000000   Number         0  fm33lg0xx_fl_rtcb.o ABSOLUTE
    ..\\Drivers\\FM33LG0xx_FL_Driver\\Src\\fm33lg0xx_fl_spi.c 0x00000000   Number         0  fm33lg0xx_fl_spi.o ABSOLUTE
    ..\\Drivers\\FM33LG0xx_FL_Driver\\Src\\fm33lg0xx_fl_svd.c 0x00000000   Number         0  fm33lg0xx_fl_svd.o ABSOLUTE
    ..\\Drivers\\FM33LG0xx_FL_Driver\\Src\\fm33lg0xx_fl_u7816.c 0x00000000   Number         0  fm33lg0xx_fl_u7816.o ABSOLUTE
    ..\\Drivers\\FM33LG0xx_FL_Driver\\Src\\fm33lg0xx_fl_uart.c 0x00000000   Number         0  fm33lg0xx_fl_uart.o ABSOLUTE
    ..\\Drivers\\FM33LG0xx_FL_Driver\\Src\\fm33lg0xx_fl_vao.c 0x00000000   Number         0  fm33lg0xx_fl_vao.o ABSOLUTE
    ..\\Drivers\\FM33LG0xx_FL_Driver\\Src\\fm33lg0xx_fl_vrefp.c 0x00000000   Number         0  fm33lg0xx_fl_vrefp.o ABSOLUTE
    ..\\Drivers\\FM33LG0xx_FL_Driver\\Src\\fm33lg0xx_fl_wwdt.c 0x00000000   Number         0  fm33lg0xx_fl_wwdt.o ABSOLUTE
    ..\\MF-config\\Src\\mf_config.c          0x00000000   Number         0  mf_config.o ABSOLUTE
    ..\\Src\\ADC_CHK.c                       0x00000000   Number         0  adc_chk.o ABSOLUTE
    ..\\Src\\GPIO.c                          0x00000000   Number         0  gpio.o ABSOLUTE
    ..\\Src\\LED_CTRL.c                      0x00000000   Number         0  led_ctrl.o ABSOLUTE
    ..\\Src\\PC_xieyi_Ctrl.c                 0x00000000   Number         0  pc_xieyi_ctrl.o ABSOLUTE
    ..\\Src\\Test_List.c                     0x00000000   Number         0  test_list.o ABSOLUTE
    ..\\Src\\WTD.c                           0x00000000   Number         0  wtd.o ABSOLUTE
    ..\\Src\\ZDINA219.c                      0x00000000   Number         0  zdina219.o ABSOLUTE
    ..\\Src\\main.c                          0x00000000   Number         0  main.o ABSOLUTE
    ..\\Src\\time.c                          0x00000000   Number         0  time.o ABSOLUTE
    ..\\Src\\tongxin_xieyi_Ctrl.c            0x00000000   Number         0  tongxin_xieyi_ctrl.o ABSOLUTE
    ..\\Src\\uart0.c                         0x00000000   Number         0  uart0.o ABSOLUTE
    ..\\Src\\uart1.c                         0x00000000   Number         0  uart1.o ABSOLUTE
    ..\\Src\\uart5.c                         0x00000000   Number         0  uart5.o ABSOLUTE
    cdrcmple.s                               0x00000000   Number         0  cdrcmple.o ABSOLUTE
    cfcmple.s                                0x00000000   Number         0  cfcmple.o ABSOLUTE
    dc.s                                     0x00000000   Number         0  dc.o ABSOLUTE
    handlers.s                               0x00000000   Number         0  handlers.o ABSOLUTE
    init.s                                   0x00000000   Number         0  init.o ABSOLUTE
    .ARM.Collect$$$$00000000                 0x000000c0   Section        0  entry.o(.ARM.Collect$$$$00000000)
    .ARM.Collect$$$$00000001                 0x000000c0   Section        4  entry2.o(.ARM.Collect$$$$00000001)
    .ARM.Collect$$$$00000004                 0x000000c4   Section        4  entry5.o(.ARM.Collect$$$$00000004)
    .ARM.Collect$$$$00000008                 0x000000c8   Section        0  entry7b.o(.ARM.Collect$$$$00000008)
    .ARM.Collect$$$$0000000A                 0x000000c8   Section        0  entry8b.o(.ARM.Collect$$$$0000000A)
    .ARM.Collect$$$$0000000B                 0x000000c8   Section        8  entry9a.o(.ARM.Collect$$$$0000000B)
    .ARM.Collect$$$$0000000E                 0x000000d0   Section        4  entry12b.o(.ARM.Collect$$$$0000000E)
    .ARM.Collect$$$$0000000F                 0x000000d4   Section        0  entry10a.o(.ARM.Collect$$$$0000000F)
    .ARM.Collect$$$$00000011                 0x000000d4   Section        0  entry11a.o(.ARM.Collect$$$$00000011)
    .ARM.Collect$$$$00002712                 0x000000d4   Section        4  entry2.o(.ARM.Collect$$$$00002712)
    __lit__00000000                          0x000000d4   Data           4  entry2.o(.ARM.Collect$$$$00002712)
    .text                                    0x000000d8   Section       28  startup_fm33lg0xx.o(.text)
    .text                                    0x000000f4   Section        0  uidiv.o(.text)
    .text                                    0x00000120   Section        0  idiv.o(.text)
    .text                                    0x00000148   Section        0  memcpya.o(.text)
    .text                                    0x0000016c   Section        0  memseta.o(.text)
    .text                                    0x00000190   Section       36  init.o(.text)
    i.ATIM_IRQHandler                        0x000001b4   Section        0  time.o(i.ATIM_IRQHandler)
    i.ATIM_Init                              0x00000280   Section        0  time.o(i.ATIM_Init)
    i.ATIM_NVIC_Init                         0x00000294   Section        0  time.o(i.ATIM_NVIC_Init)
    i.ATIM_Start                             0x000002a4   Section        0  time.o(i.ATIM_Start)
    i.CheckZDCurrent                         0x000002bc   Section        0  zdina219.o(i.CheckZDCurrent)
    i.Current_CHK_CTRL_OFF                   0x00000358   Section        0  zdina219.o(i.Current_CHK_CTRL_OFF)
    i.Current_CHK_CTRL_ON                    0x000003c8   Section        0  zdina219.o(i.Current_CHK_CTRL_ON)
    i.Current_CHK_Func                       0x00000438   Section        0  zdina219.o(i.Current_CHK_Func)
    i.FL_ADC_CommonInit                      0x0000047c   Section        0  fm33lg0xx_fl_adc.o(i.FL_ADC_CommonInit)
    i.FL_ADC_Disable                         0x00000608   Section        0  fm33lg0xx_fl_adc.o(i.FL_ADC_Disable)
    FL_ADC_Disable                           0x00000609   Thumb Code    10  fm33lg0xx_fl_adc.o(i.FL_ADC_Disable)
    i.FL_ADC_DisableOverSampling             0x00000612   Section        0  fm33lg0xx_fl_adc.o(i.FL_ADC_DisableOverSampling)
    FL_ADC_DisableOverSampling               0x00000613   Thumb Code    12  fm33lg0xx_fl_adc.o(i.FL_ADC_DisableOverSampling)
    i.FL_ADC_EnableSequencerChannel          0x0000061e   Section        0  adc_chk.o(i.FL_ADC_EnableSequencerChannel)
    FL_ADC_EnableSequencerChannel            0x0000061f   Thumb Code    12  adc_chk.o(i.FL_ADC_EnableSequencerChannel)
    i.FL_ADC_Init                            0x0000062c   Section        0  fm33lg0xx_fl_adc.o(i.FL_ADC_Init)
    i.FL_ADC_SetClockSource                  0x000009b4   Section        0  fm33lg0xx_fl_adc.o(i.FL_ADC_SetClockSource)
    FL_ADC_SetClockSource                    0x000009b5   Thumb Code    12  fm33lg0xx_fl_adc.o(i.FL_ADC_SetClockSource)
    i.FL_ATIM_GenerateUpdateEvent            0x000009c0   Section        0  fm33lg0xx_fl_atim.o(i.FL_ATIM_GenerateUpdateEvent)
    FL_ATIM_GenerateUpdateEvent              0x000009c1   Thumb Code    10  fm33lg0xx_fl_atim.o(i.FL_ATIM_GenerateUpdateEvent)
    i.FL_ATIM_Init                           0x000009cc   Section        0  fm33lg0xx_fl_atim.o(i.FL_ATIM_Init)
    i.FL_ATIM_IsActiveFlag_Update            0x00000b64   Section        0  fm33lg0xx_fl_atim.o(i.FL_ATIM_IsActiveFlag_Update)
    FL_ATIM_IsActiveFlag_Update              0x00000b65   Thumb Code    16  fm33lg0xx_fl_atim.o(i.FL_ATIM_IsActiveFlag_Update)
    i.FL_ATIM_SetCounterAlignedMode          0x00000b74   Section        0  fm33lg0xx_fl_atim.o(i.FL_ATIM_SetCounterAlignedMode)
    FL_ATIM_SetCounterAlignedMode            0x00000b75   Thumb Code    12  fm33lg0xx_fl_atim.o(i.FL_ATIM_SetCounterAlignedMode)
    i.FL_ATIM_SetCounterDirection            0x00000b80   Section        0  fm33lg0xx_fl_atim.o(i.FL_ATIM_SetCounterDirection)
    FL_ATIM_SetCounterDirection              0x00000b81   Thumb Code    12  fm33lg0xx_fl_atim.o(i.FL_ATIM_SetCounterDirection)
    i.FL_CMU_EnableGroup3BusClock            0x00000b8c   Section        0  fm33lg0xx_fl_uart.o(i.FL_CMU_EnableGroup3BusClock)
    FL_CMU_EnableGroup3BusClock              0x00000b8d   Thumb Code    12  fm33lg0xx_fl_uart.o(i.FL_CMU_EnableGroup3BusClock)
    i.FL_CMU_EnableGroup3OperationClock      0x00000b9c   Section        0  fm33lg0xx_fl_atim.o(i.FL_CMU_EnableGroup3OperationClock)
    FL_CMU_EnableGroup3OperationClock        0x00000b9d   Thumb Code    12  fm33lg0xx_fl_atim.o(i.FL_CMU_EnableGroup3OperationClock)
    i.FL_CMU_EnableGroup3OperationClock      0x00000bac   Section        0  fm33lg0xx_fl_uart.o(i.FL_CMU_EnableGroup3OperationClock)
    FL_CMU_EnableGroup3OperationClock        0x00000bad   Thumb Code    12  fm33lg0xx_fl_uart.o(i.FL_CMU_EnableGroup3OperationClock)
    i.FL_CMU_EnableGroup4BusClock            0x00000bbc   Section        0  fm33lg0xx_fl_atim.o(i.FL_CMU_EnableGroup4BusClock)
    FL_CMU_EnableGroup4BusClock              0x00000bbd   Thumb Code    12  fm33lg0xx_fl_atim.o(i.FL_CMU_EnableGroup4BusClock)
    i.FL_CMU_GetAHBClockFreq                 0x00000bcc   Section        0  fm33lg0xx_fl_cmu.o(i.FL_CMU_GetAHBClockFreq)
    i.FL_CMU_GetAPBClockFreq                 0x00000c44   Section        0  fm33lg0xx_fl_cmu.o(i.FL_CMU_GetAPBClockFreq)
    i.FL_CMU_GetPLLClockFreq                 0x00000cbc   Section        0  fm33lg0xx_fl_cmu.o(i.FL_CMU_GetPLLClockFreq)
    i.FL_CMU_GetRCHFClockFreq                0x00000d68   Section        0  fm33lg0xx_fl_cmu.o(i.FL_CMU_GetRCHFClockFreq)
    i.FL_CMU_GetRCLFClockFreq                0x00000db8   Section        0  fm33lg0xx_fl_cmu.o(i.FL_CMU_GetRCLFClockFreq)
    i.FL_CMU_GetSystemClockFreq              0x00000e04   Section        0  fm33lg0xx_fl_cmu.o(i.FL_CMU_GetSystemClockFreq)
    i.FL_DelayInit                           0x00000e68   Section        0  fm33lg0xx_fl.o(i.FL_DelayInit)
    i.FL_DelayMs                             0x00000e88   Section        0  fm33lg0xx_fl.o(i.FL_DelayMs)
    i.FL_DelayUs                             0x00000ec0   Section        0  fm33lg0xx_fl.o(i.FL_DelayUs)
    i.FL_GPIO_DisablePinAnalogSwitch         0x00000f04   Section        0  fm33lg0xx_fl_gpio.o(i.FL_GPIO_DisablePinAnalogSwitch)
    FL_GPIO_DisablePinAnalogSwitch           0x00000f05   Thumb Code    10  fm33lg0xx_fl_gpio.o(i.FL_GPIO_DisablePinAnalogSwitch)
    i.FL_GPIO_DisablePinInput                0x00000f0e   Section        0  fm33lg0xx_fl_gpio.o(i.FL_GPIO_DisablePinInput)
    FL_GPIO_DisablePinInput                  0x00000f0f   Thumb Code    10  fm33lg0xx_fl_gpio.o(i.FL_GPIO_DisablePinInput)
    i.FL_GPIO_DisablePinOpenDrain            0x00000f18   Section        0  fm33lg0xx_fl_gpio.o(i.FL_GPIO_DisablePinOpenDrain)
    FL_GPIO_DisablePinOpenDrain              0x00000f19   Thumb Code    10  fm33lg0xx_fl_gpio.o(i.FL_GPIO_DisablePinOpenDrain)
    i.FL_GPIO_DisablePinPullup               0x00000f22   Section        0  fm33lg0xx_fl_gpio.o(i.FL_GPIO_DisablePinPullup)
    FL_GPIO_DisablePinPullup                 0x00000f23   Thumb Code    10  fm33lg0xx_fl_gpio.o(i.FL_GPIO_DisablePinPullup)
    i.FL_GPIO_DisablePinRemap                0x00000f2c   Section        0  fm33lg0xx_fl_gpio.o(i.FL_GPIO_DisablePinRemap)
    FL_GPIO_DisablePinRemap                  0x00000f2d   Thumb Code    10  fm33lg0xx_fl_gpio.o(i.FL_GPIO_DisablePinRemap)
    i.FL_GPIO_GetInputPin                    0x00000f36   Section        0  zdina219.o(i.FL_GPIO_GetInputPin)
    FL_GPIO_GetInputPin                      0x00000f37   Thumb Code    22  zdina219.o(i.FL_GPIO_GetInputPin)
    i.FL_GPIO_Init                           0x00000f4c   Section        0  fm33lg0xx_fl_gpio.o(i.FL_GPIO_Init)
    i.FL_GPIO_ResetOutputPin                 0x00001134   Section        0  zdina219.o(i.FL_GPIO_ResetOutputPin)
    FL_GPIO_ResetOutputPin                   0x00001135   Thumb Code     6  zdina219.o(i.FL_GPIO_ResetOutputPin)
    i.FL_GPIO_SetOutputPin                   0x0000113a   Section        0  zdina219.o(i.FL_GPIO_SetOutputPin)
    FL_GPIO_SetOutputPin                     0x0000113b   Thumb Code     6  zdina219.o(i.FL_GPIO_SetOutputPin)
    i.FL_GPIO_SetPinMode                     0x00001140   Section        0  fm33lg0xx_fl_gpio.o(i.FL_GPIO_SetPinMode)
    FL_GPIO_SetPinMode                       0x00001141   Thumb Code    26  fm33lg0xx_fl_gpio.o(i.FL_GPIO_SetPinMode)
    i.FL_IWDT_Init                           0x0000115c   Section        0  fm33lg0xx_fl_iwdt.o(i.FL_IWDT_Init)
    i.FL_IWDT_ReadCounter                    0x0000127c   Section        0  fm33lg0xx_fl_iwdt.o(i.FL_IWDT_ReadCounter)
    FL_IWDT_ReadCounter                      0x0000127d   Thumb Code    20  fm33lg0xx_fl_iwdt.o(i.FL_IWDT_ReadCounter)
    i.FL_IWDT_StructInit                     0x00001290   Section        0  fm33lg0xx_fl_iwdt.o(i.FL_IWDT_StructInit)
    i.FL_Init                                0x0000129a   Section        0  fm33lg0xx_fl.o(i.FL_Init)
    i.FL_NVIC_Init                           0x000012a4   Section        0  fm33lg0xx_fl.o(i.FL_NVIC_Init)
    i.FL_UART_EnableIT_TXShiftBuffEmpty      0x000012ec   Section        0  uart1.o(i.FL_UART_EnableIT_TXShiftBuffEmpty)
    FL_UART_EnableIT_TXShiftBuffEmpty        0x000012ed   Thumb Code    10  uart1.o(i.FL_UART_EnableIT_TXShiftBuffEmpty)
    i.FL_UART_Init                           0x000012f8   Section        0  fm33lg0xx_fl_uart.o(i.FL_UART_Init)
    i.FL_UART_WriteTXBuff                    0x000015dc   Section        0  uart5.o(i.FL_UART_WriteTXBuff)
    FL_UART_WriteTXBuff                      0x000015dd   Thumb Code    12  uart5.o(i.FL_UART_WriteTXBuff)
    i.FL_UART_WriteTXBuff                    0x000015e8   Section        0  uart1.o(i.FL_UART_WriteTXBuff)
    FL_UART_WriteTXBuff                      0x000015e9   Thumb Code    12  uart1.o(i.FL_UART_WriteTXBuff)
    i.FL_UART_WriteTXBuff                    0x000015f4   Section        0  uart0.o(i.FL_UART_WriteTXBuff)
    FL_UART_WriteTXBuff                      0x000015f5   Thumb Code    12  uart0.o(i.FL_UART_WriteTXBuff)
    i.GPIO_IRQHandler                        0x00001600   Section        0  gpio.o(i.GPIO_IRQHandler)
    i.INA219_IIC_GPIO_Init                   0x00001628   Section        0  zdina219.o(i.INA219_IIC_GPIO_Init)
    i.LED_FLAG_LOOP                          0x00001890   Section        0  led_ctrl.o(i.LED_FLAG_LOOP)
    i.LED_FLAG_Run                           0x000018bc   Section        0  led_ctrl.o(i.LED_FLAG_Run)
    i.LED_Off                                0x000018d8   Section        0  gpio.o(i.LED_Off)
    i.LED_On                                 0x000018e8   Section        0  gpio.o(i.LED_On)
    i.MF_ADC_Common_Init                     0x000018f8   Section        0  adc_chk.o(i.MF_ADC_Common_Init)
    MF_ADC_Common_Init                       0x000018f9   Thumb Code    24  adc_chk.o(i.MF_ADC_Common_Init)
    i.MF_ADC_Init                            0x00001910   Section        0  adc_chk.o(i.MF_ADC_Init)
    MF_ADC_Init                              0x00001911   Thumb Code   238  adc_chk.o(i.MF_ADC_Init)
    i.MF_ADC_PC10_Config_Init                0x00001a08   Section        0  adc_chk.o(i.MF_ADC_PC10_Config_Init)
    i.MF_ATIM_Interrupt_Init                 0x00001a14   Section        0  time.o(i.MF_ATIM_Interrupt_Init)
    i.MF_ATIM_TimerBase_Init                 0x00001a34   Section        0  time.o(i.MF_ATIM_TimerBase_Init)
    i.MF_Clock_Init                          0x00001a64   Section        0  mf_config.o(i.MF_Clock_Init)
    i.MF_UART1_Init                          0x00001ae8   Section        0  uart1.o(i.MF_UART1_Init)
    i.MF_UART1_Interrupt_Init                0x00001b4c   Section        0  uart1.o(i.MF_UART1_Interrupt_Init)
    i.NVIC_SetPriority                       0x00001b80   Section        0  fm33lg0xx_fl.o(i.NVIC_SetPriority)
    NVIC_SetPriority                         0x00001b81   Thumb Code   110  fm33lg0xx_fl.o(i.NVIC_SetPriority)
    i.Others_GPIO_Init                       0x00001bf8   Section        0  gpio.o(i.Others_GPIO_Init)
    i.PC_Chuankou_tongxin_send               0x00001c28   Section        0  uart1.o(i.PC_Chuankou_tongxin_send)
    i.PC_xieyifasong_1                       0x00001c38   Section        0  pc_xieyi_ctrl.o(i.PC_xieyifasong_1)
    i.PC_xieyifasong_2                       0x00001c58   Section        0  pc_xieyi_ctrl.o(i.PC_xieyifasong_2)
    i.PC_xieyijiexi                          0x00001ce4   Section        0  pc_xieyi_ctrl.o(i.PC_xieyijiexi)
    i.ReadZD_Current                         0x00001da8   Section        0  zdina219.o(i.ReadZD_Current)
    i.SystemCoreClockUpdate                  0x00001e54   Section        0  system_fm33lg0xx.o(i.SystemCoreClockUpdate)
    i.SystemInit                             0x00001f90   Section        0  system_fm33lg0xx.o(i.SystemInit)
    i.SystemPLLClockUpdate                   0x0000208c   Section        0  system_fm33lg0xx.o(i.SystemPLLClockUpdate)
    SystemPLLClockUpdate                     0x0000208d   Thumb Code   182  system_fm33lg0xx.o(i.SystemPLLClockUpdate)
    i.UART0_IRQHandler                       0x0000215c   Section        0  uart0.o(i.UART0_IRQHandler)
    i.UART1_IRQHandler                       0x0000224c   Section        0  uart1.o(i.UART1_IRQHandler)
    i.UART1_MF_Config_Init                   0x00002344   Section        0  uart1.o(i.UART1_MF_Config_Init)
    i.UART1_MF_NVIC_Init                     0x00002358   Section        0  uart1.o(i.UART1_MF_NVIC_Init)
    i.UART5_IRQHandler                       0x00002368   Section        0  uart5.o(i.UART5_IRQHandler)
    i.UART_TX_state_change                   0x00002458   Section        0  uart1.o(i.UART_TX_state_change)
    i.Uart1_Rx_rec                           0x0000248c   Section        0  uart1.o(i.Uart1_Rx_rec)
    i.Uart1_Tx_Send                          0x000024f8   Section        0  uart1.o(i.Uart1_Tx_Send)
    i.Uart1_Tx_Send_init                     0x00002570   Section        0  uart1.o(i.Uart1_Tx_Send_init)
    i.WatchDog_Init                          0x00002588   Section        0  wtd.o(i.WatchDog_Init)
    i.ZDINA219_IIC_Delay                     0x000025b8   Section        0  zdina219.o(i.ZDINA219_IIC_Delay)
    i.ZDINA219_IIC_RevByte                   0x000025c8   Section        0  zdina219.o(i.ZDINA219_IIC_RevByte)
    i.ZDINA219_IIC_RevBytes                  0x0000260e   Section        0  zdina219.o(i.ZDINA219_IIC_RevBytes)
    i.ZDINA219_IIC_SendByte                  0x00002670   Section        0  zdina219.o(i.ZDINA219_IIC_SendByte)
    i.ZDINA219_IIC_SendBytes                 0x000026ea   Section        0  zdina219.o(i.ZDINA219_IIC_SendBytes)
    i.ZDINA219_IIC_Start                     0x00002706   Section        0  zdina219.o(i.ZDINA219_IIC_Start)
    i.ZDINA219_IIC_Stop                      0x0000272c   Section        0  zdina219.o(i.ZDINA219_IIC_Stop)
    i.ZDINA219_SCL                           0x0000275c   Section        0  zdina219.o(i.ZDINA219_SCL)
    i.ZDINA219_SDA                           0x00002820   Section        0  zdina219.o(i.ZDINA219_SDA)
    i.ZDINA219_SDA_InPut                     0x000028ec   Section        0  zdina219.o(i.ZDINA219_SDA_InPut)
    i.ZDINA219_SDA_OUT_Dir_CTL               0x00002954   Section        0  zdina219.o(i.ZDINA219_SDA_OUT_Dir_CTL)
    i.__ARM_common_switch8                   0x000029f8   Section        0  zdina219.o(i.__ARM_common_switch8)
    i.__scatterload_copy                     0x00002a14   Section       14  handlers.o(i.__scatterload_copy)
    i.__scatterload_null                     0x00002a22   Section        2  handlers.o(i.__scatterload_null)
    i.__scatterload_zeroinit                 0x00002a24   Section       14  handlers.o(i.__scatterload_zeroinit)
    i.main                                   0x00002a34   Section        0  main.o(i.main)
    i.test_Init                              0x00002a6c   Section        0  main.o(i.test_Init)
    i.test_start_Init                        0x00002a8c   Section        0  test_list.o(i.test_start_Init)
    i.xuceshi_gongwei_qingchu                0x00002a90   Section        0  pc_xieyi_ctrl.o(i.xuceshi_gongwei_qingchu)
    .data                                    0x20000000   Section        8  uart5.o(.data)
    .data                                    0x20000008   Section        6  uart1.o(.data)
    .data                                    0x2000000e   Section        2  led_ctrl.o(.data)
    .data                                    0x20000010   Section       15  test_list.o(.data)
    .data                                    0x2000001f   Section        3  zdina219.o(.data)
    .data                                    0x20000022   Section        6  uart0.o(.data)
    .data                                    0x20000028   Section       11  pc_xieyi_ctrl.o(.data)
    .data                                    0x20000034   Section       12  system_fm33lg0xx.o(.data)
    .bss                                     0x20000040   Section      616  uart5.o(.bss)
    .bss                                     0x200002a8   Section      616  uart1.o(.bss)
    .bss                                     0x20000510   Section       30  zdina219.o(.bss)
    .bss                                     0x20000530   Section      616  uart0.o(.bss)
    .bss                                     0x20000798   Section      200  pc_xieyi_ctrl.o(.bss)
    STACK                                    0x20000860   Section     2048  startup_fm33lg0xx.o(STACK)

    Global Symbols

    Symbol Name                              Value     Ov Type        Size  Object(Section)

    BuildAttributes$$THM_ISAv3M$S$PE$A:L22$X:L11$S22$IEEE1$IW$USESV6$~STKCKD$USESV7$~SHL$OTIME$ROPI$EBA8$MICROLIB$REQ8$PRES8$EABIv2 0x00000000   Number         0  anon$$obj.o ABSOLUTE
    __ARM_use_no_argv                        0x00000000   Number         0  main.o ABSOLUTE
    __Vectors                                0x00000000   Data           4  startup_fm33lg0xx.o(RESET)
    __arm_fini_                               - Undefined Weak Reference
    __cpp_initialize__aeabi_                  - Undefined Weak Reference
    __cxa_finalize                            - Undefined Weak Reference
    __decompress                              - Undefined Weak Reference
    _clock_init                               - Undefined Weak Reference
    _microlib_exit                            - Undefined Weak Reference
    __Vectors_End                            0x000000c0   Data           0  startup_fm33lg0xx.o(RESET)
    __Vectors_Size                           0x000000c0   Number         0  startup_fm33lg0xx.o ABSOLUTE
    __main                                   0x000000c1   Thumb Code     0  entry.o(.ARM.Collect$$$$00000000)
    _main_stk                                0x000000c1   Thumb Code     0  entry2.o(.ARM.Collect$$$$00000001)
    _main_scatterload                        0x000000c5   Thumb Code     0  entry5.o(.ARM.Collect$$$$00000004)
    __main_after_scatterload                 0x000000c9   Thumb Code     0  entry5.o(.ARM.Collect$$$$00000004)
    _main_clock                              0x000000c9   Thumb Code     0  entry7b.o(.ARM.Collect$$$$00000008)
    _main_cpp_init                           0x000000c9   Thumb Code     0  entry8b.o(.ARM.Collect$$$$0000000A)
    _main_init                               0x000000c9   Thumb Code     0  entry9a.o(.ARM.Collect$$$$0000000B)
    __rt_lib_shutdown_fini                   0x000000d1   Thumb Code     0  entry12b.o(.ARM.Collect$$$$0000000E)
    __rt_final_cpp                           0x000000d5   Thumb Code     0  entry10a.o(.ARM.Collect$$$$0000000F)
    __rt_final_exit                          0x000000d5   Thumb Code     0  entry11a.o(.ARM.Collect$$$$00000011)
    Reset_Handler                            0x000000d9   Thumb Code     8  startup_fm33lg0xx.o(.text)
    NMI_Handler                              0x000000e1   Thumb Code     2  startup_fm33lg0xx.o(.text)
    HardFault_Handler                        0x000000e3   Thumb Code     2  startup_fm33lg0xx.o(.text)
    SVC_Handler                              0x000000e5   Thumb Code     2  startup_fm33lg0xx.o(.text)
    PendSV_Handler                           0x000000e7   Thumb Code     2  startup_fm33lg0xx.o(.text)
    SysTick_Handler                          0x000000e9   Thumb Code     2  startup_fm33lg0xx.o(.text)
    ADC_IRQHandler                           0x000000eb   Thumb Code     0  startup_fm33lg0xx.o(.text)
    AES_IRQHandler                           0x000000eb   Thumb Code     0  startup_fm33lg0xx.o(.text)
    BSTIM_IRQHandler                         0x000000eb   Thumb Code     0  startup_fm33lg0xx.o(.text)
    CAN_IRQHandler                           0x000000eb   Thumb Code     0  startup_fm33lg0xx.o(.text)
    CCL_IRQHandler                           0x000000eb   Thumb Code     0  startup_fm33lg0xx.o(.text)
    COMPx_IRQHandler                         0x000000eb   Thumb Code     0  startup_fm33lg0xx.o(.text)
    DAC_IRQHandler                           0x000000eb   Thumb Code     0  startup_fm33lg0xx.o(.text)
    DMA_IRQHandler                           0x000000eb   Thumb Code     0  startup_fm33lg0xx.o(.text)
    FDET_IRQHandler                          0x000000eb   Thumb Code     0  startup_fm33lg0xx.o(.text)
    FLASH_IRQHandler                         0x000000eb   Thumb Code     0  startup_fm33lg0xx.o(.text)
    GPTIM0_1_IRQHandler                      0x000000eb   Thumb Code     0  startup_fm33lg0xx.o(.text)
    GPTIM2_IRQHandler                        0x000000eb   Thumb Code     0  startup_fm33lg0xx.o(.text)
    I2C_IRQHandler                           0x000000eb   Thumb Code     0  startup_fm33lg0xx.o(.text)
    LPTIM_IRQHandler                         0x000000eb   Thumb Code     0  startup_fm33lg0xx.o(.text)
    LPUARTx_IRQHandler                       0x000000eb   Thumb Code     0  startup_fm33lg0xx.o(.text)
    LUT_IRQHandler                           0x000000eb   Thumb Code     0  startup_fm33lg0xx.o(.text)
    RTC_IRQHandler                           0x000000eb   Thumb Code     0  startup_fm33lg0xx.o(.text)
    SPI0_IRQHandler                          0x000000eb   Thumb Code     0  startup_fm33lg0xx.o(.text)
    SPI1_IRQHandler                          0x000000eb   Thumb Code     0  startup_fm33lg0xx.o(.text)
    SPI2_IRQHandler                          0x000000eb   Thumb Code     0  startup_fm33lg0xx.o(.text)
    SVD_IRQHandler                           0x000000eb   Thumb Code     0  startup_fm33lg0xx.o(.text)
    U7816_IRQHandler                         0x000000eb   Thumb Code     0  startup_fm33lg0xx.o(.text)
    UART3_IRQHandler                         0x000000eb   Thumb Code     0  startup_fm33lg0xx.o(.text)
    UART4_IRQHandler                         0x000000eb   Thumb Code     0  startup_fm33lg0xx.o(.text)
    VREF_IRQHandler                          0x000000eb   Thumb Code     0  startup_fm33lg0xx.o(.text)
    WDT_IRQHandler                           0x000000eb   Thumb Code     0  startup_fm33lg0xx.o(.text)
    WKUPx_IRQHandler                         0x000000eb   Thumb Code     0  startup_fm33lg0xx.o(.text)
    __aeabi_uidiv                            0x000000f5   Thumb Code     0  uidiv.o(.text)
    __aeabi_uidivmod                         0x000000f5   Thumb Code    44  uidiv.o(.text)
    __aeabi_idiv                             0x00000121   Thumb Code     0  idiv.o(.text)
    __aeabi_idivmod                          0x00000121   Thumb Code    40  idiv.o(.text)
    __aeabi_memcpy                           0x00000149   Thumb Code    36  memcpya.o(.text)
    __aeabi_memcpy4                          0x00000149   Thumb Code     0  memcpya.o(.text)
    __aeabi_memcpy8                          0x00000149   Thumb Code     0  memcpya.o(.text)
    __aeabi_memset                           0x0000016d   Thumb Code    14  memseta.o(.text)
    __aeabi_memset4                          0x0000016d   Thumb Code     0  memseta.o(.text)
    __aeabi_memset8                          0x0000016d   Thumb Code     0  memseta.o(.text)
    __aeabi_memclr                           0x0000017b   Thumb Code     4  memseta.o(.text)
    __aeabi_memclr4                          0x0000017b   Thumb Code     0  memseta.o(.text)
    __aeabi_memclr8                          0x0000017b   Thumb Code     0  memseta.o(.text)
    _memset$wrapper                          0x0000017f   Thumb Code    18  memseta.o(.text)
    __scatterload                            0x00000191   Thumb Code    28  init.o(.text)
    __scatterload_rt2                        0x00000191   Thumb Code     0  init.o(.text)
    ATIM_IRQHandler                          0x000001b5   Thumb Code   174  time.o(i.ATIM_IRQHandler)
    ATIM_Init                                0x00000281   Thumb Code    20  time.o(i.ATIM_Init)
    ATIM_NVIC_Init                           0x00000295   Thumb Code    16  time.o(i.ATIM_NVIC_Init)
    ATIM_Start                               0x000002a5   Thumb Code    18  time.o(i.ATIM_Start)
    CheckZDCurrent                           0x000002bd   Thumb Code   156  zdina219.o(i.CheckZDCurrent)
    Current_CHK_CTRL_OFF                     0x00000359   Thumb Code   102  zdina219.o(i.Current_CHK_CTRL_OFF)
    Current_CHK_CTRL_ON                      0x000003c9   Thumb Code   102  zdina219.o(i.Current_CHK_CTRL_ON)
    Current_CHK_Func                         0x00000439   Thumb Code    60  zdina219.o(i.Current_CHK_Func)
    FL_ADC_CommonInit                        0x0000047d   Thumb Code   386  fm33lg0xx_fl_adc.o(i.FL_ADC_CommonInit)
    FL_ADC_Init                              0x0000062d   Thumb Code   890  fm33lg0xx_fl_adc.o(i.FL_ADC_Init)
    FL_ATIM_Init                             0x000009cd   Thumb Code   400  fm33lg0xx_fl_atim.o(i.FL_ATIM_Init)
    FL_CMU_GetAHBClockFreq                   0x00000bcd   Thumb Code   114  fm33lg0xx_fl_cmu.o(i.FL_CMU_GetAHBClockFreq)
    FL_CMU_GetAPBClockFreq                   0x00000c45   Thumb Code   114  fm33lg0xx_fl_cmu.o(i.FL_CMU_GetAPBClockFreq)
    FL_CMU_GetPLLClockFreq                   0x00000cbd   Thumb Code   162  fm33lg0xx_fl_cmu.o(i.FL_CMU_GetPLLClockFreq)
    FL_CMU_GetRCHFClockFreq                  0x00000d69   Thumb Code    60  fm33lg0xx_fl_cmu.o(i.FL_CMU_GetRCHFClockFreq)
    FL_CMU_GetRCLFClockFreq                  0x00000db9   Thumb Code    70  fm33lg0xx_fl_cmu.o(i.FL_CMU_GetRCLFClockFreq)
    FL_CMU_GetSystemClockFreq                0x00000e05   Thumb Code    86  fm33lg0xx_fl_cmu.o(i.FL_CMU_GetSystemClockFreq)
    FL_DelayInit                             0x00000e69   Thumb Code    26  fm33lg0xx_fl.o(i.FL_DelayInit)
    FL_DelayMs                               0x00000e89   Thumb Code    46  fm33lg0xx_fl.o(i.FL_DelayMs)
    FL_DelayUs                               0x00000ec1   Thumb Code    56  fm33lg0xx_fl.o(i.FL_DelayUs)
    FL_GPIO_Init                             0x00000f4d   Thumb Code   470  fm33lg0xx_fl_gpio.o(i.FL_GPIO_Init)
    FL_IWDT_Init                             0x0000115d   Thumb Code   272  fm33lg0xx_fl_iwdt.o(i.FL_IWDT_Init)
    FL_IWDT_StructInit                       0x00001291   Thumb Code    10  fm33lg0xx_fl_iwdt.o(i.FL_IWDT_StructInit)
    FL_Init                                  0x0000129b   Thumb Code     8  fm33lg0xx_fl.o(i.FL_Init)
    FL_NVIC_Init                             0x000012a5   Thumb Code    68  fm33lg0xx_fl.o(i.FL_NVIC_Init)
    FL_UART_Init                             0x000012f9   Thumb Code   712  fm33lg0xx_fl_uart.o(i.FL_UART_Init)
    GPIO_IRQHandler                          0x00001601   Thumb Code    34  gpio.o(i.GPIO_IRQHandler)
    INA219_IIC_GPIO_Init                     0x00001629   Thumb Code   608  zdina219.o(i.INA219_IIC_GPIO_Init)
    LED_FLAG_LOOP                            0x00001891   Thumb Code    36  led_ctrl.o(i.LED_FLAG_LOOP)
    LED_FLAG_Run                             0x000018bd   Thumb Code    20  led_ctrl.o(i.LED_FLAG_Run)
    LED_Off                                  0x000018d9   Thumb Code    10  gpio.o(i.LED_Off)
    LED_On                                   0x000018e9   Thumb Code    10  gpio.o(i.LED_On)
    MF_ADC_PC10_Config_Init                  0x00001a09   Thumb Code    12  adc_chk.o(i.MF_ADC_PC10_Config_Init)
    MF_ATIM_Interrupt_Init                   0x00001a15   Thumb Code    28  time.o(i.MF_ATIM_Interrupt_Init)
    MF_ATIM_TimerBase_Init                   0x00001a35   Thumb Code    40  time.o(i.MF_ATIM_TimerBase_Init)
    MF_Clock_Init                            0x00001a65   Thumb Code   122  mf_config.o(i.MF_Clock_Init)
    MF_UART1_Init                            0x00001ae9   Thumb Code    92  uart1.o(i.MF_UART1_Init)
    MF_UART1_Interrupt_Init                  0x00001b4d   Thumb Code    46  uart1.o(i.MF_UART1_Interrupt_Init)
    Others_GPIO_Init                         0x00001bf9   Thumb Code    42  gpio.o(i.Others_GPIO_Init)
    PC_Chuankou_tongxin_send                 0x00001c29   Thumb Code    16  uart1.o(i.PC_Chuankou_tongxin_send)
    PC_xieyifasong_1                         0x00001c39   Thumb Code    26  pc_xieyi_ctrl.o(i.PC_xieyifasong_1)
    PC_xieyifasong_2                         0x00001c59   Thumb Code   132  pc_xieyi_ctrl.o(i.PC_xieyifasong_2)
    PC_xieyijiexi                            0x00001ce5   Thumb Code   188  pc_xieyi_ctrl.o(i.PC_xieyijiexi)
    ReadZD_Current                           0x00001da9   Thumb Code   160  zdina219.o(i.ReadZD_Current)
    SystemCoreClockUpdate                    0x00001e55   Thumb Code   282  system_fm33lg0xx.o(i.SystemCoreClockUpdate)
    SystemInit                               0x00001f91   Thumb Code   230  system_fm33lg0xx.o(i.SystemInit)
    UART0_IRQHandler                         0x0000215d   Thumb Code   214  uart0.o(i.UART0_IRQHandler)
    UART1_IRQHandler                         0x0000224d   Thumb Code   218  uart1.o(i.UART1_IRQHandler)
    UART1_MF_Config_Init                     0x00002345   Thumb Code    20  uart1.o(i.UART1_MF_Config_Init)
    UART1_MF_NVIC_Init                       0x00002359   Thumb Code    16  uart1.o(i.UART1_MF_NVIC_Init)
    UART5_IRQHandler                         0x00002369   Thumb Code   214  uart5.o(i.UART5_IRQHandler)
    UART_TX_state_change                     0x00002459   Thumb Code    48  uart1.o(i.UART_TX_state_change)
    Uart1_Rx_rec                             0x0000248d   Thumb Code    84  uart1.o(i.Uart1_Rx_rec)
    Uart1_Tx_Send                            0x000024f9   Thumb Code   104  uart1.o(i.Uart1_Tx_Send)
    Uart1_Tx_Send_init                       0x00002571   Thumb Code    18  uart1.o(i.Uart1_Tx_Send_init)
    WatchDog_Init                            0x00002589   Thumb Code    38  wtd.o(i.WatchDog_Init)
    ZDINA219_IIC_Delay                       0x000025b9   Thumb Code    16  zdina219.o(i.ZDINA219_IIC_Delay)
    ZDINA219_IIC_RevByte                     0x000025c9   Thumb Code    70  zdina219.o(i.ZDINA219_IIC_RevByte)
    ZDINA219_IIC_RevBytes                    0x0000260f   Thumb Code    98  zdina219.o(i.ZDINA219_IIC_RevBytes)
    ZDINA219_IIC_SendByte                    0x00002671   Thumb Code   122  zdina219.o(i.ZDINA219_IIC_SendByte)
    ZDINA219_IIC_SendBytes                   0x000026eb   Thumb Code    28  zdina219.o(i.ZDINA219_IIC_SendBytes)
    ZDINA219_IIC_Start                       0x00002707   Thumb Code    38  zdina219.o(i.ZDINA219_IIC_Start)
    ZDINA219_IIC_Stop                        0x0000272d   Thumb Code    48  zdina219.o(i.ZDINA219_IIC_Stop)
    ZDINA219_SCL                             0x0000275d   Thumb Code   186  zdina219.o(i.ZDINA219_SCL)
    ZDINA219_SDA                             0x00002821   Thumb Code   190  zdina219.o(i.ZDINA219_SDA)
    ZDINA219_SDA_InPut                       0x000028ed   Thumb Code    92  zdina219.o(i.ZDINA219_SDA_InPut)
    ZDINA219_SDA_OUT_Dir_CTL                 0x00002955   Thumb Code   150  zdina219.o(i.ZDINA219_SDA_OUT_Dir_CTL)
    __ARM_common_switch8                     0x000029f9   Thumb Code    28  zdina219.o(i.__ARM_common_switch8)
    __scatterload_copy                       0x00002a15   Thumb Code    14  handlers.o(i.__scatterload_copy)
    __scatterload_null                       0x00002a23   Thumb Code     2  handlers.o(i.__scatterload_null)
    __scatterload_zeroinit                   0x00002a25   Thumb Code    14  handlers.o(i.__scatterload_zeroinit)
    main                                     0x00002a35   Thumb Code    48  main.o(i.main)
    test_Init                                0x00002a6d   Thumb Code    32  main.o(i.test_Init)
    test_start_Init                          0x00002a8d   Thumb Code     2  test_list.o(i.test_start_Init)
    xuceshi_gongwei_qingchu                  0x00002a91   Thumb Code    12  pc_xieyi_ctrl.o(i.xuceshi_gongwei_qingchu)
    Region$$Table$$Base                      0x00002aa0   Number         0  anon$$obj.o(Region$$Table)
    Region$$Table$$Limit                     0x00002ac0   Number         0  anon$$obj.o(Region$$Table)
    uart5_Rec_shuju_flag                     0x20000000   Data           1  uart5.o(.data)
    uart5_Rec_shuju_neirong_count            0x20000002   Data           2  uart5.o(.data)
    chaoshi_dengdai                          0x20000004   Data           2  uart5.o(.data)
    uart5_Rec_shuju_time_count               0x20000006   Data           2  uart5.o(.data)
    send_over_flag                           0x20000008   Data           1  uart1.o(.data)
    uart1_Rec_shuju_flag                     0x20000009   Data           1  uart1.o(.data)
    uart1_Rec_shuju_neirong_count            0x2000000a   Data           2  uart1.o(.data)
    uart1_Rec_shuju_time_count               0x2000000c   Data           2  uart1.o(.data)
    LED_thing_FLAG                           0x2000000e   Data           1  led_ctrl.o(.data)
    LED_thing_time                           0x2000000f   Data           1  led_ctrl.o(.data)
    Test_quanju_canshu_L                     0x20000010   Data           8  test_list.o(.data)
    Test_liucheng_L                          0x20000018   Data           1  test_list.o(.data)
    Test_jiejuo_jilu                         0x2000001a   Data           4  test_list.o(.data)
    test_xieyi_jilu_Rec                      0x2000001e   Data           1  test_list.o(.data)
    ZDINA219Buff                             0x2000001f   Data           2  zdina219.o(.data)
    chuankou_dangqian                        0x20000021   Data           1  zdina219.o(.data)
    uart0_Rec_shuju_flag                     0x20000022   Data           1  uart0.o(.data)
    uart0_Rec_shuju_neirong_count            0x20000024   Data           2  uart0.o(.data)
    uart0_Rec_shuju_time_count               0x20000026   Data           2  uart0.o(.data)
    xieyi1_fanhui                            0x20000028   Data           5  pc_xieyi_ctrl.o(.data)
    xuceshi_gongwei                          0x2000002d   Data           6  pc_xieyi_ctrl.o(.data)
    XTLFClock                                0x20000034   Data           4  system_fm33lg0xx.o(.data)
    XTHFClock                                0x20000038   Data           4  system_fm33lg0xx.o(.data)
    SystemCoreClock                          0x2000003c   Data           4  system_fm33lg0xx.o(.data)
    uart5_Rec_shuju_neirong                  0x20000040   Data         200  uart5.o(.bss)
    uart5_Uart0_Tx_SendData                  0x20000108   Data         200  uart5.o(.bss)
    send_data_zancun                         0x200001d0   Data         200  uart5.o(.bss)
    UART5Op                                  0x20000298   Data          16  uart5.o(.bss)
    uart1_Rec_shuju_neirong                  0x200002a8   Data         200  uart1.o(.bss)
    uart1_Uart0_Tx_SendData                  0x20000370   Data         200  uart1.o(.bss)
    send_data_zancun_1                       0x20000438   Data         200  uart1.o(.bss)
    UART1Op                                  0x20000500   Data          16  uart1.o(.bss)
    ZDINA219CurrentBuff                      0x20000510   Data          20  zdina219.o(.bss)
    ZDINA219CurrentMidBuff                   0x20000524   Data          10  zdina219.o(.bss)
    uart0_Rec_shuju_neirong                  0x20000530   Data         200  uart0.o(.bss)
    uart0_Uart0_Tx_SendData                  0x200005f8   Data         200  uart0.o(.bss)
    send_data_zancun_0                       0x200006c0   Data         200  uart0.o(.bss)
    UART0Op                                  0x20000788   Data          16  uart0.o(.bss)
    xieyi2_fanhui                            0x20000798   Data         200  pc_xieyi_ctrl.o(.bss)
    __initial_sp                             0x20001060   Data           0  startup_fm33lg0xx.o(STACK)



==============================================================================

Memory Map of the image

  Image Entry point : 0x000000c1

  Load Region LR_IROM1 (Base: 0x00000000, Size: 0x00002b00, Max: 0x00040000, ABSOLUTE)

    Execution Region ER_IROM1 (Exec base: 0x00000000, Load base: 0x00000000, Size: 0x00002ac0, Max: 0x00040000, ABSOLUTE)

    Exec Addr    Load Addr    Size         Type   Attr      Idx    E Section Name        Object

    0x00000000   0x00000000   0x000000c0   Data   RO            3    RESET               startup_fm33lg0xx.o
    0x000000c0   0x000000c0   0x00000000   Code   RO         3540  * .ARM.Collect$$$$00000000  mc_p.l(entry.o)
    0x000000c0   0x000000c0   0x00000004   Code   RO         3607    .ARM.Collect$$$$00000001  mc_p.l(entry2.o)
    0x000000c4   0x000000c4   0x00000004   Code   RO         3610    .ARM.Collect$$$$00000004  mc_p.l(entry5.o)
    0x000000c8   0x000000c8   0x00000000   Code   RO         3612    .ARM.Collect$$$$00000008  mc_p.l(entry7b.o)
    0x000000c8   0x000000c8   0x00000000   Code   RO         3614    .ARM.Collect$$$$0000000A  mc_p.l(entry8b.o)
    0x000000c8   0x000000c8   0x00000008   Code   RO         3615    .ARM.Collect$$$$0000000B  mc_p.l(entry9a.o)
    0x000000d0   0x000000d0   0x00000004   Code   RO         3622    .ARM.Collect$$$$0000000E  mc_p.l(entry12b.o)
    0x000000d4   0x000000d4   0x00000000   Code   RO         3617    .ARM.Collect$$$$0000000F  mc_p.l(entry10a.o)
    0x000000d4   0x000000d4   0x00000000   Code   RO         3619    .ARM.Collect$$$$00000011  mc_p.l(entry11a.o)
    0x000000d4   0x000000d4   0x00000004   Code   RO         3608    .ARM.Collect$$$$00002712  mc_p.l(entry2.o)
    0x000000d8   0x000000d8   0x0000001c   Code   RO            4    .text               startup_fm33lg0xx.o
    0x000000f4   0x000000f4   0x0000002c   Code   RO         3543    .text               mc_p.l(uidiv.o)
    0x00000120   0x00000120   0x00000028   Code   RO         3545    .text               mc_p.l(idiv.o)
    0x00000148   0x00000148   0x00000024   Code   RO         3551    .text               mc_p.l(memcpya.o)
    0x0000016c   0x0000016c   0x00000024   Code   RO         3553    .text               mc_p.l(memseta.o)
    0x00000190   0x00000190   0x00000024   Code   RO         3643    .text               mc_p.l(init.o)
    0x000001b4   0x000001b4   0x000000cc   Code   RO          371    i.ATIM_IRQHandler   time.o
    0x00000280   0x00000280   0x00000014   Code   RO          372    i.ATIM_Init         time.o
    0x00000294   0x00000294   0x00000010   Code   RO          373    i.ATIM_NVIC_Init    time.o
    0x000002a4   0x000002a4   0x00000018   Code   RO          374    i.ATIM_Start        time.o
    0x000002bc   0x000002bc   0x0000009c   Code   RO          804    i.CheckZDCurrent    zdina219.o
    0x00000358   0x00000358   0x00000070   Code   RO          805    i.Current_CHK_CTRL_OFF  zdina219.o
    0x000003c8   0x000003c8   0x00000070   Code   RO          806    i.Current_CHK_CTRL_ON  zdina219.o
    0x00000438   0x00000438   0x00000044   Code   RO          807    i.Current_CHK_Func  zdina219.o
    0x0000047c   0x0000047c   0x0000018c   Code   RO         1240    i.FL_ADC_CommonInit  fm33lg0xx_fl_adc.o
    0x00000608   0x00000608   0x0000000a   Code   RO         1243    i.FL_ADC_Disable    fm33lg0xx_fl_adc.o
    0x00000612   0x00000612   0x0000000c   Code   RO         1244    i.FL_ADC_DisableOverSampling  fm33lg0xx_fl_adc.o
    0x0000061e   0x0000061e   0x0000000c   Code   RO          610    i.FL_ADC_EnableSequencerChannel  adc_chk.o
    0x0000062a   0x0000062a   0x00000002   PAD
    0x0000062c   0x0000062c   0x00000388   Code   RO         1245    i.FL_ADC_Init       fm33lg0xx_fl_adc.o
    0x000009b4   0x000009b4   0x0000000c   Code   RO         1246    i.FL_ADC_SetClockSource  fm33lg0xx_fl_adc.o
    0x000009c0   0x000009c0   0x0000000a   Code   RO         1373    i.FL_ATIM_GenerateUpdateEvent  fm33lg0xx_fl_atim.o
    0x000009ca   0x000009ca   0x00000002   PAD
    0x000009cc   0x000009cc   0x00000198   Code   RO         1376    i.FL_ATIM_Init      fm33lg0xx_fl_atim.o
    0x00000b64   0x00000b64   0x00000010   Code   RO         1377    i.FL_ATIM_IsActiveFlag_Update  fm33lg0xx_fl_atim.o
    0x00000b74   0x00000b74   0x0000000c   Code   RO         1382    i.FL_ATIM_SetCounterAlignedMode  fm33lg0xx_fl_atim.o
    0x00000b80   0x00000b80   0x0000000c   Code   RO         1383    i.FL_ATIM_SetCounterDirection  fm33lg0xx_fl_atim.o
    0x00000b8c   0x00000b8c   0x00000010   Code   RO         3334    i.FL_CMU_EnableGroup3BusClock  fm33lg0xx_fl_uart.o
    0x00000b9c   0x00000b9c   0x00000010   Code   RO         1388    i.FL_CMU_EnableGroup3OperationClock  fm33lg0xx_fl_atim.o
    0x00000bac   0x00000bac   0x00000010   Code   RO         3335    i.FL_CMU_EnableGroup3OperationClock  fm33lg0xx_fl_uart.o
    0x00000bbc   0x00000bbc   0x00000010   Code   RO         1389    i.FL_CMU_EnableGroup4BusClock  fm33lg0xx_fl_atim.o
    0x00000bcc   0x00000bcc   0x00000078   Code   RO         1650    i.FL_CMU_GetAHBClockFreq  fm33lg0xx_fl_cmu.o
    0x00000c44   0x00000c44   0x00000078   Code   RO         1651    i.FL_CMU_GetAPBClockFreq  fm33lg0xx_fl_cmu.o
    0x00000cbc   0x00000cbc   0x000000ac   Code   RO         1652    i.FL_CMU_GetPLLClockFreq  fm33lg0xx_fl_cmu.o
    0x00000d68   0x00000d68   0x00000050   Code   RO         1653    i.FL_CMU_GetRCHFClockFreq  fm33lg0xx_fl_cmu.o
    0x00000db8   0x00000db8   0x0000004c   Code   RO         1654    i.FL_CMU_GetRCLFClockFreq  fm33lg0xx_fl_cmu.o
    0x00000e04   0x00000e04   0x00000064   Code   RO         1655    i.FL_CMU_GetSystemClockFreq  fm33lg0xx_fl_cmu.o
    0x00000e68   0x00000e68   0x00000020   Code   RO         1170    i.FL_DelayInit      fm33lg0xx_fl.o
    0x00000e88   0x00000e88   0x00000038   Code   RO         1171    i.FL_DelayMs        fm33lg0xx_fl.o
    0x00000ec0   0x00000ec0   0x00000044   Code   RO         1173    i.FL_DelayUs        fm33lg0xx_fl.o
    0x00000f04   0x00000f04   0x0000000a   Code   RO         2300    i.FL_GPIO_DisablePinAnalogSwitch  fm33lg0xx_fl_gpio.o
    0x00000f0e   0x00000f0e   0x0000000a   Code   RO         2301    i.FL_GPIO_DisablePinInput  fm33lg0xx_fl_gpio.o
    0x00000f18   0x00000f18   0x0000000a   Code   RO         2302    i.FL_GPIO_DisablePinOpenDrain  fm33lg0xx_fl_gpio.o
    0x00000f22   0x00000f22   0x0000000a   Code   RO         2303    i.FL_GPIO_DisablePinPullup  fm33lg0xx_fl_gpio.o
    0x00000f2c   0x00000f2c   0x0000000a   Code   RO         2304    i.FL_GPIO_DisablePinRemap  fm33lg0xx_fl_gpio.o
    0x00000f36   0x00000f36   0x00000016   Code   RO          808    i.FL_GPIO_GetInputPin  zdina219.o
    0x00000f4c   0x00000f4c   0x000001e8   Code   RO         2305    i.FL_GPIO_Init      fm33lg0xx_fl_gpio.o
    0x00001134   0x00001134   0x00000006   Code   RO          809    i.FL_GPIO_ResetOutputPin  zdina219.o
    0x0000113a   0x0000113a   0x00000006   Code   RO          810    i.FL_GPIO_SetOutputPin  zdina219.o
    0x00001140   0x00001140   0x0000001a   Code   RO         2306    i.FL_GPIO_SetPinMode  fm33lg0xx_fl_gpio.o
    0x0000115a   0x0000115a   0x00000002   PAD
    0x0000115c   0x0000115c   0x00000120   Code   RO         2579    i.FL_IWDT_Init      fm33lg0xx_fl_iwdt.o
    0x0000127c   0x0000127c   0x00000014   Code   RO         2580    i.FL_IWDT_ReadCounter  fm33lg0xx_fl_iwdt.o
    0x00001290   0x00001290   0x0000000a   Code   RO         2581    i.FL_IWDT_StructInit  fm33lg0xx_fl_iwdt.o
    0x0000129a   0x0000129a   0x00000008   Code   RO         1175    i.FL_Init           fm33lg0xx_fl.o
    0x000012a2   0x000012a2   0x00000002   PAD
    0x000012a4   0x000012a4   0x00000048   Code   RO         1176    i.FL_NVIC_Init      fm33lg0xx_fl.o
    0x000012ec   0x000012ec   0x0000000a   Code   RO          470    i.FL_UART_EnableIT_TXShiftBuffEmpty  uart1.o
    0x000012f6   0x000012f6   0x00000002   PAD
    0x000012f8   0x000012f8   0x000002e4   Code   RO         3341    i.FL_UART_Init      fm33lg0xx_fl_uart.o
    0x000015dc   0x000015dc   0x0000000c   Code   RO          286    i.FL_UART_WriteTXBuff  uart5.o
    0x000015e8   0x000015e8   0x0000000c   Code   RO          471    i.FL_UART_WriteTXBuff  uart1.o
    0x000015f4   0x000015f4   0x0000000c   Code   RO          951    i.FL_UART_WriteTXBuff  uart0.o
    0x00001600   0x00001600   0x00000028   Code   RO          425    i.GPIO_IRQHandler   gpio.o
    0x00001628   0x00001628   0x00000268   Code   RO          811    i.INA219_IIC_GPIO_Init  zdina219.o
    0x00001890   0x00001890   0x0000002c   Code   RO          576    i.LED_FLAG_LOOP     led_ctrl.o
    0x000018bc   0x000018bc   0x0000001c   Code   RO          577    i.LED_FLAG_Run      led_ctrl.o
    0x000018d8   0x000018d8   0x00000010   Code   RO          426    i.LED_Off           gpio.o
    0x000018e8   0x000018e8   0x00000010   Code   RO          427    i.LED_On            gpio.o
    0x000018f8   0x000018f8   0x00000018   Code   RO          616    i.MF_ADC_Common_Init  adc_chk.o
    0x00001910   0x00001910   0x000000f8   Code   RO          617    i.MF_ADC_Init       adc_chk.o
    0x00001a08   0x00001a08   0x0000000c   Code   RO          618    i.MF_ADC_PC10_Config_Init  adc_chk.o
    0x00001a14   0x00001a14   0x00000020   Code   RO          375    i.MF_ATIM_Interrupt_Init  time.o
    0x00001a34   0x00001a34   0x00000030   Code   RO          376    i.MF_ATIM_TimerBase_Init  time.o
    0x00001a64   0x00001a64   0x00000084   Code   RO           13    i.MF_Clock_Init     mf_config.o
    0x00001ae8   0x00001ae8   0x00000064   Code   RO          472    i.MF_UART1_Init     uart1.o
    0x00001b4c   0x00001b4c   0x00000034   Code   RO          473    i.MF_UART1_Interrupt_Init  uart1.o
    0x00001b80   0x00001b80   0x00000078   Code   RO         1177    i.NVIC_SetPriority  fm33lg0xx_fl.o
    0x00001bf8   0x00001bf8   0x00000030   Code   RO          428    i.Others_GPIO_Init  gpio.o
    0x00001c28   0x00001c28   0x00000010   Code   RO          475    i.PC_Chuankou_tongxin_send  uart1.o
    0x00001c38   0x00001c38   0x00000020   Code   RO         1026    i.PC_xieyifasong_1  pc_xieyi_ctrl.o
    0x00001c58   0x00001c58   0x0000008c   Code   RO         1027    i.PC_xieyifasong_2  pc_xieyi_ctrl.o
    0x00001ce4   0x00001ce4   0x000000c4   Code   RO         1028    i.PC_xieyijiexi     pc_xieyi_ctrl.o
    0x00001da8   0x00001da8   0x000000ac   Code   RO          812    i.ReadZD_Current    zdina219.o
    0x00001e54   0x00001e54   0x0000013c   Code   RO         1132    i.SystemCoreClockUpdate  system_fm33lg0xx.o
    0x00001f90   0x00001f90   0x000000fc   Code   RO         1133    i.SystemInit        system_fm33lg0xx.o
    0x0000208c   0x0000208c   0x000000d0   Code   RO         1134    i.SystemPLLClockUpdate  system_fm33lg0xx.o
    0x0000215c   0x0000215c   0x000000f0   Code   RO          954    i.UART0_IRQHandler  uart0.o
    0x0000224c   0x0000224c   0x000000f8   Code   RO          476    i.UART1_IRQHandler  uart1.o
    0x00002344   0x00002344   0x00000014   Code   RO          477    i.UART1_MF_Config_Init  uart1.o
    0x00002358   0x00002358   0x00000010   Code   RO          478    i.UART1_MF_NVIC_Init  uart1.o
    0x00002368   0x00002368   0x000000f0   Code   RO          289    i.UART5_IRQHandler  uart5.o
    0x00002458   0x00002458   0x00000034   Code   RO          479    i.UART_TX_state_change  uart1.o
    0x0000248c   0x0000248c   0x0000006c   Code   RO          480    i.Uart1_Rx_rec      uart1.o
    0x000024f8   0x000024f8   0x00000078   Code   RO          481    i.Uart1_Tx_Send     uart1.o
    0x00002570   0x00002570   0x00000018   Code   RO          482    i.Uart1_Tx_Send_init  uart1.o
    0x00002588   0x00002588   0x00000030   Code   RO         1112    i.WatchDog_Init     wtd.o
    0x000025b8   0x000025b8   0x00000010   Code   RO          813    i.ZDINA219_IIC_Delay  zdina219.o
    0x000025c8   0x000025c8   0x00000046   Code   RO          815    i.ZDINA219_IIC_RevByte  zdina219.o
    0x0000260e   0x0000260e   0x00000062   Code   RO          816    i.ZDINA219_IIC_RevBytes  zdina219.o
    0x00002670   0x00002670   0x0000007a   Code   RO          817    i.ZDINA219_IIC_SendByte  zdina219.o
    0x000026ea   0x000026ea   0x0000001c   Code   RO          818    i.ZDINA219_IIC_SendBytes  zdina219.o
    0x00002706   0x00002706   0x00000026   Code   RO          819    i.ZDINA219_IIC_Start  zdina219.o
    0x0000272c   0x0000272c   0x00000030   Code   RO          820    i.ZDINA219_IIC_Stop  zdina219.o
    0x0000275c   0x0000275c   0x000000c4   Code   RO          821    i.ZDINA219_SCL      zdina219.o
    0x00002820   0x00002820   0x000000cc   Code   RO          822    i.ZDINA219_SDA      zdina219.o
    0x000028ec   0x000028ec   0x00000068   Code   RO          823    i.ZDINA219_SDA_InPut  zdina219.o
    0x00002954   0x00002954   0x000000a4   Code   RO          824    i.ZDINA219_SDA_OUT_Dir_CTL  zdina219.o
    0x000029f8   0x000029f8   0x0000001c   Code   RO          940    i.__ARM_common_switch8  zdina219.o
    0x00002a14   0x00002a14   0x0000000e   Code   RO         3649    i.__scatterload_copy  mc_p.l(handlers.o)
    0x00002a22   0x00002a22   0x00000002   Code   RO         3650    i.__scatterload_null  mc_p.l(handlers.o)
    0x00002a24   0x00002a24   0x0000000e   Code   RO         3651    i.__scatterload_zeroinit  mc_p.l(handlers.o)
    0x00002a32   0x00002a32   0x00000002   PAD
    0x00002a34   0x00002a34   0x00000038   Code   RO          199    i.main              main.o
    0x00002a6c   0x00002a6c   0x00000020   Code   RO          200    i.test_Init         main.o
    0x00002a8c   0x00002a8c   0x00000002   Code   RO          743    i.test_start_Init   test_list.o
    0x00002a8e   0x00002a8e   0x00000002   PAD
    0x00002a90   0x00002a90   0x00000010   Code   RO         1029    i.xuceshi_gongwei_qingchu  pc_xieyi_ctrl.o
    0x00002aa0   0x00002aa0   0x00000020   Data   RO         3647    Region$$Table       anon$$obj.o


    Execution Region RW_IRAM1 (Exec base: 0x20000000, Load base: 0x00002ac0, Size: 0x00001060, Max: 0x00008000, ABSOLUTE)

    Exec Addr    Load Addr    Size         Type   Attr      Idx    E Section Name        Object

    0x20000000   0x00002ac0   0x00000008   Data   RW          296    .data               uart5.o
    0x20000008   0x00002ac8   0x00000006   Data   RW          484    .data               uart1.o
    0x2000000e   0x00002ace   0x00000002   Data   RW          578    .data               led_ctrl.o
    0x20000010   0x00002ad0   0x0000000f   Data   RW          745    .data               test_list.o
    0x2000001f   0x00002adf   0x00000003   Data   RW          826    .data               zdina219.o
    0x20000022   0x00002ae2   0x00000006   Data   RW          961    .data               uart0.o
    0x20000028   0x00002ae8   0x0000000b   Data   RW         1031    .data               pc_xieyi_ctrl.o
    0x20000033   0x00002af3   0x00000001   PAD
    0x20000034   0x00002af4   0x0000000c   Data   RW         1135    .data               system_fm33lg0xx.o
    0x20000040        -       0x00000268   Zero   RW          295    .bss                uart5.o
    0x200002a8        -       0x00000268   Zero   RW          483    .bss                uart1.o
    0x20000510        -       0x0000001e   Zero   RW          825    .bss                zdina219.o
    0x2000052e   0x00002b00   0x00000002   PAD
    0x20000530        -       0x00000268   Zero   RW          960    .bss                uart0.o
    0x20000798        -       0x000000c8   Zero   RW         1030    .bss                pc_xieyi_ctrl.o
    0x20000860        -       0x00000800   Zero   RW            1    STACK               startup_fm33lg0xx.o


==============================================================================

Image component sizes


      Code (inc. data)   RO Data    RW Data    ZI Data      Debug   Object Name

       296         10          0          0          0      22846   adc_chk.o
       356         42          0          0          0      12214   fm33lg0xx_fl.o
      1334         24          0          0          0      59858   fm33lg0xx_fl_adc.o
       490         16          0          0          0      67963   fm33lg0xx_fl_atim.o
       668         82          0          0          0      28095   fm33lg0xx_fl_cmu.o
         0          0          0          0          0      23872   fm33lg0xx_fl_comp.o
       564         18          0          0          0      23247   fm33lg0xx_fl_gpio.o
       318         16          0          0          0       5568   fm33lg0xx_fl_iwdt.o
       772         36          0          0          0      39815   fm33lg0xx_fl_uart.o
       120         24          0          0          0      18868   gpio.o
        72         16          0          2          0       1143   led_ctrl.o
        88          8          0          0          0       3669   main.o
       132         10          0          0          0      70160   mf_config.o
       384         26          0         11        200       3086   pc_xieyi_ctrl.o
        28          8        192          0       2048        716   startup_fm33lg0xx.o
       776        102          0         12          0       2207   system_fm33lg0xx.o
         2          0          0         15          0       1326   test_list.o
       344         48          0          0          0      34974   time.o
       252         26          0          6        616       2538   uart0.o
       778         94          0          6        616       7849   uart1.o
       252         26          0          8        616      13936   uart5.o
        48         10          0          0          0        568   wtd.o
      2386        162          0          3         30      29177   zdina219.o

    ----------------------------------------------------------------------
     10472        804        224         64       4128     473695   Object Totals
         0          0         32          0          0          0   (incl. Generated)
        12          0          0          1          2          0   (incl. Padding)

    ----------------------------------------------------------------------

      Code (inc. data)   RO Data    RW Data    ZI Data      Debug   Library Member Name

         0          0          0          0          0          0   entry.o
         0          0          0          0          0          0   entry10a.o
         0          0          0          0          0          0   entry11a.o
         4          0          0          0          0          0   entry12b.o
         8          4          0          0          0          0   entry2.o
         4          0          0          0          0          0   entry5.o
         0          0          0          0          0          0   entry7b.o
         0          0          0          0          0          0   entry8b.o
         8          4          0          0          0          0   entry9a.o
        30          0          0          0          0          0   handlers.o
        40          0          0          0          0         72   idiv.o
        36          8          0          0          0         68   init.o
        36          0          0          0          0         60   memcpya.o
        36          0          0          0          0        100   memseta.o
        44          0          0          0          0         72   uidiv.o

    ----------------------------------------------------------------------
       248         16          0          0          0        372   Library Totals
         2          0          0          0          0          0   (incl. Padding)

    ----------------------------------------------------------------------

      Code (inc. data)   RO Data    RW Data    ZI Data      Debug   Library Name

       246         16          0          0          0        372   mc_p.l

    ----------------------------------------------------------------------
       248         16          0          0          0        372   Library Totals

    ----------------------------------------------------------------------

==============================================================================


      Code (inc. data)   RO Data    RW Data    ZI Data      Debug   

     10720        820        224         64       4128     469775   Grand Totals
     10720        820        224         64       4128     469775   ELF Image Totals
     10720        820        224         64          0          0   ROM Totals

==============================================================================

    Total RO  Size (Code + RO Data)                10944 (  10.69kB)
    Total RW  Size (RW Data + ZI Data)              4192 (   4.09kB)
    Total ROM Size (Code + RO Data + RW Data)      11008 (  10.75kB)

==============================================================================

