<html>
<body>
<pre>
<h1>礦ision Build Log</h1>
<h2>Tool Versions:</h2>
IDE-Version: μVision V5.25.2.0
Copyright (C) 2018 ARM Ltd and ARM Germany GmbH. All rights reserved.
License Information: 1 lenovo, 1, LIC=3UURY-I60YS-BXGUY-I13VC-PL12Q-JPC0J
 
Tool Versions:
Toolchain:       MDK-ARM Professional  Version: 5.25.2.0
Toolchain Path:  C:\Keil_v5\ARM\ARMCC\Bin
C Compiler:      Armcc.exe V5.06 update 6 (build 750)
Assembler:       Armasm.exe V5.06 update 6 (build 750)
Linker/Locator:  ArmLink.exe V5.06 update 6 (build 750)
Library Manager: ArmAr.exe V5.06 update 6 (build 750)
Hex Converter:   FromElf.exe V5.06 update 6 (build 750)
CPU DLL:         SARMCM3.DLL V5.25.2.0
Dialog DLL:      DARMCM1.DLL V1.19.1.0
Target DLL:      STLink\ST-LINKIII-KEIL_SWO.dll V3.0.1.0
Dialog DLL:      TARMCM1.DLL V1.14.0.0
 
<h2>Project:</h2>
D:\nochineseroad\xiangmu2024\低成本机械无磁水表工装\测试工装开发\水表测试程序_京兆复旦微水表\MDK-ARM\FM33LG0XX_Tester.uvprojx
Project File Date:  01/03/2025

<h2>Output:</h2>
*** Using Compiler 'V5.06 update 6 (build 750)', folder: 'C:\Keil_v5\ARM\ARMCC\Bin'
Build target 'Example'
compiling Test_List.c...
linking...
Program Size: Code=20468 RO-data=224 RW-data=128 ZI-data=5200  
FromELF: creating hex file...
".\Objects\FM33LC0xx_Tester.axf" - 0 Error(s), 0 Warning(s).

<h2>Software Packages used:</h2>

Package Vendor: FMSH
                https://fmdevelopers.oss-cn-shanghai.aliyuncs.com/FMSH.FM33LG0XX_DFP.3.0.1.pack
                FMSH.FM33LG0XX_DFP.3.0.1
                FMSH FM33LG0XX Series Device Family Pack

<h2>Collection of Component include folders:</h2>
  .\RTE\_Example
  C:\Keil_v5\ARM\PACK\FMSH\FM33LG0XX_DFP\3.0.1\Device\Include

<h2>Collection of Component Files used:</h2>
Build Time Elapsed:  00:00:02
</pre>
</body>
</html>
