<html>
<body>
<pre>
<h1>礦ision Build Log</h1>
<h2>Tool Versions:</h2>
IDE-Version: μVision V5.25.2.0
Copyright (C) 2018 ARM Ltd and ARM Germany GmbH. All rights reserved.
License Information: A huawei, A, LIC=DSNXV-PIJIE-YDBK5-G0KXF-70GQ5-TGNTV
 
Tool Versions:
Toolchain:       MDK-ARM Professional  Version: 5.25.2.0
Toolchain Path:  D:\keil5\ARM\ARMCC\Bin
C Compiler:      Armcc.exe V5.06 update 6 (build 750)
Assembler:       Armasm.exe V5.06 update 6 (build 750)
Linker/Locator:  ArmLink.exe V5.06 update 6 (build 750)
Library Manager: ArmAr.exe V5.06 update 6 (build 750)
Hex Converter:   FromElf.exe V5.06 update 6 (build 750)
CPU DLL:         SARMCM3.DLL V5.25.2.0
Dialog DLL:      DARMCM1.DLL V1.19.1.0
Target DLL:      STLink\ST-LINKIII-KEIL_SWO.dll V3.0.1.0
Dialog DLL:      TARMCM1.DLL V1.14.0.0
 
<h2>Project:</h2>
D:\cx1\新商超气表程序\MDK-ARM\民超商超工装板程序.uvprojx
Project File Date:  01/04/2026

<h2>Output:</h2>
*** Using Compiler 'V5.06 update 6 (build 750)', folder: 'D:\keil5\ARM\ARMCC\Bin'
Rebuild target '民超商超工装板程序'
assembling startup_fm33lg0xx.s...
compiling system_fm33lg0xx.c...
compiling mf_config.c...
compiling fm33lg0xx_fl_svd.c...
compiling fm33lg0xx_fl_flash.c...
compiling main.c...
compiling fm33lg0xx_fl_lpuart.c...
compiling fm33lg0xx_fl_dma.c...
compiling fm33lg0xx_fl_rtca.c...
compiling fm33lg0xx_fl_comp.c...
compiling fm33lg0xx_fl_exti.c...
compiling fm33lg0xx_fl_pgl.c...
compiling fm33lg0xx_fl_rtcb.c...
compiling fm33lg0xx_fl_vrefp.c...
compiling fm33lg0xx_fl_iwdt.c...
compiling fm33lg0xx_fl_aes.c...
compiling fm33lg0xx_fl_adc.c...
compiling fm33lg0xx_fl_vao.c...
compiling fm33lg0xx_fl_lptim16.c...
compiling fm33lg0xx_fl_spi.c...
compiling fm33lg0xx_fl_atim.c...
compiling fm33lg0xx_fl_crc.c...
compiling fm33lg0xx_fl_dac.c...
compiling fm33lg0xx_fl_lcd.c...
compiling fm33lg0xx_fl.c...
compiling fm33lg0xx_fl_gptim.c...
compiling fm33lg0xx_fl_opa.c...
compiling fm33lg0xx_fl_bstim32.c...
compiling fm33lg0xx_fl_cmu.c...
compiling fm33lg0xx_fl_pmu.c...
compiling fm33lg0xx_fl_lptim32.c...
compiling fm33lg0xx_fl_gpio.c...
compiling fm33lg0xx_fl_i2c.c...
compiling fm33lg0xx_fl_uart.c...
compiling fm33lg0xx_fl_divas.c...
compiling fm33lg0xx_fl_wwdt.c...
compiling fm33lg0xx_fl_u7816.c...
compiling fm33lg0xx_fl_rng.c...
compiling fm33lg0xx_fl_bstim16.c...
compiling fm33lg0xx_fl_can.c...
compiling ATIM.c...
compiling uart0.c...
compiling uart1.c...
compiling uart3.c...
compiling ZDINA219.c...
compiling led.c...
compiling uart4.c...
compiling adc.c...
compiling gpio.c...
compiling test.c...
compiling PC.c...
compiling ir.c...
compiling jiaoyan.c...
compiling umu.c...
compiling NB.c...
compiling pwm.c...
compiling exti.c...
compiling DAC.c...
linking...
Program Size: Code=18920 RO-data=224 RW-data=320 ZI-data=6944  
FromELF: creating hex file...
".\Objects\民超商超工装板程序.axf" - 0 Error(s), 0 Warning(s).

<h2>Software Packages used:</h2>

Package Vendor: FMSH
                https://fmdevelopers.oss-cn-shanghai.aliyuncs.com/FMSH.FM33LG0XX_DFP.3.0.1.pack
                FMSH.FM33LG0XX_DFP.3.0.1
                FMSH FM33LG0XX Series Device Family Pack

<h2>Collection of Component include folders:</h2>
  .\RTE\___________________
  D:\keil5\ARM\PACK\FMSH\FM33LG0XX_DFP\3.0.1\Device\Include

<h2>Collection of Component Files used:</h2>
Build Time Elapsed:  00:00:18
</pre>
</body>
</html>
