Component: ARM Compiler 5.06 update 6 (build 750) Tool: armlink [4d35ed]

==============================================================================

Section Cross References

    startup_fm33lg0xx.o(STACK) refers (Special) to heapauxi.o(.text) for __use_two_region_memory
    startup_fm33lg0xx.o(HEAP) refers (Special) to heapauxi.o(.text) for __use_two_region_memory
    startup_fm33lg0xx.o(RESET) refers (Special) to heapauxi.o(.text) for __use_two_region_memory
    startup_fm33lg0xx.o(RESET) refers to startup_fm33lg0xx.o(STACK) for __initial_sp
    startup_fm33lg0xx.o(RESET) refers to startup_fm33lg0xx.o(.text) for Reset_Handler
    startup_fm33lg0xx.o(RESET) refers to mf_config.o(i.FDET_IRQHandler) for FDET_IRQHandler
    startup_fm33lg0xx.o(RESET) refers to uart0.o(i.UART0_IRQHandler) for UART0_IRQHandler
    startup_fm33lg0xx.o(RESET) refers to uart1.o(i.UART1_IRQHandler) for UART1_IRQHandler
    startup_fm33lg0xx.o(RESET) refers to uart4.o(i.UART4_IRQHandler) for UART4_IRQHandler
    startup_fm33lg0xx.o(RESET) refers to atim.o(i.ATIM_IRQHandler) for ATIM_IRQHandler
    startup_fm33lg0xx.o(RESET) refers to exti.o(i.GPIO_IRQHandler) for GPIO_IRQHandler
    startup_fm33lg0xx.o(.text) refers (Special) to heapauxi.o(.text) for __use_two_region_memory
    startup_fm33lg0xx.o(.text) refers to system_fm33lg0xx.o(i.SystemInit) for SystemInit
    startup_fm33lg0xx.o(.text) refers to __main.o(!!!main) for __main
    startup_fm33lg0xx.o(.text) refers to startup_fm33lg0xx.o(HEAP) for Heap_Mem
    startup_fm33lg0xx.o(.text) refers to startup_fm33lg0xx.o(STACK) for Stack_Mem
    mf_config.o(i.MF_CMU_XTLF_Init) refers to fm33lg0xx_fl_vao.o(i.FL_VAO_XTLF_Init) for FL_VAO_XTLF_Init
    mf_config.o(i.MF_Clock_Init) refers to mf_config.o(i.MF_CMU_XTLF_Init) for MF_CMU_XTLF_Init
    mf_config.o(i.MF_Clock_Init) refers to fm33lg0xx_fl.o(i.FL_DelayMs) for FL_DelayMs
    mf_config.o(i.MF_Clock_Init) refers to system_fm33lg0xx.o(i.SystemCoreClockUpdate) for SystemCoreClockUpdate
    mf_config.o(i.MF_SWD_IO_Init) refers to fm33lg0xx_fl_gpio.o(i.FL_GPIO_Init) for FL_GPIO_Init
    main.o(i.UART_Init) refers to uart0.o(i.UART0_MF_Config_Init) for UART0_MF_Config_Init
    main.o(i.UART_Init) refers to uart1.o(i.UART1_MF_Config_Init) for UART1_MF_Config_Init
    main.o(i.UART_Init) refers to uart4.o(i.UART4_MF_Config_Init) for UART4_MF_Config_Init
    main.o(i.main) refers to fm33lg0xx_fl.o(i.FL_Init) for FL_Init
    main.o(i.main) refers to mf_config.o(i.MF_Clock_Init) for MF_Clock_Init
    main.o(i.main) refers to mf_config.o(i.MF_SWD_IO_Init) for MF_SWD_IO_Init
    main.o(i.main) refers to gpio.o(i.MF_GPIO_Init) for MF_GPIO_Init
    main.o(i.main) refers to exti.o(i.MF_EXTI_Init) for MF_EXTI_Init
    main.o(i.main) refers to atim.o(i.ATIM_Init) for ATIM_Init
    main.o(i.main) refers to main.o(i.UART_Init) for UART_Init
    main.o(i.main) refers to zdina219.o(i.INA219_IIC_GPIO_Init) for INA219_IIC_GPIO_Init
    main.o(i.main) refers to adc.o(i.MF_ADC_Config_Init) for MF_ADC_Config_Init
    main.o(i.main) refers to test.o(i.Test_Init) for Test_Init
    main.o(i.main) refers to led.o(i.LED_Sign_Close) for LED_Sign_Close
    main.o(i.main) refers to uart0.o(i.Uart0_Rx_rec) for Uart0_Rx_rec
    main.o(i.main) refers to uart1.o(i.Uart1_Rx_rec) for Uart1_Rx_rec
    main.o(i.main) refers to uart4.o(i.Uart4_Rx_rec) for Uart4_Rx_rec
    main.o(i.main) refers to test.o(i.Test_Function) for Test_Function
    main.o(i.main) refers to test.o(i.Moter_Test) for Moter_Test
    main.o(i.main) refers to test.o(i.UMU_Timing_Send) for UMU_Timing_Send
    system_fm33lg0xx.o(i.SystemCoreClockUpdate) refers to system_fm33lg0xx.o(i.__ARM_common_switch8) for __ARM_common_switch8
    system_fm33lg0xx.o(i.SystemCoreClockUpdate) refers to system_fm33lg0xx.o(i.SystemPLLClockUpdate) for SystemPLLClockUpdate
    system_fm33lg0xx.o(i.SystemCoreClockUpdate) refers to system_fm33lg0xx.o(.data) for XTHFClock
    system_fm33lg0xx.o(i.SystemInit) refers to system_fm33lg0xx.o(i.SystemCoreClockUpdate) for SystemCoreClockUpdate
    system_fm33lg0xx.o(i.SystemPLLClockUpdate) refers to system_fm33lg0xx.o(i.__ARM_common_switch8) for __ARM_common_switch8
    system_fm33lg0xx.o(i.SystemPLLClockUpdate) refers to aeabi_sdiv.o(.text) for __aeabi_uidivmod
    system_fm33lg0xx.o(i.SystemPLLClockUpdate) refers to system_fm33lg0xx.o(.data) for XTHFClock
    fm33lg0xx_fl_lpuart.o(i.FL_LPUART_DeInit) refers to fm33lg0xx_fl_lpuart.o(i.FL_RMU_EnableResetAPBPeripheral) for FL_RMU_EnableResetAPBPeripheral
    fm33lg0xx_fl_lpuart.o(i.FL_LPUART_DeInit) refers to fm33lg0xx_fl_lpuart.o(i.FL_RMU_DisableResetAPBPeripheral) for FL_RMU_DisableResetAPBPeripheral
    fm33lg0xx_fl_lpuart.o(i.FL_LPUART_DeInit) refers to fm33lg0xx_fl_lpuart.o(i.FL_CMU_IsEnabledGroup3BusClock) for FL_CMU_IsEnabledGroup3BusClock
    fm33lg0xx_fl_lpuart.o(i.FL_LPUART_DeInit) refers to fm33lg0xx_fl_lpuart.o(i.FL_CMU_DisableGroup3OperationClock) for FL_CMU_DisableGroup3OperationClock
[...]
    FL_ATIM_GenerateUpdateEvent              0x00001011   Thumb Code    10  fm33lg0xx_fl_atim.o(i.FL_ATIM_GenerateUpdateEvent)
    i.FL_ATIM_Init                           0x0000101c   Section        0  fm33lg0xx_fl_atim.o(i.FL_ATIM_Init)
    i.FL_ATIM_IsActiveFlag_Update            0x000011b4   Section        0  fm33lg0xx_fl_atim.o(i.FL_ATIM_IsActiveFlag_Update)
    FL_ATIM_IsActiveFlag_Update              0x000011b5   Thumb Code    16  fm33lg0xx_fl_atim.o(i.FL_ATIM_IsActiveFlag_Update)
    i.FL_ATIM_SetCounterAlignedMode          0x000011c4   Section        0  fm33lg0xx_fl_atim.o(i.FL_ATIM_SetCounterAlignedMode)
    FL_ATIM_SetCounterAlignedMode            0x000011c5   Thumb Code    12  fm33lg0xx_fl_atim.o(i.FL_ATIM_SetCounterAlignedMode)
    i.FL_ATIM_SetCounterDirection            0x000011d0   Section        0  fm33lg0xx_fl_atim.o(i.FL_ATIM_SetCounterDirection)
    FL_ATIM_SetCounterDirection              0x000011d1   Thumb Code    12  fm33lg0xx_fl_atim.o(i.FL_ATIM_SetCounterDirection)
    i.FL_CDIF_EnableCPUToVAO                 0x000011dc   Section        0  fm33lg0xx_fl_vao.o(i.FL_CDIF_EnableCPUToVAO)
    FL_CDIF_EnableCPUToVAO                   0x000011dd   Thumb Code    10  fm33lg0xx_fl_vao.o(i.FL_CDIF_EnableCPUToVAO)
    i.FL_CDIF_EnableVAOToCPU                 0x000011e6   Section        0  fm33lg0xx_fl_vao.o(i.FL_CDIF_EnableVAOToCPU)
    FL_CDIF_EnableVAOToCPU                   0x000011e7   Thumb Code    10  fm33lg0xx_fl_vao.o(i.FL_CDIF_EnableVAOToCPU)
    i.FL_CMU_EnableGroup3BusClock            0x000011f0   Section        0  fm33lg0xx_fl_uart.o(i.FL_CMU_EnableGroup3BusClock)
    FL_CMU_EnableGroup3BusClock              0x000011f1   Thumb Code    12  fm33lg0xx_fl_uart.o(i.FL_CMU_EnableGroup3BusClock)
    i.FL_CMU_EnableGroup3OperationClock      0x00001200   Section        0  fm33lg0xx_fl_atim.o(i.FL_CMU_EnableGroup3OperationClock)
    FL_CMU_EnableGroup3OperationClock        0x00001201   Thumb Code    12  fm33lg0xx_fl_atim.o(i.FL_CMU_EnableGroup3OperationClock)
    i.FL_CMU_EnableGroup3OperationClock      0x00001210   Section        0  fm33lg0xx_fl_uart.o(i.FL_CMU_EnableGroup3OperationClock)
    FL_CMU_EnableGroup3OperationClock        0x00001211   Thumb Code    12  fm33lg0xx_fl_uart.o(i.FL_CMU_EnableGroup3OperationClock)
    i.FL_CMU_EnableGroup4BusClock            0x00001220   Section        0  fm33lg0xx_fl_atim.o(i.FL_CMU_EnableGroup4BusClock)
    FL_CMU_EnableGroup4BusClock              0x00001221   Thumb Code    12  fm33lg0xx_fl_atim.o(i.FL_CMU_EnableGroup4BusClock)
    i.FL_CMU_GetAHBClockFreq                 0x00001230   Section        0  fm33lg0xx_fl_cmu.o(i.FL_CMU_GetAHBClockFreq)
    i.FL_CMU_GetAPBClockFreq                 0x000012a8   Section        0  fm33lg0xx_fl_cmu.o(i.FL_CMU_GetAPBClockFreq)
    i.FL_CMU_GetPLLClockFreq                 0x00001320   Section        0  fm33lg0xx_fl_cmu.o(i.FL_CMU_GetPLLClockFreq)
    i.FL_CMU_GetRCHFClockFreq                0x000013cc   Section        0  fm33lg0xx_fl_cmu.o(i.FL_CMU_GetRCHFClockFreq)
    i.FL_CMU_GetRCLFClockFreq                0x0000141c   Section        0  fm33lg0xx_fl_cmu.o(i.FL_CMU_GetRCLFClockFreq)
    i.FL_CMU_GetSystemClockFreq              0x00001468   Section        0  fm33lg0xx_fl_cmu.o(i.FL_CMU_GetSystemClockFreq)
    i.FL_CMU_SetADCPrescaler                 0x000014cc   Section        0  adc.o(i.FL_CMU_SetADCPrescaler)
    FL_CMU_SetADCPrescaler                   0x000014cd   Thumb Code    16  adc.o(i.FL_CMU_SetADCPrescaler)
    i.FL_DelayInit                           0x000014e0   Section        0  fm33lg0xx_fl.o(i.FL_DelayInit)
    i.FL_DelayMs                             0x00001500   Section        0  fm33lg0xx_fl.o(i.FL_DelayMs)
    i.FL_DelayUs                             0x00001518   Section        0  fm33lg0xx_fl.o(i.FL_DelayUs)
    i.FL_EXTI_CommonInit                     0x0000155c   Section        0  fm33lg0xx_fl_exti.o(i.FL_EXTI_CommonInit)
    i.FL_EXTI_Init                           0x000015bc   Section        0  fm33lg0xx_fl_exti.o(i.FL_EXTI_Init)
    i.FL_GPIO_ClearFlag_EXTI                 0x00001778   Section        0  fm33lg0xx_fl_exti.o(i.FL_GPIO_ClearFlag_EXTI)
    FL_GPIO_ClearFlag_EXTI                   0x00001779   Thumb Code     8  fm33lg0xx_fl_exti.o(i.FL_GPIO_ClearFlag_EXTI)
    i.FL_GPIO_DisableDigitalFilter           0x00001780   Section        0  fm33lg0xx_fl_exti.o(i.FL_GPIO_DisableDigitalFilter)
    FL_GPIO_DisableDigitalFilter             0x00001781   Thumb Code    12  fm33lg0xx_fl_exti.o(i.FL_GPIO_DisableDigitalFilter)
    i.FL_GPIO_DisablePinAnalogSwitch         0x0000178c   Section        0  fm33lg0xx_fl_gpio.o(i.FL_GPIO_DisablePinAnalogSwitch)
    FL_GPIO_DisablePinAnalogSwitch           0x0000178d   Thumb Code    10  fm33lg0xx_fl_gpio.o(i.FL_GPIO_DisablePinAnalogSwitch)
    i.FL_GPIO_DisablePinInput                0x00001796   Section        0  fm33lg0xx_fl_gpio.o(i.FL_GPIO_DisablePinInput)
    FL_GPIO_DisablePinInput                  0x00001797   Thumb Code    10  fm33lg0xx_fl_gpio.o(i.FL_GPIO_DisablePinInput)
    i.FL_GPIO_DisablePinOpenDrain            0x000017a0   Section        0  fm33lg0xx_fl_gpio.o(i.FL_GPIO_DisablePinOpenDrain)
    FL_GPIO_DisablePinOpenDrain              0x000017a1   Thumb Code    10  fm33lg0xx_fl_gpio.o(i.FL_GPIO_DisablePinOpenDrain)
    i.FL_GPIO_DisablePinPullup               0x000017aa   Section        0  fm33lg0xx_fl_gpio.o(i.FL_GPIO_DisablePinPullup)
    FL_GPIO_DisablePinPullup                 0x000017ab   Thumb Code    10  fm33lg0xx_fl_gpio.o(i.FL_GPIO_DisablePinPullup)
    i.FL_GPIO_DisablePinRemap                0x000017b4   Section        0  fm33lg0xx_fl_gpio.o(i.FL_GPIO_DisablePinRemap)
    FL_GPIO_DisablePinRemap                  0x000017b5   Thumb Code    10  fm33lg0xx_fl_gpio.o(i.FL_GPIO_DisablePinRemap)
    i.FL_GPIO_GetInputPin                    0x000017be   Section        0  zdina219.o(i.FL_GPIO_GetInputPin)
    FL_GPIO_GetInputPin                      0x000017bf   Thumb Code    22  zdina219.o(i.FL_GPIO_GetInputPin)
    i.FL_GPIO_GetInputPin                    0x000017d4   Section        0  gpio.o(i.FL_GPIO_GetInputPin)
    FL_GPIO_GetInputPin                      0x000017d5   Thumb Code    22  gpio.o(i.FL_GPIO_GetInputPin)
    i.FL_GPIO_GetInputPin                    0x000017ea   Section        0  test.o(i.FL_GPIO_GetInputPin)
    FL_GPIO_GetInputPin                      0x000017eb   Thumb Code    22  test.o(i.FL_GPIO_GetInputPin)
    i.FL_GPIO_Init                           0x00001800   Section        0  fm33lg0xx_fl_gpio.o(i.FL_GPIO_Init)
    i.FL_GPIO_ResetOutputPin                 0x000019e8   Section        0  zdina219.o(i.FL_GPIO_ResetOutputPin)
    FL_GPIO_ResetOutputPin                   0x000019e9   Thumb Code    10  zdina219.o(i.FL_GPIO_ResetOutputPin)
    i.FL_GPIO_ResetOutputPin                 0x000019f2   Section        0  gpio.o(i.FL_GPIO_ResetOutputPin)
    FL_GPIO_ResetOutputPin                   0x000019f3   Thumb Code    10  gpio.o(i.FL_GPIO_ResetOutputPin)
    i.FL_GPIO_SetExtiLine0                   0x000019fc   Section        0  fm33lg0xx_fl_exti.o(i.FL_GPIO_SetExtiLine0)
    FL_GPIO_SetExtiLine0                     0x000019fd   Thumb Code    12  fm33lg0xx_fl_exti.o(i.FL_GPIO_SetExtiLine0)
    i.FL_GPIO_SetExtiLine1                   0x00001a08   Section        0  fm33lg0xx_fl_exti.o(i.FL_GPIO_SetExtiLine1)
    FL_GPIO_SetExtiLine1                     0x00001a09   Thumb Code    12  fm33lg0xx_fl_exti.o(i.FL_GPIO_SetExtiLine1)
    i.FL_GPIO_SetExtiLine10                  0x00001a14   Section        0  fm33lg0xx_fl_exti.o(i.FL_GPIO_SetExtiLine10)
    FL_GPIO_SetExtiLine10                    0x00001a15   Thumb Code    14  fm33lg0xx_fl_exti.o(i.FL_GPIO_SetExtiLine10)
    i.FL_GPIO_SetExtiLine11                  0x00001a22   Section        0  fm33lg0xx_fl_exti.o(i.FL_GPIO_SetExtiLine11)
    FL_GPIO_SetExtiLine11                    0x00001a23   Thumb Code    14  fm33lg0xx_fl_exti.o(i.FL_GPIO_SetExtiLine11)
    i.FL_GPIO_SetExtiLine12                  0x00001a30   Section        0  fm33lg0xx_fl_exti.o(i.FL_GPIO_SetExtiLine12)
    FL_GPIO_SetExtiLine12                    0x00001a31   Thumb Code    14  fm33lg0xx_fl_exti.o(i.FL_GPIO_SetExtiLine12)
    i.FL_GPIO_SetExtiLine13                  0x00001a3e   Section        0  fm33lg0xx_fl_exti.o(i.FL_GPIO_SetExtiLine13)
    FL_GPIO_SetExtiLine13                    0x00001a3f   Thumb Code    14  fm33lg0xx_fl_exti.o(i.FL_GPIO_SetExtiLine13)
    i.FL_GPIO_SetExtiLine14                  0x00001a4c   Section        0  fm33lg0xx_fl_exti.o(i.FL_GPIO_SetExtiLine14)
    FL_GPIO_SetExtiLine14                    0x00001a4d   Thumb Code    14  fm33lg0xx_fl_exti.o(i.FL_GPIO_SetExtiLine14)
    i.FL_GPIO_SetExtiLine15                  0x00001a5a   Section        0  fm33lg0xx_fl_exti.o(i.FL_GPIO_SetExtiLine15)
    FL_GPIO_SetExtiLine15                    0x00001a5b   Thumb Code    12  fm33lg0xx_fl_exti.o(i.FL_GPIO_SetExtiLine15)
    i.FL_GPIO_SetExtiLine16                  0x00001a66   Section        0  fm33lg0xx_fl_exti.o(i.FL_GPIO_SetExtiLine16)
    FL_GPIO_SetExtiLine16                    0x00001a67   Thumb Code    12  fm33lg0xx_fl_exti.o(i.FL_GPIO_SetExtiLine16)
    i.FL_GPIO_SetExtiLine17                  0x00001a72   Section        0  fm33lg0xx_fl_exti.o(i.FL_GPIO_SetExtiLine17)
    FL_GPIO_SetExtiLine17                    0x00001a73   Thumb Code    12  fm33lg0xx_fl_exti.o(i.FL_GPIO_SetExtiLine17)
    i.FL_GPIO_SetExtiLine18                  0x00001a7e   Section        0  fm33lg0xx_fl_exti.o(i.FL_GPIO_SetExtiLine18)
    FL_GPIO_SetExtiLine18                    0x00001a7f   Thumb Code    12  fm33lg0xx_fl_exti.o(i.FL_GPIO_SetExtiLine18)
    i.FL_GPIO_SetExtiLine2                   0x00001a8a   Section        0  fm33lg0xx_fl_exti.o(i.FL_GPIO_SetExtiLine2)
    FL_GPIO_SetExtiLine2                     0x00001a8b   Thumb Code    12  fm33lg0xx_fl_exti.o(i.FL_GPIO_SetExtiLine2)
    i.FL_GPIO_SetExtiLine3                   0x00001a96   Section        0  fm33lg0xx_fl_exti.o(i.FL_GPIO_SetExtiLine3)
    FL_GPIO_SetExtiLine3                     0x00001a97   Thumb Code    12  fm33lg0xx_fl_exti.o(i.FL_GPIO_SetExtiLine3)
    i.FL_GPIO_SetExtiLine4                   0x00001aa2   Section        0  fm33lg0xx_fl_exti.o(i.FL_GPIO_SetExtiLine4)
    FL_GPIO_SetExtiLine4                     0x00001aa3   Thumb Code    14  fm33lg0xx_fl_exti.o(i.FL_GPIO_SetExtiLine4)
    i.FL_GPIO_SetExtiLine5                   0x00001ab0   Section        0  fm33lg0xx_fl_exti.o(i.FL_GPIO_SetExtiLine5)
    FL_GPIO_SetExtiLine5                     0x00001ab1   Thumb Code    14  fm33lg0xx_fl_exti.o(i.FL_GPIO_SetExtiLine5)
    i.FL_GPIO_SetExtiLine6                   0x00001abe   Section        0  fm33lg0xx_fl_exti.o(i.FL_GPIO_SetExtiLine6)
    FL_GPIO_SetExtiLine6                     0x00001abf   Thumb Code    14  fm33lg0xx_fl_exti.o(i.FL_GPIO_SetExtiLine6)
    i.FL_GPIO_SetExtiLine7                   0x00001acc   Section        0  fm33lg0xx_fl_exti.o(i.FL_GPIO_SetExtiLine7)
    FL_GPIO_SetExtiLine7                     0x00001acd   Thumb Code    14  fm33lg0xx_fl_exti.o(i.FL_GPIO_SetExtiLine7)
    i.FL_GPIO_SetExtiLine8                   0x00001ada   Section        0  fm33lg0xx_fl_exti.o(i.FL_GPIO_SetExtiLine8)
    FL_GPIO_SetExtiLine8                     0x00001adb   Thumb Code    14  fm33lg0xx_fl_exti.o(i.FL_GPIO_SetExtiLine8)
    i.FL_GPIO_SetExtiLine9                   0x00001ae8   Section        0  fm33lg0xx_fl_exti.o(i.FL_GPIO_SetExtiLine9)
    FL_GPIO_SetExtiLine9                     0x00001ae9   Thumb Code    14  fm33lg0xx_fl_exti.o(i.FL_GPIO_SetExtiLine9)
    i.FL_GPIO_SetOutputPin                   0x00001af6   Section        0  zdina219.o(i.FL_GPIO_SetOutputPin)
    FL_GPIO_SetOutputPin                     0x00001af7   Thumb Code    10  zdina219.o(i.FL_GPIO_SetOutputPin)
    i.FL_GPIO_SetOutputPin                   0x00001b00   Section        0  gpio.o(i.FL_GPIO_SetOutputPin)
    FL_GPIO_SetOutputPin                     0x00001b01   Thumb Code    10  gpio.o(i.FL_GPIO_SetOutputPin)
    i.FL_GPIO_SetPinMode                     0x00001b0a   Section        0  fm33lg0xx_fl_gpio.o(i.FL_GPIO_SetPinMode)
    FL_GPIO_SetPinMode                       0x00001b0b   Thumb Code    26  fm33lg0xx_fl_gpio.o(i.FL_GPIO_SetPinMode)
    i.FL_GPIO_SetTriggerEdge0                0x00001b24   Section        0  fm33lg0xx_fl_exti.o(i.FL_GPIO_SetTriggerEdge0)
    FL_GPIO_SetTriggerEdge0                  0x00001b25   Thumb Code    26  fm33lg0xx_fl_exti.o(i.FL_GPIO_SetTriggerEdge0)
    i.FL_GPIO_SetTriggerEdge1                0x00001b3e   Section        0  fm33lg0xx_fl_exti.o(i.FL_GPIO_SetTriggerEdge1)
    FL_GPIO_SetTriggerEdge1                  0x00001b3f   Thumb Code    26  fm33lg0xx_fl_exti.o(i.FL_GPIO_SetTriggerEdge1)
    i.FL_Init                                0x00001b58   Section        0  fm33lg0xx_fl.o(i.FL_Init)
    i.FL_NVIC_Init                           0x00001b60   Section        0  fm33lg0xx_fl.o(i.FL_NVIC_Init)
    i.FL_UART_EnableIT_TXShiftBuffEmpty      0x00001ba8   Section        0  uart0.o(i.FL_UART_EnableIT_TXShiftBuffEmpty)
    FL_UART_EnableIT_TXShiftBuffEmpty        0x00001ba9   Thumb Code    10  uart0.o(i.FL_UART_EnableIT_TXShiftBuffEmpty)
    i.FL_UART_EnableIT_TXShiftBuffEmpty      0x00001bb2   Section        0  uart1.o(i.FL_UART_EnableIT_TXShiftBuffEmpty)
    FL_UART_EnableIT_TXShiftBuffEmpty        0x00001bb3   Thumb Code    10  uart1.o(i.FL_UART_EnableIT_TXShiftBuffEmpty)
    i.FL_UART_EnableIT_TXShiftBuffEmpty      0x00001bbc   Section        0  uart4.o(i.FL_UART_EnableIT_TXShiftBuffEmpty)
    FL_UART_EnableIT_TXShiftBuffEmpty        0x00001bbd   Thumb Code    10  uart4.o(i.FL_UART_EnableIT_TXShiftBuffEmpty)
    i.FL_UART_Init                           0x00001bc8   Section        0  fm33lg0xx_fl_uart.o(i.FL_UART_Init)
    i.FL_UART_WriteTXBuff                    0x00001eac   Section        0  uart0.o(i.FL_UART_WriteTXBuff)
    FL_UART_WriteTXBuff                      0x00001ead   Thumb Code    12  uart0.o(i.FL_UART_WriteTXBuff)
    i.FL_UART_WriteTXBuff                    0x00001eb8   Section        0  uart1.o(i.FL_UART_WriteTXBuff)
    FL_UART_WriteTXBuff                      0x00001eb9   Thumb Code    12  uart1.o(i.FL_UART_WriteTXBuff)
    i.FL_UART_WriteTXBuff                    0x00001ec4   Section        0  uart4.o(i.FL_UART_WriteTXBuff)
    FL_UART_WriteTXBuff                      0x00001ec5   Thumb Code    12  uart4.o(i.FL_UART_WriteTXBuff)
    i.FL_VAO_XTLF_Init                       0x00001ed0   Section        0  fm33lg0xx_fl_vao.o(i.FL_VAO_XTLF_Init)
    i.GPIO_IRQHandler                        0x00001ff0   Section        0  exti.o(i.GPIO_IRQHandler)
    i.GetSingleChannelSample_POLL            0x00002020   Section        0  adc.o(i.GetSingleChannelSample_POLL)
    GetSingleChannelSample_POLL              0x00002021   Thumb Code   114  adc.o(i.GetSingleChannelSample_POLL)
    i.GetSingleChannelVoltage_POLL           0x0000209c   Section        0  adc.o(i.GetSingleChannelVoltage_POLL)
    i.GetVREF1P2Sample_POLL                  0x00002118   Section        0  adc.o(i.GetVREF1P2Sample_POLL)
    GetVREF1P2Sample_POLL                    0x00002119   Thumb Code   144  adc.o(i.GetVREF1P2Sample_POLL)
    i.Get_3V6_Voltage                        0x000021b4   Section        0  adc.o(i.Get_3V6_Voltage)
    i.Get_7V2_Voltage                        0x000021c8   Section        0  adc.o(i.Get_7V2_Voltage)
    i.INA219_IIC_GPIO_Init                   0x000021dc   Section        0  zdina219.o(i.INA219_IIC_GPIO_Init)
    i.IR_Agreement_Analysis                  0x00002268   Section        0  ir.o(i.IR_Agreement_Analysis)
    i.LED_Sign_Close                         0x00002458   Section        0  led.o(i.LED_Sign_Close)
    i.LED_Sign_Open                          0x0000247c   Section        0  led.o(i.LED_Sign_Open)
    i.MF_ADC_Common_Init                     0x0000249c   Section        0  adc.o(i.MF_ADC_Common_Init)
    MF_ADC_Common_Init                       0x0000249d   Thumb Code    24  adc.o(i.MF_ADC_Common_Init)
    i.MF_ADC_Config_Init                     0x000024b4   Section        0  adc.o(i.MF_ADC_Config_Init)
    i.MF_ADC_Init                            0x000024c0   Section        0  adc.o(i.MF_ADC_Init)
    MF_ADC_Init                              0x000024c1   Thumb Code   240  adc.o(i.MF_ADC_Init)
    i.MF_ATIM_Interrupt_Init                 0x000025b8   Section        0  atim.o(i.MF_ATIM_Interrupt_Init)
    i.MF_ATIM_TimerBase_Init                 0x000025d8   Section        0  atim.o(i.MF_ATIM_TimerBase_Init)
    i.MF_CMU_XTLF_Init                       0x00002608   Section        0  mf_config.o(i.MF_CMU_XTLF_Init)
    i.MF_Clock_Init                          0x00002620   Section        0  mf_config.o(i.MF_Clock_Init)
    i.MF_EXTI_Common_Init                    0x0000277c   Section        0  exti.o(i.MF_EXTI_Common_Init)
    i.MF_EXTI_Init                           0x0000278a   Section        0  exti.o(i.MF_EXTI_Init)
    i.MF_EXTI_Line0_Init                     0x000027a0   Section        0  exti.o(i.MF_EXTI_Line0_Init)
    i.MF_EXTI_Line4_Init                     0x000027dc   Section        0  exti.o(i.MF_EXTI_Line4_Init)
    i.MF_GPIO_Init                           0x00002818   Section        0  gpio.o(i.MF_GPIO_Init)
    i.MF_NVIC_Init                           0x00002a08   Section        0  exti.o(i.MF_NVIC_Init)
    i.MF_SWD_IO_Init                         0x00002a18   Section        0  mf_config.o(i.MF_SWD_IO_Init)
    i.MF_UART0_Init                          0x00002a5c   Section        0  uart0.o(i.MF_UART0_Init)
    i.MF_UART0_Interrupt_Init                0x00002ac8   Section        0  uart0.o(i.MF_UART0_Interrupt_Init)
    i.MF_UART1_Init                          0x00002afc   Section        0  uart1.o(i.MF_UART1_Init)
    i.MF_UART1_Interrupt_Init                0x00002b64   Section        0  uart1.o(i.MF_UART1_Interrupt_Init)
    i.MF_UART4_Init                          0x00002b98   Section        0  uart4.o(i.MF_UART4_Init)
    i.MF_UART4_Interrupt_Init                0x00002c00   Section        0  uart4.o(i.MF_UART4_Interrupt_Init)
    i.Moter_Test                             0x00002c34   Section        0  test.o(i.Moter_Test)
    i.Motor_CHK                              0x00002c90   Section        0  gpio.o(i.Motor_CHK)
    i.NVIC_SetPriority                       0x00002cc4   Section        0  fm33lg0xx_fl.o(i.NVIC_SetPriority)
    NVIC_SetPriority                         0x00002cc5   Thumb Code   110  fm33lg0xx_fl.o(i.NVIC_SetPriority)
    i.Output_12V_CTL                         0x00002d3c   Section        0  gpio.o(i.Output_12V_CTL)
    i.Output_3V6_CTL                         0x00002d6c   Section        0  gpio.o(i.Output_3V6_CTL)
    i.Output_7V2_CTL                         0x00002d9c   Section        0  gpio.o(i.Output_7V2_CTL)
    i.PC_Agreement_Analysis                  0x00002dcc   Section        0  pc.o(i.PC_Agreement_Analysis)
    i.Power_Init                             0x00002e8c   Section        0  test.o(i.Power_Init)
    i.ReadZD_Current                         0x00002e9c   Section        0  zdina219.o(i.ReadZD_Current)
    i.Read_IMEI_IMSI_ICCID                   0x00002f48   Section        0  ir.o(i.Read_IMEI_IMSI_ICCID)
    i.Read_Version                           0x00002f5c   Section        0  ir.o(i.Read_Version)
    i.Send_E20A                              0x00002f70   Section        0  ir.o(i.Send_E20A)
    i.Send_Qiandao                           0x00002f84   Section        0  ir.o(i.Send_Qiandao)
    i.Start_Shanggao                         0x00002fb0   Section        0  ir.o(i.Start_Shanggao)
    i.Sum_jiaoyan                            0x00002fc4   Section        0  jiaoyan.o(i.Sum_jiaoyan)
    i.SystemCoreClockUpdate                  0x00002fe4   Section        0  system_fm33lg0xx.o(i.SystemCoreClockUpdate)
    i.SystemInit                             0x00003120   Section        0  system_fm33lg0xx.o(i.SystemInit)
    i.SystemPLLClockUpdate                   0x0000321c   Section        0  system_fm33lg0xx.o(i.SystemPLLClockUpdate)
    SystemPLLClockUpdate                     0x0000321d   Thumb Code   182  system_fm33lg0xx.o(i.SystemPLLClockUpdate)
    i.Test_Function                          0x000032ec   Section        0  test.o(i.Test_Function)
    i.Test_Init                              0x00003538   Section        0  test.o(i.Test_Init)
    i.Test_Result_Init                       0x00003578   Section        0  test.o(i.Test_Result_Init)
    i.Test_Start                             0x000035ec   Section        0  test.o(i.Test_Start)
    i.UART0_IRQHandler                       0x00003604   Section        0  uart0.o(i.UART0_IRQHandler)
    i.UART0_MF_Config_Init                   0x000036fc   Section        0  uart0.o(i.UART0_MF_Config_Init)
    i.UART0_MF_NVIC_Init                     0x00003710   Section        0  uart0.o(i.UART0_MF_NVIC_Init)
    i.UART1_IRQHandler                       0x00003720   Section        0  uart1.o(i.UART1_IRQHandler)
    i.UART1_MF_Config_Init                   0x0000381c   Section        0  uart1.o(i.UART1_MF_Config_Init)
    i.UART1_MF_NVIC_Init                     0x00003830   Section        0  uart1.o(i.UART1_MF_NVIC_Init)
    i.UART4_IRQHandler                       0x00003840   Section        0  uart4.o(i.UART4_IRQHandler)
    i.UART4_MF_Config_Init                   0x00003938   Section        0  uart4.o(i.UART4_MF_Config_Init)
    i.UART4_MF_NVIC_Init                     0x0000394c   Section        0  uart4.o(i.UART4_MF_NVIC_Init)
    i.UART_Init                              0x0000395c   Section        0  main.o(i.UART_Init)
    i.UART_TX_state_change                   0x0000396c   Section        0  uart0.o(i.UART_TX_state_change)
    i.UMU_Agreement_Analysis                 0x000039a4   Section        0  umu.o(i.UMU_Agreement_Analysis)
    i.UMU_Simulate                           0x000039d0   Section        0  umu.o(i.UMU_Simulate)
    i.UMU_Timing_Send                        0x000039e0   Section        0  test.o(i.UMU_Timing_Send)
    i.Uart0_Rx_rec                           0x00003a08   Section        0  uart0.o(i.Uart0_Rx_rec)
    i.Uart0_Tx_Send                          0x00003a74   Section        0  uart0.o(i.Uart0_Tx_Send)
    i.Uart0_Tx_Send_init                     0x00003aec   Section        0  uart0.o(i.Uart0_Tx_Send_init)
    i.Uart1_Rx_rec                           0x00003afc   Section        0  uart1.o(i.Uart1_Rx_rec)
    i.Uart1_Tx_Send                          0x00003b4c   Section        0  uart1.o(i.Uart1_Tx_Send)
    i.Uart1_Tx_Send_init                     0x00003bbc   Section        0  uart1.o(i.Uart1_Tx_Send_init)
    i.Uart4_Rx_rec                           0x00003bcc   Section        0  uart4.o(i.Uart4_Rx_rec)
    i.Uart4_Tx_Send                          0x00003c1c   Section        0  uart4.o(i.Uart4_Tx_Send)
    i.Uart4_Tx_Send_init                     0x00003c90   Section        0  uart4.o(i.Uart4_Tx_Send_init)
    i.Workstation_CHK                        0x00003ca0   Section        0  test.o(i.Workstation_CHK)
    i.ZDINA219_IIC_Delay                     0x00003d28   Section        0  zdina219.o(i.ZDINA219_IIC_Delay)
    i.ZDINA219_IIC_RevByte                   0x00003d38   Section        0  zdina219.o(i.ZDINA219_IIC_RevByte)
    i.ZDINA219_IIC_RevBytes                  0x00003d7e   Section        0  zdina219.o(i.ZDINA219_IIC_RevBytes)
    i.ZDINA219_IIC_SendByte                  0x00003de0   Section        0  zdina219.o(i.ZDINA219_IIC_SendByte)
    i.ZDINA219_IIC_SendBytes                 0x00003e5a   Section        0  zdina219.o(i.ZDINA219_IIC_SendBytes)
    i.ZDINA219_IIC_Start                     0x00003e76   Section        0  zdina219.o(i.ZDINA219_IIC_Start)
    i.ZDINA219_IIC_Stop                      0x00003e9c   Section        0  zdina219.o(i.ZDINA219_IIC_Stop)
    i.ZDINA219_SCL                           0x00003ecc   Section        0  zdina219.o(i.ZDINA219_SCL)
    i.ZDINA219_SDA                           0x00003f30   Section        0  zdina219.o(i.ZDINA219_SDA)
    i.ZDINA219_SDA_InPut                     0x00003f94   Section        0  zdina219.o(i.ZDINA219_SDA_InPut)
    i.ZDINA219_SDA_OUT_Dir_CTL               0x00003fc8   Section        0  zdina219.o(i.ZDINA219_SDA_OUT_Dir_CTL)
    i.__ARM_common_ll_muluu                  0x00004024   Section        0  adc.o(i.__ARM_common_ll_muluu)
    i.__ARM_common_switch8                   0x00004054   Section        0  system_fm33lg0xx.o(i.__ARM_common_switch8)
    i.main                                   0x00004070   Section        0  main.o(i.main)
    .constdata                               0x000040b8   Section       84  fm33lg0xx_fl_exti.o(.constdata)
    setExtiLineFuncs                         0x000040b8   Data          76  fm33lg0xx_fl_exti.o(.constdata)
    setTrigEdgeFuncs                         0x00004104   Data           8  fm33lg0xx_fl_exti.o(.constdata)
    .data                                    0x20000000   Section       12  system_fm33lg0xx.o(.data)
    .data                                    0x2000000c   Section       10  uart0.o(.data)
    .data                                    0x20000016   Section       64  uart1.o(.data)
    .data                                    0x20000056   Section        9  uart4.o(.data)
    .data                                    0x2000005f   Section        3  zdina219.o(.data)
    .data                                    0x20000062   Section        2  led.o(.data)
    .data                                    0x20000064   Section       16  test.o(.data)
    .data                                    0x20000074   Section      134  ir.o(.data)
    .data                                    0x200000fa   Section       18  umu.o(.data)
    .bss                                     0x2000010c   Section      616  uart0.o(.bss)
    .bss                                     0x20000374   Section     2416  uart1.o(.bss)
    .bss                                     0x20000ce4   Section      616  uart4.o(.bss)
    .bss                                     0x20000f4c   Section       30  zdina219.o(.bss)
    .bss                                     0x20000f6c   Section      148  test.o(.bss)
    .bss                                     0x20001000   Section      200  pc.o(.bss)
    .bss                                     0x200010c8   Section       96  libspace.o(.bss)
    HEAP                                     0x20001128   Section     2048  startup_fm33lg0xx.o(HEAP)
    Heap_Mem                                 0x20001128   Data        2048  startup_fm33lg0xx.o(HEAP)
    STACK                                    0x20001928   Section     2048  startup_fm33lg0xx.o(STACK)
    Stack_Mem                                0x20001928   Data        2048  startup_fm33lg0xx.o(STACK)
    __initial_sp                             0x20002128   Data           0  startup_fm33lg0xx.o(STACK)

    Global Symbols

    Symbol Name                              Value     Ov Type        Size  Object(Section)

    BuildAttributes$$THM_ISAv3M$S$PE$A:L22$X:L11$S22$IEEE1$IW$USESV6$~STKCKD$USESV7$~SHL$OSPACE$ROPI$EBA8$UX$STANDARDLIB$REQ8$PRES8$EABIv2 0x00000000   Number         0  anon$$obj.o ABSOLUTE
    __ARM_use_no_argv                        0x00000000   Number         0  main.o ABSOLUTE
    __Vectors                                0x00000000   Data           4  startup_fm33lg0xx.o(RESET)
    __ARM_exceptions_init                     - Undefined Weak Reference
    __alloca_initialize                       - Undefined Weak Reference
    __arm_preinit_                            - Undefined Weak Reference
    __cpp_initialize__aeabi_                  - Undefined Weak Reference
    __cxa_finalize                            - Undefined Weak Reference
    __rt_locale                               - Undefined Weak Reference
    __sigvec_lookup                           - Undefined Weak Reference
    _atexit_init                              - Undefined Weak Reference
    _call_atexit_fns                          - Undefined Weak Reference
    _clock_init                               - Undefined Weak Reference
    _fp_trap_init                             - Undefined Weak Reference
    _fp_trap_shutdown                         - Undefined Weak Reference
    _get_lc_collate                           - Undefined Weak Reference
    _get_lc_ctype                             - Undefined Weak Reference
    _get_lc_monetary                          - Undefined Weak Reference
    _get_lc_numeric                           - Undefined Weak Reference
    _get_lc_time                              - Undefined Weak Reference
    _getenv_init                              - Undefined Weak Reference
    _handle_redirection                       - Undefined Weak Reference
    _init_alloc                               - Undefined Weak Reference
    _init_user_alloc                          - Undefined Weak Reference
    _initio                                   - Undefined Weak Reference
    _rand_init                                - Undefined Weak Reference
    _signal_finish                            - Undefined Weak Reference
    _signal_init                              - Undefined Weak Reference
    _terminate_alloc                          - Undefined Weak Reference
    _terminate_user_alloc                     - Undefined Weak Reference
    _terminateio                              - Undefined Weak Reference
    __Vectors_End                            0x000000c0   Data           0  startup_fm33lg0xx.o(RESET)
    __Vectors_Size                           0x000000c0   Number         0  startup_fm33lg0xx.o ABSOLUTE
    __main                                   0x000000c1   Thumb Code     8  __main.o(!!!main)
    __scatterload                            0x000000c9   Thumb Code     0  __scatter.o(!!!scatter)
    __scatterload_rt2                        0x000000c9   Thumb Code    52  __scatter.o(!!!scatter)
    __scatterload_rt2_thumb_only             0x000000c9   Thumb Code     0  __scatter.o(!!!scatter)
    __scatterload_null                       0x000000d9   Thumb Code     0  __scatter.o(!!!scatter)
    __scatterload_copy                       0x00000105   Thumb Code    26  __scatter_copy.o(!!handler_copy)
    __scatterload_zeroinit                   0x00000121   Thumb Code    28  __scatter_zi.o(!!handler_zi)
    __rt_lib_init                            0x0000013d   Thumb Code     0  libinit.o(.ARM.Collect$$libinit$$00000000)
    __rt_lib_init_alloca_1                   0x0000013f   Thumb Code     0  libinit2.o(.ARM.Collect$$libinit$$0000002E)
    __rt_lib_init_argv_1                     0x0000013f   Thumb Code     0  libinit2.o(.ARM.Collect$$libinit$$0000002C)
    __rt_lib_init_atexit_1                   0x0000013f   Thumb Code     0  libinit2.o(.ARM.Collect$$libinit$$0000001B)
    __rt_lib_init_clock_1                    0x0000013f   Thumb Code     0  libinit2.o(.ARM.Collect$$libinit$$00000021)
    __rt_lib_init_cpp_1                      0x0000013f   Thumb Code     0  libinit2.o(.ARM.Collect$$libinit$$00000032)
    __rt_lib_init_exceptions_1               0x0000013f   Thumb Code     0  libinit2.o(.ARM.Collect$$libinit$$00000030)
    __rt_lib_init_fp_1                       0x0000013f   Thumb Code     0  libinit2.o(.ARM.Collect$$libinit$$00000002)
    __rt_lib_init_fp_trap_1                  0x0000013f   Thumb Code     0  libinit2.o(.ARM.Collect$$libinit$$0000001F)
    __rt_lib_init_getenv_1                   0x0000013f   Thumb Code     0  libinit2.o(.ARM.Collect$$libinit$$00000023)
    __rt_lib_init_heap_1                     0x0000013f   Thumb Code     0  libinit2.o(.ARM.Collect$$libinit$$0000000A)
    __rt_lib_init_lc_collate_1               0x0000013f   Thumb Code     0  libinit2.o(.ARM.Collect$$libinit$$00000011)
    __rt_lib_init_lc_ctype_1                 0x0000013f   Thumb Code     0  libinit2.o(.ARM.Collect$$libinit$$00000013)
    __rt_lib_init_lc_monetary_1              0x0000013f   Thumb Code     0  libinit2.o(.ARM.Collect$$libinit$$00000015)
    __rt_lib_init_lc_numeric_1               0x0000013f   Thumb Code     0  libinit2.o(.ARM.Collect$$libinit$$00000017)
    __rt_lib_init_lc_time_1                  0x0000013f   Thumb Code     0  libinit2.o(.ARM.Collect$$libinit$$00000019)
    __rt_lib_init_preinit_1                  0x0000013f   Thumb Code     0  libinit2.o(.ARM.Collect$$libinit$$00000004)
    __rt_lib_init_rand_1                     0x0000013f   Thumb Code     0  libinit2.o(.ARM.Collect$$libinit$$0000000E)
    __rt_lib_init_return                     0x0000013f   Thumb Code     0  libinit2.o(.ARM.Collect$$libinit$$00000033)
    __rt_lib_init_signal_1                   0x0000013f   Thumb Code     0  libinit2.o(.ARM.Collect$$libinit$$0000001D)
    __rt_lib_init_stdio_1                    0x0000013f   Thumb Code     0  libinit2.o(.ARM.Collect$$libinit$$00000025)
    __rt_lib_init_user_alloc_1               0x0000013f   Thumb Code     0  libinit2.o(.ARM.Collect$$libinit$$0000000C)
    __rt_lib_shutdown                        0x00000141   Thumb Code     0  libshutdown.o(.ARM.Collect$$libshutdown$$00000000)
    __rt_lib_shutdown_cpp_1                  0x00000143   Thumb Code     0  libshutdown2.o(.ARM.Collect$$libshutdown$$00000002)
    __rt_lib_shutdown_fp_trap_1              0x00000143   Thumb Code     0  libshutdown2.o(.ARM.Collect$$libshutdown$$00000007)
    __rt_lib_shutdown_heap_1                 0x00000143   Thumb Code     0  libshutdown2.o(.ARM.Collect$$libshutdown$$0000000F)
    __rt_lib_shutdown_return                 0x00000143   Thumb Code     0  libshutdown2.o(.ARM.Collect$$libshutdown$$00000010)
    __rt_lib_shutdown_signal_1               0x00000143   Thumb Code     0  libshutdown2.o(.ARM.Collect$$libshutdown$$0000000A)
    __rt_lib_shutdown_stdio_1                0x00000143   Thumb Code     0  libshutdown2.o(.ARM.Collect$$libshutdown$$00000004)
    __rt_lib_shutdown_user_alloc_1           0x00000143   Thumb Code     0  libshutdown2.o(.ARM.Collect$$libshutdown$$0000000C)
    __rt_entry                               0x00000145   Thumb Code     0  __rtentry.o(.ARM.Collect$$rtentry$$00000000)
    __rt_entry_presh_1                       0x00000145   Thumb Code     0  __rtentry2.o(.ARM.Collect$$rtentry$$00000002)
    __rt_entry_sh                            0x00000145   Thumb Code     0  __rtentry4.o(.ARM.Collect$$rtentry$$00000004)
    __rt_entry_li                            0x0000014b   Thumb Code     0  __rtentry2.o(.ARM.Collect$$rtentry$$0000000A)
    __rt_entry_postsh_1                      0x0000014b   Thumb Code     0  __rtentry2.o(.ARM.Collect$$rtentry$$00000009)
    __rt_entry_main                          0x0000014f   Thumb Code     0  __rtentry2.o(.ARM.Collect$$rtentry$$0000000D)
    __rt_entry_postli_1                      0x0000014f   Thumb Code     0  __rtentry2.o(.ARM.Collect$$rtentry$$0000000C)
    __rt_exit                                0x00000157   Thumb Code     0  rtexit.o(.ARM.Collect$$rtexit$$00000000)
    __rt_exit_ls                             0x00000159   Thumb Code     0  rtexit2.o(.ARM.Collect$$rtexit$$00000003)
    __rt_exit_prels_1                        0x00000159   Thumb Code     0  rtexit2.o(.ARM.Collect$$rtexit$$00000002)
    __rt_exit_exit                           0x0000015d   Thumb Code     0  rtexit2.o(.ARM.Collect$$rtexit$$00000004)
    __aeabi_memcpy4                          0x00000165   Thumb Code    56  rt_memcpy.o(.emb_text)
    __aeabi_memcpy8                          0x00000165   Thumb Code     0  rt_memcpy.o(.emb_text)
    Reset_Handler                            0x0000019d   Thumb Code     8  startup_fm33lg0xx.o(.text)
    NMI_Handler                              0x000001a5   Thumb Code     2  startup_fm33lg0xx.o(.text)
    HardFault_Handler                        0x000001a7   Thumb Code     2  startup_fm33lg0xx.o(.text)
    SVC_Handler                              0x000001a9   Thumb Code     2  startup_fm33lg0xx.o(.text)
    PendSV_Handler                           0x000001ab   Thumb Code     2  startup_fm33lg0xx.o(.text)
    SysTick_Handler                          0x000001ad   Thumb Code     2  startup_fm33lg0xx.o(.text)
    ADC_IRQHandler                           0x000001af   Thumb Code     0  startup_fm33lg0xx.o(.text)
    AES_IRQHandler                           0x000001af   Thumb Code     0  startup_fm33lg0xx.o(.text)
    BSTIM_IRQHandler                         0x000001af   Thumb Code     0  startup_fm33lg0xx.o(.text)
    CAN_IRQHandler                           0x000001af   Thumb Code     0  startup_fm33lg0xx.o(.text)
    CCL_IRQHandler                           0x000001af   Thumb Code     0  startup_fm33lg0xx.o(.text)
    COMPx_IRQHandler                         0x000001af   Thumb Code     0  startup_fm33lg0xx.o(.text)
    DAC_IRQHandler                           0x000001af   Thumb Code     0  startup_fm33lg0xx.o(.text)
    DMA_IRQHandler                           0x000001af   Thumb Code     0  startup_fm33lg0xx.o(.text)
    FLASH_IRQHandler                         0x000001af   Thumb Code     0  startup_fm33lg0xx.o(.text)
    GPTIM0_1_IRQHandler                      0x000001af   Thumb Code     0  startup_fm33lg0xx.o(.text)
    GPTIM2_IRQHandler                        0x000001af   Thumb Code     0  startup_fm33lg0xx.o(.text)
    I2C_IRQHandler                           0x000001af   Thumb Code     0  startup_fm33lg0xx.o(.text)
    LPTIM_IRQHandler                         0x000001af   Thumb Code     0  startup_fm33lg0xx.o(.text)
    LPUARTx_IRQHandler                       0x000001af   Thumb Code     0  startup_fm33lg0xx.o(.text)
    LUT_IRQHandler                           0x000001af   Thumb Code     0  startup_fm33lg0xx.o(.text)
    RTC_IRQHandler                           0x000001af   Thumb Code     0  startup_fm33lg0xx.o(.text)
    SPI0_IRQHandler                          0x000001af   Thumb Code     0  startup_fm33lg0xx.o(.text)
    SPI1_IRQHandler                          0x000001af   Thumb Code     0  startup_fm33lg0xx.o(.text)
    SPI2_IRQHandler                          0x000001af   Thumb Code     0  startup_fm33lg0xx.o(.text)
    SVD_IRQHandler                           0x000001af   Thumb Code     0  startup_fm33lg0xx.o(.text)
    U7816_IRQHandler                         0x000001af   Thumb Code     0  startup_fm33lg0xx.o(.text)
    UART3_IRQHandler                         0x000001af   Thumb Code     0  startup_fm33lg0xx.o(.text)
    UART5_IRQHandler                         0x000001af   Thumb Code     0  startup_fm33lg0xx.o(.text)
    VREF_IRQHandler                          0x000001af   Thumb Code     0  startup_fm33lg0xx.o(.text)
    WDT_IRQHandler                           0x000001af   Thumb Code     0  startup_fm33lg0xx.o(.text)
    WKUPx_IRQHandler                         0x000001af   Thumb Code     0  startup_fm33lg0xx.o(.text)
    __user_initial_stackheap                 0x000001b1   Thumb Code     0  startup_fm33lg0xx.o(.text)
    __aeabi_lmul                             0x000001d5   Thumb Code    48  llmul.o(.text)
    _ll_mul                                  0x000001d5   Thumb Code     0  llmul.o(.text)
    __aeabi_uldivmod                         0x00000205   Thumb Code   258  lludiv.o(.text)
    _ll_udiv                                 0x00000205   Thumb Code     0  lludiv.o(.text)
    __aeabi_memcpy                           0x00000307   Thumb Code   130  rt_memcpy.o(.text)
    __rt_memcpy                              0x00000307   Thumb Code     0  rt_memcpy.o(.text)
    _memset_w                                0x00000389   Thumb Code    26  rt_memclr.o(.text)
    _memset                                  0x000003a3   Thumb Code    30  rt_memclr.o(.text)
    __aeabi_memclr                           0x000003c1   Thumb Code     4  rt_memclr.o(.text)
    __rt_memclr                              0x000003c1   Thumb Code     0  rt_memclr.o(.text)
    __aeabi_memclr4                          0x000003c5   Thumb Code     0  rt_memclr.o(.text)
    __aeabi_memclr8                          0x000003c5   Thumb Code     0  rt_memclr.o(.text)
    __rt_memclr_w                            0x000003c5   Thumb Code     4  rt_memclr.o(.text)
    __aeabi_uidiv                            0x000003c9   Thumb Code     0  aeabi_sdiv.o(.text)
    __aeabi_uidivmod                         0x000003c9   Thumb Code    20  aeabi_sdiv.o(.text)
    __aeabi_idiv                             0x000003dd   Thumb Code     0  aeabi_sdiv.o(.text)
    __aeabi_idivmod                          0x000003dd   Thumb Code   326  aeabi_sdiv.o(.text)
    __use_two_region_memory                  0x00000523   Thumb Code     2  heapauxi.o(.text)
    __rt_heap_escrow$2region                 0x00000525   Thumb Code     2  heapauxi.o(.text)
    __rt_heap_expand$2region                 0x00000527   Thumb Code     2  heapauxi.o(.text)
    __user_setup_stackheap                   0x00000529   Thumb Code    62  sys_stackheap_outer.o(.text)
    exit                                     0x00000567   Thumb Code    16  exit.o(.text)
    __user_libspace                          0x00000579   Thumb Code     8  libspace.o(.text)
    __user_perproc_libspace                  0x00000579   Thumb Code     0  libspace.o(.text)
    __user_perthread_libspace                0x00000579   Thumb Code     0  libspace.o(.text)
    _sys_exit                                0x00000581   Thumb Code     8  sys_exit.o(.text)
    __I$use$semihosting                      0x0000058d   Thumb Code     0  use_no_semi.o(.text)
    __use_no_semihosting_swi                 0x0000058d   Thumb Code     2  use_no_semi.o(.text)
    __semihosting_library_function           0x0000058f   Thumb Code     0  indicate_semi.o(.text)
    ADC_CHK_CTL                              0x00000591   Thumb Code   134  gpio.o(i.ADC_CHK_CTL)
    ATIM_IRQHandler                          0x0000061d   Thumb Code   174  atim.o(i.ATIM_IRQHandler)
    ATIM_Init                                0x000006ed   Thumb Code    20  atim.o(i.ATIM_Init)
    ATIM_NVIC_Init                           0x00000701   Thumb Code    16  atim.o(i.ATIM_NVIC_Init)
    ATIM_Start                               0x00000711   Thumb Code    18  atim.o(i.ATIM_Start)
    Back_Search_Data                         0x00000729   Thumb Code   424  pc.o(i.Back_Search_Data)
    CheckZDCurrent                           0x000008d9   Thumb Code   156  zdina219.o(i.CheckZDCurrent)
    Current_3V6_I_CHK_CTL                    0x00000975   Thumb Code    44  gpio.o(i.Current_3V6_I_CHK_CTL)
    Current_7V2_I_CHK_CTL                    0x000009a5   Thumb Code    44  gpio.o(i.Current_7V2_I_CHK_CTL)
    Current_CHK_CTRL_OFF_l                   0x000009d5   Thumb Code    38  zdina219.o(i.Current_CHK_CTRL_OFF_l)
    Current_CHK_CTRL_ON_l                    0x00000a01   Thumb Code    38  zdina219.o(i.Current_CHK_CTRL_ON_l)
    Current_CHK_Func                         0x00000a2d   Thumb Code    44  zdina219.o(i.Current_CHK_Func)
    FDET_IRQHandler                          0x00000a5d   Thumb Code    44  mf_config.o(i.FDET_IRQHandler)
    FL_ADC_CommonInit                        0x00000a95   Thumb Code   386  fm33lg0xx_fl_adc.o(i.FL_ADC_CommonInit)
    FL_ADC_Init                              0x00000c6d   Thumb Code   890  fm33lg0xx_fl_adc.o(i.FL_ADC_Init)
    FL_ATIM_Init                             0x0000101d   Thumb Code   400  fm33lg0xx_fl_atim.o(i.FL_ATIM_Init)
    FL_CMU_GetAHBClockFreq                   0x00001231   Thumb Code   114  fm33lg0xx_fl_cmu.o(i.FL_CMU_GetAHBClockFreq)
    FL_CMU_GetAPBClockFreq                   0x000012a9   Thumb Code   114  fm33lg0xx_fl_cmu.o(i.FL_CMU_GetAPBClockFreq)
    FL_CMU_GetPLLClockFreq                   0x00001321   Thumb Code   162  fm33lg0xx_fl_cmu.o(i.FL_CMU_GetPLLClockFreq)
    FL_CMU_GetRCHFClockFreq                  0x000013cd   Thumb Code    60  fm33lg0xx_fl_cmu.o(i.FL_CMU_GetRCHFClockFreq)
    FL_CMU_GetRCLFClockFreq                  0x0000141d   Thumb Code    70  fm33lg0xx_fl_cmu.o(i.FL_CMU_GetRCLFClockFreq)
    FL_CMU_GetSystemClockFreq                0x00001469   Thumb Code    86  fm33lg0xx_fl_cmu.o(i.FL_CMU_GetSystemClockFreq)
    FL_DelayInit                             0x000014e1   Thumb Code    26  fm33lg0xx_fl.o(i.FL_DelayInit)
    FL_DelayMs                               0x00001501   Thumb Code    24  fm33lg0xx_fl.o(i.FL_DelayMs)
    FL_DelayUs                               0x00001519   Thumb Code    56  fm33lg0xx_fl.o(i.FL_DelayUs)
    FL_EXTI_CommonInit                       0x0000155d   Thumb Code    92  fm33lg0xx_fl_exti.o(i.FL_EXTI_CommonInit)
    FL_EXTI_Init                             0x000015bd   Thumb Code   418  fm33lg0xx_fl_exti.o(i.FL_EXTI_Init)
    FL_GPIO_Init                             0x00001801   Thumb Code   470  fm33lg0xx_fl_gpio.o(i.FL_GPIO_Init)
    FL_Init                                  0x00001b59   Thumb Code     8  fm33lg0xx_fl.o(i.FL_Init)
    FL_NVIC_Init                             0x00001b61   Thumb Code    68  fm33lg0xx_fl.o(i.FL_NVIC_Init)
    FL_UART_Init                             0x00001bc9   Thumb Code   712  fm33lg0xx_fl_uart.o(i.FL_UART_Init)
    FL_VAO_XTLF_Init                         0x00001ed1   Thumb Code   278  fm33lg0xx_fl_vao.o(i.FL_VAO_XTLF_Init)
    GPIO_IRQHandler                          0x00001ff1   Thumb Code    38  exti.o(i.GPIO_IRQHandler)
    GetSingleChannelVoltage_POLL             0x0000209d   Thumb Code   110  adc.o(i.GetSingleChannelVoltage_POLL)
    Get_3V6_Voltage                          0x000021b5   Thumb Code    20  adc.o(i.Get_3V6_Voltage)
    Get_7V2_Voltage                          0x000021c9   Thumb Code    20  adc.o(i.Get_7V2_Voltage)
    INA219_IIC_GPIO_Init                     0x000021dd   Thumb Code   134  zdina219.o(i.INA219_IIC_GPIO_Init)
    IR_Agreement_Analysis                    0x00002269   Thumb Code   482  ir.o(i.IR_Agreement_Analysis)
    LED_Sign_Close                           0x00002459   Thumb Code    26  led.o(i.LED_Sign_Close)
    LED_Sign_Open                            0x0000247d   Thumb Code    24  led.o(i.LED_Sign_Open)
    MF_ADC_Config_Init                       0x000024b5   Thumb Code    12  adc.o(i.MF_ADC_Config_Init)
    MF_ATIM_Interrupt_Init                   0x000025b9   Thumb Code    28  atim.o(i.MF_ATIM_Interrupt_Init)
    MF_ATIM_TimerBase_Init                   0x000025d9   Thumb Code    40  atim.o(i.MF_ATIM_TimerBase_Init)
    MF_CMU_XTLF_Init                         0x00002609   Thumb Code    20  mf_config.o(i.MF_CMU_XTLF_Init)
    MF_Clock_Init                            0x00002621   Thumb Code   324  mf_config.o(i.MF_Clock_Init)
    MF_EXTI_Common_Init                      0x0000277d   Thumb Code    14  exti.o(i.MF_EXTI_Common_Init)
    MF_EXTI_Init                             0x0000278b   Thumb Code    20  exti.o(i.MF_EXTI_Init)
    MF_EXTI_Line0_Init                       0x000027a1   Thumb Code    56  exti.o(i.MF_EXTI_Line0_Init)
    MF_EXTI_Line4_Init                       0x000027dd   Thumb Code    56  exti.o(i.MF_EXTI_Line4_Init)
    MF_GPIO_Init                             0x00002819   Thumb Code   492  gpio.o(i.MF_GPIO_Init)
    MF_NVIC_Init                             0x00002a09   Thumb Code    16  exti.o(i.MF_NVIC_Init)
    MF_SWD_IO_Init                           0x00002a19   Thumb Code    62  mf_config.o(i.MF_SWD_IO_Init)
    MF_UART0_Init                            0x00002a5d   Thumb Code   100  uart0.o(i.MF_UART0_Init)
    MF_UART0_Interrupt_Init                  0x00002ac9   Thumb Code    46  uart0.o(i.MF_UART0_Interrupt_Init)
    MF_UART1_Init                            0x00002afd   Thumb Code    96  uart1.o(i.MF_UART1_Init)
    MF_UART1_Interrupt_Init                  0x00002b65   Thumb Code    46  uart1.o(i.MF_UART1_Interrupt_Init)
    MF_UART4_Init                            0x00002b99   Thumb Code    96  uart4.o(i.MF_UART4_Init)
    MF_UART4_Interrupt_Init                  0x00002c01   Thumb Code    46  uart4.o(i.MF_UART4_Interrupt_Init)
    Moter_Test                               0x00002c35   Thumb Code    82  test.o(i.Moter_Test)
    Motor_CHK                                0x00002c91   Thumb Code    48  gpio.o(i.Motor_CHK)
    Output_12V_CTL                           0x00002d3d   Thumb Code    44  gpio.o(i.Output_12V_CTL)
    Output_3V6_CTL                           0x00002d6d   Thumb Code    44  gpio.o(i.Output_3V6_CTL)
    Output_7V2_CTL                           0x00002d9d   Thumb Code    44  gpio.o(i.Output_7V2_CTL)
    PC_Agreement_Analysis                    0x00002dcd   Thumb Code   186  pc.o(i.PC_Agreement_Analysis)
    Power_Init                               0x00002e8d   Thumb Code    16  test.o(i.Power_Init)
    ReadZD_Current                           0x00002e9d   Thumb Code   160  zdina219.o(i.ReadZD_Current)
    Read_IMEI_IMSI_ICCID                     0x00002f49   Thumb Code    16  ir.o(i.Read_IMEI_IMSI_ICCID)
    Read_Version                             0x00002f5d   Thumb Code    16  ir.o(i.Read_Version)
    Send_E20A                                0x00002f71   Thumb Code    16  ir.o(i.Send_E20A)
    Send_Qiandao                             0x00002f85   Thumb Code    34  ir.o(i.Send_Qiandao)
    Start_Shanggao                           0x00002fb1   Thumb Code    16  ir.o(i.Start_Shanggao)
    Sum_jiaoyan                              0x00002fc5   Thumb Code    32  jiaoyan.o(i.Sum_jiaoyan)
    SystemCoreClockUpdate                    0x00002fe5   Thumb Code   282  system_fm33lg0xx.o(i.SystemCoreClockUpdate)
    SystemInit                               0x00003121   Thumb Code   230  system_fm33lg0xx.o(i.SystemInit)
    Test_Function                            0x000032ed   Thumb Code   560  test.o(i.Test_Function)
    Test_Init                                0x00003539   Thumb Code    60  test.o(i.Test_Init)
    Test_Result_Init                         0x00003579   Thumb Code   112  test.o(i.Test_Result_Init)
    Test_Start                               0x000035ed   Thumb Code    18  test.o(i.Test_Start)
    UART0_IRQHandler                         0x00003605   Thumb Code   218  uart0.o(i.UART0_IRQHandler)
    UART0_MF_Config_Init                     0x000036fd   Thumb Code    20  uart0.o(i.UART0_MF_Config_Init)
    UART0_MF_NVIC_Init                       0x00003711   Thumb Code    16  uart0.o(i.UART0_MF_NVIC_Init)
    UART1_IRQHandler                         0x00003721   Thumb Code   224  uart1.o(i.UART1_IRQHandler)
    UART1_MF_Config_Init                     0x0000381d   Thumb Code    20  uart1.o(i.UART1_MF_Config_Init)
    UART1_MF_NVIC_Init                       0x00003831   Thumb Code    16  uart1.o(i.UART1_MF_NVIC_Init)
    UART4_IRQHandler                         0x00003841   Thumb Code   218  uart4.o(i.UART4_IRQHandler)
    UART4_MF_Config_Init                     0x00003939   Thumb Code    20  uart4.o(i.UART4_MF_Config_Init)
    UART4_MF_NVIC_Init                       0x0000394d   Thumb Code    16  uart4.o(i.UART4_MF_NVIC_Init)
    UART_Init                                0x0000395d   Thumb Code    16  main.o(i.UART_Init)
    UART_TX_state_change                     0x0000396d   Thumb Code    50  uart0.o(i.UART_TX_state_change)
    UMU_Agreement_Analysis                   0x000039a5   Thumb Code    38  umu.o(i.UMU_Agreement_Analysis)
    UMU_Simulate                             0x000039d1   Thumb Code    12  umu.o(i.UMU_Simulate)
    UMU_Timing_Send                          0x000039e1   Thumb Code    32  test.o(i.UMU_Timing_Send)
    Uart0_Rx_rec                             0x00003a09   Thumb Code    84  uart0.o(i.Uart0_Rx_rec)
    Uart0_Tx_Send                            0x00003a75   Thumb Code   104  uart0.o(i.Uart0_Tx_Send)
    Uart0_Tx_Send_init                       0x00003aed   Thumb Code    10  uart0.o(i.Uart0_Tx_Send_init)
    Uart1_Rx_rec                             0x00003afd   Thumb Code    58  uart1.o(i.Uart1_Rx_rec)
    Uart1_Tx_Send                            0x00003b4d   Thumb Code    94  uart1.o(i.Uart1_Tx_Send)
    Uart1_Tx_Send_init                       0x00003bbd   Thumb Code    10  uart1.o(i.Uart1_Tx_Send_init)
    Uart4_Rx_rec                             0x00003bcd   Thumb Code    58  uart4.o(i.Uart4_Rx_rec)
    Uart4_Tx_Send                            0x00003c1d   Thumb Code    96  uart4.o(i.Uart4_Tx_Send)
    Uart4_Tx_Send_init                       0x00003c91   Thumb Code    10  uart4.o(i.Uart4_Tx_Send_init)
    Workstation_CHK                          0x00003ca1   Thumb Code   128  test.o(i.Workstation_CHK)
    ZDINA219_IIC_Delay                       0x00003d29   Thumb Code    16  zdina219.o(i.ZDINA219_IIC_Delay)
    ZDINA219_IIC_RevByte                     0x00003d39   Thumb Code    70  zdina219.o(i.ZDINA219_IIC_RevByte)
    ZDINA219_IIC_RevBytes                    0x00003d7f   Thumb Code    98  zdina219.o(i.ZDINA219_IIC_RevBytes)
    ZDINA219_IIC_SendByte                    0x00003de1   Thumb Code   122  zdina219.o(i.ZDINA219_IIC_SendByte)
    ZDINA219_IIC_SendBytes                   0x00003e5b   Thumb Code    28  zdina219.o(i.ZDINA219_IIC_SendBytes)
    ZDINA219_IIC_Start                       0x00003e77   Thumb Code    38  zdina219.o(i.ZDINA219_IIC_Start)
    ZDINA219_IIC_Stop                        0x00003e9d   Thumb Code    48  zdina219.o(i.ZDINA219_IIC_Stop)
    ZDINA219_SCL                             0x00003ecd   Thumb Code    90  zdina219.o(i.ZDINA219_SCL)
    ZDINA219_SDA                             0x00003f31   Thumb Code    90  zdina219.o(i.ZDINA219_SDA)
    ZDINA219_SDA_InPut                       0x00003f95   Thumb Code    42  zdina219.o(i.ZDINA219_SDA_InPut)
    ZDINA219_SDA_OUT_Dir_CTL                 0x00003fc9   Thumb Code    84  zdina219.o(i.ZDINA219_SDA_OUT_Dir_CTL)
    __ARM_common_ll_muluu                    0x00004025   Thumb Code    48  adc.o(i.__ARM_common_ll_muluu)
    __ARM_common_switch8                     0x00004055   Thumb Code    28  system_fm33lg0xx.o(i.__ARM_common_switch8)
    main                                     0x00004071   Thumb Code    72  main.o(i.main)
    Region$$Table$$Base                      0x0000410c   Number         0  anon$$obj.o(Region$$Table)
    Region$$Table$$Limit                     0x0000412c   Number         0  anon$$obj.o(Region$$Table)
    XTLFClock                                0x20000000   Data           4  system_fm33lg0xx.o(.data)
    XTHFClock                                0x20000004   Data           4  system_fm33lg0xx.o(.data)
    SystemCoreClock                          0x20000008   Data           4  system_fm33lg0xx.o(.data)
    uart0_Rec_shuju_flag                     0x2000000c   Data           1  uart0.o(.data)
    uart0_Rec_shuju_neirong_count            0x2000000e   Data           2  uart0.o(.data)
    send_over_flag0                          0x20000010   Data           1  uart0.o(.data)
    chaoshi_dengdai_0                        0x20000012   Data           2  uart0.o(.data)
    uart0_Rec_shuju_time_count               0x20000014   Data           2  uart0.o(.data)
    send_over_flag1                          0x20000016   Data           1  uart1.o(.data)
    uart1_Rec_shuju_flag                     0x20000017   Data           1  uart1.o(.data)
    uart1_Rec_shuju_neirong_count            0x20000018   Data           2  uart1.o(.data)
    chaoshi_dengdai_1                        0x2000001a   Data           2  uart1.o(.data)
    uart1_Rec_shuju_time_count               0x2000001c   Data           2  uart1.o(.data)
    qiandao                                  0x2000001e   Data          50  uart1.o(.data)
    qiandao_jiaozhun                         0x20000050   Data           5  uart1.o(.data)
    qiandao_biaoshi                          0x20000055   Data           1  uart1.o(.data)
    send_over_flag4                          0x20000056   Data           1  uart4.o(.data)
    uart4_Rec_shuju_flag                     0x20000057   Data           1  uart4.o(.data)
    uart4_Rec_shuju_neirong_count            0x20000058   Data           2  uart4.o(.data)
    chaoshi_dengdai_4                        0x2000005a   Data           2  uart4.o(.data)
    uart4_Rec_shuju_time_count               0x2000005c   Data           2  uart4.o(.data)
    qiandao_biaoshi_4                        0x2000005e   Data           1  uart4.o(.data)
    ZDINA219Buff                             0x2000005f   Data           2  zdina219.o(.data)
    chuankou_dangqian                        0x20000061   Data           1  zdina219.o(.data)
    led_time_count                           0x20000062   Data           2  led.o(.data)
    Test_process                             0x20000064   Data           1  test.o(.data)
    single_step_timing                       0x20000068   Data           4  test.o(.data)
    interval_timing                          0x2000006c   Data           4  test.o(.data)
    umu_timing                               0x20000070   Data           4  test.o(.data)
    Agreement_E20A                           0x20000074   Data          22  ir.o(.data)
    Agreement_1005                           0x2000008a   Data          22  ir.o(.data)
    Agreement_C525                           0x200000a0   Data          24  ir.o(.data)
    Agreement_C518                           0x200000b8   Data          23  ir.o(.data)
    Agreement_C519                           0x200000cf   Data          23  ir.o(.data)
    Part_Qiandao_55                          0x200000e6   Data          10  ir.o(.data)
    Part_Qiandao_FE                          0x200000f0   Data          10  ir.o(.data)
    UMU_Agreement                            0x200000fa   Data          18  umu.o(.data)
    uart0_Rec_shuju_neirong                  0x2000010c   Data         200  uart0.o(.bss)
    uart0_Uart0_Tx_SendData                  0x200001d4   Data         200  uart0.o(.bss)
    send_data_zancun_0                       0x2000029c   Data         200  uart0.o(.bss)
    UART0Op                                  0x20000364   Data          16  uart0.o(.bss)
    uart1_Rec_shuju_neirong                  0x20000374   Data         800  uart1.o(.bss)
    uart1_Uart0_Tx_SendData                  0x20000694   Data         800  uart1.o(.bss)
    send_data_zancun_1                       0x200009b4   Data         800  uart1.o(.bss)
    UART1Op                                  0x20000cd4   Data          16  uart1.o(.bss)
    uart4_Rec_shuju_neirong                  0x20000ce4   Data         200  uart4.o(.bss)
    uart4_Uart0_Tx_SendData                  0x20000dac   Data         200  uart4.o(.bss)
    send_data_zancun_4                       0x20000e74   Data         200  uart4.o(.bss)
    UART4Op                                  0x20000f3c   Data          16  uart4.o(.bss)
    ZDINA219CurrentBuff                      0x20000f4c   Data          20  zdina219.o(.bss)
    ZDINA219CurrentMidBuff                   0x20000f60   Data          10  zdina219.o(.bss)
    Test_result                              0x20000f6c   Data         148  test.o(.bss)
    search_test_agreement_back               0x20001000   Data         200  pc.o(.bss)
    __libspace_start                         0x200010c8   Data          96  libspace.o(.bss)
    __temporary_stack_top$libspace           0x20001128   Data           0  libspace.o(.bss)



==============================================================================

Memory Map of the image

  Image Entry point : 0x000000c1

  Load Region LR_IROM1 (Base: 0x00000000, Size: 0x00004238, Max: 0x00040000, ABSOLUTE)

    Execution Region ER_IROM1 (Exec base: 0x00000000, Load base: 0x00000000, Size: 0x0000412c, Max: 0x00040000, ABSOLUTE)

    Exec Addr    Load Addr    Size         Type   Attr      Idx    E Section Name        Object

    0x00000000   0x00000000   0x000000c0   Data   RO            3    RESET               startup_fm33lg0xx.o
    0x000000c0   0x000000c0   0x00000008   Code   RO         3755  * !!!main             c_p.l(__main.o)
    0x000000c8   0x000000c8   0x0000003c   Code   RO         3965    !!!scatter          c_p.l(__scatter.o)
    0x00000104   0x00000104   0x0000001a   Code   RO         3967    !!handler_copy      c_p.l(__scatter_copy.o)
    0x0000011e   0x0000011e   0x00000002   PAD
    0x00000120   0x00000120   0x0000001c   Code   RO         3969    !!handler_zi        c_p.l(__scatter_zi.o)
    0x0000013c   0x0000013c   0x00000002   Code   RO         3832    .ARM.Collect$$libinit$$00000000  c_p.l(libinit.o)
    0x0000013e   0x0000013e   0x00000000   Code   RO         3848    .ARM.Collect$$libinit$$00000002  c_p.l(libinit2.o)
    0x0000013e   0x0000013e   0x00000000   Code   RO         3850    .ARM.Collect$$libinit$$00000004  c_p.l(libinit2.o)
    0x0000013e   0x0000013e   0x00000000   Code   RO         3853    .ARM.Collect$$libinit$$0000000A  c_p.l(libinit2.o)
    0x0000013e   0x0000013e   0x00000000   Code   RO         3855    .ARM.Collect$$libinit$$0000000C  c_p.l(libinit2.o)
    0x0000013e   0x0000013e   0x00000000   Code   RO         3857    .ARM.Collect$$libinit$$0000000E  c_p.l(libinit2.o)
    0x0000013e   0x0000013e   0x00000000   Code   RO         3860    .ARM.Collect$$libinit$$00000011  c_p.l(libinit2.o)
    0x0000013e   0x0000013e   0x00000000   Code   RO         3862    .ARM.Collect$$libinit$$00000013  c_p.l(libinit2.o)
    0x0000013e   0x0000013e   0x00000000   Code   RO         3864    .ARM.Collect$$libinit$$00000015  c_p.l(libinit2.o)
    0x0000013e   0x0000013e   0x00000000   Code   RO         3866    .ARM.Collect$$libinit$$00000017  c_p.l(libinit2.o)
    0x0000013e   0x0000013e   0x00000000   Code   RO         3868    .ARM.Collect$$libinit$$00000019  c_p.l(libinit2.o)
    0x0000013e   0x0000013e   0x00000000   Code   RO         3870    .ARM.Collect$$libinit$$0000001B  c_p.l(libinit2.o)
    0x0000013e   0x0000013e   0x00000000   Code   RO         3872    .ARM.Collect$$libinit$$0000001D  c_p.l(libinit2.o)
    0x0000013e   0x0000013e   0x00000000   Code   RO         3874    .ARM.Collect$$libinit$$0000001F  c_p.l(libinit2.o)
    0x0000013e   0x0000013e   0x00000000   Code   RO         3876    .ARM.Collect$$libinit$$00000021  c_p.l(libinit2.o)
    0x0000013e   0x0000013e   0x00000000   Code   RO         3878    .ARM.Collect$$libinit$$00000023  c_p.l(libinit2.o)
    0x0000013e   0x0000013e   0x00000000   Code   RO         3880    .ARM.Collect$$libinit$$00000025  c_p.l(libinit2.o)
    0x0000013e   0x0000013e   0x00000000   Code   RO         3884    .ARM.Collect$$libinit$$0000002C  c_p.l(libinit2.o)
    0x0000013e   0x0000013e   0x00000000   Code   RO         3886    .ARM.Collect$$libinit$$0000002E  c_p.l(libinit2.o)
    0x0000013e   0x0000013e   0x00000000   Code   RO         3888    .ARM.Collect$$libinit$$00000030  c_p.l(libinit2.o)
    0x0000013e   0x0000013e   0x00000000   Code   RO         3890    .ARM.Collect$$libinit$$00000032  c_p.l(libinit2.o)
    0x0000013e   0x0000013e   0x00000002   Code   RO         3891    .ARM.Collect$$libinit$$00000033  c_p.l(libinit2.o)
    0x00000140   0x00000140   0x00000002   Code   RO         3922    .ARM.Collect$$libshutdown$$00000000  c_p.l(libshutdown.o)
    0x00000142   0x00000142   0x00000000   Code   RO         3948    .ARM.Collect$$libshutdown$$00000002  c_p.l(libshutdown2.o)
    0x00000142   0x00000142   0x00000000   Code   RO         3950    .ARM.Collect$$libshutdown$$00000004  c_p.l(libshutdown2.o)
    0x00000142   0x00000142   0x00000000   Code   RO         3953    .ARM.Collect$$libshutdown$$00000007  c_p.l(libshutdown2.o)
    0x00000142   0x00000142   0x00000000   Code   RO         3956    .ARM.Collect$$libshutdown$$0000000A  c_p.l(libshutdown2.o)
    0x00000142   0x00000142   0x00000000   Code   RO         3958    .ARM.Collect$$libshutdown$$0000000C  c_p.l(libshutdown2.o)
    0x00000142   0x00000142   0x00000000   Code   RO         3961    .ARM.Collect$$libshutdown$$0000000F  c_p.l(libshutdown2.o)
    0x00000142   0x00000142   0x00000002   Code   RO         3962    .ARM.Collect$$libshutdown$$00000010  c_p.l(libshutdown2.o)
    0x00000144   0x00000144   0x00000000   Code   RO         3785    .ARM.Collect$$rtentry$$00000000  c_p.l(__rtentry.o)
    0x00000144   0x00000144   0x00000000   Code   RO         3798    .ARM.Collect$$rtentry$$00000002  c_p.l(__rtentry2.o)
    0x00000144   0x00000144   0x00000006   Code   RO         3810    .ARM.Collect$$rtentry$$00000004  c_p.l(__rtentry4.o)
    0x0000014a   0x0000014a   0x00000000   Code   RO         3800    .ARM.Collect$$rtentry$$00000009  c_p.l(__rtentry2.o)
    0x0000014a   0x0000014a   0x00000004   Code   RO         3801    .ARM.Collect$$rtentry$$0000000A  c_p.l(__rtentry2.o)
    0x0000014e   0x0000014e   0x00000000   Code   RO         3803    .ARM.Collect$$rtentry$$0000000C  c_p.l(__rtentry2.o)
    0x0000014e   0x0000014e   0x00000008   Code   RO         3804    .ARM.Collect$$rtentry$$0000000D  c_p.l(__rtentry2.o)
    0x00000156   0x00000156   0x00000002   Code   RO         3839    .ARM.Collect$$rtexit$$00000000  c_p.l(rtexit.o)
    0x00000158   0x00000158   0x00000000   Code   RO         3895    .ARM.Collect$$rtexit$$00000002  c_p.l(rtexit2.o)
    0x00000158   0x00000158   0x00000004   Code   RO         3896    .ARM.Collect$$rtexit$$00000003  c_p.l(rtexit2.o)
    0x0000015c   0x0000015c   0x00000006   Code   RO         3897    .ARM.Collect$$rtexit$$00000004  c_p.l(rtexit2.o)
    0x00000162   0x00000162   0x00000002   PAD
    0x00000164   0x00000164   0x00000038   Code   RO         3743    .emb_text           c_p.l(rt_memcpy.o)
    0x0000019c   0x0000019c   0x00000038   Code   RO            4    .text               startup_fm33lg0xx.o
    0x000001d4   0x000001d4   0x00000030   Code   RO         3739    .text               c_p.l(llmul.o)
    0x00000204   0x00000204   0x00000102   Code   RO         3741    .text               c_p.l(lludiv.o)
    0x00000306   0x00000306   0x00000082   Code   RO         3744    .text               c_p.l(rt_memcpy.o)
    0x00000388   0x00000388   0x00000040   Code   RO         3747    .text               c_p.l(rt_memclr.o)
    0x000003c8   0x000003c8   0x0000015a   Code   RO         3749    .text               c_p.l(aeabi_sdiv.o)
    0x00000522   0x00000522   0x00000006   Code   RO         3753    .text               c_p.l(heapauxi.o)
    0x00000528   0x00000528   0x0000003e   Code   RO         3818    .text               c_p.l(sys_stackheap_outer.o)
    0x00000566   0x00000566   0x00000010   Code   RO         3821    .text               c_p.l(exit.o)
    0x00000576   0x00000576   0x00000002   PAD
    0x00000578   0x00000578   0x00000008   Code   RO         3835    .text               c_p.l(libspace.o)
    0x00000580   0x00000580   0x0000000c   Code   RO         3892    .text               c_p.l(sys_exit.o)
    0x0000058c   0x0000058c   0x00000002   Code   RO         3911    .text               c_p.l(use_no_semi.o)
    0x0000058e   0x0000058e   0x00000000   Code   RO         3913    .text               c_p.l(indicate_semi.o)
    0x0000058e   0x0000058e   0x00000002   PAD
    0x00000590   0x00000590   0x0000008c   Code   RO         3364    i.ADC_CHK_CTL       gpio.o
    0x0000061c   0x0000061c   0x000000d0   Code   RO         2724    i.ATIM_IRQHandler   atim.o
    0x000006ec   0x000006ec   0x00000014   Code   RO         2725    i.ATIM_Init         atim.o
    0x00000700   0x00000700   0x00000010   Code   RO         2726    i.ATIM_NVIC_Init    atim.o
    0x00000710   0x00000710   0x00000018   Code   RO         2727    i.ATIM_Start        atim.o
    0x00000728   0x00000728   0x000001b0   Code   RO         3518    i.Back_Search_Data  pc.o
    0x000008d8   0x000008d8   0x0000009c   Code   RO         3052    i.CheckZDCurrent    zdina219.o
    0x00000974   0x00000974   0x00000030   Code   RO         3365    i.Current_3V6_I_CHK_CTL  gpio.o
    0x000009a4   0x000009a4   0x00000030   Code   RO         3366    i.Current_7V2_I_CHK_CTL  gpio.o
    0x000009d4   0x000009d4   0x0000002c   Code   RO         3053    i.Current_CHK_CTRL_OFF_l  zdina219.o
    0x00000a00   0x00000a00   0x0000002c   Code   RO         3054    i.Current_CHK_CTRL_ON_l  zdina219.o
    0x00000a2c   0x00000a2c   0x00000030   Code   RO         3055    i.Current_CHK_Func  zdina219.o
    0x00000a5c   0x00000a5c   0x00000030   Code   RO           13    i.FDET_IRQHandler   mf_config.o
    0x00000a8c   0x00000a8c   0x00000006   Code   RO         3199    i.FL_ADC_ClearFlag_EndOfConversion  adc.o
    0x00000a92   0x00000a92   0x00000002   PAD
    0x00000a94   0x00000a94   0x0000018c   Code   RO         1182    i.FL_ADC_CommonInit  fm33lg0xx_fl_adc.o
    0x00000c20   0x00000c20   0x0000000a   Code   RO         1185    i.FL_ADC_Disable    fm33lg0xx_fl_adc.o
    0x00000c2a   0x00000c2a   0x0000000a   Code   RO         3200    i.FL_ADC_Disable    adc.o
    0x00000c34   0x00000c34   0x0000000c   Code   RO         1186    i.FL_ADC_DisableOverSampling  fm33lg0xx_fl_adc.o
    0x00000c40   0x00000c40   0x0000000c   Code   RO         3201    i.FL_ADC_DisableSequencerChannel  adc.o
    0x00000c4c   0x00000c4c   0x0000000a   Code   RO         3202    i.FL_ADC_Enable     adc.o
    0x00000c56   0x00000c56   0x0000000a   Code   RO         3203    i.FL_ADC_EnableSWConversion  adc.o
    0x00000c60   0x00000c60   0x0000000c   Code   RO         3204    i.FL_ADC_EnableSequencerChannel  adc.o
    0x00000c6c   0x00000c6c   0x00000388   Code   RO         1187    i.FL_ADC_Init       fm33lg0xx_fl_adc.o
    0x00000ff4   0x00000ff4   0x00000010   Code   RO         3205    i.FL_ADC_IsActiveFlag_EndOfConversion  adc.o
    0x00001004   0x00001004   0x0000000c   Code   RO         1188    i.FL_ADC_SetClockSource  fm33lg0xx_fl_adc.o
    0x00001010   0x00001010   0x0000000a   Code   RO         1471    i.FL_ATIM_GenerateUpdateEvent  fm33lg0xx_fl_atim.o
    0x0000101a   0x0000101a   0x00000002   PAD
    0x0000101c   0x0000101c   0x00000198   Code   RO         1474    i.FL_ATIM_Init      fm33lg0xx_fl_atim.o
    0x000011b4   0x000011b4   0x00000010   Code   RO         1475    i.FL_ATIM_IsActiveFlag_Update  fm33lg0xx_fl_atim.o
    0x000011c4   0x000011c4   0x0000000c   Code   RO         1480    i.FL_ATIM_SetCounterAlignedMode  fm33lg0xx_fl_atim.o
    0x000011d0   0x000011d0   0x0000000c   Code   RO         1481    i.FL_ATIM_SetCounterDirection  fm33lg0xx_fl_atim.o
    0x000011dc   0x000011dc   0x0000000a   Code   RO         1405    i.FL_CDIF_EnableCPUToVAO  fm33lg0xx_fl_vao.o
    0x000011e6   0x000011e6   0x0000000a   Code   RO         1406    i.FL_CDIF_EnableVAOToCPU  fm33lg0xx_fl_vao.o
    0x000011f0   0x000011f0   0x00000010   Code   RO         2369    i.FL_CMU_EnableGroup3BusClock  fm33lg0xx_fl_uart.o
    0x00001200   0x00001200   0x00000010   Code   RO         1486    i.FL_CMU_EnableGroup3OperationClock  fm33lg0xx_fl_atim.o
    0x00001210   0x00001210   0x00000010   Code   RO         2370    i.FL_CMU_EnableGroup3OperationClock  fm33lg0xx_fl_uart.o
    0x00001220   0x00001220   0x00000010   Code   RO         1487    i.FL_CMU_EnableGroup4BusClock  fm33lg0xx_fl_atim.o
    0x00001230   0x00001230   0x00000078   Code   RO         2048    i.FL_CMU_GetAHBClockFreq  fm33lg0xx_fl_cmu.o
    0x000012a8   0x000012a8   0x00000078   Code   RO         2049    i.FL_CMU_GetAPBClockFreq  fm33lg0xx_fl_cmu.o
    0x00001320   0x00001320   0x000000ac   Code   RO         2050    i.FL_CMU_GetPLLClockFreq  fm33lg0xx_fl_cmu.o
    0x000013cc   0x000013cc   0x00000050   Code   RO         2051    i.FL_CMU_GetRCHFClockFreq  fm33lg0xx_fl_cmu.o
    0x0000141c   0x0000141c   0x0000004c   Code   RO         2052    i.FL_CMU_GetRCLFClockFreq  fm33lg0xx_fl_cmu.o
    0x00001468   0x00001468   0x00000064   Code   RO         2053    i.FL_CMU_GetSystemClockFreq  fm33lg0xx_fl_cmu.o
    0x000014cc   0x000014cc   0x00000014   Code   RO         3206    i.FL_CMU_SetADCPrescaler  adc.o
    0x000014e0   0x000014e0   0x00000020   Code   RO         1775    i.FL_DelayInit      fm33lg0xx_fl.o
    0x00001500   0x00001500   0x00000018   Code   RO         1776    i.FL_DelayMs        fm33lg0xx_fl.o
    0x00001518   0x00001518   0x00000044   Code   RO         1778    i.FL_DelayUs        fm33lg0xx_fl.o
    0x0000155c   0x0000155c   0x00000060   Code   RO          759    i.FL_EXTI_CommonInit  fm33lg0xx_fl_exti.o
    0x000015bc   0x000015bc   0x000001bc   Code   RO          762    i.FL_EXTI_Init      fm33lg0xx_fl_exti.o
    0x00001778   0x00001778   0x00000008   Code   RO          764    i.FL_GPIO_ClearFlag_EXTI  fm33lg0xx_fl_exti.o
    0x00001780   0x00001780   0x0000000c   Code   RO          765    i.FL_GPIO_DisableDigitalFilter  fm33lg0xx_fl_exti.o
    0x0000178c   0x0000178c   0x0000000a   Code   RO         2220    i.FL_GPIO_DisablePinAnalogSwitch  fm33lg0xx_fl_gpio.o
    0x00001796   0x00001796   0x0000000a   Code   RO         2221    i.FL_GPIO_DisablePinInput  fm33lg0xx_fl_gpio.o
    0x000017a0   0x000017a0   0x0000000a   Code   RO         2222    i.FL_GPIO_DisablePinOpenDrain  fm33lg0xx_fl_gpio.o
    0x000017aa   0x000017aa   0x0000000a   Code   RO         2223    i.FL_GPIO_DisablePinPullup  fm33lg0xx_fl_gpio.o
    0x000017b4   0x000017b4   0x0000000a   Code   RO         2224    i.FL_GPIO_DisablePinRemap  fm33lg0xx_fl_gpio.o
    0x000017be   0x000017be   0x00000016   Code   RO         3056    i.FL_GPIO_GetInputPin  zdina219.o
    0x000017d4   0x000017d4   0x00000016   Code   RO         3367    i.FL_GPIO_GetInputPin  gpio.o
    0x000017ea   0x000017ea   0x00000016   Code   RO         3441    i.FL_GPIO_GetInputPin  test.o
    0x00001800   0x00001800   0x000001e8   Code   RO         2225    i.FL_GPIO_Init      fm33lg0xx_fl_gpio.o
    0x000019e8   0x000019e8   0x0000000a   Code   RO         3057    i.FL_GPIO_ResetOutputPin  zdina219.o
    0x000019f2   0x000019f2   0x0000000a   Code   RO         3368    i.FL_GPIO_ResetOutputPin  gpio.o
    0x000019fc   0x000019fc   0x0000000c   Code   RO          766    i.FL_GPIO_SetExtiLine0  fm33lg0xx_fl_exti.o
    0x00001a08   0x00001a08   0x0000000c   Code   RO          767    i.FL_GPIO_SetExtiLine1  fm33lg0xx_fl_exti.o
    0x00001a14   0x00001a14   0x0000000e   Code   RO          768    i.FL_GPIO_SetExtiLine10  fm33lg0xx_fl_exti.o
    0x00001a22   0x00001a22   0x0000000e   Code   RO          769    i.FL_GPIO_SetExtiLine11  fm33lg0xx_fl_exti.o
    0x00001a30   0x00001a30   0x0000000e   Code   RO          770    i.FL_GPIO_SetExtiLine12  fm33lg0xx_fl_exti.o
    0x00001a3e   0x00001a3e   0x0000000e   Code   RO          771    i.FL_GPIO_SetExtiLine13  fm33lg0xx_fl_exti.o
    0x00001a4c   0x00001a4c   0x0000000e   Code   RO          772    i.FL_GPIO_SetExtiLine14  fm33lg0xx_fl_exti.o
    0x00001a5a   0x00001a5a   0x0000000c   Code   RO          773    i.FL_GPIO_SetExtiLine15  fm33lg0xx_fl_exti.o
    0x00001a66   0x00001a66   0x0000000c   Code   RO          774    i.FL_GPIO_SetExtiLine16  fm33lg0xx_fl_exti.o
    0x00001a72   0x00001a72   0x0000000c   Code   RO          775    i.FL_GPIO_SetExtiLine17  fm33lg0xx_fl_exti.o
    0x00001a7e   0x00001a7e   0x0000000c   Code   RO          776    i.FL_GPIO_SetExtiLine18  fm33lg0xx_fl_exti.o
    0x00001a8a   0x00001a8a   0x0000000c   Code   RO          777    i.FL_GPIO_SetExtiLine2  fm33lg0xx_fl_exti.o
    0x00001a96   0x00001a96   0x0000000c   Code   RO          778    i.FL_GPIO_SetExtiLine3  fm33lg0xx_fl_exti.o
    0x00001aa2   0x00001aa2   0x0000000e   Code   RO          779    i.FL_GPIO_SetExtiLine4  fm33lg0xx_fl_exti.o
    0x00001ab0   0x00001ab0   0x0000000e   Code   RO          780    i.FL_GPIO_SetExtiLine5  fm33lg0xx_fl_exti.o
    0x00001abe   0x00001abe   0x0000000e   Code   RO          781    i.FL_GPIO_SetExtiLine6  fm33lg0xx_fl_exti.o
    0x00001acc   0x00001acc   0x0000000e   Code   RO          782    i.FL_GPIO_SetExtiLine7  fm33lg0xx_fl_exti.o
    0x00001ada   0x00001ada   0x0000000e   Code   RO          783    i.FL_GPIO_SetExtiLine8  fm33lg0xx_fl_exti.o
    0x00001ae8   0x00001ae8   0x0000000e   Code   RO          784    i.FL_GPIO_SetExtiLine9  fm33lg0xx_fl_exti.o
    0x00001af6   0x00001af6   0x0000000a   Code   RO         3058    i.FL_GPIO_SetOutputPin  zdina219.o
    0x00001b00   0x00001b00   0x0000000a   Code   RO         3369    i.FL_GPIO_SetOutputPin  gpio.o
    0x00001b0a   0x00001b0a   0x0000001a   Code   RO         2226    i.FL_GPIO_SetPinMode  fm33lg0xx_fl_gpio.o
    0x00001b24   0x00001b24   0x0000001a   Code   RO          785    i.FL_GPIO_SetTriggerEdge0  fm33lg0xx_fl_exti.o
    0x00001b3e   0x00001b3e   0x0000001a   Code   RO          786    i.FL_GPIO_SetTriggerEdge1  fm33lg0xx_fl_exti.o
    0x00001b58   0x00001b58   0x00000008   Code   RO         1780    i.FL_Init           fm33lg0xx_fl.o
    0x00001b60   0x00001b60   0x00000048   Code   RO         1781    i.FL_NVIC_Init      fm33lg0xx_fl.o
    0x00001ba8   0x00001ba8   0x0000000a   Code   RO         2784    i.FL_UART_EnableIT_TXShiftBuffEmpty  uart0.o
    0x00001bb2   0x00001bb2   0x0000000a   Code   RO         2878    i.FL_UART_EnableIT_TXShiftBuffEmpty  uart1.o
    0x00001bbc   0x00001bbc   0x0000000a   Code   RO         2969    i.FL_UART_EnableIT_TXShiftBuffEmpty  uart4.o
    0x00001bc6   0x00001bc6   0x00000002   PAD
    0x00001bc8   0x00001bc8   0x000002e4   Code   RO         2376    i.FL_UART_Init      fm33lg0xx_fl_uart.o
    0x00001eac   0x00001eac   0x0000000c   Code   RO         2785    i.FL_UART_WriteTXBuff  uart0.o
    0x00001eb8   0x00001eb8   0x0000000c   Code   RO         2879    i.FL_UART_WriteTXBuff  uart1.o
    0x00001ec4   0x00001ec4   0x0000000c   Code   RO         2970    i.FL_UART_WriteTXBuff  uart4.o
    0x00001ed0   0x00001ed0   0x00000120   Code   RO         1410    i.FL_VAO_XTLF_Init  fm33lg0xx_fl_vao.o
    0x00001ff0   0x00001ff0   0x00000030   Code   RO         3685    i.GPIO_IRQHandler   exti.o
    0x00002020   0x00002020   0x0000007c   Code   RO         3207    i.GetSingleChannelSample_POLL  adc.o
    0x0000209c   0x0000209c   0x0000007c   Code   RO         3208    i.GetSingleChannelVoltage_POLL  adc.o
    0x00002118   0x00002118   0x0000009c   Code   RO         3209    i.GetVREF1P2Sample_POLL  adc.o
    0x000021b4   0x000021b4   0x00000014   Code   RO         3210    i.Get_3V6_Voltage   adc.o
    0x000021c8   0x000021c8   0x00000014   Code   RO         3211    i.Get_7V2_Voltage   adc.o
    0x000021dc   0x000021dc   0x0000008c   Code   RO         3059    i.INA219_IIC_GPIO_Init  zdina219.o
    0x00002268   0x00002268   0x000001f0   Code   RO         3595    i.IR_Agreement_Analysis  ir.o
    0x00002458   0x00002458   0x00000024   Code   RO         3332    i.LED_Sign_Close    led.o
    0x0000247c   0x0000247c   0x00000020   Code   RO         3333    i.LED_Sign_Open     led.o
    0x0000249c   0x0000249c   0x00000018   Code   RO         3216    i.MF_ADC_Common_Init  adc.o
    0x000024b4   0x000024b4   0x0000000c   Code   RO         3217    i.MF_ADC_Config_Init  adc.o
    0x000024c0   0x000024c0   0x000000f8   Code   RO         3218    i.MF_ADC_Init       adc.o
    0x000025b8   0x000025b8   0x00000020   Code   RO         2728    i.MF_ATIM_Interrupt_Init  atim.o
    0x000025d8   0x000025d8   0x00000030   Code   RO         2729    i.MF_ATIM_TimerBase_Init  atim.o
    0x00002608   0x00002608   0x00000018   Code   RO           14    i.MF_CMU_XTLF_Init  mf_config.o
    0x00002620   0x00002620   0x0000015c   Code   RO           15    i.MF_Clock_Init     mf_config.o
    0x0000277c   0x0000277c   0x0000000e   Code   RO         3686    i.MF_EXTI_Common_Init  exti.o
    0x0000278a   0x0000278a   0x00000014   Code   RO         3687    i.MF_EXTI_Init      exti.o
    0x0000279e   0x0000279e   0x00000002   PAD
    0x000027a0   0x000027a0   0x0000003c   Code   RO         3688    i.MF_EXTI_Line0_Init  exti.o
    0x000027dc   0x000027dc   0x0000003c   Code   RO         3689    i.MF_EXTI_Line4_Init  exti.o
    0x00002818   0x00002818   0x000001f0   Code   RO         3370    i.MF_GPIO_Init      gpio.o
    0x00002a08   0x00002a08   0x00000010   Code   RO         3690    i.MF_NVIC_Init      exti.o
    0x00002a18   0x00002a18   0x00000044   Code   RO           16    i.MF_SWD_IO_Init    mf_config.o
    0x00002a5c   0x00002a5c   0x0000006c   Code   RO         2786    i.MF_UART0_Init     uart0.o
    0x00002ac8   0x00002ac8   0x00000034   Code   RO         2787    i.MF_UART0_Interrupt_Init  uart0.o
    0x00002afc   0x00002afc   0x00000068   Code   RO         2880    i.MF_UART1_Init     uart1.o
    0x00002b64   0x00002b64   0x00000034   Code   RO         2881    i.MF_UART1_Interrupt_Init  uart1.o
    0x00002b98   0x00002b98   0x00000068   Code   RO         2971    i.MF_UART4_Init     uart4.o
    0x00002c00   0x00002c00   0x00000034   Code   RO         2972    i.MF_UART4_Interrupt_Init  uart4.o
    0x00002c34   0x00002c34   0x0000005c   Code   RO         3442    i.Moter_Test        test.o
    0x00002c90   0x00002c90   0x00000034   Code   RO         3371    i.Motor_CHK         gpio.o
    0x00002cc4   0x00002cc4   0x00000078   Code   RO         1782    i.NVIC_SetPriority  fm33lg0xx_fl.o
    0x00002d3c   0x00002d3c   0x00000030   Code   RO         3372    i.Output_12V_CTL    gpio.o
    0x00002d6c   0x00002d6c   0x00000030   Code   RO         3373    i.Output_3V6_CTL    gpio.o
    0x00002d9c   0x00002d9c   0x00000030   Code   RO         3374    i.Output_7V2_CTL    gpio.o
    0x00002dcc   0x00002dcc   0x000000c0   Code   RO         3519    i.PC_Agreement_Analysis  pc.o
    0x00002e8c   0x00002e8c   0x00000010   Code   RO         3443    i.Power_Init        test.o
    0x00002e9c   0x00002e9c   0x000000ac   Code   RO         3060    i.ReadZD_Current    zdina219.o
    0x00002f48   0x00002f48   0x00000014   Code   RO         3597    i.Read_IMEI_IMSI_ICCID  ir.o
    0x00002f5c   0x00002f5c   0x00000014   Code   RO         3598    i.Read_Version      ir.o
    0x00002f70   0x00002f70   0x00000014   Code   RO         3599    i.Send_E20A         ir.o
    0x00002f84   0x00002f84   0x0000002c   Code   RO         3600    i.Send_Qiandao      ir.o
    0x00002fb0   0x00002fb0   0x00000014   Code   RO         3601    i.Start_Shanggao    ir.o
    0x00002fc4   0x00002fc4   0x00000020   Code   RO         3554    i.Sum_jiaoyan       jiaoyan.o
    0x00002fe4   0x00002fe4   0x0000013c   Code   RO          312    i.SystemCoreClockUpdate  system_fm33lg0xx.o
    0x00003120   0x00003120   0x000000fc   Code   RO          313    i.SystemInit        system_fm33lg0xx.o
    0x0000321c   0x0000321c   0x000000d0   Code   RO          314    i.SystemPLLClockUpdate  system_fm33lg0xx.o
    0x000032ec   0x000032ec   0x0000024c   Code   RO         3444    i.Test_Function     test.o
    0x00003538   0x00003538   0x00000040   Code   RO         3445    i.Test_Init         test.o
    0x00003578   0x00003578   0x00000074   Code   RO         3446    i.Test_Result_Init  test.o
    0x000035ec   0x000035ec   0x00000018   Code   RO         3447    i.Test_Start        test.o
    0x00003604   0x00003604   0x000000f8   Code   RO         2788    i.UART0_IRQHandler  uart0.o
    0x000036fc   0x000036fc   0x00000014   Code   RO         2789    i.UART0_MF_Config_Init  uart0.o
    0x00003710   0x00003710   0x00000010   Code   RO         2790    i.UART0_MF_NVIC_Init  uart0.o
    0x00003720   0x00003720   0x000000fc   Code   RO         2882    i.UART1_IRQHandler  uart1.o
    0x0000381c   0x0000381c   0x00000014   Code   RO         2883    i.UART1_MF_Config_Init  uart1.o
    0x00003830   0x00003830   0x00000010   Code   RO         2884    i.UART1_MF_NVIC_Init  uart1.o
    0x00003840   0x00003840   0x000000f8   Code   RO         2973    i.UART4_IRQHandler  uart4.o
    0x00003938   0x00003938   0x00000014   Code   RO         2974    i.UART4_MF_Config_Init  uart4.o
    0x0000394c   0x0000394c   0x00000010   Code   RO         2975    i.UART4_MF_NVIC_Init  uart4.o
    0x0000395c   0x0000395c   0x00000010   Code   RO          217    i.UART_Init         main.o
    0x0000396c   0x0000396c   0x00000038   Code   RO         2791    i.UART_TX_state_change  uart0.o
    0x000039a4   0x000039a4   0x0000002c   Code   RO         3655    i.UMU_Agreement_Analysis  umu.o
    0x000039d0   0x000039d0   0x00000010   Code   RO         3656    i.UMU_Simulate      umu.o
    0x000039e0   0x000039e0   0x00000028   Code   RO         3448    i.UMU_Timing_Send   test.o
    0x00003a08   0x00003a08   0x0000006c   Code   RO         2792    i.Uart0_Rx_rec      uart0.o
    0x00003a74   0x00003a74   0x00000078   Code   RO         2793    i.Uart0_Tx_Send     uart0.o
    0x00003aec   0x00003aec   0x00000010   Code   RO         2794    i.Uart0_Tx_Send_init  uart0.o
    0x00003afc   0x00003afc   0x00000050   Code   RO         2885    i.Uart1_Rx_rec      uart1.o
    0x00003b4c   0x00003b4c   0x00000070   Code   RO         2886    i.Uart1_Tx_Send     uart1.o
    0x00003bbc   0x00003bbc   0x00000010   Code   RO         2887    i.Uart1_Tx_Send_init  uart1.o
    0x00003bcc   0x00003bcc   0x00000050   Code   RO         2976    i.Uart4_Rx_rec      uart4.o
    0x00003c1c   0x00003c1c   0x00000074   Code   RO         2977    i.Uart4_Tx_Send     uart4.o
    0x00003c90   0x00003c90   0x00000010   Code   RO         2978    i.Uart4_Tx_Send_init  uart4.o
    0x00003ca0   0x00003ca0   0x00000088   Code   RO         3449    i.Workstation_CHK   test.o
    0x00003d28   0x00003d28   0x00000010   Code   RO         3061    i.ZDINA219_IIC_Delay  zdina219.o
    0x00003d38   0x00003d38   0x00000046   Code   RO         3063    i.ZDINA219_IIC_RevByte  zdina219.o
    0x00003d7e   0x00003d7e   0x00000062   Code   RO         3064    i.ZDINA219_IIC_RevBytes  zdina219.o
    0x00003de0   0x00003de0   0x0000007a   Code   RO         3065    i.ZDINA219_IIC_SendByte  zdina219.o
    0x00003e5a   0x00003e5a   0x0000001c   Code   RO         3066    i.ZDINA219_IIC_SendBytes  zdina219.o
    0x00003e76   0x00003e76   0x00000026   Code   RO         3067    i.ZDINA219_IIC_Start  zdina219.o
    0x00003e9c   0x00003e9c   0x00000030   Code   RO         3068    i.ZDINA219_IIC_Stop  zdina219.o
    0x00003ecc   0x00003ecc   0x00000064   Code   RO         3069    i.ZDINA219_SCL      zdina219.o
    0x00003f30   0x00003f30   0x00000064   Code   RO         3070    i.ZDINA219_SDA      zdina219.o
    0x00003f94   0x00003f94   0x00000034   Code   RO         3071    i.ZDINA219_SDA_InPut  zdina219.o
    0x00003fc8   0x00003fc8   0x0000005c   Code   RO         3072    i.ZDINA219_SDA_OUT_Dir_CTL  zdina219.o
    0x00004024   0x00004024   0x00000030   Code   RO         3316    i.__ARM_common_ll_muluu  adc.o
    0x00004054   0x00004054   0x0000001c   Code   RO          341    i.__ARM_common_switch8  system_fm33lg0xx.o
    0x00004070   0x00004070   0x00000048   Code   RO          218    i.main              main.o
    0x000040b8   0x000040b8   0x00000054   Data   RO          787    .constdata          fm33lg0xx_fl_exti.o
    0x0000410c   0x0000410c   0x00000020   Data   RO         3963    Region$$Table       anon$$obj.o


    Execution Region RW_IRAM1 (Exec base: 0x20000000, Load base: 0x0000412c, Size: 0x00002128, Max: 0x00008000, ABSOLUTE)

    Exec Addr    Load Addr    Size         Type   Attr      Idx    E Section Name        Object

    0x20000000   0x0000412c   0x0000000c   Data   RW          315    .data               system_fm33lg0xx.o
    0x2000000c   0x00004138   0x0000000a   Data   RW         2796    .data               uart0.o
    0x20000016   0x00004142   0x00000040   Data   RW         2890    .data               uart1.o
    0x20000056   0x00004182   0x00000009   Data   RW         2980    .data               uart4.o
    0x2000005f   0x0000418b   0x00000003   Data   RW         3074    .data               zdina219.o
    0x20000062   0x0000418e   0x00000002   Data   RW         3334    .data               led.o
    0x20000064   0x00004190   0x00000010   Data   RW         3451    .data               test.o
    0x20000074   0x000041a0   0x00000086   Data   RW         3602    .data               ir.o
    0x200000fa   0x00004226   0x00000012   Data   RW         3657    .data               umu.o
    0x2000010c        -       0x00000268   Zero   RW         2795    .bss                uart0.o
    0x20000374        -       0x00000970   Zero   RW         2889    .bss                uart1.o
    0x20000ce4        -       0x00000268   Zero   RW         2979    .bss                uart4.o
    0x20000f4c        -       0x0000001e   Zero   RW         3073    .bss                zdina219.o
    0x20000f6a   0x00004238   0x00000002   PAD
    0x20000f6c        -       0x00000094   Zero   RW         3450    .bss                test.o
    0x20001000        -       0x000000c8   Zero   RW         3520    .bss                pc.o
    0x200010c8        -       0x00000060   Zero   RW         3836    .bss                c_p.l(libspace.o)
    0x20001128        -       0x00000800   Zero   RW            2    HEAP                startup_fm33lg0xx.o
    0x20001928        -       0x00000800   Zero   RW            1    STACK               startup_fm33lg0xx.o


==============================================================================

Image component sizes


      Code (inc. data)   RO Data    RW Data    ZI Data      Debug   Object Name

       872         48          0          0          0      56548   adc.o
       348         52          0          0          0      34862   atim.o
       218         18          0          0          0      19652   exti.o
       324         32          0          0          0      11946   fm33lg0xx_fl.o
      1334         24          0          0          0      59710   fm33lg0xx_fl_adc.o
       490         16          0          0          0      67795   fm33lg0xx_fl_atim.o
       668         82          0          0          0      27975   fm33lg0xx_fl_cmu.o
       862         30         84          0          0      63748   fm33lg0xx_fl_exti.o
       564         18          0          0          0      23103   fm33lg0xx_fl_gpio.o
         0          0          0          0          0      23856   fm33lg0xx_fl_rtca.o
       772         36          0          0          0      39715   fm33lg0xx_fl_uart.o
       308         10          0          0          0      11983   fm33lg0xx_fl_vao.o
       970         34          0          0          0       5524   gpio.o
       620         40          0        134          0       3944   ir.o
        32          0          0          0          0        842   jiaoyan.o
        68         18          0          2          0      17966   led.o
        88          0          0          0          0       2474   main.o
       488         38          0          0          0      99618   mf_config.o
       624         14          0          0        200       1986   pc.o
        56         26        192          0       4096        712   startup_fm33lg0xx.o
       804        102          0         12          0       2219   system_fm33lg0xx.o
      1098         84          0         16        148      21347   test.o
       766         96          0         10        616      18117   uart0.o
       674         88          0         64       2416       6647   uart1.o
       674         92          0          9        616       6631   uart4.o
        60         10          0         18          0       1470   umu.o
      1410         72          0          3         30      28097   zdina219.o

    ----------------------------------------------------------------------
     15200       1080        308        268       8124     658487   Object Totals
         0          0         32          0          0          0   (incl. Generated)
         8          0          0          0          2          0   (incl. Padding)

    ----------------------------------------------------------------------

      Code (inc. data)   RO Data    RW Data    ZI Data      Debug   Library Member Name

         8          0          0          0          0         68   __main.o
         0          0          0          0          0          0   __rtentry.o
        12          0          0          0          0          0   __rtentry2.o
         6          0          0          0          0          0   __rtentry4.o
        60          8          0          0          0          0   __scatter.o
        26          0          0          0          0          0   __scatter_copy.o
        28          0          0          0          0          0   __scatter_zi.o
       346          0          0          0          0         92   aeabi_sdiv.o
        16          0          0          0          0         68   exit.o
         6          0          0          0          0        136   heapauxi.o
         0          0          0          0          0          0   indicate_semi.o
         2          0          0          0          0          0   libinit.o
         2          0          0          0          0          0   libinit2.o
         2          0          0          0          0          0   libshutdown.o
         2          0          0          0          0          0   libshutdown2.o
         8          4          0          0         96         68   libspace.o
        48          0          0          0          0         72   llmul.o
       258          0          0          0          0         88   lludiv.o
        64          0          0          0          0        108   rt_memclr.o
       186          0          0          0          0        144   rt_memcpy.o
         2          0          0          0          0          0   rtexit.o
        10          0          0          0          0          0   rtexit2.o
        12          4          0          0          0         60   sys_exit.o
        62          0          0          0          0         80   sys_stackheap_outer.o
         2          0          0          0          0         68   use_no_semi.o

    ----------------------------------------------------------------------
      1176         16          0          0         96       1052   Library Totals
         8          0          0          0          0          0   (incl. Padding)

    ----------------------------------------------------------------------

      Code (inc. data)   RO Data    RW Data    ZI Data      Debug   Library Name

      1168         16          0          0         96       1052   c_p.l

    ----------------------------------------------------------------------
      1176         16          0          0         96       1052   Library Totals

    ----------------------------------------------------------------------

==============================================================================


      Code (inc. data)   RO Data    RW Data    ZI Data      Debug   

     16376       1096        308        268       8220     651115   Grand Totals
     16376       1096        308        268       8220     651115   ELF Image Totals
     16376       1096        308        268          0          0   ROM Totals

==============================================================================

    Total RO  Size (Code + RO Data)                16684 (  16.29kB)
    Total RW  Size (RW Data + ZI Data)              8488 (   8.29kB)
    Total ROM Size (Code + RO Data + RW Data)      16952 (  16.55kB)

==============================================================================

