<!doctype html public "-//w3c//dtd html 4.0 transitional//en">
<html><head>
<title>Static Call Graph - [.\Objects\FM33LC0xx_Tester.axf]</title></head>
<body><HR>
<H1>Static Call Graph for image .\Objects\FM33LC0xx_Tester.axf</H1><HR>
<BR><P>#&#060CALLGRAPH&#062# ARM Linker, 5060750: Last Updated: Tue Dec 09 17:05:56 2025
<BR><P>
<H3>Maximum Stack Usage =        372 bytes + Unknown(Cycles, Untraceable Function Pointers)</H3><H3>
Call chain for Maximum Stack Depth:</H3>
main &rArr; Uart1_Rx_rec &rArr; PC_xieyijiexi &rArr; test_start &rArr; DeBug_print &rArr; Uart1_Tx_Send &rArr; UART_TX_state_change &rArr; FL_GPIO_Init &rArr; FL_GPIO_SetPinMode
<P>
<H3>
Mutually Recursive functions
</H3> <LI><a href="#[1]">NMI_Handler</a>&nbsp;&nbsp;&nbsp;&rArr;&nbsp;&nbsp;&nbsp;<a href="#[1]">NMI_Handler</a><BR>
 <LI><a href="#[2]">HardFault_Handler</a>&nbsp;&nbsp;&nbsp;&rArr;&nbsp;&nbsp;&nbsp;<a href="#[2]">HardFault_Handler</a><BR>
 <LI><a href="#[3]">SVC_Handler</a>&nbsp;&nbsp;&nbsp;&rArr;&nbsp;&nbsp;&nbsp;<a href="#[3]">SVC_Handler</a><BR>
 <LI><a href="#[4]">PendSV_Handler</a>&nbsp;&nbsp;&nbsp;&rArr;&nbsp;&nbsp;&nbsp;<a href="#[4]">PendSV_Handler</a><BR>
 <LI><a href="#[5]">SysTick_Handler</a>&nbsp;&nbsp;&nbsp;&rArr;&nbsp;&nbsp;&nbsp;<a href="#[5]">SysTick_Handler</a><BR>
 <LI><a href="#[b]">ADC_IRQHandler</a>&nbsp;&nbsp;&nbsp;&rArr;&nbsp;&nbsp;&nbsp;<a href="#[b]">ADC_IRQHandler</a><BR>
</UL>
<P>
<H3>
Function Pointers
</H3><UL>
 <LI><a href="#[b]">ADC_IRQHandler</a> from startup_fm33lg0xx.o(.text) referenced from startup_fm33lg0xx.o(RESET)
 <LI><a href="#[19]">AES_IRQHandler</a> from startup_fm33lg0xx.o(.text) referenced from startup_fm33lg0xx.o(RESET)
 <LI><a href="#[22]">ATIM_IRQHandler</a> from time.o(i.ATIM_IRQHandler) referenced from startup_fm33lg0xx.o(RESET)
 <LI><a href="#[1e]">BSTIM_IRQHandler</a> from startup_fm33lg0xx.o(.text) referenced from startup_fm33lg0xx.o(RESET)
 <LI><a href="#[25]">CAN_IRQHandler</a> from startup_fm33lg0xx.o(.text) referenced from startup_fm33lg0xx.o(RESET)
 <LI><a href="#[18]">CCL_IRQHandler</a> from startup_fm33lg0xx.o(.text) referenced from startup_fm33lg0xx.o(RESET)
 <LI><a href="#[1f]">COMPx_IRQHandler</a> from startup_fm33lg0xx.o(.text) referenced from startup_fm33lg0xx.o(RESET)
 <LI><a href="#[c]">DAC_IRQHandler</a> from startup_fm33lg0xx.o(.text) referenced from startup_fm33lg0xx.o(RESET)
 <LI><a href="#[1b]">DMA_IRQHandler</a> from startup_fm33lg0xx.o(.text) referenced from startup_fm33lg0xx.o(RESET)
 <LI><a href="#[a]">FDET_IRQHandler</a> from startup_fm33lg0xx.o(.text) referenced from startup_fm33lg0xx.o(RESET)
 <LI><a href="#[9]">FLASH_IRQHandler</a> from startup_fm33lg0xx.o(.text) referenced from startup_fm33lg0xx.o(RESET)
 <LI><a href="#[24]">GPIO_IRQHandler</a> from gpio.o(i.GPIO_IRQHandler) referenced from startup_fm33lg0xx.o(RESET)
 <LI><a href="#[20]">GPTIM0_1_IRQHandler</a> from startup_fm33lg0xx.o(.text) referenced from startup_fm33lg0xx.o(RESET)
 <LI><a href="#[21]">GPTIM2_IRQHandler</a> from startup_fm33lg0xx.o(.text) referenced from startup_fm33lg0xx.o(RESET)
 <LI><a href="#[2]">HardFault_Handler</a> from startup_fm33lg0xx.o(.text) referenced from startup_fm33lg0xx.o(RESET)
 <LI><a href="#[17]">I2C_IRQHandler</a> from startup_fm33lg0xx.o(.text) referenced from startup_fm33lg0xx.o(RESET)
 <LI><a href="#[1a]">LPTIM_IRQHandler</a> from startup_fm33lg0xx.o(.text) referenced from startup_fm33lg0xx.o(RESET)
 <LI><a href="#[16]">LPUARTx_IRQHandler</a> from startup_fm33lg0xx.o(.text) referenced from startup_fm33lg0xx.o(RESET)
 <LI><a href="#[1d]">LUT_IRQHandler</a> from startup_fm33lg0xx.o(.text) referenced from startup_fm33lg0xx.o(RESET)
 <LI><a href="#[1]">NMI_Handler</a> from startup_fm33lg0xx.o(.text) referenced from startup_fm33lg0xx.o(RESET)
 <LI><a href="#[4]">PendSV_Handler</a> from startup_fm33lg0xx.o(.text) referenced from startup_fm33lg0xx.o(RESET)
 <LI><a href="#[8]">RTC_IRQHandler</a> from startup_fm33lg0xx.o(.text) referenced from startup_fm33lg0xx.o(RESET)
 <LI><a href="#[0]">Reset_Handler</a> from startup_fm33lg0xx.o(.text) referenced from startup_fm33lg0xx.o(RESET)
 <LI><a href="#[d]">SPI0_IRQHandler</a> from startup_fm33lg0xx.o(.text) referenced from startup_fm33lg0xx.o(RESET)
 <LI><a href="#[e]">SPI1_IRQHandler</a> from startup_fm33lg0xx.o(.text) referenced from startup_fm33lg0xx.o(RESET)
 <LI><a href="#[f]">SPI2_IRQHandler</a> from startup_fm33lg0xx.o(.text) referenced from startup_fm33lg0xx.o(RESET)
 <LI><a href="#[3]">SVC_Handler</a> from startup_fm33lg0xx.o(.text) referenced from startup_fm33lg0xx.o(RESET)
 <LI><a href="#[7]">SVD_IRQHandler</a> from startup_fm33lg0xx.o(.text) referenced from startup_fm33lg0xx.o(RESET)
 <LI><a href="#[5]">SysTick_Handler</a> from startup_fm33lg0xx.o(.text) referenced from startup_fm33lg0xx.o(RESET)
 <LI><a href="#[27]">SystemInit</a> from system_fm33lg0xx.o(i.SystemInit) referenced from startup_fm33lg0xx.o(.text)
 <LI><a href="#[15]">U7816_IRQHandler</a> from startup_fm33lg0xx.o(.text) referenced from startup_fm33lg0xx.o(RESET)
 <LI><a href="#[10]">UART0_IRQHandler</a> from uart0.o(i.UART0_IRQHandler) referenced from startup_fm33lg0xx.o(RESET)
 <LI><a href="#[11]">UART1_IRQHandler</a> from uart1.o(i.UART1_IRQHandler) referenced from startup_fm33lg0xx.o(RESET)
 <LI><a href="#[12]">UART3_IRQHandler</a> from startup_fm33lg0xx.o(.text) referenced from startup_fm33lg0xx.o(RESET)
 <LI><a href="#[13]">UART4_IRQHandler</a> from startup_fm33lg0xx.o(.text) referenced from startup_fm33lg0xx.o(RESET)
 <LI><a href="#[14]">UART5_IRQHandler</a> from uart5.o(i.UART5_IRQHandler) referenced from startup_fm33lg0xx.o(RESET)
 <LI><a href="#[23]">VREF_IRQHandler</a> from startup_fm33lg0xx.o(.text) referenced from startup_fm33lg0xx.o(RESET)
 <LI><a href="#[6]">WDT_IRQHandler</a> from startup_fm33lg0xx.o(.text) referenced from startup_fm33lg0xx.o(RESET)
 <LI><a href="#[1c]">WKUPx_IRQHandler</a> from startup_fm33lg0xx.o(.text) referenced from startup_fm33lg0xx.o(RESET)
 <LI><a href="#[28]">__main</a> from entry.o(.ARM.Collect$$$$00000000) referenced from startup_fm33lg0xx.o(.text)
 <LI><a href="#[29]">_snputc</a> from printfa.o(i._snputc) referenced from printfa.o(i.__0vsnprintf)
 <LI><a href="#[26]">main</a> from main.o(i.main) referenced from entry9a.o(.ARM.Collect$$$$0000000B)
</UL>
<P>
<H3>
Global Symbols
</H3>
<P><STRONG><a name="[28]"></a>__main</STRONG> (Thumb, 0 bytes, Stack size unknown bytes, entry.o(.ARM.Collect$$$$00000000))
<BR>[Address Reference Count : 1]<UL><LI> startup_fm33lg0xx.o(.text)
</UL>
<P><STRONG><a name="[e1]"></a>_main_stk</STRONG> (Thumb, 0 bytes, Stack size unknown bytes, entry2.o(.ARM.Collect$$$$00000001))

<P><STRONG><a name="[2a]"></a>_main_scatterload</STRONG> (Thumb, 0 bytes, Stack size unknown bytes, entry5.o(.ARM.Collect$$$$00000004))
<BR><BR>[Calls]<UL><LI><a href="#[2b]">&gt;&gt;</a>&nbsp;&nbsp;&nbsp;__scatterload
</UL>

<P><STRONG><a name="[3f]"></a>__main_after_scatterload</STRONG> (Thumb, 0 bytes, Stack size unknown bytes, entry5.o(.ARM.Collect$$$$00000004))
<BR><BR>[Called By]<UL><LI><a href="#[2b]">&gt;&gt;</a>&nbsp;&nbsp;&nbsp;__scatterload
</UL>

<P><STRONG><a name="[e2]"></a>_main_clock</STRONG> (Thumb, 0 bytes, Stack size unknown bytes, entry7b.o(.ARM.Collect$$$$00000008))

<P><STRONG><a name="[e3]"></a>_main_cpp_init</STRONG> (Thumb, 0 bytes, Stack size unknown bytes, entry8b.o(.ARM.Collect$$$$0000000A))

<P><STRONG><a name="[e4]"></a>_main_init</STRONG> (Thumb, 0 bytes, Stack size unknown bytes, entry9a.o(.ARM.Collect$$$$0000000B))

<P><STRONG><a name="[e5]"></a>__rt_final_cpp</STRONG> (Thumb, 0 bytes, Stack size unknown bytes, entry10a.o(.ARM.Collect$$$$0000000D))

<P><STRONG><a name="[e6]"></a>__rt_final_exit</STRONG> (Thumb, 0 bytes, Stack size unknown bytes, entry11a.o(.ARM.Collect$$$$0000000F))

<P><STRONG><a name="[0]"></a>Reset_Handler</STRONG> (Thumb, 8 bytes, Stack size 0 bytes, startup_fm33lg0xx.o(.text))
<BR>[Address Reference Count : 1]<UL><LI> startup_fm33lg0xx.o(RESET)
</UL>
<P><STRONG><a name="[1]"></a>NMI_Handler</STRONG> (Thumb, 2 bytes, Stack size 0 bytes, startup_fm33lg0xx.o(.text))
<BR><BR>[Calls]<UL><LI><a href="#[1]">&gt;&gt;</a>&nbsp;&nbsp;&nbsp;NMI_Handler
</UL>
<BR>[Called By]<UL><LI><a href="#[1]">&gt;&gt;</a>&nbsp;&nbsp;&nbsp;NMI_Handler
</UL>
<BR>[Address Reference Count : 1]<UL><LI> startup_fm33lg0xx.o(RESET)
</UL>
<P><STRONG><a name="[2]"></a>HardFault_Handler</STRONG> (Thumb, 2 bytes, Stack size 0 bytes, startup_fm33lg0xx.o(.text))
<BR><BR>[Calls]<UL><LI><a href="#[2]">&gt;&gt;</a>&nbsp;&nbsp;&nbsp;HardFault_Handler
</UL>
<BR>[Called By]<UL><LI><a href="#[2]">&gt;&gt;</a>&nbsp;&nbsp;&nbsp;HardFault_Handler
</UL>
<BR>[Address Reference Count : 1]<UL><LI> startup_fm33lg0xx.o(RESET)
</UL>
<P><STRONG><a name="[3]"></a>SVC_Handler</STRONG> (Thumb, 2 bytes, Stack size 0 bytes, startup_fm33lg0xx.o(.text))
<BR><BR>[Calls]<UL><LI><a href="#[3]">&gt;&gt;</a>&nbsp;&nbsp;&nbsp;SVC_Handler
</UL>
<BR>[Called By]<UL><LI><a href="#[3]">&gt;&gt;</a>&nbsp;&nbsp;&nbsp;SVC_Handler
</UL>
<BR>[Address Reference Count : 1]<UL><LI> startup_fm33lg0xx.o(RESET)
</UL>
<P><STRONG><a name="[4]"></a>PendSV_Handler</STRONG> (Thumb, 2 bytes, Stack size 0 bytes, startup_fm33lg0xx.o(.text))
<BR><BR>[Calls]<UL><LI><a href="#[4]">&gt;&gt;</a>&nbsp;&nbsp;&nbsp;PendSV_Handler
</UL>
<BR>[Called By]<UL><LI><a href="#[4]">&gt;&gt;</a>&nbsp;&nbsp;&nbsp;PendSV_Handler
</UL>
<BR>[Address Reference Count : 1]<UL><LI> startup_fm33lg0xx.o(RESET)
</UL>
<P><STRONG><a name="[5]"></a>SysTick_Handler</STRONG> (Thumb, 2 bytes, Stack size 0 bytes, startup_fm33lg0xx.o(.text))
<BR><BR>[Calls]<UL><LI><a href="#[5]">&gt;&gt;</a>&nbsp;&nbsp;&nbsp;SysTick_Handler
</UL>
<BR>[Called By]<UL><LI><a href="#[5]">&gt;&gt;</a>&nbsp;&nbsp;&nbsp;SysTick_Handler
</UL>
<BR>[Address Reference Count : 1]<UL><LI> startup_fm33lg0xx.o(RESET)
</UL>
<P><STRONG><a name="[b]"></a>ADC_IRQHandler</STRONG> (Thumb, 0 bytes, Stack size 0 bytes, startup_fm33lg0xx.o(.text))
<BR><BR>[Calls]<UL><LI><a href="#[b]">&gt;&gt;</a>&nbsp;&nbsp;&nbsp;ADC_IRQHandler
</UL>
<BR>[Called By]<UL><LI><a href="#[b]">&gt;&gt;</a>&nbsp;&nbsp;&nbsp;ADC_IRQHandler
</UL>
<BR>[Address Reference Count : 1]<UL><LI> startup_fm33lg0xx.o(RESET)
</UL>
<P><STRONG><a name="[19]"></a>AES_IRQHandler</STRONG> (Thumb, 0 bytes, Stack size 0 bytes, startup_fm33lg0xx.o(.text))
<BR>[Address Reference Count : 1]<UL><LI> startup_fm33lg0xx.o(RESET)
</UL>
<P><STRONG><a name="[1e]"></a>BSTIM_IRQHandler</STRONG> (Thumb, 0 bytes, Stack size 0 bytes, startup_fm33lg0xx.o(.text))
<BR>[Address Reference Count : 1]<UL><LI> startup_fm33lg0xx.o(RESET)
</UL>
<P><STRONG><a name="[25]"></a>CAN_IRQHandler</STRONG> (Thumb, 0 bytes, Stack size 0 bytes, startup_fm33lg0xx.o(.text))
<BR>[Address Reference Count : 1]<UL><LI> startup_fm33lg0xx.o(RESET)
</UL>
<P><STRONG><a name="[18]"></a>CCL_IRQHandler</STRONG> (Thumb, 0 bytes, Stack size 0 bytes, startup_fm33lg0xx.o(.text))
<BR>[Address Reference Count : 1]<UL><LI> startup_fm33lg0xx.o(RESET)
</UL>
<P><STRONG><a name="[1f]"></a>COMPx_IRQHandler</STRONG> (Thumb, 0 bytes, Stack size 0 bytes, startup_fm33lg0xx.o(.text))
<BR>[Address Reference Count : 1]<UL><LI> startup_fm33lg0xx.o(RESET)
</UL>
<P><STRONG><a name="[c]"></a>DAC_IRQHandler</STRONG> (Thumb, 0 bytes, Stack size 0 bytes, startup_fm33lg0xx.o(.text))
<BR>[Address Reference Count : 1]<UL><LI> startup_fm33lg0xx.o(RESET)
</UL>
<P><STRONG><a name="[1b]"></a>DMA_IRQHandler</STRONG> (Thumb, 0 bytes, Stack size 0 bytes, startup_fm33lg0xx.o(.text))
<BR>[Address Reference Count : 1]<UL><LI> startup_fm33lg0xx.o(RESET)
</UL>
<P><STRONG><a name="[a]"></a>FDET_IRQHandler</STRONG> (Thumb, 0 bytes, Stack size 0 bytes, startup_fm33lg0xx.o(.text))
<BR>[Address Reference Count : 1]<UL><LI> startup_fm33lg0xx.o(RESET)
</UL>
<P><STRONG><a name="[9]"></a>FLASH_IRQHandler</STRONG> (Thumb, 0 bytes, Stack size 0 bytes, startup_fm33lg0xx.o(.text))
<BR>[Address Reference Count : 1]<UL><LI> startup_fm33lg0xx.o(RESET)
</UL>
<P><STRONG><a name="[20]"></a>GPTIM0_1_IRQHandler</STRONG> (Thumb, 0 bytes, Stack size 0 bytes, startup_fm33lg0xx.o(.text))
<BR>[Address Reference Count : 1]<UL><LI> startup_fm33lg0xx.o(RESET)
</UL>
<P><STRONG><a name="[21]"></a>GPTIM2_IRQHandler</STRONG> (Thumb, 0 bytes, Stack size 0 bytes, startup_fm33lg0xx.o(.text))
<BR>[Address Reference Count : 1]<UL><LI> startup_fm33lg0xx.o(RESET)
</UL>
<P><STRONG><a name="[17]"></a>I2C_IRQHandler</STRONG> (Thumb, 0 bytes, Stack size 0 bytes, startup_fm33lg0xx.o(.text))
<BR>[Address Reference Count : 1]<UL><LI> startup_fm33lg0xx.o(RESET)
</UL>
<P><STRONG><a name="[1a]"></a>LPTIM_IRQHandler</STRONG> (Thumb, 0 bytes, Stack size 0 bytes, startup_fm33lg0xx.o(.text))
<BR>[Address Reference Count : 1]<UL><LI> startup_fm33lg0xx.o(RESET)
</UL>
<P><STRONG><a name="[16]"></a>LPUARTx_IRQHandler</STRONG> (Thumb, 0 bytes, Stack size 0 bytes, startup_fm33lg0xx.o(.text))
<BR>[Address Reference Count : 1]<UL><LI> startup_fm33lg0xx.o(RESET)
</UL>
<P><STRONG><a name="[1d]"></a>LUT_IRQHandler</STRONG> (Thumb, 0 bytes, Stack size 0 bytes, startup_fm33lg0xx.o(.text))
<BR>[Address Reference Count : 1]<UL><LI> startup_fm33lg0xx.o(RESET)
</UL>
<P><STRONG><a name="[8]"></a>RTC_IRQHandler</STRONG> (Thumb, 0 bytes, Stack size 0 bytes, startup_fm33lg0xx.o(.text))
<BR>[Address Reference Count : 1]<UL><LI> startup_fm33lg0xx.o(RESET)
</UL>
<P><STRONG><a name="[d]"></a>SPI0_IRQHandler</STRONG> (Thumb, 0 bytes, Stack size 0 bytes, startup_fm33lg0xx.o(.text))
<BR>[Address Reference Count : 1]<UL><LI> startup_fm33lg0xx.o(RESET)
</UL>
<P><STRONG><a name="[e]"></a>SPI1_IRQHandler</STRONG> (Thumb, 0 bytes, Stack size 0 bytes, startup_fm33lg0xx.o(.text))
<BR>[Address Reference Count : 1]<UL><LI> startup_fm33lg0xx.o(RESET)
</UL>
<P><STRONG><a name="[f]"></a>SPI2_IRQHandler</STRONG> (Thumb, 0 bytes, Stack size 0 bytes, startup_fm33lg0xx.o(.text))
<BR>[Address Reference Count : 1]<UL><LI> startup_fm33lg0xx.o(RESET)
</UL>
<P><STRONG><a name="[7]"></a>SVD_IRQHandler</STRONG> (Thumb, 0 bytes, Stack size 0 bytes, startup_fm33lg0xx.o(.text))
<BR>[Address Reference Count : 1]<UL><LI> startup_fm33lg0xx.o(RESET)
</UL>
<P><STRONG><a name="[15]"></a>U7816_IRQHandler</STRONG> (Thumb, 0 bytes, Stack size 0 bytes, startup_fm33lg0xx.o(.text))
<BR>[Address Reference Count : 1]<UL><LI> startup_fm33lg0xx.o(RESET)
</UL>
<P><STRONG><a name="[12]"></a>UART3_IRQHandler</STRONG> (Thumb, 0 bytes, Stack size 0 bytes, startup_fm33lg0xx.o(.text))
<BR>[Address Reference Count : 1]<UL><LI> startup_fm33lg0xx.o(RESET)
</UL>
<P><STRONG><a name="[13]"></a>UART4_IRQHandler</STRONG> (Thumb, 0 bytes, Stack size 0 bytes, startup_fm33lg0xx.o(.text))
<BR>[Address Reference Count : 1]<UL><LI> startup_fm33lg0xx.o(RESET)
</UL>
<P><STRONG><a name="[23]"></a>VREF_IRQHandler</STRONG> (Thumb, 0 bytes, Stack size 0 bytes, startup_fm33lg0xx.o(.text))
<BR>[Address Reference Count : 1]<UL><LI> startup_fm33lg0xx.o(RESET)
</UL>
<P><STRONG><a name="[6]"></a>WDT_IRQHandler</STRONG> (Thumb, 0 bytes, Stack size 0 bytes, startup_fm33lg0xx.o(.text))
<BR>[Address Reference Count : 1]<UL><LI> startup_fm33lg0xx.o(RESET)
</UL>
<P><STRONG><a name="[1c]"></a>WKUPx_IRQHandler</STRONG> (Thumb, 0 bytes, Stack size 0 bytes, startup_fm33lg0xx.o(.text))
<BR>[Address Reference Count : 1]<UL><LI> startup_fm33lg0xx.o(RESET)
</UL>
<P><STRONG><a name="[e7]"></a>__aeabi_uidiv</STRONG> (Thumb, 0 bytes, Stack size 12 bytes, uidiv.o(.text), UNUSED)

<P><STRONG><a name="[2d]"></a>__aeabi_uidivmod</STRONG> (Thumb, 44 bytes, Stack size 12 bytes, uidiv.o(.text))
<BR><BR>[Stack]<UL><LI>Max Depth = 12<LI>Call Chain = __aeabi_uidivmod
</UL>
<BR>[Called By]<UL><LI><a href="#[76]">&gt;&gt;</a>&nbsp;&nbsp;&nbsp;FL_UART_Init
<LI><a href="#[69]">&gt;&gt;</a>&nbsp;&nbsp;&nbsp;FL_DelayUs
<LI><a href="#[ad]">&gt;&gt;</a>&nbsp;&nbsp;&nbsp;SystemPLLClockUpdate
<LI><a href="#[a4]">&gt;&gt;</a>&nbsp;&nbsp;&nbsp;PC_xieyifasong_2
<LI><a href="#[65]">&gt;&gt;</a>&nbsp;&nbsp;&nbsp;FL_CMU_GetPLLClockFreq
<LI><a href="#[d0]">&gt;&gt;</a>&nbsp;&nbsp;&nbsp;_printf_core
<LI><a href="#[2c]">&gt;&gt;</a>&nbsp;&nbsp;&nbsp;__aeabi_idivmod
</UL>

<P><STRONG><a name="[e8]"></a>__aeabi_idiv</STRONG> (Thumb, 0 bytes, Stack size 16 bytes, idiv.o(.text), UNUSED)

<P><STRONG><a name="[2c]"></a>__aeabi_idivmod</STRONG> (Thumb, 40 bytes, Stack size 16 bytes, idiv.o(.text))
<BR><BR>[Stack]<UL><LI>Max Depth = 28<LI>Call Chain = __aeabi_idivmod &rArr; __aeabi_uidivmod
</UL>
<BR>[Calls]<UL><LI><a href="#[2d]">&gt;&gt;</a>&nbsp;&nbsp;&nbsp;__aeabi_uidivmod
</UL>
<BR>[Called By]<UL><LI><a href="#[4e]">&gt;&gt;</a>&nbsp;&nbsp;&nbsp;ReadZD_Current
<LI><a href="#[4d]">&gt;&gt;</a>&nbsp;&nbsp;&nbsp;CheckZDCurrent
</UL>

<P><STRONG><a name="[2e]"></a>__aeabi_uldivmod</STRONG> (Thumb, 96 bytes, Stack size 48 bytes, uldiv.o(.text))
<BR><BR>[Stack]<UL><LI>Max Depth = 56<LI>Call Chain = __aeabi_uldivmod &rArr; __aeabi_llsr
</UL>
<BR>[Calls]<UL><LI><a href="#[2f]">&gt;&gt;</a>&nbsp;&nbsp;&nbsp;__aeabi_llsr
<LI><a href="#[30]">&gt;&gt;</a>&nbsp;&nbsp;&nbsp;__aeabi_llsl
</UL>
<BR>[Called By]<UL><LI><a href="#[82]">&gt;&gt;</a>&nbsp;&nbsp;&nbsp;GetSingleChannelVoltage_POLL
<LI><a href="#[d0]">&gt;&gt;</a>&nbsp;&nbsp;&nbsp;_printf_core
<LI><a href="#[d1]">&gt;&gt;</a>&nbsp;&nbsp;&nbsp;_fp_digits
</UL>

<P><STRONG><a name="[31]"></a>__aeabi_lmul</STRONG> (Thumb, 122 bytes, Stack size 64 bytes, llmul.o(.text))
<BR><BR>[Stack]<UL><LI>Max Depth = 72<LI>Call Chain = __aeabi_lmul &rArr; __aeabi_llsl
</UL>
<BR>[Calls]<UL><LI><a href="#[30]">&gt;&gt;</a>&nbsp;&nbsp;&nbsp;__aeabi_llsl
</UL>
<BR>[Called By]<UL><LI><a href="#[82]">&gt;&gt;</a>&nbsp;&nbsp;&nbsp;GetSingleChannelVoltage_POLL
</UL>

<P><STRONG><a name="[e9]"></a>_ll_mul</STRONG> (Thumb, 0 bytes, Stack size 64 bytes, llmul.o(.text), UNUSED)

<P><STRONG><a name="[a5]"></a>__aeabi_memcpy</STRONG> (Thumb, 36 bytes, Stack size 0 bytes, memcpya.o(.text))
<BR><BR>[Called By]<UL><LI><a href="#[c2]">&gt;&gt;</a>&nbsp;&nbsp;&nbsp;Uart5_Tx_Send
<LI><a href="#[a4]">&gt;&gt;</a>&nbsp;&nbsp;&nbsp;PC_xieyifasong_2
<LI><a href="#[b0]">&gt;&gt;</a>&nbsp;&nbsp;&nbsp;TONGXIN_xieyijiexi
<LI><a href="#[af]">&gt;&gt;</a>&nbsp;&nbsp;&nbsp;Uart0_Tx_Send
<LI><a href="#[55]">&gt;&gt;</a>&nbsp;&nbsp;&nbsp;Uart1_Tx_Send
</UL>

<P><STRONG><a name="[bf]"></a>__aeabi_memcpy4</STRONG> (Thumb, 0 bytes, Stack size 0 bytes, memcpya.o(.text))
<BR><BR>[Called By]<UL><LI><a href="#[c1]">&gt;&gt;</a>&nbsp;&nbsp;&nbsp;Uart5_Rx_rec
<LI><a href="#[c0]">&gt;&gt;</a>&nbsp;&nbsp;&nbsp;Uart1_Rx_rec
<LI><a href="#[be]">&gt;&gt;</a>&nbsp;&nbsp;&nbsp;Uart0_Rx_rec
</UL>

<P><STRONG><a name="[ea]"></a>__aeabi_memcpy8</STRONG> (Thumb, 0 bytes, Stack size 0 bytes, memcpya.o(.text), UNUSED)

<P><STRONG><a name="[33]"></a>__aeabi_memset</STRONG> (Thumb, 14 bytes, Stack size 0 bytes, memseta.o(.text))
<BR><BR>[Called By]<UL><LI><a href="#[34]">&gt;&gt;</a>&nbsp;&nbsp;&nbsp;_memset$wrapper
<LI><a href="#[32]">&gt;&gt;</a>&nbsp;&nbsp;&nbsp;__aeabi_memclr
</UL>

<P><STRONG><a name="[eb]"></a>__aeabi_memset4</STRONG> (Thumb, 0 bytes, Stack size 0 bytes, memseta.o(.text), UNUSED)

<P><STRONG><a name="[ec]"></a>__aeabi_memset8</STRONG> (Thumb, 0 bytes, Stack size 0 bytes, memseta.o(.text), UNUSED)

<P><STRONG><a name="[32]"></a>__aeabi_memclr</STRONG> (Thumb, 4 bytes, Stack size 0 bytes, memseta.o(.text))
<BR><BR>[Calls]<UL><LI><a href="#[33]">&gt;&gt;</a>&nbsp;&nbsp;&nbsp;__aeabi_memset
</UL>
<BR>[Called By]<UL><LI><a href="#[a4]">&gt;&gt;</a>&nbsp;&nbsp;&nbsp;PC_xieyifasong_2
<LI><a href="#[df]">&gt;&gt;</a>&nbsp;&nbsp;&nbsp;test_jieguo_qingling
</UL>

<P><STRONG><a name="[ed]"></a>__aeabi_memclr4</STRONG> (Thumb, 0 bytes, Stack size 0 bytes, memseta.o(.text), UNUSED)

<P><STRONG><a name="[ee]"></a>__aeabi_memclr8</STRONG> (Thumb, 0 bytes, Stack size 0 bytes, memseta.o(.text), UNUSED)

<P><STRONG><a name="[34]"></a>_memset$wrapper</STRONG> (Thumb, 18 bytes, Stack size 8 bytes, memseta.o(.text), UNUSED)
<BR><BR>[Calls]<UL><LI><a href="#[33]">&gt;&gt;</a>&nbsp;&nbsp;&nbsp;__aeabi_memset
</UL>

<P><STRONG><a name="[35]"></a>__aeabi_dadd</STRONG> (Thumb, 328 bytes, Stack size 48 bytes, dadd.o(.text), UNUSED)
<BR><BR>[Calls]<UL><LI><a href="#[36]">&gt;&gt;</a>&nbsp;&nbsp;&nbsp;__aeabi_lasr
<LI><a href="#[30]">&gt;&gt;</a>&nbsp;&nbsp;&nbsp;__aeabi_llsl
<LI><a href="#[38]">&gt;&gt;</a>&nbsp;&nbsp;&nbsp;_double_round
<LI><a href="#[37]">&gt;&gt;</a>&nbsp;&nbsp;&nbsp;_double_epilogue
</UL>
<BR>[Called By]<UL><LI><a href="#[3a]">&gt;&gt;</a>&nbsp;&nbsp;&nbsp;__aeabi_drsub
<LI><a href="#[d1]">&gt;&gt;</a>&nbsp;&nbsp;&nbsp;_fp_digits
<LI><a href="#[39]">&gt;&gt;</a>&nbsp;&nbsp;&nbsp;__aeabi_dsub
</UL>

<P><STRONG><a name="[39]"></a>__aeabi_dsub</STRONG> (Thumb, 12 bytes, Stack size 8 bytes, dadd.o(.text), UNUSED)
<BR><BR>[Calls]<UL><LI><a href="#[35]">&gt;&gt;</a>&nbsp;&nbsp;&nbsp;__aeabi_dadd
</UL>

<P><STRONG><a name="[3a]"></a>__aeabi_drsub</STRONG> (Thumb, 12 bytes, Stack size 8 bytes, dadd.o(.text), UNUSED)
<BR><BR>[Calls]<UL><LI><a href="#[35]">&gt;&gt;</a>&nbsp;&nbsp;&nbsp;__aeabi_dadd
</UL>

<P><STRONG><a name="[3b]"></a>__aeabi_dmul</STRONG> (Thumb, 202 bytes, Stack size 72 bytes, dmul.o(.text), UNUSED)
<BR><BR>[Calls]<UL><LI><a href="#[37]">&gt;&gt;</a>&nbsp;&nbsp;&nbsp;_double_epilogue
</UL>
<BR>[Called By]<UL><LI><a href="#[d1]">&gt;&gt;</a>&nbsp;&nbsp;&nbsp;_fp_digits
</UL>

<P><STRONG><a name="[3c]"></a>__aeabi_ddiv</STRONG> (Thumb, 234 bytes, Stack size 40 bytes, ddiv.o(.text), UNUSED)
<BR><BR>[Calls]<UL><LI><a href="#[38]">&gt;&gt;</a>&nbsp;&nbsp;&nbsp;_double_round
</UL>
<BR>[Called By]<UL><LI><a href="#[d1]">&gt;&gt;</a>&nbsp;&nbsp;&nbsp;_fp_digits
</UL>

<P><STRONG><a name="[30]"></a>__aeabi_llsl</STRONG> (Thumb, 32 bytes, Stack size 8 bytes, llshl.o(.text))
<BR><BR>[Stack]<UL><LI>Max Depth = 8<LI>Call Chain = __aeabi_llsl
</UL>
<BR>[Called By]<UL><LI><a href="#[35]">&gt;&gt;</a>&nbsp;&nbsp;&nbsp;__aeabi_dadd
<LI><a href="#[37]">&gt;&gt;</a>&nbsp;&nbsp;&nbsp;_double_epilogue
<LI><a href="#[3e]">&gt;&gt;</a>&nbsp;&nbsp;&nbsp;__aeabi_d2ulz
<LI><a href="#[31]">&gt;&gt;</a>&nbsp;&nbsp;&nbsp;__aeabi_lmul
<LI><a href="#[2e]">&gt;&gt;</a>&nbsp;&nbsp;&nbsp;__aeabi_uldivmod
</UL>

<P><STRONG><a name="[ef]"></a>_ll_shift_l</STRONG> (Thumb, 0 bytes, Stack size 8 bytes, llshl.o(.text), UNUSED)

<P><STRONG><a name="[2f]"></a>__aeabi_llsr</STRONG> (Thumb, 34 bytes, Stack size 8 bytes, llushr.o(.text))
<BR><BR>[Stack]<UL><LI>Max Depth = 8<LI>Call Chain = __aeabi_llsr
</UL>
<BR>[Called By]<UL><LI><a href="#[37]">&gt;&gt;</a>&nbsp;&nbsp;&nbsp;_double_epilogue
<LI><a href="#[3e]">&gt;&gt;</a>&nbsp;&nbsp;&nbsp;__aeabi_d2ulz
<LI><a href="#[2e]">&gt;&gt;</a>&nbsp;&nbsp;&nbsp;__aeabi_uldivmod
</UL>

<P><STRONG><a name="[f0]"></a>_ll_ushift_r</STRONG> (Thumb, 0 bytes, Stack size 8 bytes, llushr.o(.text), UNUSED)

<P><STRONG><a name="[36]"></a>__aeabi_lasr</STRONG> (Thumb, 38 bytes, Stack size 8 bytes, llsshr.o(.text), UNUSED)
<BR><BR>[Called By]<UL><LI><a href="#[35]">&gt;&gt;</a>&nbsp;&nbsp;&nbsp;__aeabi_dadd
</UL>

<P><STRONG><a name="[f1]"></a>_ll_sshift_r</STRONG> (Thumb, 0 bytes, Stack size 8 bytes, llsshr.o(.text), UNUSED)

<P><STRONG><a name="[f2]"></a>__I$use$fp</STRONG> (Thumb, 0 bytes, Stack size 8 bytes, iusefp.o(.text), UNUSED)

<P><STRONG><a name="[38]"></a>_double_round</STRONG> (Thumb, 26 bytes, Stack size 8 bytes, depilogue.o(.text), UNUSED)
<BR><BR>[Called By]<UL><LI><a href="#[3c]">&gt;&gt;</a>&nbsp;&nbsp;&nbsp;__aeabi_ddiv
<LI><a href="#[35]">&gt;&gt;</a>&nbsp;&nbsp;&nbsp;__aeabi_dadd
<LI><a href="#[37]">&gt;&gt;</a>&nbsp;&nbsp;&nbsp;_double_epilogue
</UL>

<P><STRONG><a name="[37]"></a>_double_epilogue</STRONG> (Thumb, 164 bytes, Stack size 48 bytes, depilogue.o(.text), UNUSED)
<BR><BR>[Calls]<UL><LI><a href="#[3d]">&gt;&gt;</a>&nbsp;&nbsp;&nbsp;__ARM_clz
<LI><a href="#[2f]">&gt;&gt;</a>&nbsp;&nbsp;&nbsp;__aeabi_llsr
<LI><a href="#[30]">&gt;&gt;</a>&nbsp;&nbsp;&nbsp;__aeabi_llsl
<LI><a href="#[38]">&gt;&gt;</a>&nbsp;&nbsp;&nbsp;_double_round
</UL>
<BR>[Called By]<UL><LI><a href="#[35]">&gt;&gt;</a>&nbsp;&nbsp;&nbsp;__aeabi_dadd
<LI><a href="#[3b]">&gt;&gt;</a>&nbsp;&nbsp;&nbsp;__aeabi_dmul
</UL>

<P><STRONG><a name="[3e]"></a>__aeabi_d2ulz</STRONG> (Thumb, 54 bytes, Stack size 8 bytes, dfixul.o(.text), UNUSED)
<BR><BR>[Calls]<UL><LI><a href="#[2f]">&gt;&gt;</a>&nbsp;&nbsp;&nbsp;__aeabi_llsr
<LI><a href="#[30]">&gt;&gt;</a>&nbsp;&nbsp;&nbsp;__aeabi_llsl
</UL>
<BR>[Called By]<UL><LI><a href="#[d1]">&gt;&gt;</a>&nbsp;&nbsp;&nbsp;_fp_digits
</UL>

<P><STRONG><a name="[d2]"></a>__aeabi_cdrcmple</STRONG> (Thumb, 38 bytes, Stack size 0 bytes, cdrcmple.o(.text), UNUSED)
<BR><BR>[Called By]<UL><LI><a href="#[d1]">&gt;&gt;</a>&nbsp;&nbsp;&nbsp;_fp_digits
</UL>

<P><STRONG><a name="[2b]"></a>__scatterload</STRONG> (Thumb, 28 bytes, Stack size 0 bytes, init.o(.text))
<BR><BR>[Calls]<UL><LI><a href="#[3f]">&gt;&gt;</a>&nbsp;&nbsp;&nbsp;__main_after_scatterload
</UL>
<BR>[Called By]<UL><LI><a href="#[2a]">&gt;&gt;</a>&nbsp;&nbsp;&nbsp;_main_scatterload
</UL>

<P><STRONG><a name="[f3]"></a>__scatterload_rt2</STRONG> (Thumb, 0 bytes, Stack size 0 bytes, init.o(.text), UNUSED)

<P><STRONG><a name="[40]"></a>ANJIAN_1_OFF</STRONG> (Thumb, 14 bytes, Stack size 8 bytes, gpio.o(i.ANJIAN_1_OFF))
<BR><BR>[Stack]<UL><LI>Max Depth = 8<LI>Call Chain = ANJIAN_1_OFF
</UL>
<BR>[Calls]<UL><LI><a href="#[41]">&gt;&gt;</a>&nbsp;&nbsp;&nbsp;FL_GPIO_SetOutputPin
</UL>
<BR>[Called By]<UL><LI><a href="#[db]">&gt;&gt;</a>&nbsp;&nbsp;&nbsp;test_start_Init
<LI><a href="#[da]">&gt;&gt;</a>&nbsp;&nbsp;&nbsp;test_Loop_Func
<LI><a href="#[98]">&gt;&gt;</a>&nbsp;&nbsp;&nbsp;Others_GPIO_Init
</UL>

<P><STRONG><a name="[42]"></a>ANJIAN_1_ON</STRONG> (Thumb, 14 bytes, Stack size 8 bytes, gpio.o(i.ANJIAN_1_ON))
<BR><BR>[Stack]<UL><LI>Max Depth = 8<LI>Call Chain = ANJIAN_1_ON
</UL>
<BR>[Calls]<UL><LI><a href="#[43]">&gt;&gt;</a>&nbsp;&nbsp;&nbsp;FL_GPIO_ResetOutputPin
</UL>
<BR>[Called By]<UL><LI><a href="#[da]">&gt;&gt;</a>&nbsp;&nbsp;&nbsp;test_Loop_Func
</UL>

<P><STRONG><a name="[44]"></a>ANJIAN_2_OFF</STRONG> (Thumb, 14 bytes, Stack size 8 bytes, gpio.o(i.ANJIAN_2_OFF))
<BR><BR>[Stack]<UL><LI>Max Depth = 8<LI>Call Chain = ANJIAN_2_OFF
</UL>
<BR>[Calls]<UL><LI><a href="#[41]">&gt;&gt;</a>&nbsp;&nbsp;&nbsp;FL_GPIO_SetOutputPin
</UL>
<BR>[Called By]<UL><LI><a href="#[db]">&gt;&gt;</a>&nbsp;&nbsp;&nbsp;test_start_Init
<LI><a href="#[98]">&gt;&gt;</a>&nbsp;&nbsp;&nbsp;Others_GPIO_Init
</UL>

<P><STRONG><a name="[45]"></a>ANJIAN_3_OFF</STRONG> (Thumb, 14 bytes, Stack size 8 bytes, gpio.o(i.ANJIAN_3_OFF))
<BR><BR>[Stack]<UL><LI>Max Depth = 8<LI>Call Chain = ANJIAN_3_OFF
</UL>
<BR>[Calls]<UL><LI><a href="#[41]">&gt;&gt;</a>&nbsp;&nbsp;&nbsp;FL_GPIO_SetOutputPin
</UL>
<BR>[Called By]<UL><LI><a href="#[db]">&gt;&gt;</a>&nbsp;&nbsp;&nbsp;test_start_Init
<LI><a href="#[98]">&gt;&gt;</a>&nbsp;&nbsp;&nbsp;Others_GPIO_Init
</UL>

<P><STRONG><a name="[46]"></a>ANJIAN_4_OFF</STRONG> (Thumb, 14 bytes, Stack size 8 bytes, gpio.o(i.ANJIAN_4_OFF))
<BR><BR>[Stack]<UL><LI>Max Depth = 8<LI>Call Chain = ANJIAN_4_OFF
</UL>
<BR>[Calls]<UL><LI><a href="#[41]">&gt;&gt;</a>&nbsp;&nbsp;&nbsp;FL_GPIO_SetOutputPin
</UL>
<BR>[Called By]<UL><LI><a href="#[db]">&gt;&gt;</a>&nbsp;&nbsp;&nbsp;test_start_Init
<LI><a href="#[98]">&gt;&gt;</a>&nbsp;&nbsp;&nbsp;Others_GPIO_Init
</UL>

<P><STRONG><a name="[22]"></a>ATIM_IRQHandler</STRONG> (Thumb, 192 bytes, Stack size 0 bytes, time.o(i.ATIM_IRQHandler))
<BR>[Address Reference Count : 1]<UL><LI> startup_fm33lg0xx.o(RESET)
</UL>
<P><STRONG><a name="[47]"></a>ATIM_Init</STRONG> (Thumb, 20 bytes, Stack size 8 bytes, time.o(i.ATIM_Init))
<BR><BR>[Stack]<UL><LI>Max Depth = 56<LI>Call Chain = ATIM_Init &rArr; MF_ATIM_TimerBase_Init &rArr; FL_ATIM_Init
</UL>
<BR>[Calls]<UL><LI><a href="#[48]">&gt;&gt;</a>&nbsp;&nbsp;&nbsp;MF_ATIM_TimerBase_Init
<LI><a href="#[49]">&gt;&gt;</a>&nbsp;&nbsp;&nbsp;MF_ATIM_Interrupt_Init
<LI><a href="#[4b]">&gt;&gt;</a>&nbsp;&nbsp;&nbsp;ATIM_Start
<LI><a href="#[4a]">&gt;&gt;</a>&nbsp;&nbsp;&nbsp;ATIM_NVIC_Init
</UL>
<BR>[Called By]<UL><LI><a href="#[d9]">&gt;&gt;</a>&nbsp;&nbsp;&nbsp;test_Init
</UL>

<P><STRONG><a name="[4a]"></a>ATIM_NVIC_Init</STRONG> (Thumb, 16 bytes, Stack size 8 bytes, time.o(i.ATIM_NVIC_Init))
<BR><BR>[Stack]<UL><LI>Max Depth = 32<LI>Call Chain = ATIM_NVIC_Init &rArr; FL_NVIC_Init &rArr; NVIC_SetPriority
</UL>
<BR>[Calls]<UL><LI><a href="#[4c]">&gt;&gt;</a>&nbsp;&nbsp;&nbsp;FL_NVIC_Init
</UL>
<BR>[Called By]<UL><LI><a href="#[47]">&gt;&gt;</a>&nbsp;&nbsp;&nbsp;ATIM_Init
</UL>

<P><STRONG><a name="[4b]"></a>ATIM_Start</STRONG> (Thumb, 18 bytes, Stack size 0 bytes, time.o(i.ATIM_Start))
<BR><BR>[Called By]<UL><LI><a href="#[47]">&gt;&gt;</a>&nbsp;&nbsp;&nbsp;ATIM_Init
</UL>

<P><STRONG><a name="[4d]"></a>CheckZDCurrent</STRONG> (Thumb, 150 bytes, Stack size 24 bytes, zdina219.o(i.CheckZDCurrent))
<BR><BR>[Stack]<UL><LI>Max Depth = 140<LI>Call Chain = CheckZDCurrent &rArr; ReadZD_Current &rArr; ZDINA219_IIC_SendBytes &rArr; ZDINA219_IIC_SendByte &rArr; ZDINA219_SDA_OUT_Dir_CTL &rArr; FL_GPIO_Init &rArr; FL_GPIO_SetPinMode
</UL>
<BR>[Calls]<UL><LI><a href="#[4f]">&gt;&gt;</a>&nbsp;&nbsp;&nbsp;FL_DelayMs
<LI><a href="#[4e]">&gt;&gt;</a>&nbsp;&nbsp;&nbsp;ReadZD_Current
<LI><a href="#[2c]">&gt;&gt;</a>&nbsp;&nbsp;&nbsp;__aeabi_idivmod
</UL>
<BR>[Called By]<UL><LI><a href="#[52]">&gt;&gt;</a>&nbsp;&nbsp;&nbsp;Current_CHK_Func
</UL>

<P><STRONG><a name="[50]"></a>Current_CHK_CTRL_OFF</STRONG> (Thumb, 12 bytes, Stack size 8 bytes, gpio.o(i.Current_CHK_CTRL_OFF))
<BR><BR>[Stack]<UL><LI>Max Depth = 8<LI>Call Chain = Current_CHK_CTRL_OFF
</UL>
<BR>[Calls]<UL><LI><a href="#[41]">&gt;&gt;</a>&nbsp;&nbsp;&nbsp;FL_GPIO_SetOutputPin
</UL>
<BR>[Called By]<UL><LI><a href="#[98]">&gt;&gt;</a>&nbsp;&nbsp;&nbsp;Others_GPIO_Init
<LI><a href="#[52]">&gt;&gt;</a>&nbsp;&nbsp;&nbsp;Current_CHK_Func
</UL>

<P><STRONG><a name="[51]"></a>Current_CHK_CTRL_ON</STRONG> (Thumb, 12 bytes, Stack size 8 bytes, gpio.o(i.Current_CHK_CTRL_ON))
<BR><BR>[Stack]<UL><LI>Max Depth = 8<LI>Call Chain = Current_CHK_CTRL_ON
</UL>
<BR>[Calls]<UL><LI><a href="#[43]">&gt;&gt;</a>&nbsp;&nbsp;&nbsp;FL_GPIO_ResetOutputPin
</UL>
<BR>[Called By]<UL><LI><a href="#[52]">&gt;&gt;</a>&nbsp;&nbsp;&nbsp;Current_CHK_Func
</UL>

<P><STRONG><a name="[52]"></a>Current_CHK_Func</STRONG> (Thumb, 40 bytes, Stack size 8 bytes, zdina219.o(i.Current_CHK_Func))
<BR><BR>[Stack]<UL><LI>Max Depth = 148<LI>Call Chain = Current_CHK_Func &rArr; CheckZDCurrent &rArr; ReadZD_Current &rArr; ZDINA219_IIC_SendBytes &rArr; ZDINA219_IIC_SendByte &rArr; ZDINA219_SDA_OUT_Dir_CTL &rArr; FL_GPIO_Init &rArr; FL_GPIO_SetPinMode
</UL>
<BR>[Calls]<UL><LI><a href="#[51]">&gt;&gt;</a>&nbsp;&nbsp;&nbsp;Current_CHK_CTRL_ON
<LI><a href="#[50]">&gt;&gt;</a>&nbsp;&nbsp;&nbsp;Current_CHK_CTRL_OFF
<LI><a href="#[4f]">&gt;&gt;</a>&nbsp;&nbsp;&nbsp;FL_DelayMs
<LI><a href="#[4d]">&gt;&gt;</a>&nbsp;&nbsp;&nbsp;CheckZDCurrent
</UL>
<BR>[Called By]<UL><LI><a href="#[da]">&gt;&gt;</a>&nbsp;&nbsp;&nbsp;test_Loop_Func
</UL>

<P><STRONG><a name="[53]"></a>DeBug_print</STRONG> (Thumb, 62 bytes, Stack size 232 bytes, uart1.o(i.DeBug_print))
<BR><BR>[Stack]<UL><LI>Max Depth = 316<LI>Call Chain = DeBug_print &rArr; Uart1_Tx_Send &rArr; UART_TX_state_change &rArr; FL_GPIO_Init &rArr; FL_GPIO_SetPinMode
</UL>
<BR>[Calls]<UL><LI><a href="#[55]">&gt;&gt;</a>&nbsp;&nbsp;&nbsp;Uart1_Tx_Send
<LI><a href="#[54]">&gt;&gt;</a>&nbsp;&nbsp;&nbsp;__c89vsnprintf
</UL>
<BR>[Called By]<UL><LI><a href="#[da]">&gt;&gt;</a>&nbsp;&nbsp;&nbsp;test_Loop_Func
<LI><a href="#[d7]">&gt;&gt;</a>&nbsp;&nbsp;&nbsp;gongwei_jiance
<LI><a href="#[b0]">&gt;&gt;</a>&nbsp;&nbsp;&nbsp;TONGXIN_xieyijiexi
<LI><a href="#[a7]">&gt;&gt;</a>&nbsp;&nbsp;&nbsp;test_start
</UL>

<P><STRONG><a name="[56]"></a>FL_ADC_CommonInit</STRONG> (Thumb, 386 bytes, Stack size 16 bytes, fm33lg0xx_fl_adc.o(i.FL_ADC_CommonInit))
<BR><BR>[Stack]<UL><LI>Max Depth = 16<LI>Call Chain = FL_ADC_CommonInit
</UL>
<BR>[Calls]<UL><LI><a href="#[57]">&gt;&gt;</a>&nbsp;&nbsp;&nbsp;FL_ADC_SetClockSource
</UL>
<BR>[Called By]<UL><LI><a href="#[8a]">&gt;&gt;</a>&nbsp;&nbsp;&nbsp;MF_ADC_Common_Init
</UL>

<P><STRONG><a name="[58]"></a>FL_ADC_Init</STRONG> (Thumb, 890 bytes, Stack size 24 bytes, fm33lg0xx_fl_adc.o(i.FL_ADC_Init))
<BR><BR>[Stack]<UL><LI>Max Depth = 24<LI>Call Chain = FL_ADC_Init
</UL>
<BR>[Calls]<UL><LI><a href="#[5a]">&gt;&gt;</a>&nbsp;&nbsp;&nbsp;FL_ADC_DisableOverSampling
<LI><a href="#[59]">&gt;&gt;</a>&nbsp;&nbsp;&nbsp;FL_ADC_Disable
</UL>
<BR>[Called By]<UL><LI><a href="#[8b]">&gt;&gt;</a>&nbsp;&nbsp;&nbsp;MF_ADC_Init
</UL>

<P><STRONG><a name="[5b]"></a>FL_ATIM_Init</STRONG> (Thumb, 400 bytes, Stack size 16 bytes, fm33lg0xx_fl_atim.o(i.FL_ATIM_Init))
<BR><BR>[Stack]<UL><LI>Max Depth = 16<LI>Call Chain = FL_ATIM_Init
</UL>
<BR>[Calls]<UL><LI><a href="#[61]">&gt;&gt;</a>&nbsp;&nbsp;&nbsp;FL_ATIM_IsActiveFlag_Update
<LI><a href="#[60]">&gt;&gt;</a>&nbsp;&nbsp;&nbsp;FL_ATIM_GenerateUpdateEvent
<LI><a href="#[5c]">&gt;&gt;</a>&nbsp;&nbsp;&nbsp;FL_CMU_EnableGroup4BusClock
<LI><a href="#[5d]">&gt;&gt;</a>&nbsp;&nbsp;&nbsp;FL_CMU_EnableGroup3OperationClock
<LI><a href="#[5e]">&gt;&gt;</a>&nbsp;&nbsp;&nbsp;FL_ATIM_SetCounterDirection
<LI><a href="#[5f]">&gt;&gt;</a>&nbsp;&nbsp;&nbsp;FL_ATIM_SetCounterAlignedMode
</UL>
<BR>[Called By]<UL><LI><a href="#[48]">&gt;&gt;</a>&nbsp;&nbsp;&nbsp;MF_ATIM_TimerBase_Init
</UL>

<P><STRONG><a name="[62]"></a>FL_CMU_GetAHBClockFreq</STRONG> (Thumb, 114 bytes, Stack size 8 bytes, fm33lg0xx_fl_cmu.o(i.FL_CMU_GetAHBClockFreq))
<BR><BR>[Stack]<UL><LI>Max Depth = 44<LI>Call Chain = FL_CMU_GetAHBClockFreq &rArr; FL_CMU_GetSystemClockFreq &rArr; FL_CMU_GetPLLClockFreq &rArr; __aeabi_uidivmod
</UL>
<BR>[Calls]<UL><LI><a href="#[63]">&gt;&gt;</a>&nbsp;&nbsp;&nbsp;FL_CMU_GetSystemClockFreq
</UL>
<BR>[Called By]<UL><LI><a href="#[64]">&gt;&gt;</a>&nbsp;&nbsp;&nbsp;FL_CMU_GetAPBClockFreq
</UL>

<P><STRONG><a name="[64]"></a>FL_CMU_GetAPBClockFreq</STRONG> (Thumb, 114 bytes, Stack size 8 bytes, fm33lg0xx_fl_cmu.o(i.FL_CMU_GetAPBClockFreq))
<BR><BR>[Stack]<UL><LI>Max Depth = 52<LI>Call Chain = FL_CMU_GetAPBClockFreq &rArr; FL_CMU_GetAHBClockFreq &rArr; FL_CMU_GetSystemClockFreq &rArr; FL_CMU_GetPLLClockFreq &rArr; __aeabi_uidivmod
</UL>
<BR>[Calls]<UL><LI><a href="#[62]">&gt;&gt;</a>&nbsp;&nbsp;&nbsp;FL_CMU_GetAHBClockFreq
</UL>
<BR>[Called By]<UL><LI><a href="#[76]">&gt;&gt;</a>&nbsp;&nbsp;&nbsp;FL_UART_Init
</UL>

<P><STRONG><a name="[65]"></a>FL_CMU_GetPLLClockFreq</STRONG> (Thumb, 162 bytes, Stack size 16 bytes, fm33lg0xx_fl_cmu.o(i.FL_CMU_GetPLLClockFreq))
<BR><BR>[Stack]<UL><LI>Max Depth = 28<LI>Call Chain = FL_CMU_GetPLLClockFreq &rArr; __aeabi_uidivmod
</UL>
<BR>[Calls]<UL><LI><a href="#[67]">&gt;&gt;</a>&nbsp;&nbsp;&nbsp;__ARM_common_switch8
<LI><a href="#[66]">&gt;&gt;</a>&nbsp;&nbsp;&nbsp;FL_CMU_GetRCHFClockFreq
<LI><a href="#[2d]">&gt;&gt;</a>&nbsp;&nbsp;&nbsp;__aeabi_uidivmod
</UL>
<BR>[Called By]<UL><LI><a href="#[63]">&gt;&gt;</a>&nbsp;&nbsp;&nbsp;FL_CMU_GetSystemClockFreq
</UL>

<P><STRONG><a name="[66]"></a>FL_CMU_GetRCHFClockFreq</STRONG> (Thumb, 60 bytes, Stack size 0 bytes, fm33lg0xx_fl_cmu.o(i.FL_CMU_GetRCHFClockFreq))
<BR><BR>[Called By]<UL><LI><a href="#[76]">&gt;&gt;</a>&nbsp;&nbsp;&nbsp;FL_UART_Init
<LI><a href="#[63]">&gt;&gt;</a>&nbsp;&nbsp;&nbsp;FL_CMU_GetSystemClockFreq
<LI><a href="#[65]">&gt;&gt;</a>&nbsp;&nbsp;&nbsp;FL_CMU_GetPLLClockFreq
</UL>

<P><STRONG><a name="[68]"></a>FL_CMU_GetRCLFClockFreq</STRONG> (Thumb, 70 bytes, Stack size 0 bytes, fm33lg0xx_fl_cmu.o(i.FL_CMU_GetRCLFClockFreq))
<BR><BR>[Called By]<UL><LI><a href="#[63]">&gt;&gt;</a>&nbsp;&nbsp;&nbsp;FL_CMU_GetSystemClockFreq
</UL>

<P><STRONG><a name="[63]"></a>FL_CMU_GetSystemClockFreq</STRONG> (Thumb, 86 bytes, Stack size 8 bytes, fm33lg0xx_fl_cmu.o(i.FL_CMU_GetSystemClockFreq))
<BR><BR>[Stack]<UL><LI>Max Depth = 36<LI>Call Chain = FL_CMU_GetSystemClockFreq &rArr; FL_CMU_GetPLLClockFreq &rArr; __aeabi_uidivmod
</UL>
<BR>[Calls]<UL><LI><a href="#[67]">&gt;&gt;</a>&nbsp;&nbsp;&nbsp;__ARM_common_switch8
<LI><a href="#[68]">&gt;&gt;</a>&nbsp;&nbsp;&nbsp;FL_CMU_GetRCLFClockFreq
<LI><a href="#[66]">&gt;&gt;</a>&nbsp;&nbsp;&nbsp;FL_CMU_GetRCHFClockFreq
<LI><a href="#[65]">&gt;&gt;</a>&nbsp;&nbsp;&nbsp;FL_CMU_GetPLLClockFreq
</UL>
<BR>[Called By]<UL><LI><a href="#[76]">&gt;&gt;</a>&nbsp;&nbsp;&nbsp;FL_UART_Init
<LI><a href="#[62]">&gt;&gt;</a>&nbsp;&nbsp;&nbsp;FL_CMU_GetAHBClockFreq
</UL>

<P><STRONG><a name="[74]"></a>FL_DelayInit</STRONG> (Thumb, 26 bytes, Stack size 0 bytes, fm33lg0xx_fl.o(i.FL_DelayInit))
<BR><BR>[Called By]<UL><LI><a href="#[73]">&gt;&gt;</a>&nbsp;&nbsp;&nbsp;FL_Init
</UL>

<P><STRONG><a name="[4f]"></a>FL_DelayMs</STRONG> (Thumb, 44 bytes, Stack size 16 bytes, fm33lg0xx_fl.o(i.FL_DelayMs))
<BR><BR>[Stack]<UL><LI>Max Depth = 36<LI>Call Chain = FL_DelayMs &rArr; FL_DelayUs &rArr; __aeabi_uidivmod
</UL>
<BR>[Calls]<UL><LI><a href="#[69]">&gt;&gt;</a>&nbsp;&nbsp;&nbsp;FL_DelayUs
</UL>
<BR>[Called By]<UL><LI><a href="#[c2]">&gt;&gt;</a>&nbsp;&nbsp;&nbsp;Uart5_Tx_Send
<LI><a href="#[da]">&gt;&gt;</a>&nbsp;&nbsp;&nbsp;test_Loop_Func
<LI><a href="#[c0]">&gt;&gt;</a>&nbsp;&nbsp;&nbsp;Uart1_Rx_rec
<LI><a href="#[26]">&gt;&gt;</a>&nbsp;&nbsp;&nbsp;main
<LI><a href="#[af]">&gt;&gt;</a>&nbsp;&nbsp;&nbsp;Uart0_Tx_Send
<LI><a href="#[4e]">&gt;&gt;</a>&nbsp;&nbsp;&nbsp;ReadZD_Current
<LI><a href="#[4d]">&gt;&gt;</a>&nbsp;&nbsp;&nbsp;CheckZDCurrent
<LI><a href="#[52]">&gt;&gt;</a>&nbsp;&nbsp;&nbsp;Current_CHK_Func
<LI><a href="#[55]">&gt;&gt;</a>&nbsp;&nbsp;&nbsp;Uart1_Tx_Send
</UL>

<P><STRONG><a name="[69]"></a>FL_DelayUs</STRONG> (Thumb, 56 bytes, Stack size 8 bytes, fm33lg0xx_fl.o(i.FL_DelayUs))
<BR><BR>[Stack]<UL><LI>Max Depth = 20<LI>Call Chain = FL_DelayUs &rArr; __aeabi_uidivmod
</UL>
<BR>[Calls]<UL><LI><a href="#[2d]">&gt;&gt;</a>&nbsp;&nbsp;&nbsp;__aeabi_uidivmod
</UL>
<BR>[Called By]<UL><LI><a href="#[4f]">&gt;&gt;</a>&nbsp;&nbsp;&nbsp;FL_DelayMs
</UL>

<P><STRONG><a name="[6a]"></a>FL_GPIO_Init</STRONG> (Thumb, 470 bytes, Stack size 24 bytes, fm33lg0xx_fl_gpio.o(i.FL_GPIO_Init))
<BR><BR>[Stack]<UL><LI>Max Depth = 36<LI>Call Chain = FL_GPIO_Init &rArr; FL_GPIO_SetPinMode
</UL>
<BR>[Calls]<UL><LI><a href="#[70]">&gt;&gt;</a>&nbsp;&nbsp;&nbsp;FL_GPIO_SetPinMode
<LI><a href="#[6f]">&gt;&gt;</a>&nbsp;&nbsp;&nbsp;FL_GPIO_DisablePinRemap
<LI><a href="#[6c]">&gt;&gt;</a>&nbsp;&nbsp;&nbsp;FL_GPIO_DisablePinPullup
<LI><a href="#[6d]">&gt;&gt;</a>&nbsp;&nbsp;&nbsp;FL_GPIO_DisablePinOpenDrain
<LI><a href="#[6b]">&gt;&gt;</a>&nbsp;&nbsp;&nbsp;FL_GPIO_DisablePinInput
<LI><a href="#[6e]">&gt;&gt;</a>&nbsp;&nbsp;&nbsp;FL_GPIO_DisablePinAnalogSwitch
</UL>
<BR>[Called By]<UL><LI><a href="#[85]">&gt;&gt;</a>&nbsp;&nbsp;&nbsp;INA219_IIC_GPIO_Init
<LI><a href="#[95]">&gt;&gt;</a>&nbsp;&nbsp;&nbsp;MF_UART5_Init
<LI><a href="#[98]">&gt;&gt;</a>&nbsp;&nbsp;&nbsp;Others_GPIO_Init
<LI><a href="#[8f]">&gt;&gt;</a>&nbsp;&nbsp;&nbsp;MF_UART0_Init
<LI><a href="#[c8]">&gt;&gt;</a>&nbsp;&nbsp;&nbsp;ZDINA219_SDA_OUT_Dir_CTL
<LI><a href="#[8b]">&gt;&gt;</a>&nbsp;&nbsp;&nbsp;MF_ADC_Init
<LI><a href="#[bd]">&gt;&gt;</a>&nbsp;&nbsp;&nbsp;UART_TX_state_change
<LI><a href="#[92]">&gt;&gt;</a>&nbsp;&nbsp;&nbsp;MF_UART1_Init
</UL>

<P><STRONG><a name="[71]"></a>FL_IWDT_Init</STRONG> (Thumb, 272 bytes, Stack size 32 bytes, fm33lg0xx_fl_iwdt.o(i.FL_IWDT_Init))
<BR><BR>[Stack]<UL><LI>Max Depth = 40<LI>Call Chain = FL_IWDT_Init &rArr; FL_IWDT_ReadCounter
</UL>
<BR>[Calls]<UL><LI><a href="#[72]">&gt;&gt;</a>&nbsp;&nbsp;&nbsp;FL_IWDT_ReadCounter
</UL>
<BR>[Called By]<UL><LI><a href="#[c5]">&gt;&gt;</a>&nbsp;&nbsp;&nbsp;WatchDog_Init
</UL>

<P><STRONG><a name="[c6]"></a>FL_IWDT_StructInit</STRONG> (Thumb, 10 bytes, Stack size 0 bytes, fm33lg0xx_fl_iwdt.o(i.FL_IWDT_StructInit))
<BR><BR>[Called By]<UL><LI><a href="#[c5]">&gt;&gt;</a>&nbsp;&nbsp;&nbsp;WatchDog_Init
</UL>

<P><STRONG><a name="[73]"></a>FL_Init</STRONG> (Thumb, 8 bytes, Stack size 8 bytes, fm33lg0xx_fl.o(i.FL_Init))
<BR><BR>[Stack]<UL><LI>Max Depth = 8<LI>Call Chain = FL_Init
</UL>
<BR>[Calls]<UL><LI><a href="#[74]">&gt;&gt;</a>&nbsp;&nbsp;&nbsp;FL_DelayInit
</UL>
<BR>[Called By]<UL><LI><a href="#[26]">&gt;&gt;</a>&nbsp;&nbsp;&nbsp;main
</UL>

<P><STRONG><a name="[4c]"></a>FL_NVIC_Init</STRONG> (Thumb, 68 bytes, Stack size 16 bytes, fm33lg0xx_fl.o(i.FL_NVIC_Init))
<BR><BR>[Stack]<UL><LI>Max Depth = 24<LI>Call Chain = FL_NVIC_Init &rArr; NVIC_SetPriority
</UL>
<BR>[Calls]<UL><LI><a href="#[75]">&gt;&gt;</a>&nbsp;&nbsp;&nbsp;NVIC_SetPriority
</UL>
<BR>[Called By]<UL><LI><a href="#[4a]">&gt;&gt;</a>&nbsp;&nbsp;&nbsp;ATIM_NVIC_Init
<LI><a href="#[bb]">&gt;&gt;</a>&nbsp;&nbsp;&nbsp;UART5_MF_NVIC_Init
<LI><a href="#[b3]">&gt;&gt;</a>&nbsp;&nbsp;&nbsp;UART0_MF_NVIC_Init
<LI><a href="#[b7]">&gt;&gt;</a>&nbsp;&nbsp;&nbsp;UART1_MF_NVIC_Init
</UL>

<P><STRONG><a name="[76]"></a>FL_UART_Init</STRONG> (Thumb, 712 bytes, Stack size 24 bytes, fm33lg0xx_fl_uart.o(i.FL_UART_Init))
<BR><BR>[Stack]<UL><LI>Max Depth = 76<LI>Call Chain = FL_UART_Init &rArr; FL_CMU_GetAPBClockFreq &rArr; FL_CMU_GetAHBClockFreq &rArr; FL_CMU_GetSystemClockFreq &rArr; FL_CMU_GetPLLClockFreq &rArr; __aeabi_uidivmod
</UL>
<BR>[Calls]<UL><LI><a href="#[63]">&gt;&gt;</a>&nbsp;&nbsp;&nbsp;FL_CMU_GetSystemClockFreq
<LI><a href="#[66]">&gt;&gt;</a>&nbsp;&nbsp;&nbsp;FL_CMU_GetRCHFClockFreq
<LI><a href="#[64]">&gt;&gt;</a>&nbsp;&nbsp;&nbsp;FL_CMU_GetAPBClockFreq
<LI><a href="#[2d]">&gt;&gt;</a>&nbsp;&nbsp;&nbsp;__aeabi_uidivmod
<LI><a href="#[78]">&gt;&gt;</a>&nbsp;&nbsp;&nbsp;FL_CMU_EnableGroup3OperationClock
<LI><a href="#[77]">&gt;&gt;</a>&nbsp;&nbsp;&nbsp;FL_CMU_EnableGroup3BusClock
</UL>
<BR>[Called By]<UL><LI><a href="#[95]">&gt;&gt;</a>&nbsp;&nbsp;&nbsp;MF_UART5_Init
<LI><a href="#[8f]">&gt;&gt;</a>&nbsp;&nbsp;&nbsp;MF_UART0_Init
<LI><a href="#[92]">&gt;&gt;</a>&nbsp;&nbsp;&nbsp;MF_UART1_Init
</UL>

<P><STRONG><a name="[24]"></a>GPIO_IRQHandler</STRONG> (Thumb, 34 bytes, Stack size 0 bytes, gpio.o(i.GPIO_IRQHandler))
<BR>[Address Reference Count : 1]<UL><LI> startup_fm33lg0xx.o(RESET)
</UL>
<P><STRONG><a name="[82]"></a>GetSingleChannelVoltage_POLL</STRONG> (Thumb, 110 bytes, Stack size 64 bytes, adc_chk.o(i.GetSingleChannelVoltage_POLL))
<BR><BR>[Stack]<UL><LI>Max Depth = 136<LI>Call Chain = GetSingleChannelVoltage_POLL &rArr; __aeabi_lmul &rArr; __aeabi_llsl
</UL>
<BR>[Calls]<UL><LI><a href="#[84]">&gt;&gt;</a>&nbsp;&nbsp;&nbsp;__ARM_common_ll_muluu
<LI><a href="#[83]">&gt;&gt;</a>&nbsp;&nbsp;&nbsp;GetVREF1P2Sample_POLL
<LI><a href="#[79]">&gt;&gt;</a>&nbsp;&nbsp;&nbsp;GetSingleChannelSample_POLL
<LI><a href="#[31]">&gt;&gt;</a>&nbsp;&nbsp;&nbsp;__aeabi_lmul
<LI><a href="#[2e]">&gt;&gt;</a>&nbsp;&nbsp;&nbsp;__aeabi_uldivmod
</UL>
<BR>[Called By]<UL><LI><a href="#[d6]">&gt;&gt;</a>&nbsp;&nbsp;&nbsp;get_zhudian_gongdian_weizhi_dianya
<LI><a href="#[d5]">&gt;&gt;</a>&nbsp;&nbsp;&nbsp;get_VCC_weizhi_dianya
</UL>

<P><STRONG><a name="[85]"></a>INA219_IIC_GPIO_Init</STRONG> (Thumb, 64 bytes, Stack size 32 bytes, zdina219.o(i.INA219_IIC_GPIO_Init))
<BR><BR>[Stack]<UL><LI>Max Depth = 68<LI>Call Chain = INA219_IIC_GPIO_Init &rArr; FL_GPIO_Init &rArr; FL_GPIO_SetPinMode
</UL>
<BR>[Calls]<UL><LI><a href="#[6a]">&gt;&gt;</a>&nbsp;&nbsp;&nbsp;FL_GPIO_Init
</UL>
<BR>[Called By]<UL><LI><a href="#[98]">&gt;&gt;</a>&nbsp;&nbsp;&nbsp;Others_GPIO_Init
</UL>

<P><STRONG><a name="[86]"></a>LED_FLAG_LOOP</STRONG> (Thumb, 36 bytes, Stack size 8 bytes, led_ctrl.o(i.LED_FLAG_LOOP))
<BR><BR>[Stack]<UL><LI>Max Depth = 16<LI>Call Chain = LED_FLAG_LOOP &rArr; LED_Off
</UL>
<BR>[Calls]<UL><LI><a href="#[87]">&gt;&gt;</a>&nbsp;&nbsp;&nbsp;LED_Off
</UL>
<BR>[Called By]<UL><LI><a href="#[26]">&gt;&gt;</a>&nbsp;&nbsp;&nbsp;main
</UL>

<P><STRONG><a name="[88]"></a>LED_FLAG_Run</STRONG> (Thumb, 20 bytes, Stack size 8 bytes, led_ctrl.o(i.LED_FLAG_Run))
<BR><BR>[Stack]<UL><LI>Max Depth = 16<LI>Call Chain = LED_FLAG_Run &rArr; LED_On
</UL>
<BR>[Calls]<UL><LI><a href="#[89]">&gt;&gt;</a>&nbsp;&nbsp;&nbsp;LED_On
</UL>
<BR>[Called By]<UL><LI><a href="#[c1]">&gt;&gt;</a>&nbsp;&nbsp;&nbsp;Uart5_Rx_rec
<LI><a href="#[c0]">&gt;&gt;</a>&nbsp;&nbsp;&nbsp;Uart1_Rx_rec
<LI><a href="#[be]">&gt;&gt;</a>&nbsp;&nbsp;&nbsp;Uart0_Rx_rec
</UL>

<P><STRONG><a name="[87]"></a>LED_Off</STRONG> (Thumb, 14 bytes, Stack size 8 bytes, gpio.o(i.LED_Off))
<BR><BR>[Stack]<UL><LI>Max Depth = 8<LI>Call Chain = LED_Off
</UL>
<BR>[Calls]<UL><LI><a href="#[41]">&gt;&gt;</a>&nbsp;&nbsp;&nbsp;FL_GPIO_SetOutputPin
</UL>
<BR>[Called By]<UL><LI><a href="#[98]">&gt;&gt;</a>&nbsp;&nbsp;&nbsp;Others_GPIO_Init
<LI><a href="#[86]">&gt;&gt;</a>&nbsp;&nbsp;&nbsp;LED_FLAG_LOOP
</UL>

<P><STRONG><a name="[89]"></a>LED_On</STRONG> (Thumb, 14 bytes, Stack size 8 bytes, gpio.o(i.LED_On))
<BR><BR>[Stack]<UL><LI>Max Depth = 8<LI>Call Chain = LED_On
</UL>
<BR>[Calls]<UL><LI><a href="#[43]">&gt;&gt;</a>&nbsp;&nbsp;&nbsp;FL_GPIO_ResetOutputPin
</UL>
<BR>[Called By]<UL><LI><a href="#[88]">&gt;&gt;</a>&nbsp;&nbsp;&nbsp;LED_FLAG_Run
</UL>

<P><STRONG><a name="[8c]"></a>MF_ADC_PC10_Config_Init</STRONG> (Thumb, 12 bytes, Stack size 8 bytes, adc_chk.o(i.MF_ADC_PC10_Config_Init))
<BR><BR>[Stack]<UL><LI>Max Depth = 116<LI>Call Chain = MF_ADC_PC10_Config_Init &rArr; MF_ADC_Init &rArr; FL_GPIO_Init &rArr; FL_GPIO_SetPinMode
</UL>
<BR>[Calls]<UL><LI><a href="#[8b]">&gt;&gt;</a>&nbsp;&nbsp;&nbsp;MF_ADC_Init
<LI><a href="#[8a]">&gt;&gt;</a>&nbsp;&nbsp;&nbsp;MF_ADC_Common_Init
</UL>
<BR>[Called By]<UL><LI><a href="#[d9]">&gt;&gt;</a>&nbsp;&nbsp;&nbsp;test_Init
</UL>

<P><STRONG><a name="[49]"></a>MF_ATIM_Interrupt_Init</STRONG> (Thumb, 28 bytes, Stack size 0 bytes, time.o(i.MF_ATIM_Interrupt_Init))
<BR><BR>[Called By]<UL><LI><a href="#[47]">&gt;&gt;</a>&nbsp;&nbsp;&nbsp;ATIM_Init
</UL>

<P><STRONG><a name="[48]"></a>MF_ATIM_TimerBase_Init</STRONG> (Thumb, 40 bytes, Stack size 32 bytes, time.o(i.MF_ATIM_TimerBase_Init))
<BR><BR>[Stack]<UL><LI>Max Depth = 48<LI>Call Chain = MF_ATIM_TimerBase_Init &rArr; FL_ATIM_Init
</UL>
<BR>[Calls]<UL><LI><a href="#[5b]">&gt;&gt;</a>&nbsp;&nbsp;&nbsp;FL_ATIM_Init
</UL>
<BR>[Called By]<UL><LI><a href="#[47]">&gt;&gt;</a>&nbsp;&nbsp;&nbsp;ATIM_Init
</UL>

<P><STRONG><a name="[8d]"></a>MF_Clock_Init</STRONG> (Thumb, 122 bytes, Stack size 8 bytes, mf_config.o(i.MF_Clock_Init))
<BR><BR>[Stack]<UL><LI>Max Depth = 36<LI>Call Chain = MF_Clock_Init &rArr; SystemCoreClockUpdate &rArr; SystemPLLClockUpdate &rArr; __aeabi_uidivmod
</UL>
<BR>[Calls]<UL><LI><a href="#[8e]">&gt;&gt;</a>&nbsp;&nbsp;&nbsp;SystemCoreClockUpdate
</UL>
<BR>[Called By]<UL><LI><a href="#[26]">&gt;&gt;</a>&nbsp;&nbsp;&nbsp;main
</UL>

<P><STRONG><a name="[8f]"></a>MF_UART0_Init</STRONG> (Thumb, 100 bytes, Stack size 56 bytes, uart0.o(i.MF_UART0_Init))
<BR><BR>[Stack]<UL><LI>Max Depth = 132<LI>Call Chain = MF_UART0_Init &rArr; FL_UART_Init &rArr; FL_CMU_GetAPBClockFreq &rArr; FL_CMU_GetAHBClockFreq &rArr; FL_CMU_GetSystemClockFreq &rArr; FL_CMU_GetPLLClockFreq &rArr; __aeabi_uidivmod
</UL>
<BR>[Calls]<UL><LI><a href="#[76]">&gt;&gt;</a>&nbsp;&nbsp;&nbsp;FL_UART_Init
<LI><a href="#[6a]">&gt;&gt;</a>&nbsp;&nbsp;&nbsp;FL_GPIO_Init
</UL>
<BR>[Called By]<UL><LI><a href="#[b2]">&gt;&gt;</a>&nbsp;&nbsp;&nbsp;UART0_MF_Config_Init
</UL>

<P><STRONG><a name="[90]"></a>MF_UART0_Interrupt_Init</STRONG> (Thumb, 46 bytes, Stack size 8 bytes, uart0.o(i.MF_UART0_Interrupt_Init))
<BR><BR>[Stack]<UL><LI>Max Depth = 8<LI>Call Chain = MF_UART0_Interrupt_Init
</UL>
<BR>[Calls]<UL><LI><a href="#[91]">&gt;&gt;</a>&nbsp;&nbsp;&nbsp;FL_UART_EnableIT_TXShiftBuffEmpty
</UL>
<BR>[Called By]<UL><LI><a href="#[b2]">&gt;&gt;</a>&nbsp;&nbsp;&nbsp;UART0_MF_Config_Init
</UL>

<P><STRONG><a name="[92]"></a>MF_UART1_Init</STRONG> (Thumb, 92 bytes, Stack size 56 bytes, uart1.o(i.MF_UART1_Init))
<BR><BR>[Stack]<UL><LI>Max Depth = 132<LI>Call Chain = MF_UART1_Init &rArr; FL_UART_Init &rArr; FL_CMU_GetAPBClockFreq &rArr; FL_CMU_GetAHBClockFreq &rArr; FL_CMU_GetSystemClockFreq &rArr; FL_CMU_GetPLLClockFreq &rArr; __aeabi_uidivmod
</UL>
<BR>[Calls]<UL><LI><a href="#[76]">&gt;&gt;</a>&nbsp;&nbsp;&nbsp;FL_UART_Init
<LI><a href="#[6a]">&gt;&gt;</a>&nbsp;&nbsp;&nbsp;FL_GPIO_Init
</UL>
<BR>[Called By]<UL><LI><a href="#[b6]">&gt;&gt;</a>&nbsp;&nbsp;&nbsp;UART1_MF_Config_Init
</UL>

<P><STRONG><a name="[93]"></a>MF_UART1_Interrupt_Init</STRONG> (Thumb, 46 bytes, Stack size 8 bytes, uart1.o(i.MF_UART1_Interrupt_Init))
<BR><BR>[Stack]<UL><LI>Max Depth = 8<LI>Call Chain = MF_UART1_Interrupt_Init
</UL>
<BR>[Calls]<UL><LI><a href="#[94]">&gt;&gt;</a>&nbsp;&nbsp;&nbsp;FL_UART_EnableIT_TXShiftBuffEmpty
</UL>
<BR>[Called By]<UL><LI><a href="#[b6]">&gt;&gt;</a>&nbsp;&nbsp;&nbsp;UART1_MF_Config_Init
</UL>

<P><STRONG><a name="[95]"></a>MF_UART5_Init</STRONG> (Thumb, 96 bytes, Stack size 56 bytes, uart5.o(i.MF_UART5_Init))
<BR><BR>[Stack]<UL><LI>Max Depth = 132<LI>Call Chain = MF_UART5_Init &rArr; FL_UART_Init &rArr; FL_CMU_GetAPBClockFreq &rArr; FL_CMU_GetAHBClockFreq &rArr; FL_CMU_GetSystemClockFreq &rArr; FL_CMU_GetPLLClockFreq &rArr; __aeabi_uidivmod
</UL>
<BR>[Calls]<UL><LI><a href="#[76]">&gt;&gt;</a>&nbsp;&nbsp;&nbsp;FL_UART_Init
<LI><a href="#[6a]">&gt;&gt;</a>&nbsp;&nbsp;&nbsp;FL_GPIO_Init
</UL>
<BR>[Called By]<UL><LI><a href="#[ba]">&gt;&gt;</a>&nbsp;&nbsp;&nbsp;UART5_MF_Config_Init
</UL>

<P><STRONG><a name="[96]"></a>MF_UART5_Interrupt_Init</STRONG> (Thumb, 46 bytes, Stack size 8 bytes, uart5.o(i.MF_UART5_Interrupt_Init))
<BR><BR>[Stack]<UL><LI>Max Depth = 8<LI>Call Chain = MF_UART5_Interrupt_Init
</UL>
<BR>[Calls]<UL><LI><a href="#[97]">&gt;&gt;</a>&nbsp;&nbsp;&nbsp;FL_UART_EnableIT_TXShiftBuffEmpty
</UL>
<BR>[Called By]<UL><LI><a href="#[ba]">&gt;&gt;</a>&nbsp;&nbsp;&nbsp;UART5_MF_Config_Init
</UL>

<P><STRONG><a name="[98]"></a>Others_GPIO_Init</STRONG> (Thumb, 608 bytes, Stack size 32 bytes, gpio.o(i.Others_GPIO_Init))
<BR><BR>[Stack]<UL><LI>Max Depth = 100<LI>Call Chain = Others_GPIO_Init &rArr; INA219_IIC_GPIO_Init &rArr; FL_GPIO_Init &rArr; FL_GPIO_SetPinMode
</UL>
<BR>[Calls]<UL><LI><a href="#[85]">&gt;&gt;</a>&nbsp;&nbsp;&nbsp;INA219_IIC_GPIO_Init
<LI><a href="#[99]">&gt;&gt;</a>&nbsp;&nbsp;&nbsp;zhudian_gongdian_OFF
<LI><a href="#[9b]">&gt;&gt;</a>&nbsp;&nbsp;&nbsp;zhudian_dianya_CHK_CTRL_OFF
<LI><a href="#[9c]">&gt;&gt;</a>&nbsp;&nbsp;&nbsp;erji_dianya_CHK_CTRL_OFF
<LI><a href="#[a0]">&gt;&gt;</a>&nbsp;&nbsp;&nbsp;dianlu_119_OFF
<LI><a href="#[9a]">&gt;&gt;</a>&nbsp;&nbsp;&nbsp;beidian_gongdian_OFF
<LI><a href="#[9d]">&gt;&gt;</a>&nbsp;&nbsp;&nbsp;VCC_dianya_CHK_CTRL_OFF
<LI><a href="#[9f]">&gt;&gt;</a>&nbsp;&nbsp;&nbsp;Uart_shineng_OFF
<LI><a href="#[9e]">&gt;&gt;</a>&nbsp;&nbsp;&nbsp;SY_dianya_CHK_CTRL_OFF
<LI><a href="#[87]">&gt;&gt;</a>&nbsp;&nbsp;&nbsp;LED_Off
<LI><a href="#[50]">&gt;&gt;</a>&nbsp;&nbsp;&nbsp;Current_CHK_CTRL_OFF
<LI><a href="#[46]">&gt;&gt;</a>&nbsp;&nbsp;&nbsp;ANJIAN_4_OFF
<LI><a href="#[45]">&gt;&gt;</a>&nbsp;&nbsp;&nbsp;ANJIAN_3_OFF
<LI><a href="#[44]">&gt;&gt;</a>&nbsp;&nbsp;&nbsp;ANJIAN_2_OFF
<LI><a href="#[40]">&gt;&gt;</a>&nbsp;&nbsp;&nbsp;ANJIAN_1_OFF
<LI><a href="#[6a]">&gt;&gt;</a>&nbsp;&nbsp;&nbsp;FL_GPIO_Init
</UL>
<BR>[Called By]<UL><LI><a href="#[d9]">&gt;&gt;</a>&nbsp;&nbsp;&nbsp;test_Init
</UL>

<P><STRONG><a name="[a1]"></a>PC_Chuankou_tongxin_Debug_send</STRONG> (Thumb, 28 bytes, Stack size 16 bytes, uart1.o(i.PC_Chuankou_tongxin_Debug_send))
<BR><BR>[Stack]<UL><LI>Max Depth = 100<LI>Call Chain = PC_Chuankou_tongxin_Debug_send &rArr; Uart1_Tx_Send &rArr; UART_TX_state_change &rArr; FL_GPIO_Init &rArr; FL_GPIO_SetPinMode
</UL>
<BR>[Calls]<UL><LI><a href="#[55]">&gt;&gt;</a>&nbsp;&nbsp;&nbsp;Uart1_Tx_Send
</UL>
<BR>[Called By]<UL><LI><a href="#[be]">&gt;&gt;</a>&nbsp;&nbsp;&nbsp;Uart0_Rx_rec
<LI><a href="#[ae]">&gt;&gt;</a>&nbsp;&nbsp;&nbsp;TONGXIN_xieyifasong_1008
<LI><a href="#[a3]">&gt;&gt;</a>&nbsp;&nbsp;&nbsp;PC_xieyifasong_1
</UL>

<P><STRONG><a name="[a2]"></a>PC_Chuankou_tongxin_send</STRONG> (Thumb, 16 bytes, Stack size 16 bytes, uart1.o(i.PC_Chuankou_tongxin_send))
<BR><BR>[Stack]<UL><LI>Max Depth = 100<LI>Call Chain = PC_Chuankou_tongxin_send &rArr; Uart1_Tx_Send &rArr; UART_TX_state_change &rArr; FL_GPIO_Init &rArr; FL_GPIO_SetPinMode
</UL>
<BR>[Calls]<UL><LI><a href="#[55]">&gt;&gt;</a>&nbsp;&nbsp;&nbsp;Uart1_Tx_Send
</UL>
<BR>[Called By]<UL><LI><a href="#[a4]">&gt;&gt;</a>&nbsp;&nbsp;&nbsp;PC_xieyifasong_2
</UL>

<P><STRONG><a name="[a3]"></a>PC_xieyifasong_1</STRONG> (Thumb, 36 bytes, Stack size 8 bytes, pc_xieyi_ctrl.o(i.PC_xieyifasong_1))
<BR><BR>[Stack]<UL><LI>Max Depth = 108<LI>Call Chain = PC_xieyifasong_1 &rArr; PC_Chuankou_tongxin_Debug_send &rArr; Uart1_Tx_Send &rArr; UART_TX_state_change &rArr; FL_GPIO_Init &rArr; FL_GPIO_SetPinMode
</UL>
<BR>[Calls]<UL><LI><a href="#[55]">&gt;&gt;</a>&nbsp;&nbsp;&nbsp;Uart1_Tx_Send
<LI><a href="#[a1]">&gt;&gt;</a>&nbsp;&nbsp;&nbsp;PC_Chuankou_tongxin_Debug_send
</UL>
<BR>[Called By]<UL><LI><a href="#[a6]">&gt;&gt;</a>&nbsp;&nbsp;&nbsp;PC_xieyijiexi
</UL>

<P><STRONG><a name="[a4]"></a>PC_xieyifasong_2</STRONG> (Thumb, 356 bytes, Stack size 16 bytes, pc_xieyi_ctrl.o(i.PC_xieyifasong_2))
<BR><BR>[Stack]<UL><LI>Max Depth = 116<LI>Call Chain = PC_xieyifasong_2 &rArr; PC_Chuankou_tongxin_send &rArr; Uart1_Tx_Send &rArr; UART_TX_state_change &rArr; FL_GPIO_Init &rArr; FL_GPIO_SetPinMode
</UL>
<BR>[Calls]<UL><LI><a href="#[a2]">&gt;&gt;</a>&nbsp;&nbsp;&nbsp;PC_Chuankou_tongxin_send
<LI><a href="#[32]">&gt;&gt;</a>&nbsp;&nbsp;&nbsp;__aeabi_memclr
<LI><a href="#[a5]">&gt;&gt;</a>&nbsp;&nbsp;&nbsp;__aeabi_memcpy
<LI><a href="#[2d]">&gt;&gt;</a>&nbsp;&nbsp;&nbsp;__aeabi_uidivmod
</UL>
<BR>[Called By]<UL><LI><a href="#[a6]">&gt;&gt;</a>&nbsp;&nbsp;&nbsp;PC_xieyijiexi
</UL>

<P><STRONG><a name="[a6]"></a>PC_xieyijiexi</STRONG> (Thumb, 186 bytes, Stack size 32 bytes, pc_xieyi_ctrl.o(i.PC_xieyijiexi))
<BR><BR>[Stack]<UL><LI>Max Depth = 356<LI>Call Chain = PC_xieyijiexi &rArr; test_start &rArr; DeBug_print &rArr; Uart1_Tx_Send &rArr; UART_TX_state_change &rArr; FL_GPIO_Init &rArr; FL_GPIO_SetPinMode
</UL>
<BR>[Calls]<UL><LI><a href="#[a4]">&gt;&gt;</a>&nbsp;&nbsp;&nbsp;PC_xieyifasong_2
<LI><a href="#[a3]">&gt;&gt;</a>&nbsp;&nbsp;&nbsp;PC_xieyifasong_1
<LI><a href="#[a7]">&gt;&gt;</a>&nbsp;&nbsp;&nbsp;test_start
</UL>
<BR>[Called By]<UL><LI><a href="#[c0]">&gt;&gt;</a>&nbsp;&nbsp;&nbsp;Uart1_Rx_rec
</UL>

<P><STRONG><a name="[4e]"></a>ReadZD_Current</STRONG> (Thumb, 308 bytes, Stack size 16 bytes, zdina219.o(i.ReadZD_Current))
<BR><BR>[Stack]<UL><LI>Max Depth = 116<LI>Call Chain = ReadZD_Current &rArr; ZDINA219_IIC_SendBytes &rArr; ZDINA219_IIC_SendByte &rArr; ZDINA219_SDA_OUT_Dir_CTL &rArr; FL_GPIO_Init &rArr; FL_GPIO_SetPinMode
</UL>
<BR>[Calls]<UL><LI><a href="#[4f]">&gt;&gt;</a>&nbsp;&nbsp;&nbsp;FL_DelayMs
<LI><a href="#[ab]">&gt;&gt;</a>&nbsp;&nbsp;&nbsp;ZDINA219_IIC_Stop
<LI><a href="#[a8]">&gt;&gt;</a>&nbsp;&nbsp;&nbsp;ZDINA219_IIC_Start
<LI><a href="#[aa]">&gt;&gt;</a>&nbsp;&nbsp;&nbsp;ZDINA219_IIC_SendBytes
<LI><a href="#[a9]">&gt;&gt;</a>&nbsp;&nbsp;&nbsp;ZDINA219_IIC_SendByte
<LI><a href="#[ac]">&gt;&gt;</a>&nbsp;&nbsp;&nbsp;ZDINA219_IIC_RevBytes
<LI><a href="#[2c]">&gt;&gt;</a>&nbsp;&nbsp;&nbsp;__aeabi_idivmod
</UL>
<BR>[Called By]<UL><LI><a href="#[4d]">&gt;&gt;</a>&nbsp;&nbsp;&nbsp;CheckZDCurrent
</UL>

<P><STRONG><a name="[9e]"></a>SY_dianya_CHK_CTRL_OFF</STRONG> (Thumb, 12 bytes, Stack size 8 bytes, gpio.o(i.SY_dianya_CHK_CTRL_OFF))
<BR><BR>[Stack]<UL><LI>Max Depth = 8<LI>Call Chain = SY_dianya_CHK_CTRL_OFF
</UL>
<BR>[Calls]<UL><LI><a href="#[43]">&gt;&gt;</a>&nbsp;&nbsp;&nbsp;FL_GPIO_ResetOutputPin
</UL>
<BR>[Called By]<UL><LI><a href="#[98]">&gt;&gt;</a>&nbsp;&nbsp;&nbsp;Others_GPIO_Init
</UL>

<P><STRONG><a name="[8e]"></a>SystemCoreClockUpdate</STRONG> (Thumb, 282 bytes, Stack size 8 bytes, system_fm33lg0xx.o(i.SystemCoreClockUpdate))
<BR><BR>[Stack]<UL><LI>Max Depth = 28<LI>Call Chain = SystemCoreClockUpdate &rArr; SystemPLLClockUpdate &rArr; __aeabi_uidivmod
</UL>
<BR>[Calls]<UL><LI><a href="#[ad]">&gt;&gt;</a>&nbsp;&nbsp;&nbsp;SystemPLLClockUpdate
<LI><a href="#[67]">&gt;&gt;</a>&nbsp;&nbsp;&nbsp;__ARM_common_switch8
</UL>
<BR>[Called By]<UL><LI><a href="#[8d]">&gt;&gt;</a>&nbsp;&nbsp;&nbsp;MF_Clock_Init
<LI><a href="#[27]">&gt;&gt;</a>&nbsp;&nbsp;&nbsp;SystemInit
</UL>

<P><STRONG><a name="[27]"></a>SystemInit</STRONG> (Thumb, 230 bytes, Stack size 8 bytes, system_fm33lg0xx.o(i.SystemInit))
<BR><BR>[Stack]<UL><LI>Max Depth = 36<LI>Call Chain = SystemInit &rArr; SystemCoreClockUpdate &rArr; SystemPLLClockUpdate &rArr; __aeabi_uidivmod
</UL>
<BR>[Calls]<UL><LI><a href="#[8e]">&gt;&gt;</a>&nbsp;&nbsp;&nbsp;SystemCoreClockUpdate
</UL>
<BR>[Address Reference Count : 1]<UL><LI> startup_fm33lg0xx.o(.text)
</UL>
<P><STRONG><a name="[ae]"></a>TONGXIN_xieyifasong_1008</STRONG> (Thumb, 324 bytes, Stack size 40 bytes, tongxin_xieyi_ctrl.o(i.TONGXIN_xieyifasong_1008))
<BR><BR>[Stack]<UL><LI>Max Depth = 140<LI>Call Chain = TONGXIN_xieyifasong_1008 &rArr; PC_Chuankou_tongxin_Debug_send &rArr; Uart1_Tx_Send &rArr; UART_TX_state_change &rArr; FL_GPIO_Init &rArr; FL_GPIO_SetPinMode
</UL>
<BR>[Calls]<UL><LI><a href="#[af]">&gt;&gt;</a>&nbsp;&nbsp;&nbsp;Uart0_Tx_Send
<LI><a href="#[a1]">&gt;&gt;</a>&nbsp;&nbsp;&nbsp;PC_Chuankou_tongxin_Debug_send
</UL>
<BR>[Called By]<UL><LI><a href="#[da]">&gt;&gt;</a>&nbsp;&nbsp;&nbsp;test_Loop_Func
</UL>

<P><STRONG><a name="[b0]"></a>TONGXIN_xieyijiexi</STRONG> (Thumb, 294 bytes, Stack size 32 bytes, tongxin_xieyi_ctrl.o(i.TONGXIN_xieyijiexi))
<BR><BR>[Stack]<UL><LI>Max Depth = 348<LI>Call Chain = TONGXIN_xieyijiexi &rArr; DeBug_print &rArr; Uart1_Tx_Send &rArr; UART_TX_state_change &rArr; FL_GPIO_Init &rArr; FL_GPIO_SetPinMode
</UL>
<BR>[Calls]<UL><LI><a href="#[53]">&gt;&gt;</a>&nbsp;&nbsp;&nbsp;DeBug_print
<LI><a href="#[a5]">&gt;&gt;</a>&nbsp;&nbsp;&nbsp;__aeabi_memcpy
</UL>
<BR>[Called By]<UL><LI><a href="#[be]">&gt;&gt;</a>&nbsp;&nbsp;&nbsp;Uart0_Rx_rec
</UL>

<P><STRONG><a name="[10]"></a>UART0_IRQHandler</STRONG> (Thumb, 214 bytes, Stack size 24 bytes, uart0.o(i.UART0_IRQHandler))
<BR><BR>[Stack]<UL><LI>Max Depth = 24<LI>Call Chain = UART0_IRQHandler
</UL>
<BR>[Calls]<UL><LI><a href="#[b1]">&gt;&gt;</a>&nbsp;&nbsp;&nbsp;FL_UART_WriteTXBuff
</UL>
<BR>[Address Reference Count : 1]<UL><LI> startup_fm33lg0xx.o(RESET)
</UL>
<P><STRONG><a name="[b2]"></a>UART0_MF_Config_Init</STRONG> (Thumb, 20 bytes, Stack size 8 bytes, uart0.o(i.UART0_MF_Config_Init))
<BR><BR>[Stack]<UL><LI>Max Depth = 140<LI>Call Chain = UART0_MF_Config_Init &rArr; MF_UART0_Init &rArr; FL_UART_Init &rArr; FL_CMU_GetAPBClockFreq &rArr; FL_CMU_GetAHBClockFreq &rArr; FL_CMU_GetSystemClockFreq &rArr; FL_CMU_GetPLLClockFreq &rArr; __aeabi_uidivmod
</UL>
<BR>[Calls]<UL><LI><a href="#[b4]">&gt;&gt;</a>&nbsp;&nbsp;&nbsp;Uart0_Tx_Send_init
<LI><a href="#[b3]">&gt;&gt;</a>&nbsp;&nbsp;&nbsp;UART0_MF_NVIC_Init
<LI><a href="#[90]">&gt;&gt;</a>&nbsp;&nbsp;&nbsp;MF_UART0_Interrupt_Init
<LI><a href="#[8f]">&gt;&gt;</a>&nbsp;&nbsp;&nbsp;MF_UART0_Init
</UL>
<BR>[Called By]<UL><LI><a href="#[d9]">&gt;&gt;</a>&nbsp;&nbsp;&nbsp;test_Init
</UL>

<P><STRONG><a name="[b3]"></a>UART0_MF_NVIC_Init</STRONG> (Thumb, 16 bytes, Stack size 8 bytes, uart0.o(i.UART0_MF_NVIC_Init))
<BR><BR>[Stack]<UL><LI>Max Depth = 32<LI>Call Chain = UART0_MF_NVIC_Init &rArr; FL_NVIC_Init &rArr; NVIC_SetPriority
</UL>
<BR>[Calls]<UL><LI><a href="#[4c]">&gt;&gt;</a>&nbsp;&nbsp;&nbsp;FL_NVIC_Init
</UL>
<BR>[Called By]<UL><LI><a href="#[b2]">&gt;&gt;</a>&nbsp;&nbsp;&nbsp;UART0_MF_Config_Init
</UL>

<P><STRONG><a name="[11]"></a>UART1_IRQHandler</STRONG> (Thumb, 218 bytes, Stack size 24 bytes, uart1.o(i.UART1_IRQHandler))
<BR><BR>[Stack]<UL><LI>Max Depth = 24<LI>Call Chain = UART1_IRQHandler
</UL>
<BR>[Calls]<UL><LI><a href="#[b5]">&gt;&gt;</a>&nbsp;&nbsp;&nbsp;FL_UART_WriteTXBuff
</UL>
<BR>[Address Reference Count : 1]<UL><LI> startup_fm33lg0xx.o(RESET)
</UL>
<P><STRONG><a name="[b6]"></a>UART1_MF_Config_Init</STRONG> (Thumb, 20 bytes, Stack size 8 bytes, uart1.o(i.UART1_MF_Config_Init))
<BR><BR>[Stack]<UL><LI>Max Depth = 140<LI>Call Chain = UART1_MF_Config_Init &rArr; MF_UART1_Init &rArr; FL_UART_Init &rArr; FL_CMU_GetAPBClockFreq &rArr; FL_CMU_GetAHBClockFreq &rArr; FL_CMU_GetSystemClockFreq &rArr; FL_CMU_GetPLLClockFreq &rArr; __aeabi_uidivmod
</UL>
<BR>[Calls]<UL><LI><a href="#[b8]">&gt;&gt;</a>&nbsp;&nbsp;&nbsp;Uart1_Tx_Send_init
<LI><a href="#[b7]">&gt;&gt;</a>&nbsp;&nbsp;&nbsp;UART1_MF_NVIC_Init
<LI><a href="#[93]">&gt;&gt;</a>&nbsp;&nbsp;&nbsp;MF_UART1_Interrupt_Init
<LI><a href="#[92]">&gt;&gt;</a>&nbsp;&nbsp;&nbsp;MF_UART1_Init
</UL>
<BR>[Called By]<UL><LI><a href="#[d9]">&gt;&gt;</a>&nbsp;&nbsp;&nbsp;test_Init
</UL>

<P><STRONG><a name="[b7]"></a>UART1_MF_NVIC_Init</STRONG> (Thumb, 16 bytes, Stack size 8 bytes, uart1.o(i.UART1_MF_NVIC_Init))
<BR><BR>[Stack]<UL><LI>Max Depth = 32<LI>Call Chain = UART1_MF_NVIC_Init &rArr; FL_NVIC_Init &rArr; NVIC_SetPriority
</UL>
<BR>[Calls]<UL><LI><a href="#[4c]">&gt;&gt;</a>&nbsp;&nbsp;&nbsp;FL_NVIC_Init
</UL>
<BR>[Called By]<UL><LI><a href="#[b6]">&gt;&gt;</a>&nbsp;&nbsp;&nbsp;UART1_MF_Config_Init
</UL>

<P><STRONG><a name="[14]"></a>UART5_IRQHandler</STRONG> (Thumb, 214 bytes, Stack size 24 bytes, uart5.o(i.UART5_IRQHandler))
<BR><BR>[Stack]<UL><LI>Max Depth = 24<LI>Call Chain = UART5_IRQHandler
</UL>
<BR>[Calls]<UL><LI><a href="#[b9]">&gt;&gt;</a>&nbsp;&nbsp;&nbsp;FL_UART_WriteTXBuff
</UL>
<BR>[Address Reference Count : 1]<UL><LI> startup_fm33lg0xx.o(RESET)
</UL>
<P><STRONG><a name="[ba]"></a>UART5_MF_Config_Init</STRONG> (Thumb, 20 bytes, Stack size 8 bytes, uart5.o(i.UART5_MF_Config_Init))
<BR><BR>[Stack]<UL><LI>Max Depth = 140<LI>Call Chain = UART5_MF_Config_Init &rArr; MF_UART5_Init &rArr; FL_UART_Init &rArr; FL_CMU_GetAPBClockFreq &rArr; FL_CMU_GetAHBClockFreq &rArr; FL_CMU_GetSystemClockFreq &rArr; FL_CMU_GetPLLClockFreq &rArr; __aeabi_uidivmod
</UL>
<BR>[Calls]<UL><LI><a href="#[bc]">&gt;&gt;</a>&nbsp;&nbsp;&nbsp;Uart5_Tx_Send_init
<LI><a href="#[bb]">&gt;&gt;</a>&nbsp;&nbsp;&nbsp;UART5_MF_NVIC_Init
<LI><a href="#[96]">&gt;&gt;</a>&nbsp;&nbsp;&nbsp;MF_UART5_Interrupt_Init
<LI><a href="#[95]">&gt;&gt;</a>&nbsp;&nbsp;&nbsp;MF_UART5_Init
</UL>
<BR>[Called By]<UL><LI><a href="#[d9]">&gt;&gt;</a>&nbsp;&nbsp;&nbsp;test_Init
</UL>

<P><STRONG><a name="[bb]"></a>UART5_MF_NVIC_Init</STRONG> (Thumb, 16 bytes, Stack size 8 bytes, uart5.o(i.UART5_MF_NVIC_Init))
<BR><BR>[Stack]<UL><LI>Max Depth = 32<LI>Call Chain = UART5_MF_NVIC_Init &rArr; FL_NVIC_Init &rArr; NVIC_SetPriority
</UL>
<BR>[Calls]<UL><LI><a href="#[4c]">&gt;&gt;</a>&nbsp;&nbsp;&nbsp;FL_NVIC_Init
</UL>
<BR>[Called By]<UL><LI><a href="#[ba]">&gt;&gt;</a>&nbsp;&nbsp;&nbsp;UART5_MF_Config_Init
</UL>

<P><STRONG><a name="[bd]"></a>UART_TX_state_change</STRONG> (Thumb, 48 bytes, Stack size 32 bytes, uart1.o(i.UART_TX_state_change))
<BR><BR>[Stack]<UL><LI>Max Depth = 68<LI>Call Chain = UART_TX_state_change &rArr; FL_GPIO_Init &rArr; FL_GPIO_SetPinMode
</UL>
<BR>[Calls]<UL><LI><a href="#[6a]">&gt;&gt;</a>&nbsp;&nbsp;&nbsp;FL_GPIO_Init
</UL>
<BR>[Called By]<UL><LI><a href="#[c0]">&gt;&gt;</a>&nbsp;&nbsp;&nbsp;Uart1_Rx_rec
<LI><a href="#[b8]">&gt;&gt;</a>&nbsp;&nbsp;&nbsp;Uart1_Tx_Send_init
<LI><a href="#[55]">&gt;&gt;</a>&nbsp;&nbsp;&nbsp;Uart1_Tx_Send
</UL>

<P><STRONG><a name="[be]"></a>Uart0_Rx_rec</STRONG> (Thumb, 68 bytes, Stack size 8 bytes, uart0.o(i.Uart0_Rx_rec))
<BR><BR>[Stack]<UL><LI>Max Depth = 356<LI>Call Chain = Uart0_Rx_rec &rArr; TONGXIN_xieyijiexi &rArr; DeBug_print &rArr; Uart1_Tx_Send &rArr; UART_TX_state_change &rArr; FL_GPIO_Init &rArr; FL_GPIO_SetPinMode
</UL>
<BR>[Calls]<UL><LI><a href="#[88]">&gt;&gt;</a>&nbsp;&nbsp;&nbsp;LED_FLAG_Run
<LI><a href="#[b0]">&gt;&gt;</a>&nbsp;&nbsp;&nbsp;TONGXIN_xieyijiexi
<LI><a href="#[a1]">&gt;&gt;</a>&nbsp;&nbsp;&nbsp;PC_Chuankou_tongxin_Debug_send
<LI><a href="#[bf]">&gt;&gt;</a>&nbsp;&nbsp;&nbsp;__aeabi_memcpy4
</UL>
<BR>[Called By]<UL><LI><a href="#[26]">&gt;&gt;</a>&nbsp;&nbsp;&nbsp;main
</UL>

<P><STRONG><a name="[af]"></a>Uart0_Tx_Send</STRONG> (Thumb, 98 bytes, Stack size 16 bytes, uart0.o(i.Uart0_Tx_Send))
<BR><BR>[Stack]<UL><LI>Max Depth = 52<LI>Call Chain = Uart0_Tx_Send &rArr; FL_DelayMs &rArr; FL_DelayUs &rArr; __aeabi_uidivmod
</UL>
<BR>[Calls]<UL><LI><a href="#[4f]">&gt;&gt;</a>&nbsp;&nbsp;&nbsp;FL_DelayMs
<LI><a href="#[b1]">&gt;&gt;</a>&nbsp;&nbsp;&nbsp;FL_UART_WriteTXBuff
<LI><a href="#[91]">&gt;&gt;</a>&nbsp;&nbsp;&nbsp;FL_UART_EnableIT_TXShiftBuffEmpty
<LI><a href="#[a5]">&gt;&gt;</a>&nbsp;&nbsp;&nbsp;__aeabi_memcpy
</UL>
<BR>[Called By]<UL><LI><a href="#[ae]">&gt;&gt;</a>&nbsp;&nbsp;&nbsp;TONGXIN_xieyifasong_1008
</UL>

<P><STRONG><a name="[b4]"></a>Uart0_Tx_Send_init</STRONG> (Thumb, 10 bytes, Stack size 0 bytes, uart0.o(i.Uart0_Tx_Send_init))
<BR><BR>[Called By]<UL><LI><a href="#[b2]">&gt;&gt;</a>&nbsp;&nbsp;&nbsp;UART0_MF_Config_Init
</UL>

<P><STRONG><a name="[c0]"></a>Uart1_Rx_rec</STRONG> (Thumb, 84 bytes, Stack size 8 bytes, uart1.o(i.Uart1_Rx_rec))
<BR><BR>[Stack]<UL><LI>Max Depth = 364<LI>Call Chain = Uart1_Rx_rec &rArr; PC_xieyijiexi &rArr; test_start &rArr; DeBug_print &rArr; Uart1_Tx_Send &rArr; UART_TX_state_change &rArr; FL_GPIO_Init &rArr; FL_GPIO_SetPinMode
</UL>
<BR>[Calls]<UL><LI><a href="#[88]">&gt;&gt;</a>&nbsp;&nbsp;&nbsp;LED_FLAG_Run
<LI><a href="#[4f]">&gt;&gt;</a>&nbsp;&nbsp;&nbsp;FL_DelayMs
<LI><a href="#[a6]">&gt;&gt;</a>&nbsp;&nbsp;&nbsp;PC_xieyijiexi
<LI><a href="#[bd]">&gt;&gt;</a>&nbsp;&nbsp;&nbsp;UART_TX_state_change
<LI><a href="#[bf]">&gt;&gt;</a>&nbsp;&nbsp;&nbsp;__aeabi_memcpy4
</UL>
<BR>[Called By]<UL><LI><a href="#[26]">&gt;&gt;</a>&nbsp;&nbsp;&nbsp;main
</UL>

<P><STRONG><a name="[55]"></a>Uart1_Tx_Send</STRONG> (Thumb, 110 bytes, Stack size 16 bytes, uart1.o(i.Uart1_Tx_Send))
<BR><BR>[Stack]<UL><LI>Max Depth = 84<LI>Call Chain = Uart1_Tx_Send &rArr; UART_TX_state_change &rArr; FL_GPIO_Init &rArr; FL_GPIO_SetPinMode
</UL>
<BR>[Calls]<UL><LI><a href="#[b5]">&gt;&gt;</a>&nbsp;&nbsp;&nbsp;FL_UART_WriteTXBuff
<LI><a href="#[94]">&gt;&gt;</a>&nbsp;&nbsp;&nbsp;FL_UART_EnableIT_TXShiftBuffEmpty
<LI><a href="#[4f]">&gt;&gt;</a>&nbsp;&nbsp;&nbsp;FL_DelayMs
<LI><a href="#[bd]">&gt;&gt;</a>&nbsp;&nbsp;&nbsp;UART_TX_state_change
<LI><a href="#[a5]">&gt;&gt;</a>&nbsp;&nbsp;&nbsp;__aeabi_memcpy
</UL>
<BR>[Called By]<UL><LI><a href="#[a3]">&gt;&gt;</a>&nbsp;&nbsp;&nbsp;PC_xieyifasong_1
<LI><a href="#[a2]">&gt;&gt;</a>&nbsp;&nbsp;&nbsp;PC_Chuankou_tongxin_send
<LI><a href="#[a1]">&gt;&gt;</a>&nbsp;&nbsp;&nbsp;PC_Chuankou_tongxin_Debug_send
<LI><a href="#[53]">&gt;&gt;</a>&nbsp;&nbsp;&nbsp;DeBug_print
</UL>

<P><STRONG><a name="[b8]"></a>Uart1_Tx_Send_init</STRONG> (Thumb, 18 bytes, Stack size 8 bytes, uart1.o(i.Uart1_Tx_Send_init))
<BR><BR>[Stack]<UL><LI>Max Depth = 76<LI>Call Chain = Uart1_Tx_Send_init &rArr; UART_TX_state_change &rArr; FL_GPIO_Init &rArr; FL_GPIO_SetPinMode
</UL>
<BR>[Calls]<UL><LI><a href="#[bd]">&gt;&gt;</a>&nbsp;&nbsp;&nbsp;UART_TX_state_change
</UL>
<BR>[Called By]<UL><LI><a href="#[b6]">&gt;&gt;</a>&nbsp;&nbsp;&nbsp;UART1_MF_Config_Init
</UL>

<P><STRONG><a name="[c1]"></a>Uart5_Rx_rec</STRONG> (Thumb, 58 bytes, Stack size 8 bytes, uart5.o(i.Uart5_Rx_rec))
<BR><BR>[Stack]<UL><LI>Max Depth = 60<LI>Call Chain = Uart5_Rx_rec &rArr; Uart5_Tx_Send &rArr; FL_DelayMs &rArr; FL_DelayUs &rArr; __aeabi_uidivmod
</UL>
<BR>[Calls]<UL><LI><a href="#[88]">&gt;&gt;</a>&nbsp;&nbsp;&nbsp;LED_FLAG_Run
<LI><a href="#[c2]">&gt;&gt;</a>&nbsp;&nbsp;&nbsp;Uart5_Tx_Send
<LI><a href="#[bf]">&gt;&gt;</a>&nbsp;&nbsp;&nbsp;__aeabi_memcpy4
</UL>
<BR>[Called By]<UL><LI><a href="#[26]">&gt;&gt;</a>&nbsp;&nbsp;&nbsp;main
</UL>

<P><STRONG><a name="[c2]"></a>Uart5_Tx_Send</STRONG> (Thumb, 98 bytes, Stack size 16 bytes, uart5.o(i.Uart5_Tx_Send))
<BR><BR>[Stack]<UL><LI>Max Depth = 52<LI>Call Chain = Uart5_Tx_Send &rArr; FL_DelayMs &rArr; FL_DelayUs &rArr; __aeabi_uidivmod
</UL>
<BR>[Calls]<UL><LI><a href="#[b9]">&gt;&gt;</a>&nbsp;&nbsp;&nbsp;FL_UART_WriteTXBuff
<LI><a href="#[97]">&gt;&gt;</a>&nbsp;&nbsp;&nbsp;FL_UART_EnableIT_TXShiftBuffEmpty
<LI><a href="#[4f]">&gt;&gt;</a>&nbsp;&nbsp;&nbsp;FL_DelayMs
<LI><a href="#[a5]">&gt;&gt;</a>&nbsp;&nbsp;&nbsp;__aeabi_memcpy
</UL>
<BR>[Called By]<UL><LI><a href="#[c1]">&gt;&gt;</a>&nbsp;&nbsp;&nbsp;Uart5_Rx_rec
</UL>

<P><STRONG><a name="[bc]"></a>Uart5_Tx_Send_init</STRONG> (Thumb, 10 bytes, Stack size 0 bytes, uart5.o(i.Uart5_Tx_Send_init))
<BR><BR>[Called By]<UL><LI><a href="#[ba]">&gt;&gt;</a>&nbsp;&nbsp;&nbsp;UART5_MF_Config_Init
</UL>

<P><STRONG><a name="[9f]"></a>Uart_shineng_OFF</STRONG> (Thumb, 14 bytes, Stack size 8 bytes, gpio.o(i.Uart_shineng_OFF))
<BR><BR>[Stack]<UL><LI>Max Depth = 8<LI>Call Chain = Uart_shineng_OFF
</UL>
<BR>[Calls]<UL><LI><a href="#[43]">&gt;&gt;</a>&nbsp;&nbsp;&nbsp;FL_GPIO_ResetOutputPin
</UL>
<BR>[Called By]<UL><LI><a href="#[db]">&gt;&gt;</a>&nbsp;&nbsp;&nbsp;test_start_Init
<LI><a href="#[da]">&gt;&gt;</a>&nbsp;&nbsp;&nbsp;test_Loop_Func
<LI><a href="#[98]">&gt;&gt;</a>&nbsp;&nbsp;&nbsp;Others_GPIO_Init
</UL>

<P><STRONG><a name="[c3]"></a>Uart_shineng_ON</STRONG> (Thumb, 14 bytes, Stack size 8 bytes, gpio.o(i.Uart_shineng_ON))
<BR><BR>[Stack]<UL><LI>Max Depth = 8<LI>Call Chain = Uart_shineng_ON
</UL>
<BR>[Calls]<UL><LI><a href="#[41]">&gt;&gt;</a>&nbsp;&nbsp;&nbsp;FL_GPIO_SetOutputPin
</UL>
<BR>[Called By]<UL><LI><a href="#[da]">&gt;&gt;</a>&nbsp;&nbsp;&nbsp;test_Loop_Func
</UL>

<P><STRONG><a name="[9d]"></a>VCC_dianya_CHK_CTRL_OFF</STRONG> (Thumb, 12 bytes, Stack size 8 bytes, gpio.o(i.VCC_dianya_CHK_CTRL_OFF))
<BR><BR>[Stack]<UL><LI>Max Depth = 8<LI>Call Chain = VCC_dianya_CHK_CTRL_OFF
</UL>
<BR>[Calls]<UL><LI><a href="#[43]">&gt;&gt;</a>&nbsp;&nbsp;&nbsp;FL_GPIO_ResetOutputPin
</UL>
<BR>[Called By]<UL><LI><a href="#[98]">&gt;&gt;</a>&nbsp;&nbsp;&nbsp;Others_GPIO_Init
<LI><a href="#[d5]">&gt;&gt;</a>&nbsp;&nbsp;&nbsp;get_VCC_weizhi_dianya
</UL>

<P><STRONG><a name="[c4]"></a>VCC_dianya_CHK_CTRL_ON</STRONG> (Thumb, 12 bytes, Stack size 8 bytes, gpio.o(i.VCC_dianya_CHK_CTRL_ON))
<BR><BR>[Stack]<UL><LI>Max Depth = 8<LI>Call Chain = VCC_dianya_CHK_CTRL_ON
</UL>
<BR>[Calls]<UL><LI><a href="#[41]">&gt;&gt;</a>&nbsp;&nbsp;&nbsp;FL_GPIO_SetOutputPin
</UL>
<BR>[Called By]<UL><LI><a href="#[d5]">&gt;&gt;</a>&nbsp;&nbsp;&nbsp;get_VCC_weizhi_dianya
</UL>

<P><STRONG><a name="[c5]"></a>WatchDog_Init</STRONG> (Thumb, 38 bytes, Stack size 16 bytes, wtd.o(i.WatchDog_Init))
<BR><BR>[Stack]<UL><LI>Max Depth = 56<LI>Call Chain = WatchDog_Init &rArr; FL_IWDT_Init &rArr; FL_IWDT_ReadCounter
</UL>
<BR>[Calls]<UL><LI><a href="#[c6]">&gt;&gt;</a>&nbsp;&nbsp;&nbsp;FL_IWDT_StructInit
<LI><a href="#[71]">&gt;&gt;</a>&nbsp;&nbsp;&nbsp;FL_IWDT_Init
</UL>
<BR>[Called By]<UL><LI><a href="#[d9]">&gt;&gt;</a>&nbsp;&nbsp;&nbsp;test_Init
</UL>

<P><STRONG><a name="[ca]"></a>ZDINA219_IIC_Delay</STRONG> (Thumb, 16 bytes, Stack size 0 bytes, zdina219.o(i.ZDINA219_IIC_Delay))
<BR><BR>[Called By]<UL><LI><a href="#[ab]">&gt;&gt;</a>&nbsp;&nbsp;&nbsp;ZDINA219_IIC_Stop
<LI><a href="#[a8]">&gt;&gt;</a>&nbsp;&nbsp;&nbsp;ZDINA219_IIC_Start
<LI><a href="#[a9]">&gt;&gt;</a>&nbsp;&nbsp;&nbsp;ZDINA219_IIC_SendByte
<LI><a href="#[ac]">&gt;&gt;</a>&nbsp;&nbsp;&nbsp;ZDINA219_IIC_RevBytes
<LI><a href="#[c7]">&gt;&gt;</a>&nbsp;&nbsp;&nbsp;ZDINA219_IIC_RevByte
</UL>

<P><STRONG><a name="[c7]"></a>ZDINA219_IIC_RevByte</STRONG> (Thumb, 76 bytes, Stack size 16 bytes, zdina219.o(i.ZDINA219_IIC_RevByte))
<BR><BR>[Stack]<UL><LI>Max Depth = 84<LI>Call Chain = ZDINA219_IIC_RevByte &rArr; ZDINA219_SDA_OUT_Dir_CTL &rArr; FL_GPIO_Init &rArr; FL_GPIO_SetPinMode
</UL>
<BR>[Calls]<UL><LI><a href="#[c8]">&gt;&gt;</a>&nbsp;&nbsp;&nbsp;ZDINA219_SDA_OUT_Dir_CTL
<LI><a href="#[c9]">&gt;&gt;</a>&nbsp;&nbsp;&nbsp;ZDINA219_SCL
<LI><a href="#[ca]">&gt;&gt;</a>&nbsp;&nbsp;&nbsp;ZDINA219_IIC_Delay
<LI><a href="#[cb]">&gt;&gt;</a>&nbsp;&nbsp;&nbsp;FL_GPIO_GetInputPin
</UL>
<BR>[Called By]<UL><LI><a href="#[ac]">&gt;&gt;</a>&nbsp;&nbsp;&nbsp;ZDINA219_IIC_RevBytes
</UL>

<P><STRONG><a name="[ac]"></a>ZDINA219_IIC_RevBytes</STRONG> (Thumb, 98 bytes, Stack size 16 bytes, zdina219.o(i.ZDINA219_IIC_RevBytes))
<BR><BR>[Stack]<UL><LI>Max Depth = 100<LI>Call Chain = ZDINA219_IIC_RevBytes &rArr; ZDINA219_IIC_RevByte &rArr; ZDINA219_SDA_OUT_Dir_CTL &rArr; FL_GPIO_Init &rArr; FL_GPIO_SetPinMode
</UL>
<BR>[Calls]<UL><LI><a href="#[c8]">&gt;&gt;</a>&nbsp;&nbsp;&nbsp;ZDINA219_SDA_OUT_Dir_CTL
<LI><a href="#[cc]">&gt;&gt;</a>&nbsp;&nbsp;&nbsp;ZDINA219_SDA
<LI><a href="#[c9]">&gt;&gt;</a>&nbsp;&nbsp;&nbsp;ZDINA219_SCL
<LI><a href="#[c7]">&gt;&gt;</a>&nbsp;&nbsp;&nbsp;ZDINA219_IIC_RevByte
<LI><a href="#[ca]">&gt;&gt;</a>&nbsp;&nbsp;&nbsp;ZDINA219_IIC_Delay
</UL>
<BR>[Called By]<UL><LI><a href="#[4e]">&gt;&gt;</a>&nbsp;&nbsp;&nbsp;ReadZD_Current
</UL>

<P><STRONG><a name="[a9]"></a>ZDINA219_IIC_SendByte</STRONG> (Thumb, 128 bytes, Stack size 16 bytes, zdina219.o(i.ZDINA219_IIC_SendByte))
<BR><BR>[Stack]<UL><LI>Max Depth = 84<LI>Call Chain = ZDINA219_IIC_SendByte &rArr; ZDINA219_SDA_OUT_Dir_CTL &rArr; FL_GPIO_Init &rArr; FL_GPIO_SetPinMode
</UL>
<BR>[Calls]<UL><LI><a href="#[c8]">&gt;&gt;</a>&nbsp;&nbsp;&nbsp;ZDINA219_SDA_OUT_Dir_CTL
<LI><a href="#[cc]">&gt;&gt;</a>&nbsp;&nbsp;&nbsp;ZDINA219_SDA
<LI><a href="#[c9]">&gt;&gt;</a>&nbsp;&nbsp;&nbsp;ZDINA219_SCL
<LI><a href="#[ca]">&gt;&gt;</a>&nbsp;&nbsp;&nbsp;ZDINA219_IIC_Delay
<LI><a href="#[cb]">&gt;&gt;</a>&nbsp;&nbsp;&nbsp;FL_GPIO_GetInputPin
</UL>
<BR>[Called By]<UL><LI><a href="#[aa]">&gt;&gt;</a>&nbsp;&nbsp;&nbsp;ZDINA219_IIC_SendBytes
<LI><a href="#[4e]">&gt;&gt;</a>&nbsp;&nbsp;&nbsp;ReadZD_Current
</UL>

<P><STRONG><a name="[aa]"></a>ZDINA219_IIC_SendBytes</STRONG> (Thumb, 28 bytes, Stack size 16 bytes, zdina219.o(i.ZDINA219_IIC_SendBytes))
<BR><BR>[Stack]<UL><LI>Max Depth = 100<LI>Call Chain = ZDINA219_IIC_SendBytes &rArr; ZDINA219_IIC_SendByte &rArr; ZDINA219_SDA_OUT_Dir_CTL &rArr; FL_GPIO_Init &rArr; FL_GPIO_SetPinMode
</UL>
<BR>[Calls]<UL><LI><a href="#[a9]">&gt;&gt;</a>&nbsp;&nbsp;&nbsp;ZDINA219_IIC_SendByte
</UL>
<BR>[Called By]<UL><LI><a href="#[4e]">&gt;&gt;</a>&nbsp;&nbsp;&nbsp;ReadZD_Current
</UL>

<P><STRONG><a name="[a8]"></a>ZDINA219_IIC_Start</STRONG> (Thumb, 38 bytes, Stack size 8 bytes, zdina219.o(i.ZDINA219_IIC_Start))
<BR><BR>[Stack]<UL><LI>Max Depth = 76<LI>Call Chain = ZDINA219_IIC_Start &rArr; ZDINA219_SDA_OUT_Dir_CTL &rArr; FL_GPIO_Init &rArr; FL_GPIO_SetPinMode
</UL>
<BR>[Calls]<UL><LI><a href="#[c8]">&gt;&gt;</a>&nbsp;&nbsp;&nbsp;ZDINA219_SDA_OUT_Dir_CTL
<LI><a href="#[cc]">&gt;&gt;</a>&nbsp;&nbsp;&nbsp;ZDINA219_SDA
<LI><a href="#[c9]">&gt;&gt;</a>&nbsp;&nbsp;&nbsp;ZDINA219_SCL
<LI><a href="#[ca]">&gt;&gt;</a>&nbsp;&nbsp;&nbsp;ZDINA219_IIC_Delay
</UL>
<BR>[Called By]<UL><LI><a href="#[4e]">&gt;&gt;</a>&nbsp;&nbsp;&nbsp;ReadZD_Current
</UL>

<P><STRONG><a name="[ab]"></a>ZDINA219_IIC_Stop</STRONG> (Thumb, 48 bytes, Stack size 8 bytes, zdina219.o(i.ZDINA219_IIC_Stop))
<BR><BR>[Stack]<UL><LI>Max Depth = 76<LI>Call Chain = ZDINA219_IIC_Stop &rArr; ZDINA219_SDA_OUT_Dir_CTL &rArr; FL_GPIO_Init &rArr; FL_GPIO_SetPinMode
</UL>
<BR>[Calls]<UL><LI><a href="#[c8]">&gt;&gt;</a>&nbsp;&nbsp;&nbsp;ZDINA219_SDA_OUT_Dir_CTL
<LI><a href="#[cc]">&gt;&gt;</a>&nbsp;&nbsp;&nbsp;ZDINA219_SDA
<LI><a href="#[c9]">&gt;&gt;</a>&nbsp;&nbsp;&nbsp;ZDINA219_SCL
<LI><a href="#[ca]">&gt;&gt;</a>&nbsp;&nbsp;&nbsp;ZDINA219_IIC_Delay
</UL>
<BR>[Called By]<UL><LI><a href="#[4e]">&gt;&gt;</a>&nbsp;&nbsp;&nbsp;ReadZD_Current
</UL>

<P><STRONG><a name="[c9]"></a>ZDINA219_SCL</STRONG> (Thumb, 30 bytes, Stack size 8 bytes, zdina219.o(i.ZDINA219_SCL))
<BR><BR>[Stack]<UL><LI>Max Depth = 8<LI>Call Chain = ZDINA219_SCL
</UL>
<BR>[Calls]<UL><LI><a href="#[cd]">&gt;&gt;</a>&nbsp;&nbsp;&nbsp;FL_GPIO_SetOutputPin
<LI><a href="#[ce]">&gt;&gt;</a>&nbsp;&nbsp;&nbsp;FL_GPIO_ResetOutputPin
</UL>
<BR>[Called By]<UL><LI><a href="#[ab]">&gt;&gt;</a>&nbsp;&nbsp;&nbsp;ZDINA219_IIC_Stop
<LI><a href="#[a8]">&gt;&gt;</a>&nbsp;&nbsp;&nbsp;ZDINA219_IIC_Start
<LI><a href="#[a9]">&gt;&gt;</a>&nbsp;&nbsp;&nbsp;ZDINA219_IIC_SendByte
<LI><a href="#[ac]">&gt;&gt;</a>&nbsp;&nbsp;&nbsp;ZDINA219_IIC_RevBytes
<LI><a href="#[c7]">&gt;&gt;</a>&nbsp;&nbsp;&nbsp;ZDINA219_IIC_RevByte
</UL>

<P><STRONG><a name="[cc]"></a>ZDINA219_SDA</STRONG> (Thumb, 30 bytes, Stack size 8 bytes, zdina219.o(i.ZDINA219_SDA))
<BR><BR>[Stack]<UL><LI>Max Depth = 8<LI>Call Chain = ZDINA219_SDA
</UL>
<BR>[Calls]<UL><LI><a href="#[cd]">&gt;&gt;</a>&nbsp;&nbsp;&nbsp;FL_GPIO_SetOutputPin
<LI><a href="#[ce]">&gt;&gt;</a>&nbsp;&nbsp;&nbsp;FL_GPIO_ResetOutputPin
</UL>
<BR>[Called By]<UL><LI><a href="#[ab]">&gt;&gt;</a>&nbsp;&nbsp;&nbsp;ZDINA219_IIC_Stop
<LI><a href="#[a8]">&gt;&gt;</a>&nbsp;&nbsp;&nbsp;ZDINA219_IIC_Start
<LI><a href="#[a9]">&gt;&gt;</a>&nbsp;&nbsp;&nbsp;ZDINA219_IIC_SendByte
<LI><a href="#[ac]">&gt;&gt;</a>&nbsp;&nbsp;&nbsp;ZDINA219_IIC_RevBytes
</UL>

<P><STRONG><a name="[c8]"></a>ZDINA219_SDA_OUT_Dir_CTL</STRONG> (Thumb, 50 bytes, Stack size 32 bytes, zdina219.o(i.ZDINA219_SDA_OUT_Dir_CTL))
<BR><BR>[Stack]<UL><LI>Max Depth = 68<LI>Call Chain = ZDINA219_SDA_OUT_Dir_CTL &rArr; FL_GPIO_Init &rArr; FL_GPIO_SetPinMode
</UL>
<BR>[Calls]<UL><LI><a href="#[6a]">&gt;&gt;</a>&nbsp;&nbsp;&nbsp;FL_GPIO_Init
</UL>
<BR>[Called By]<UL><LI><a href="#[ab]">&gt;&gt;</a>&nbsp;&nbsp;&nbsp;ZDINA219_IIC_Stop
<LI><a href="#[a8]">&gt;&gt;</a>&nbsp;&nbsp;&nbsp;ZDINA219_IIC_Start
<LI><a href="#[a9]">&gt;&gt;</a>&nbsp;&nbsp;&nbsp;ZDINA219_IIC_SendByte
<LI><a href="#[ac]">&gt;&gt;</a>&nbsp;&nbsp;&nbsp;ZDINA219_IIC_RevBytes
<LI><a href="#[c7]">&gt;&gt;</a>&nbsp;&nbsp;&nbsp;ZDINA219_IIC_RevByte
</UL>

<P><STRONG><a name="[cf]"></a>__0vsnprintf</STRONG> (Thumb, 40 bytes, Stack size 24 bytes, printfa.o(i.__0vsnprintf), UNUSED)
<BR><BR>[Calls]<UL><LI><a href="#[d0]">&gt;&gt;</a>&nbsp;&nbsp;&nbsp;_printf_core
</UL>

<P><STRONG><a name="[f4]"></a>__1vsnprintf</STRONG> (Thumb, 0 bytes, Stack size 24 bytes, printfa.o(i.__0vsnprintf), UNUSED)

<P><STRONG><a name="[f5]"></a>__2vsnprintf</STRONG> (Thumb, 0 bytes, Stack size 24 bytes, printfa.o(i.__0vsnprintf), UNUSED)

<P><STRONG><a name="[54]"></a>__c89vsnprintf</STRONG> (Thumb, 0 bytes, Stack size 24 bytes, printfa.o(i.__0vsnprintf))
<BR><BR>[Stack]<UL><LI>Max Depth = 24<LI>Call Chain = __c89vsnprintf
</UL>
<BR>[Called By]<UL><LI><a href="#[53]">&gt;&gt;</a>&nbsp;&nbsp;&nbsp;DeBug_print
</UL>

<P><STRONG><a name="[f6]"></a>vsnprintf</STRONG> (Thumb, 0 bytes, Stack size 24 bytes, printfa.o(i.__0vsnprintf), UNUSED)

<P><STRONG><a name="[3d]"></a>__ARM_clz</STRONG> (Thumb, 46 bytes, Stack size 0 bytes, depilogue.o(i.__ARM_clz), UNUSED)
<BR><BR>[Called By]<UL><LI><a href="#[37]">&gt;&gt;</a>&nbsp;&nbsp;&nbsp;_double_epilogue
</UL>

<P><STRONG><a name="[84]"></a>__ARM_common_ll_muluu</STRONG> (Thumb, 48 bytes, Stack size 24 bytes, adc_chk.o(i.__ARM_common_ll_muluu))
<BR><BR>[Stack]<UL><LI>Max Depth = 24<LI>Call Chain = __ARM_common_ll_muluu
</UL>
<BR>[Called By]<UL><LI><a href="#[82]">&gt;&gt;</a>&nbsp;&nbsp;&nbsp;GetSingleChannelVoltage_POLL
</UL>

<P><STRONG><a name="[67]"></a>__ARM_common_switch8</STRONG> (Thumb, 28 bytes, Stack size 8 bytes, test_list.o(i.__ARM_common_switch8))
<BR><BR>[Stack]<UL><LI>Max Depth = 8<LI>Call Chain = __ARM_common_switch8
</UL>
<BR>[Called By]<UL><LI><a href="#[da]">&gt;&gt;</a>&nbsp;&nbsp;&nbsp;test_Loop_Func
<LI><a href="#[8e]">&gt;&gt;</a>&nbsp;&nbsp;&nbsp;SystemCoreClockUpdate
<LI><a href="#[ad]">&gt;&gt;</a>&nbsp;&nbsp;&nbsp;SystemPLLClockUpdate
<LI><a href="#[63]">&gt;&gt;</a>&nbsp;&nbsp;&nbsp;FL_CMU_GetSystemClockFreq
<LI><a href="#[65]">&gt;&gt;</a>&nbsp;&nbsp;&nbsp;FL_CMU_GetPLLClockFreq
</UL>

<P><STRONG><a name="[f7]"></a>__scatterload_copy</STRONG> (Thumb, 14 bytes, Stack size unknown bytes, handlers.o(i.__scatterload_copy), UNUSED)

<P><STRONG><a name="[f8]"></a>__scatterload_null</STRONG> (Thumb, 2 bytes, Stack size unknown bytes, handlers.o(i.__scatterload_null), UNUSED)

<P><STRONG><a name="[f9]"></a>__scatterload_zeroinit</STRONG> (Thumb, 14 bytes, Stack size unknown bytes, handlers.o(i.__scatterload_zeroinit), UNUSED)

<P><STRONG><a name="[9a]"></a>beidian_gongdian_OFF</STRONG> (Thumb, 12 bytes, Stack size 8 bytes, gpio.o(i.beidian_gongdian_OFF))
<BR><BR>[Stack]<UL><LI>Max Depth = 8<LI>Call Chain = beidian_gongdian_OFF
</UL>
<BR>[Calls]<UL><LI><a href="#[43]">&gt;&gt;</a>&nbsp;&nbsp;&nbsp;FL_GPIO_ResetOutputPin
</UL>
[...]
</UL>
<BR>[Called By]<UL><LI><a href="#[a6]">&gt;&gt;</a>&nbsp;&nbsp;&nbsp;PC_xieyijiexi
</UL>

<P><STRONG><a name="[db]"></a>test_start_Init</STRONG> (Thumb, 36 bytes, Stack size 8 bytes, test_list.o(i.test_start_Init))
<BR><BR>[Stack]<UL><LI>Max Depth = 16<LI>Call Chain = test_start_Init &rArr; zhudian_gongdian_On
</UL>
<BR>[Calls]<UL><LI><a href="#[e0]">&gt;&gt;</a>&nbsp;&nbsp;&nbsp;zhudian_gongdian_On
<LI><a href="#[a0]">&gt;&gt;</a>&nbsp;&nbsp;&nbsp;dianlu_119_OFF
<LI><a href="#[9a]">&gt;&gt;</a>&nbsp;&nbsp;&nbsp;beidian_gongdian_OFF
<LI><a href="#[9f]">&gt;&gt;</a>&nbsp;&nbsp;&nbsp;Uart_shineng_OFF
<LI><a href="#[46]">&gt;&gt;</a>&nbsp;&nbsp;&nbsp;ANJIAN_4_OFF
<LI><a href="#[45]">&gt;&gt;</a>&nbsp;&nbsp;&nbsp;ANJIAN_3_OFF
<LI><a href="#[44]">&gt;&gt;</a>&nbsp;&nbsp;&nbsp;ANJIAN_2_OFF
<LI><a href="#[40]">&gt;&gt;</a>&nbsp;&nbsp;&nbsp;ANJIAN_1_OFF
</UL>
<BR>[Called By]<UL><LI><a href="#[d9]">&gt;&gt;</a>&nbsp;&nbsp;&nbsp;test_Init
<LI><a href="#[a7]">&gt;&gt;</a>&nbsp;&nbsp;&nbsp;test_start
</UL>

<P><STRONG><a name="[de]"></a>test_testend</STRONG> (Thumb, 18 bytes, Stack size 0 bytes, test_list.o(i.test_testend))
<BR><BR>[Called By]<UL><LI><a href="#[dc]">&gt;&gt;</a>&nbsp;&nbsp;&nbsp;test_err_end_Func
</UL>

<P><STRONG><a name="[9b]"></a>zhudian_dianya_CHK_CTRL_OFF</STRONG> (Thumb, 12 bytes, Stack size 8 bytes, gpio.o(i.zhudian_dianya_CHK_CTRL_OFF))
<BR><BR>[Stack]<UL><LI>Max Depth = 8<LI>Call Chain = zhudian_dianya_CHK_CTRL_OFF
</UL>
<BR>[Calls]<UL><LI><a href="#[43]">&gt;&gt;</a>&nbsp;&nbsp;&nbsp;FL_GPIO_ResetOutputPin
</UL>
<BR>[Called By]<UL><LI><a href="#[98]">&gt;&gt;</a>&nbsp;&nbsp;&nbsp;Others_GPIO_Init
</UL>

<P><STRONG><a name="[99]"></a>zhudian_gongdian_OFF</STRONG> (Thumb, 12 bytes, Stack size 8 bytes, gpio.o(i.zhudian_gongdian_OFF))
<BR><BR>[Stack]<UL><LI>Max Depth = 8<LI>Call Chain = zhudian_gongdian_OFF
</UL>
<BR>[Calls]<UL><LI><a href="#[43]">&gt;&gt;</a>&nbsp;&nbsp;&nbsp;FL_GPIO_ResetOutputPin
</UL>
<BR>[Called By]<UL><LI><a href="#[98]">&gt;&gt;</a>&nbsp;&nbsp;&nbsp;Others_GPIO_Init
</UL>

<P><STRONG><a name="[e0]"></a>zhudian_gongdian_On</STRONG> (Thumb, 12 bytes, Stack size 8 bytes, gpio.o(i.zhudian_gongdian_On))
<BR><BR>[Stack]<UL><LI>Max Depth = 8<LI>Call Chain = zhudian_gongdian_On
</UL>
<BR>[Calls]<UL><LI><a href="#[41]">&gt;&gt;</a>&nbsp;&nbsp;&nbsp;FL_GPIO_SetOutputPin
</UL>
<BR>[Called By]<UL><LI><a href="#[db]">&gt;&gt;</a>&nbsp;&nbsp;&nbsp;test_start_Init
</UL>
<P>
<H3>
Local Symbols
</H3>
<P><STRONG><a name="[97]"></a>FL_UART_EnableIT_TXShiftBuffEmpty</STRONG> (Thumb, 10 bytes, Stack size 0 bytes, uart5.o(i.FL_UART_EnableIT_TXShiftBuffEmpty))
<BR><BR>[Called By]<UL><LI><a href="#[c2]">&gt;&gt;</a>&nbsp;&nbsp;&nbsp;Uart5_Tx_Send
<LI><a href="#[96]">&gt;&gt;</a>&nbsp;&nbsp;&nbsp;MF_UART5_Interrupt_Init
</UL>

<P><STRONG><a name="[b9]"></a>FL_UART_WriteTXBuff</STRONG> (Thumb, 12 bytes, Stack size 0 bytes, uart5.o(i.FL_UART_WriteTXBuff))
<BR><BR>[Called By]<UL><LI><a href="#[c2]">&gt;&gt;</a>&nbsp;&nbsp;&nbsp;Uart5_Tx_Send
<LI><a href="#[14]">&gt;&gt;</a>&nbsp;&nbsp;&nbsp;UART5_IRQHandler
</UL>

<P><STRONG><a name="[43]"></a>FL_GPIO_ResetOutputPin</STRONG> (Thumb, 6 bytes, Stack size 0 bytes, gpio.o(i.FL_GPIO_ResetOutputPin))
<BR><BR>[Called By]<UL><LI><a href="#[99]">&gt;&gt;</a>&nbsp;&nbsp;&nbsp;zhudian_gongdian_OFF
<LI><a href="#[9b]">&gt;&gt;</a>&nbsp;&nbsp;&nbsp;zhudian_dianya_CHK_CTRL_OFF
<LI><a href="#[9c]">&gt;&gt;</a>&nbsp;&nbsp;&nbsp;erji_dianya_CHK_CTRL_OFF
<LI><a href="#[9a]">&gt;&gt;</a>&nbsp;&nbsp;&nbsp;beidian_gongdian_OFF
<LI><a href="#[9d]">&gt;&gt;</a>&nbsp;&nbsp;&nbsp;VCC_dianya_CHK_CTRL_OFF
<LI><a href="#[9f]">&gt;&gt;</a>&nbsp;&nbsp;&nbsp;Uart_shineng_OFF
<LI><a href="#[9e]">&gt;&gt;</a>&nbsp;&nbsp;&nbsp;SY_dianya_CHK_CTRL_OFF
<LI><a href="#[89]">&gt;&gt;</a>&nbsp;&nbsp;&nbsp;LED_On
<LI><a href="#[51]">&gt;&gt;</a>&nbsp;&nbsp;&nbsp;Current_CHK_CTRL_ON
<LI><a href="#[42]">&gt;&gt;</a>&nbsp;&nbsp;&nbsp;ANJIAN_1_ON
</UL>

<P><STRONG><a name="[41]"></a>FL_GPIO_SetOutputPin</STRONG> (Thumb, 6 bytes, Stack size 0 bytes, gpio.o(i.FL_GPIO_SetOutputPin))
<BR><BR>[Called By]<UL><LI><a href="#[e0]">&gt;&gt;</a>&nbsp;&nbsp;&nbsp;zhudian_gongdian_On
<LI><a href="#[a0]">&gt;&gt;</a>&nbsp;&nbsp;&nbsp;dianlu_119_OFF
<LI><a href="#[c4]">&gt;&gt;</a>&nbsp;&nbsp;&nbsp;VCC_dianya_CHK_CTRL_ON
<LI><a href="#[c3]">&gt;&gt;</a>&nbsp;&nbsp;&nbsp;Uart_shineng_ON
<LI><a href="#[87]">&gt;&gt;</a>&nbsp;&nbsp;&nbsp;LED_Off
<LI><a href="#[50]">&gt;&gt;</a>&nbsp;&nbsp;&nbsp;Current_CHK_CTRL_OFF
<LI><a href="#[46]">&gt;&gt;</a>&nbsp;&nbsp;&nbsp;ANJIAN_4_OFF
<LI><a href="#[45]">&gt;&gt;</a>&nbsp;&nbsp;&nbsp;ANJIAN_3_OFF
<LI><a href="#[44]">&gt;&gt;</a>&nbsp;&nbsp;&nbsp;ANJIAN_2_OFF
<LI><a href="#[40]">&gt;&gt;</a>&nbsp;&nbsp;&nbsp;ANJIAN_1_OFF
</UL>

<P><STRONG><a name="[94]"></a>FL_UART_EnableIT_TXShiftBuffEmpty</STRONG> (Thumb, 10 bytes, Stack size 0 bytes, uart1.o(i.FL_UART_EnableIT_TXShiftBuffEmpty))
<BR><BR>[Called By]<UL><LI><a href="#[55]">&gt;&gt;</a>&nbsp;&nbsp;&nbsp;Uart1_Tx_Send
<LI><a href="#[93]">&gt;&gt;</a>&nbsp;&nbsp;&nbsp;MF_UART1_Interrupt_Init
</UL>

<P><STRONG><a name="[b5]"></a>FL_UART_WriteTXBuff</STRONG> (Thumb, 12 bytes, Stack size 0 bytes, uart1.o(i.FL_UART_WriteTXBuff))
<BR><BR>[Called By]<UL><LI><a href="#[55]">&gt;&gt;</a>&nbsp;&nbsp;&nbsp;Uart1_Tx_Send
<LI><a href="#[11]">&gt;&gt;</a>&nbsp;&nbsp;&nbsp;UART1_IRQHandler
</UL>

<P><STRONG><a name="[7d]"></a>FL_ADC_ClearFlag_EndOfConversion</STRONG> (Thumb, 6 bytes, Stack size 0 bytes, adc_chk.o(i.FL_ADC_ClearFlag_EndOfConversion))
<BR><BR>[Called By]<UL><LI><a href="#[83]">&gt;&gt;</a>&nbsp;&nbsp;&nbsp;GetVREF1P2Sample_POLL
<LI><a href="#[79]">&gt;&gt;</a>&nbsp;&nbsp;&nbsp;GetSingleChannelSample_POLL
</UL>

<P><STRONG><a name="[81]"></a>FL_ADC_Disable</STRONG> (Thumb, 10 bytes, Stack size 0 bytes, adc_chk.o(i.FL_ADC_Disable))
<BR><BR>[Called By]<UL><LI><a href="#[83]">&gt;&gt;</a>&nbsp;&nbsp;&nbsp;GetVREF1P2Sample_POLL
<LI><a href="#[79]">&gt;&gt;</a>&nbsp;&nbsp;&nbsp;GetSingleChannelSample_POLL
</UL>

<P><STRONG><a name="[7b]"></a>FL_ADC_DisableSequencerChannel</STRONG> (Thumb, 12 bytes, Stack size 0 bytes, adc_chk.o(i.FL_ADC_DisableSequencerChannel))
<BR><BR>[Called By]<UL><LI><a href="#[83]">&gt;&gt;</a>&nbsp;&nbsp;&nbsp;GetVREF1P2Sample_POLL
<LI><a href="#[79]">&gt;&gt;</a>&nbsp;&nbsp;&nbsp;GetSingleChannelSample_POLL
</UL>

<P><STRONG><a name="[7e]"></a>FL_ADC_Enable</STRONG> (Thumb, 10 bytes, Stack size 0 bytes, adc_chk.o(i.FL_ADC_Enable))
<BR><BR>[Called By]<UL><LI><a href="#[83]">&gt;&gt;</a>&nbsp;&nbsp;&nbsp;GetVREF1P2Sample_POLL
<LI><a href="#[79]">&gt;&gt;</a>&nbsp;&nbsp;&nbsp;GetSingleChannelSample_POLL
</UL>

<P><STRONG><a name="[7f]"></a>FL_ADC_EnableSWConversion</STRONG> (Thumb, 10 bytes, Stack size 0 bytes, adc_chk.o(i.FL_ADC_EnableSWConversion))
<BR><BR>[Called By]<UL><LI><a href="#[83]">&gt;&gt;</a>&nbsp;&nbsp;&nbsp;GetVREF1P2Sample_POLL
<LI><a href="#[79]">&gt;&gt;</a>&nbsp;&nbsp;&nbsp;GetSingleChannelSample_POLL
</UL>

<P><STRONG><a name="[7c]"></a>FL_ADC_EnableSequencerChannel</STRONG> (Thumb, 12 bytes, Stack size 0 bytes, adc_chk.o(i.FL_ADC_EnableSequencerChannel))
<BR><BR>[Called By]<UL><LI><a href="#[8b]">&gt;&gt;</a>&nbsp;&nbsp;&nbsp;MF_ADC_Init
<LI><a href="#[83]">&gt;&gt;</a>&nbsp;&nbsp;&nbsp;GetVREF1P2Sample_POLL
<LI><a href="#[79]">&gt;&gt;</a>&nbsp;&nbsp;&nbsp;GetSingleChannelSample_POLL
</UL>

<P><STRONG><a name="[80]"></a>FL_ADC_IsActiveFlag_EndOfConversion</STRONG> (Thumb, 16 bytes, Stack size 0 bytes, adc_chk.o(i.FL_ADC_IsActiveFlag_EndOfConversion))
<BR><BR>[Called By]<UL><LI><a href="#[83]">&gt;&gt;</a>&nbsp;&nbsp;&nbsp;GetVREF1P2Sample_POLL
<LI><a href="#[79]">&gt;&gt;</a>&nbsp;&nbsp;&nbsp;GetSingleChannelSample_POLL
</UL>

<P><STRONG><a name="[7a]"></a>FL_CMU_SetADCPrescaler</STRONG> (Thumb, 16 bytes, Stack size 0 bytes, adc_chk.o(i.FL_CMU_SetADCPrescaler))
<BR><BR>[Called By]<UL><LI><a href="#[83]">&gt;&gt;</a>&nbsp;&nbsp;&nbsp;GetVREF1P2Sample_POLL
<LI><a href="#[79]">&gt;&gt;</a>&nbsp;&nbsp;&nbsp;GetSingleChannelSample_POLL
</UL>

<P><STRONG><a name="[79]"></a>GetSingleChannelSample_POLL</STRONG> (Thumb, 114 bytes, Stack size 32 bytes, adc_chk.o(i.GetSingleChannelSample_POLL))
<BR><BR>[Stack]<UL><LI>Max Depth = 32<LI>Call Chain = GetSingleChannelSample_POLL
</UL>
<BR>[Calls]<UL><LI><a href="#[7a]">&gt;&gt;</a>&nbsp;&nbsp;&nbsp;FL_CMU_SetADCPrescaler
<LI><a href="#[80]">&gt;&gt;</a>&nbsp;&nbsp;&nbsp;FL_ADC_IsActiveFlag_EndOfConversion
<LI><a href="#[7c]">&gt;&gt;</a>&nbsp;&nbsp;&nbsp;FL_ADC_EnableSequencerChannel
<LI><a href="#[7f]">&gt;&gt;</a>&nbsp;&nbsp;&nbsp;FL_ADC_EnableSWConversion
<LI><a href="#[7e]">&gt;&gt;</a>&nbsp;&nbsp;&nbsp;FL_ADC_Enable
<LI><a href="#[7b]">&gt;&gt;</a>&nbsp;&nbsp;&nbsp;FL_ADC_DisableSequencerChannel
<LI><a href="#[81]">&gt;&gt;</a>&nbsp;&nbsp;&nbsp;FL_ADC_Disable
<LI><a href="#[7d]">&gt;&gt;</a>&nbsp;&nbsp;&nbsp;FL_ADC_ClearFlag_EndOfConversion
</UL>
<BR>[Called By]<UL><LI><a href="#[82]">&gt;&gt;</a>&nbsp;&nbsp;&nbsp;GetSingleChannelVoltage_POLL
</UL>

<P><STRONG><a name="[83]"></a>GetVREF1P2Sample_POLL</STRONG> (Thumb, 144 bytes, Stack size 24 bytes, adc_chk.o(i.GetVREF1P2Sample_POLL))
<BR><BR>[Stack]<UL><LI>Max Depth = 24<LI>Call Chain = GetVREF1P2Sample_POLL
</UL>
<BR>[Calls]<UL><LI><a href="#[7a]">&gt;&gt;</a>&nbsp;&nbsp;&nbsp;FL_CMU_SetADCPrescaler
<LI><a href="#[80]">&gt;&gt;</a>&nbsp;&nbsp;&nbsp;FL_ADC_IsActiveFlag_EndOfConversion
<LI><a href="#[7c]">&gt;&gt;</a>&nbsp;&nbsp;&nbsp;FL_ADC_EnableSequencerChannel
<LI><a href="#[7f]">&gt;&gt;</a>&nbsp;&nbsp;&nbsp;FL_ADC_EnableSWConversion
<LI><a href="#[7e]">&gt;&gt;</a>&nbsp;&nbsp;&nbsp;FL_ADC_Enable
<LI><a href="#[7b]">&gt;&gt;</a>&nbsp;&nbsp;&nbsp;FL_ADC_DisableSequencerChannel
<LI><a href="#[81]">&gt;&gt;</a>&nbsp;&nbsp;&nbsp;FL_ADC_Disable
<LI><a href="#[7d]">&gt;&gt;</a>&nbsp;&nbsp;&nbsp;FL_ADC_ClearFlag_EndOfConversion
</UL>
<BR>[Called By]<UL><LI><a href="#[82]">&gt;&gt;</a>&nbsp;&nbsp;&nbsp;GetSingleChannelVoltage_POLL
</UL>

<P><STRONG><a name="[8a]"></a>MF_ADC_Common_Init</STRONG> (Thumb, 24 bytes, Stack size 24 bytes, adc_chk.o(i.MF_ADC_Common_Init))
<BR><BR>[Stack]<UL><LI>Max Depth = 40<LI>Call Chain = MF_ADC_Common_Init &rArr; FL_ADC_CommonInit
</UL>
<BR>[Calls]<UL><LI><a href="#[56]">&gt;&gt;</a>&nbsp;&nbsp;&nbsp;FL_ADC_CommonInit
</UL>
<BR>[Called By]<UL><LI><a href="#[8c]">&gt;&gt;</a>&nbsp;&nbsp;&nbsp;MF_ADC_PC10_Config_Init
</UL>

<P><STRONG><a name="[8b]"></a>MF_ADC_Init</STRONG> (Thumb, 212 bytes, Stack size 72 bytes, adc_chk.o(i.MF_ADC_Init))
<BR><BR>[Stack]<UL><LI>Max Depth = 108<LI>Call Chain = MF_ADC_Init &rArr; FL_GPIO_Init &rArr; FL_GPIO_SetPinMode
</UL>
<BR>[Calls]<UL><LI><a href="#[6a]">&gt;&gt;</a>&nbsp;&nbsp;&nbsp;FL_GPIO_Init
<LI><a href="#[58]">&gt;&gt;</a>&nbsp;&nbsp;&nbsp;FL_ADC_Init
<LI><a href="#[7c]">&gt;&gt;</a>&nbsp;&nbsp;&nbsp;FL_ADC_EnableSequencerChannel
</UL>
<BR>[Called By]<UL><LI><a href="#[8c]">&gt;&gt;</a>&nbsp;&nbsp;&nbsp;MF_ADC_PC10_Config_Init
</UL>

<P><STRONG><a name="[d8]"></a>FL_GPIO_GetInputPin</STRONG> (Thumb, 22 bytes, Stack size 0 bytes, test_list.o(i.FL_GPIO_GetInputPin))
<BR><BR>[Called By]<UL><LI><a href="#[d7]">&gt;&gt;</a>&nbsp;&nbsp;&nbsp;gongwei_jiance
</UL>

<P><STRONG><a name="[cb]"></a>FL_GPIO_GetInputPin</STRONG> (Thumb, 22 bytes, Stack size 0 bytes, zdina219.o(i.FL_GPIO_GetInputPin))
<BR><BR>[Called By]<UL><LI><a href="#[a9]">&gt;&gt;</a>&nbsp;&nbsp;&nbsp;ZDINA219_IIC_SendByte
<LI><a href="#[c7]">&gt;&gt;</a>&nbsp;&nbsp;&nbsp;ZDINA219_IIC_RevByte
</UL>

<P><STRONG><a name="[ce]"></a>FL_GPIO_ResetOutputPin</STRONG> (Thumb, 6 bytes, Stack size 0 bytes, zdina219.o(i.FL_GPIO_ResetOutputPin))
<BR><BR>[Called By]<UL><LI><a href="#[cc]">&gt;&gt;</a>&nbsp;&nbsp;&nbsp;ZDINA219_SDA
<LI><a href="#[c9]">&gt;&gt;</a>&nbsp;&nbsp;&nbsp;ZDINA219_SCL
</UL>

<P><STRONG><a name="[cd]"></a>FL_GPIO_SetOutputPin</STRONG> (Thumb, 6 bytes, Stack size 0 bytes, zdina219.o(i.FL_GPIO_SetOutputPin))
<BR><BR>[Called By]<UL><LI><a href="#[cc]">&gt;&gt;</a>&nbsp;&nbsp;&nbsp;ZDINA219_SDA
<LI><a href="#[c9]">&gt;&gt;</a>&nbsp;&nbsp;&nbsp;ZDINA219_SCL
</UL>

<P><STRONG><a name="[91]"></a>FL_UART_EnableIT_TXShiftBuffEmpty</STRONG> (Thumb, 10 bytes, Stack size 0 bytes, uart0.o(i.FL_UART_EnableIT_TXShiftBuffEmpty))
<BR><BR>[Called By]<UL><LI><a href="#[af]">&gt;&gt;</a>&nbsp;&nbsp;&nbsp;Uart0_Tx_Send
<LI><a href="#[90]">&gt;&gt;</a>&nbsp;&nbsp;&nbsp;MF_UART0_Interrupt_Init
</UL>

<P><STRONG><a name="[b1]"></a>FL_UART_WriteTXBuff</STRONG> (Thumb, 12 bytes, Stack size 0 bytes, uart0.o(i.FL_UART_WriteTXBuff))
<BR><BR>[Called By]<UL><LI><a href="#[af]">&gt;&gt;</a>&nbsp;&nbsp;&nbsp;Uart0_Tx_Send
<LI><a href="#[10]">&gt;&gt;</a>&nbsp;&nbsp;&nbsp;UART0_IRQHandler
</UL>

<P><STRONG><a name="[ad]"></a>SystemPLLClockUpdate</STRONG> (Thumb, 182 bytes, Stack size 8 bytes, system_fm33lg0xx.o(i.SystemPLLClockUpdate))
<BR><BR>[Stack]<UL><LI>Max Depth = 20<LI>Call Chain = SystemPLLClockUpdate &rArr; __aeabi_uidivmod
</UL>
<BR>[Calls]<UL><LI><a href="#[67]">&gt;&gt;</a>&nbsp;&nbsp;&nbsp;__ARM_common_switch8
<LI><a href="#[2d]">&gt;&gt;</a>&nbsp;&nbsp;&nbsp;__aeabi_uidivmod
</UL>
<BR>[Called By]<UL><LI><a href="#[8e]">&gt;&gt;</a>&nbsp;&nbsp;&nbsp;SystemCoreClockUpdate
</UL>

<P><STRONG><a name="[75]"></a>NVIC_SetPriority</STRONG> (Thumb, 110 bytes, Stack size 8 bytes, fm33lg0xx_fl.o(i.NVIC_SetPriority))
<BR><BR>[Stack]<UL><LI>Max Depth = 8<LI>Call Chain = NVIC_SetPriority
</UL>
<BR>[Called By]<UL><LI><a href="#[4c]">&gt;&gt;</a>&nbsp;&nbsp;&nbsp;FL_NVIC_Init
</UL>

<P><STRONG><a name="[59]"></a>FL_ADC_Disable</STRONG> (Thumb, 10 bytes, Stack size 0 bytes, fm33lg0xx_fl_adc.o(i.FL_ADC_Disable))
<BR><BR>[Called By]<UL><LI><a href="#[58]">&gt;&gt;</a>&nbsp;&nbsp;&nbsp;FL_ADC_Init
</UL>

<P><STRONG><a name="[5a]"></a>FL_ADC_DisableOverSampling</STRONG> (Thumb, 12 bytes, Stack size 0 bytes, fm33lg0xx_fl_adc.o(i.FL_ADC_DisableOverSampling))
<BR><BR>[Called By]<UL><LI><a href="#[58]">&gt;&gt;</a>&nbsp;&nbsp;&nbsp;FL_ADC_Init
</UL>

<P><STRONG><a name="[57]"></a>FL_ADC_SetClockSource</STRONG> (Thumb, 12 bytes, Stack size 0 bytes, fm33lg0xx_fl_adc.o(i.FL_ADC_SetClockSource))
<BR><BR>[Called By]<UL><LI><a href="#[56]">&gt;&gt;</a>&nbsp;&nbsp;&nbsp;FL_ADC_CommonInit
</UL>

<P><STRONG><a name="[60]"></a>FL_ATIM_GenerateUpdateEvent</STRONG> (Thumb, 10 bytes, Stack size 0 bytes, fm33lg0xx_fl_atim.o(i.FL_ATIM_GenerateUpdateEvent))
<BR><BR>[Called By]<UL><LI><a href="#[5b]">&gt;&gt;</a>&nbsp;&nbsp;&nbsp;FL_ATIM_Init
</UL>

<P><STRONG><a name="[61]"></a>FL_ATIM_IsActiveFlag_Update</STRONG> (Thumb, 16 bytes, Stack size 0 bytes, fm33lg0xx_fl_atim.o(i.FL_ATIM_IsActiveFlag_Update))
<BR><BR>[Called By]<UL><LI><a href="#[5b]">&gt;&gt;</a>&nbsp;&nbsp;&nbsp;FL_ATIM_Init
</UL>

<P><STRONG><a name="[5f]"></a>FL_ATIM_SetCounterAlignedMode</STRONG> (Thumb, 12 bytes, Stack size 0 bytes, fm33lg0xx_fl_atim.o(i.FL_ATIM_SetCounterAlignedMode))
<BR><BR>[Called By]<UL><LI><a href="#[5b]">&gt;&gt;</a>&nbsp;&nbsp;&nbsp;FL_ATIM_Init
</UL>

<P><STRONG><a name="[5e]"></a>FL_ATIM_SetCounterDirection</STRONG> (Thumb, 12 bytes, Stack size 0 bytes, fm33lg0xx_fl_atim.o(i.FL_ATIM_SetCounterDirection))
<BR><BR>[Called By]<UL><LI><a href="#[5b]">&gt;&gt;</a>&nbsp;&nbsp;&nbsp;FL_ATIM_Init
</UL>

<P><STRONG><a name="[5d]"></a>FL_CMU_EnableGroup3OperationClock</STRONG> (Thumb, 12 bytes, Stack size 0 bytes, fm33lg0xx_fl_atim.o(i.FL_CMU_EnableGroup3OperationClock))
<BR><BR>[Called By]<UL><LI><a href="#[5b]">&gt;&gt;</a>&nbsp;&nbsp;&nbsp;FL_ATIM_Init
</UL>

<P><STRONG><a name="[5c]"></a>FL_CMU_EnableGroup4BusClock</STRONG> (Thumb, 12 bytes, Stack size 0 bytes, fm33lg0xx_fl_atim.o(i.FL_CMU_EnableGroup4BusClock))
<BR><BR>[Called By]<UL><LI><a href="#[5b]">&gt;&gt;</a>&nbsp;&nbsp;&nbsp;FL_ATIM_Init
</UL>

<P><STRONG><a name="[6e]"></a>FL_GPIO_DisablePinAnalogSwitch</STRONG> (Thumb, 10 bytes, Stack size 0 bytes, fm33lg0xx_fl_gpio.o(i.FL_GPIO_DisablePinAnalogSwitch))
<BR><BR>[Called By]<UL><LI><a href="#[6a]">&gt;&gt;</a>&nbsp;&nbsp;&nbsp;FL_GPIO_Init
</UL>

<P><STRONG><a name="[6b]"></a>FL_GPIO_DisablePinInput</STRONG> (Thumb, 10 bytes, Stack size 0 bytes, fm33lg0xx_fl_gpio.o(i.FL_GPIO_DisablePinInput))
<BR><BR>[Called By]<UL><LI><a href="#[6a]">&gt;&gt;</a>&nbsp;&nbsp;&nbsp;FL_GPIO_Init
</UL>

<P><STRONG><a name="[6d]"></a>FL_GPIO_DisablePinOpenDrain</STRONG> (Thumb, 10 bytes, Stack size 0 bytes, fm33lg0xx_fl_gpio.o(i.FL_GPIO_DisablePinOpenDrain))
<BR><BR>[Called By]<UL><LI><a href="#[6a]">&gt;&gt;</a>&nbsp;&nbsp;&nbsp;FL_GPIO_Init
</UL>

<P><STRONG><a name="[6c]"></a>FL_GPIO_DisablePinPullup</STRONG> (Thumb, 10 bytes, Stack size 0 bytes, fm33lg0xx_fl_gpio.o(i.FL_GPIO_DisablePinPullup))
<BR><BR>[Called By]<UL><LI><a href="#[6a]">&gt;&gt;</a>&nbsp;&nbsp;&nbsp;FL_GPIO_Init
</UL>

<P><STRONG><a name="[6f]"></a>FL_GPIO_DisablePinRemap</STRONG> (Thumb, 10 bytes, Stack size 0 bytes, fm33lg0xx_fl_gpio.o(i.FL_GPIO_DisablePinRemap))
<BR><BR>[Called By]<UL><LI><a href="#[6a]">&gt;&gt;</a>&nbsp;&nbsp;&nbsp;FL_GPIO_Init
</UL>

<P><STRONG><a name="[70]"></a>FL_GPIO_SetPinMode</STRONG> (Thumb, 26 bytes, Stack size 12 bytes, fm33lg0xx_fl_gpio.o(i.FL_GPIO_SetPinMode))
<BR><BR>[Stack]<UL><LI>Max Depth = 12<LI>Call Chain = FL_GPIO_SetPinMode
</UL>
<BR>[Called By]<UL><LI><a href="#[6a]">&gt;&gt;</a>&nbsp;&nbsp;&nbsp;FL_GPIO_Init
</UL>

<P><STRONG><a name="[72]"></a>FL_IWDT_ReadCounter</STRONG> (Thumb, 20 bytes, Stack size 8 bytes, fm33lg0xx_fl_iwdt.o(i.FL_IWDT_ReadCounter))
<BR><BR>[Stack]<UL><LI>Max Depth = 8<LI>Call Chain = FL_IWDT_ReadCounter
</UL>
<BR>[Called By]<UL><LI><a href="#[71]">&gt;&gt;</a>&nbsp;&nbsp;&nbsp;FL_IWDT_Init
</UL>

<P><STRONG><a name="[77]"></a>FL_CMU_EnableGroup3BusClock</STRONG> (Thumb, 12 bytes, Stack size 0 bytes, fm33lg0xx_fl_uart.o(i.FL_CMU_EnableGroup3BusClock))
<BR><BR>[Called By]<UL><LI><a href="#[76]">&gt;&gt;</a>&nbsp;&nbsp;&nbsp;FL_UART_Init
</UL>

<P><STRONG><a name="[78]"></a>FL_CMU_EnableGroup3OperationClock</STRONG> (Thumb, 12 bytes, Stack size 0 bytes, fm33lg0xx_fl_uart.o(i.FL_CMU_EnableGroup3OperationClock))
<BR><BR>[Called By]<UL><LI><a href="#[76]">&gt;&gt;</a>&nbsp;&nbsp;&nbsp;FL_UART_Init
</UL>

<P><STRONG><a name="[d1]"></a>_fp_digits</STRONG> (Thumb, 344 bytes, Stack size 64 bytes, printfa.o(i._fp_digits), UNUSED)
<BR><BR>[Calls]<UL><LI><a href="#[3c]">&gt;&gt;</a>&nbsp;&nbsp;&nbsp;__aeabi_ddiv
<LI><a href="#[35]">&gt;&gt;</a>&nbsp;&nbsp;&nbsp;__aeabi_dadd
<LI><a href="#[3e]">&gt;&gt;</a>&nbsp;&nbsp;&nbsp;__aeabi_d2ulz
<LI><a href="#[d2]">&gt;&gt;</a>&nbsp;&nbsp;&nbsp;__aeabi_cdrcmple
<LI><a href="#[2e]">&gt;&gt;</a>&nbsp;&nbsp;&nbsp;__aeabi_uldivmod
<LI><a href="#[3b]">&gt;&gt;</a>&nbsp;&nbsp;&nbsp;__aeabi_dmul
</UL>
<BR>[Called By]<UL><LI><a href="#[d0]">&gt;&gt;</a>&nbsp;&nbsp;&nbsp;_printf_core
</UL>

<P><STRONG><a name="[d0]"></a>_printf_core</STRONG> (Thumb, 1754 bytes, Stack size 128 bytes, printfa.o(i._printf_core), UNUSED)
<BR><BR>[Calls]<UL><LI><a href="#[d3]">&gt;&gt;</a>&nbsp;&nbsp;&nbsp;_printf_pre_padding
<LI><a href="#[d4]">&gt;&gt;</a>&nbsp;&nbsp;&nbsp;_printf_post_padding
<LI><a href="#[d1]">&gt;&gt;</a>&nbsp;&nbsp;&nbsp;_fp_digits
<LI><a href="#[2e]">&gt;&gt;</a>&nbsp;&nbsp;&nbsp;__aeabi_uldivmod
<LI><a href="#[2d]">&gt;&gt;</a>&nbsp;&nbsp;&nbsp;__aeabi_uidivmod
</UL>
<BR>[Called By]<UL><LI><a href="#[cf]">&gt;&gt;</a>&nbsp;&nbsp;&nbsp;__0vsnprintf
</UL>

<P><STRONG><a name="[d4]"></a>_printf_post_padding</STRONG> (Thumb, 32 bytes, Stack size 24 bytes, printfa.o(i._printf_post_padding), UNUSED)
<BR><BR>[Called By]<UL><LI><a href="#[d0]">&gt;&gt;</a>&nbsp;&nbsp;&nbsp;_printf_core
</UL>

<P><STRONG><a name="[d3]"></a>_printf_pre_padding</STRONG> (Thumb, 44 bytes, Stack size 40 bytes, printfa.o(i._printf_pre_padding), UNUSED)
<BR><BR>[Called By]<UL><LI><a href="#[d0]">&gt;&gt;</a>&nbsp;&nbsp;&nbsp;_printf_core
</UL>

<P><STRONG><a name="[29]"></a>_snputc</STRONG> (Thumb, 22 bytes, Stack size 0 bytes, printfa.o(i._snputc))
<BR>[Address Reference Count : 1]<UL><LI> printfa.o(i.__0vsnprintf)
</UL><P>
<H3>
Undefined Global Symbols
</H3><HR></body></html>
