<html>
<body>
<pre>
<h1>礦ision Build Log</h1>
<h2>Tool Versions:</h2>
IDE-Version: μVision V5.40.0.0
Copyright (C) 2024 ARM Ltd and ARM Germany GmbH. All rights reserved.
License Information: huawei huawei, huawei Inc, LIC=EXJT4-FLAG0-X7LRZ-JKLLR-37TGZ-CARWT
 
Tool Versions:
Toolchain:       MDK-ARM Plus  Version: 5.40.0.3
Toolchain Path:  D:\Keil_v5\ARM\ARM_Compiler_5.06u7\Bin
C Compiler:      Armcc.exe V5.06 update 7 (build 960)
Assembler:       Armasm.exe V5.06 update 7 (build 960)
Linker/Locator:  ArmLink.exe V5.06 update 7 (build 960)
Library Manager: ArmAr.exe V5.06 update 7 (build 960)
Hex Converter:   FromElf.exe V5.06 update 7 (build 960)
CPU DLL:         SARMCM3.DLL V5.40.0.3
Dialog DLL:      DARMCM1.DLL V1.19.6.0
Target DLL:      STLink\ST-LINKIII-KEIL_SWO.dll V3.3.0.0
Dialog DLL:      TARMCM1.DLL V1.14.6.0
 
<h2>Project:</h2>
c:\Users\huawei\Desktop\工作文件\源码\一体化流量计工装\一体化流量计通讯板\一体化流量计通信板测试程序\MDK-ARM\FM33LG0XX_Tester.uvprojx
Project File Date:  08/08/2025

<h2>Output:</h2>
*** Using Compiler 'V5.06 update 7 (build 960)', folder: 'D:\Keil_v5\ARM\ARM_Compiler_5.06u7\Bin'
Rebuild target 'Example'
assembling startup_fm33lg0xx.s...
compiling mf_config.c...
compiling LED_CTRL.c...
compiling ZDINA219.c...
compiling time.c...
compiling uart1.c...
compiling Test_List.c...
compiling ADC_CHK.c...
compiling uart0.c...
compiling main.c...
compiling PC_xieyi_Ctrl.c...
compiling GPIO.c...
compiling system_fm33lg0xx.c...
compiling WTD.c...
compiling uart3.c...
compiling tongxin_xieyi_Ctrl.c...
compiling uart4.c...
compiling DAC1.c...
compiling lpuart2.c...
compiling I2C.c...
compiling uart5.c...
compiling fm33lg0xx_fl.c...
compiling AT_tongxin_xieyi_Ctrl.c...
compiling fm33lg0xx_fl_adc.c...
compiling fm33lg0xx_fl_aes.c...
compiling fm33lg0xx_fl_bstim16.c...
compiling fm33lg0xx_fl_atim.c...
compiling fm33lg0xx_fl_bstim32.c...
compiling fm33lg0xx_fl_can.c...
compiling fm33lg0xx_fl_cmu.c...
compiling fm33lg0xx_fl_comp.c...
compiling fm33lg0xx_fl_crc.c...
compiling fm33lg0xx_fl_dac.c...
compiling fm33lg0xx_fl_divas.c...
compiling fm33lg0xx_fl_dma.c...
compiling fm33lg0xx_fl_exti.c...
compiling fm33lg0xx_fl_flash.c...
compiling fm33lg0xx_fl_gpio.c...
compiling fm33lg0xx_fl_gptim.c...
compiling fm33lg0xx_fl_i2c.c...
compiling fm33lg0xx_fl_iwdt.c...
compiling fm33lg0xx_fl_lptim16.c...
compiling fm33lg0xx_fl_lptim32.c...
compiling fm33lg0xx_fl_lcd.c...
compiling fm33lg0xx_fl_lpuart.c...
compiling fm33lg0xx_fl_opa.c...
compiling fm33lg0xx_fl_pgl.c...
compiling fm33lg0xx_fl_pmu.c...
compiling fm33lg0xx_fl_rng.c...
compiling fm33lg0xx_fl_rtca.c...
compiling fm33lg0xx_fl_rtcb.c...
compiling fm33lg0xx_fl_spi.c...
compiling fm33lg0xx_fl_svd.c...
compiling fm33lg0xx_fl_u7816.c...
compiling fm33lg0xx_fl_uart.c...
compiling fm33lg0xx_fl_vao.c...
compiling fm33lg0xx_fl_wwdt.c...
compiling fm33lg0xx_fl_vrefp.c...
linking...
Program Size: Code=25860 RO-data=224 RW-data=292 ZI-data=6148  
FromELF: creating hex file...
".\Objects\FM33LC0xx_Tester.axf" - 0 Error(s), 0 Warning(s).

<h2>Software Packages used:</h2>

Package Vendor: FMSH
                https://fmdevelopers.oss-cn-shanghai.aliyuncs.com/FMSH.FM33LG0XX_DFP.3.0.1.pack
                FMSH::FM33LG0XX_DFP@3.0.1
                FMSH FM33LG0XX Series Device Family Pack

<h2>Collection of Component include folders:</h2>
  D:/Arm/Packs/FMSH/FM33LG0XX_DFP/3.0.1/Device/Include

<h2>Collection of Component Files used:</h2>
Build Time Elapsed:  00:00:27
</pre>
</body>
</html>
