Component: ARM Compiler 5.06 update 6 (build 750) Tool: armlink [4d35ed]

==============================================================================

Section Cross References

    startup_fm33lg0xx.o(RESET) refers to startup_fm33lg0xx.o(STACK) for __initial_sp
    startup_fm33lg0xx.o(RESET) refers to startup_fm33lg0xx.o(.text) for Reset_Handler
    startup_fm33lg0xx.o(RESET) refers to uart0.o(i.UART0_IRQHandler) for UART0_IRQHandler
    startup_fm33lg0xx.o(RESET) refers to uart1.o(i.UART1_IRQHandler) for UART1_IRQHandler
    startup_fm33lg0xx.o(RESET) refers to uart3.o(i.UART3_IRQHandler) for UART3_IRQHandler
    startup_fm33lg0xx.o(RESET) refers to uart4.o(i.UART4_IRQHandler) for UART4_IRQHandler
    startup_fm33lg0xx.o(RESET) refers to time.o(i.ATIM_IRQHandler) for ATIM_IRQHandler
    startup_fm33lg0xx.o(RESET) refers to exti.o(i.GPIO_IRQHandler) for GPIO_IRQHandler
    startup_fm33lg0xx.o(.text) refers to system_fm33lg0xx.o(i.SystemInit) for SystemInit
    startup_fm33lg0xx.o(.text) refers to entry.o(.ARM.Collect$$$$00000000) for __main
    mf_config.o(i.MF_Clock_Init) refers to system_fm33lg0xx.o(i.SystemCoreClockUpdate) for SystemCoreClockUpdate
    main.o(i.main) refers to fm33lg0xx_fl.o(i.FL_Init) for FL_Init
    main.o(i.main) refers to mf_config.o(i.MF_Clock_Init) for MF_Clock_Init
    main.o(i.main) refers to exti.o(i.MF_Config_Init) for MF_Config_Init
    main.o(i.main) refers to main.o(i.test_Init) for test_Init
    main.o(i.main) refers to gpio.o(i.huuoer_2_ON) for huuoer_2_ON
    main.o(i.main) refers to fm33lg0xx_fl.o(i.FL_DelayMs) for FL_DelayMs
    main.o(i.main) refers to gpio.o(i.huuoer_2_OFF) for huuoer_2_OFF
    main.o(i.test_Init) refers to gpio.o(i.Others_GPIO_Init) for Others_GPIO_Init
    main.o(i.test_Init) refers to uart3.o(i.UART3_MF_Config_Init) for UART3_MF_Config_Init
    main.o(i.test_Init) refers to uart4.o(i.UART4_MF_Config_Init) for UART4_MF_Config_Init
    main.o(i.test_Init) refers to uart1.o(i.UART1_MF_Config_Init) for UART1_MF_Config_Init
    main.o(i.test_Init) refers to uart0.o(i.UART0_MF_Config_Init) for UART0_MF_Config_Init
    main.o(i.test_Init) refers to time.o(i.ATIM_Init) for ATIM_Init
    main.o(i.test_Init) refers to adc_chk.o(i.MF_ADC_Config_Init) for MF_ADC_Config_Init
    main.o(i.test_Init) refers to test_list.o(i.gongwei_jiance) for gongwei_jiance
    main.o(i.test_Init) refers to test_list.o(i.test_start_Init) for test_start_Init
    main.o(i.test_Init) refers to wtd.o(i.WatchDog_Init) for WatchDog_Init
    system_fm33lg0xx.o(i.SystemCoreClockUpdate) refers to system_fm33lg0xx.o(i.__ARM_common_switch8) for __ARM_common_switch8
    system_fm33lg0xx.o(i.SystemCoreClockUpdate) refers to system_fm33lg0xx.o(i.SystemPLLClockUpdate) for SystemPLLClockUpdate
    system_fm33lg0xx.o(i.SystemCoreClockUpdate) refers to system_fm33lg0xx.o(.data) for XTHFClock
    system_fm33lg0xx.o(i.SystemInit) refers to system_fm33lg0xx.o(i.SystemCoreClockUpdate) for SystemCoreClockUpdate
    system_fm33lg0xx.o(i.SystemPLLClockUpdate) refers to system_fm33lg0xx.o(i.__ARM_common_switch8) for __ARM_common_switch8
    system_fm33lg0xx.o(i.SystemPLLClockUpdate) refers to uidiv.o(.text) for __aeabi_uidivmod
    system_fm33lg0xx.o(i.SystemPLLClockUpdate) refers to system_fm33lg0xx.o(.data) for XTHFClock
    fm33lg0xx_fl.o(i.FL_DelayMs) refers to fm33lg0xx_fl.o(i.FL_DelayUs) for FL_DelayUs
    fm33lg0xx_fl.o(i.FL_DelayMsStart) refers to fm33lg0xx_fl.o(i.FL_DelayUsStart) for FL_DelayUsStart
    fm33lg0xx_fl.o(i.FL_DelayUs) refers to uidiv.o(.text) for __aeabi_uidivmod
    fm33lg0xx_fl.o(i.FL_DelayUs) refers to system_fm33lg0xx.o(.data) for SystemCoreClock
    fm33lg0xx_fl.o(i.FL_DelayUsStart) refers to uidiv.o(.text) for __aeabi_uidivmod
    fm33lg0xx_fl.o(i.FL_DelayUsStart) refers to system_fm33lg0xx.o(.data) for SystemCoreClock
    fm33lg0xx_fl.o(i.FL_Init) refers to fm33lg0xx_fl.o(i.FL_DelayInit) for FL_DelayInit
    fm33lg0xx_fl.o(i.FL_NVIC_Init) refers to fm33lg0xx_fl.o(i.NVIC_SetPriority) for NVIC_SetPriority
    fm33lg0xx_fl_adc.o(i.FL_ADC_CommonInit) refers to fm33lg0xx_fl_adc.o(i.FL_ADC_SetClockSource) for FL_ADC_SetClockSource
    fm33lg0xx_fl_adc.o(i.FL_ADC_DeInit) refers to fm33lg0xx_fl_adc.o(i.FL_RMU_EnableResetAPBPeripheral) for FL_RMU_EnableResetAPBPeripheral
    fm33lg0xx_fl_adc.o(i.FL_ADC_DeInit) refers to fm33lg0xx_fl_adc.o(i.FL_RMU_DisableResetAPBPeripheral) for FL_RMU_DisableResetAPBPeripheral
    fm33lg0xx_fl_adc.o(i.FL_ADC_Init) refers to fm33lg0xx_fl_adc.o(i.FL_ADC_Disable) for FL_ADC_Disable
    fm33lg0xx_fl_adc.o(i.FL_ADC_Init) refers to fm33lg0xx_fl_adc.o(i.FL_ADC_DisableOverSampling) for FL_ADC_DisableOverSampling
    fm33lg0xx_fl_atim.o(i.FL_ATIM_ETR_Init) refers to fm33lg0xx_fl_atim.o(i.FL_CMU_EnableGroup4BusClock) for FL_CMU_EnableGroup4BusClock
    fm33lg0xx_fl_atim.o(i.FL_ATIM_ETR_Init) refers to fm33lg0xx_fl_atim.o(i.FL_CMU_EnableGroup3OperationClock) for FL_CMU_EnableGroup3OperationClock
[...]
    Removing tongxin_xieyi_ctrl.o(i.Get_Famen_Status), (32 bytes).
    Removing tongxin_xieyi_ctrl.o(i.Get_yali_Status), (32 bytes).
    Removing tongxin_xieyi_ctrl.o(i.TONGXIN_xieyifasong), (236 bytes).
    Removing tongxin_xieyi_ctrl.o(i.TONGXIN_xieyijiexi), (1028 bytes).
    Removing tongxin_xieyi_ctrl.o(i.find_banbenhao_xieyi), (32 bytes).
    Removing tongxin_xieyi_ctrl.o(i.find_biaohao_xieyi), (32 bytes).
    Removing tongxin_xieyi_ctrl.o(i.guan_hongwai_xieyi), (32 bytes).
    Removing tongxin_xieyi_ctrl.o(i.guanfa_xieyi), (40 bytes).
    Removing tongxin_xieyi_ctrl.o(i.kaifa_xieyi), (40 bytes).
    Removing tongxin_xieyi_ctrl.o(i.send_chaxun_xieyi), (32 bytes).
    Removing tongxin_xieyi_ctrl.o(i.send_shanggao_xieyi), (32 bytes).
    Removing tongxin_xieyi_ctrl.o(i.yali_enable_xieyi), (32 bytes).
    Removing tongxin_xieyi_ctrl.o(.bss), (200 bytes).
    Removing tongxin_xieyi_ctrl.o(.data), (7 bytes).
    Removing uart0.o(.rev16_text), (4 bytes).
    Removing uart0.o(.revsh_text), (4 bytes).
    Removing uart0.o(i.DeBug_print), (68 bytes).
    Removing uart0.o(i.PC_Chuankou_tongxin_Debug_send), (32 bytes).
    Removing uart0.o(i.PC_Chuankou_tongxin_send), (16 bytes).
    Removing uart0.o(i.UART_TX_state_change), (56 bytes).
    Removing uart0.o(i.Uart0_Rx_rec), (120 bytes).
    Removing uart0.o(i.Uart0_Tx_Send), (120 bytes).
    Removing uart1.o(.rev16_text), (4 bytes).
    Removing uart1.o(.revsh_text), (4 bytes).
    Removing uart1.o(i.Uart1_Rx_rec), (80 bytes).
    Removing uart1.o(i.Uart1_Tx_Send), (112 bytes).
    Removing uart1.o(i.Uart1_Tx_Send_ok), (92 bytes).
    Removing uart3.o(.rev16_text), (4 bytes).
    Removing uart3.o(.revsh_text), (4 bytes).
    Removing uart3.o(i.Uart3_Rx_rec), (88 bytes).
    Removing uart3.o(i.Uart3_Tx_Send), (116 bytes).
    Removing uart4.o(.rev16_text), (4 bytes).
    Removing uart4.o(.revsh_text), (4 bytes).
    Removing uart4.o(i.Uart4_Rx_rec), (80 bytes).
    Removing uart4.o(i.Uart4_Tx_Send), (116 bytes).
    Removing uart4.o(i.Uart4_Tx_Send_ok), (104 bytes).
    Removing wtd.o(.rev16_text), (4 bytes).
    Removing wtd.o(.revsh_text), (4 bytes).
    Removing zdina219.o(.rev16_text), (4 bytes).
    Removing zdina219.o(.revsh_text), (4 bytes).
    Removing zdina219.o(i.CheckZDCurrent), (156 bytes).
    Removing zdina219.o(i.Current_CHK_CTRL_OFF_l), (40 bytes).
    Removing zdina219.o(i.Current_CHK_CTRL_ON_l), (40 bytes).
    Removing zdina219.o(i.Current_CHK_Func), (44 bytes).
    Removing zdina219.o(i.FL_GPIO_GetInputPin), (22 bytes).
    Removing zdina219.o(i.FL_GPIO_ResetOutputPin), (6 bytes).
    Removing zdina219.o(i.ReadZD_Current), (172 bytes).
    Removing zdina219.o(i.ZDINA219_IIC_Delay), (16 bytes).
    Removing zdina219.o(i.ZDINA219_IIC_Init), (22 bytes).
    Removing zdina219.o(i.ZDINA219_IIC_RevByte), (70 bytes).
    Removing zdina219.o(i.ZDINA219_IIC_RevBytes), (98 bytes).
    Removing zdina219.o(i.ZDINA219_IIC_SendByte), (122 bytes).
    Removing zdina219.o(i.ZDINA219_IIC_SendBytes), (28 bytes).
    Removing zdina219.o(i.ZDINA219_IIC_Start), (38 bytes).
    Removing zdina219.o(i.ZDINA219_IIC_Stop), (48 bytes).
    Removing zdina219.o(i.ZDINA219_SCL), (100 bytes).
    Removing zdina219.o(i.ZDINA219_SDA), (100 bytes).
    Removing zdina219.o(i.ZDINA219_SDA_InPut), (52 bytes).
    Removing zdina219.o(i.ZDINA219_SDA_OUT_Dir_CTL), (92 bytes).
    Removing zdina219.o(.bss), (30 bytes).
    Removing zdina219.o(.data), (3 bytes).
    Removing exti.o(.rev16_text), (4 bytes).
    Removing exti.o(.revsh_text), (4 bytes).
    Removing exti.o(i.EXTI_Init), (16 bytes).
    Removing fadd.o(.text), (178 bytes).
    Removing fmul.o(.text), (122 bytes).
    Removing fdiv.o(.text), (124 bytes).
    Removing dadd.o(.text), (356 bytes).
    Removing dmul.o(.text), (208 bytes).
    Removing ddiv.o(.text), (240 bytes).
    Removing ffltui.o(.text), (14 bytes).
    Removing dfltui.o(.text), (28 bytes).
    Removing ffixui.o(.text), (40 bytes).
    Removing dfixui.o(.text), (60 bytes).
    Removing cfcmple.o(.text), (20 bytes).
    Removing fepilogue.o(.text), (130 bytes).
    Removing depilogue.o(.text), (190 bytes).
    Removing dfixul.o(.text), (64 bytes).
    Removing cdrcmple.o(.text), (40 bytes).
    Removing adc_chk.o(i.__ARM_common_ll_muluu), (48 bytes).
    Removing depilogue.o(i.__ARM_clz), (46 bytes).

469 unused section(s) (total 44601 bytes) removed from the image.

==============================================================================

Image Symbol Table

    Local Symbols

    Symbol Name                              Value     Ov Type        Size  Object(Section)

    RESET                                    0x00000000   Section      192  startup_fm33lg0xx.o(RESET)
    ../clib/microlib/division.c              0x00000000   Number         0  uidiv.o ABSOLUTE
    ../clib/microlib/division.c              0x00000000   Number         0  idiv.o ABSOLUTE
    ../clib/microlib/division.c              0x00000000   Number         0  uldiv.o ABSOLUTE
    ../clib/microlib/init/entry.s            0x00000000   Number         0  entry8a.o ABSOLUTE
    ../clib/microlib/init/entry.s            0x00000000   Number         0  entry7b.o ABSOLUTE
    ../clib/microlib/init/entry.s            0x00000000   Number         0  entry7a.o ABSOLUTE
    ../clib/microlib/init/entry.s            0x00000000   Number         0  entry11b.o ABSOLUTE
    ../clib/microlib/init/entry.s            0x00000000   Number         0  entry.o ABSOLUTE
    ../clib/microlib/init/entry.s            0x00000000   Number         0  entry11a.o ABSOLUTE
    ../clib/microlib/init/entry.s            0x00000000   Number         0  entry5.o ABSOLUTE
    ../clib/microlib/init/entry.s            0x00000000   Number         0  entry10b.o ABSOLUTE
    ../clib/microlib/init/entry.s            0x00000000   Number         0  entry10a.o ABSOLUTE
    ../clib/microlib/init/entry.s            0x00000000   Number         0  entry9b.o ABSOLUTE
    ../clib/microlib/init/entry.s            0x00000000   Number         0  entry2.o ABSOLUTE
    ../clib/microlib/init/entry.s            0x00000000   Number         0  entry9a.o ABSOLUTE
    ../clib/microlib/init/entry.s            0x00000000   Number         0  entry8b.o ABSOLUTE
    ../clib/microlib/longlong.c              0x00000000   Number         0  llushr.o ABSOLUTE
    ../clib/microlib/longlong.c              0x00000000   Number         0  llmul.o ABSOLUTE
    ../clib/microlib/longlong.c              0x00000000   Number         0  llsshr.o ABSOLUTE
    ../clib/microlib/longlong.c              0x00000000   Number         0  llshl.o ABSOLUTE
    ../clib/microlib/printf/printf.c         0x00000000   Number         0  printfa.o ABSOLUTE
    ../clib/microlib/stdio/fputc.c           0x00000000   Number         0  fputc.o ABSOLUTE
    ../clib/microlib/stdio/semi.s            0x00000000   Number         0  semi.o ABSOLUTE
    ../clib/microlib/stdio/streams.c         0x00000000   Number         0  stdout.o ABSOLUTE
    ../clib/microlib/string/memcpy.c         0x00000000   Number         0  memcpya.o ABSOLUTE
    ../clib/microlib/string/memcpy.c         0x00000000   Number         0  memcpyb.o ABSOLUTE
    ../clib/microlib/string/memset.c         0x00000000   Number         0  memseta.o ABSOLUTE
    ../clib/microlib/stubs.s                 0x00000000   Number         0  iusesemip.o ABSOLUTE
    ../clib/microlib/stubs.s                 0x00000000   Number         0  iusefp.o ABSOLUTE
    ../fplib/microlib/fpadd.c                0x00000000   Number         0  dadd.o ABSOLUTE
    ../fplib/microlib/fpadd.c                0x00000000   Number         0  fadd.o ABSOLUTE
    ../fplib/microlib/fpdiv.c                0x00000000   Number         0  ddiv.o ABSOLUTE
    ../fplib/microlib/fpdiv.c                0x00000000   Number         0  fdiv.o ABSOLUTE
    ../fplib/microlib/fpepilogue.c           0x00000000   Number         0  fepilogue.o ABSOLUTE
    ../fplib/microlib/fpepilogue.c           0x00000000   Number         0  depilogue.o ABSOLUTE
    ../fplib/microlib/fpfix.c                0x00000000   Number         0  ffixui.o ABSOLUTE
    ../fplib/microlib/fpfix.c                0x00000000   Number         0  dfixui.o ABSOLUTE
    ../fplib/microlib/fpfix.c                0x00000000   Number         0  dfixul.o ABSOLUTE
    ../fplib/microlib/fpflt.c                0x00000000   Number         0  ffltui.o ABSOLUTE
    ../fplib/microlib/fpflt.c                0x00000000   Number         0  dfltui.o ABSOLUTE
    ../fplib/microlib/fpmul.c                0x00000000   Number         0  dmul.o ABSOLUTE
    ../fplib/microlib/fpmul.c                0x00000000   Number         0  fmul.o ABSOLUTE
    ..\Drivers\CMSIS\Device\FM\FM33xx\Source\Templates\ARM\startup_fm33lg0xx.s 0x00000000   Number         0  startup_fm33lg0xx.o ABSOLUTE
    ..\Drivers\CMSIS\Device\FM\FM33xx\Source\system_fm33lg0xx.c 0x00000000   Number         0  system_fm33lg0xx.o ABSOLUTE
    ..\Drivers\FM33LG0xx_FL_Driver\Src\fm33lg0xx_fl.c 0x00000000   Number         0  fm33lg0xx_fl.o ABSOLUTE
    ..\Drivers\FM33LG0xx_FL_Driver\Src\fm33lg0xx_fl_adc.c 0x00000000   Number         0  fm33lg0xx_fl_adc.o ABSOLUTE
    ..\Drivers\FM33LG0xx_FL_Driver\Src\fm33lg0xx_fl_aes.c 0x00000000   Number         0  fm33lg0xx_fl_aes.o ABSOLUTE
    ..\Drivers\FM33LG0xx_FL_Driver\Src\fm33lg0xx_fl_atim.c 0x00000000   Number         0  fm33lg0xx_fl_atim.o ABSOLUTE
    ..\Drivers\FM33LG0xx_FL_Driver\Src\fm33lg0xx_fl_bstim16.c 0x00000000   Number         0  fm33lg0xx_fl_bstim16.o ABSOLUTE
    ..\Drivers\FM33LG0xx_FL_Driver\Src\fm33lg0xx_fl_bstim32.c 0x00000000   Number         0  fm33lg0xx_fl_bstim32.o ABSOLUTE
    ..\Drivers\FM33LG0xx_FL_Driver\Src\fm33lg0xx_fl_can.c 0x00000000   Number         0  fm33lg0xx_fl_can.o ABSOLUTE
    ..\Drivers\FM33LG0xx_FL_Driver\Src\fm33lg0xx_fl_cmu.c 0x00000000   Number         0  fm33lg0xx_fl_cmu.o ABSOLUTE
    ..\Drivers\FM33LG0xx_FL_Driver\Src\fm33lg0xx_fl_comp.c 0x00000000   Number         0  fm33lg0xx_fl_comp.o ABSOLUTE
    ..\Drivers\FM33LG0xx_FL_Driver\Src\fm33lg0xx_fl_crc.c 0x00000000   Number         0  fm33lg0xx_fl_crc.o ABSOLUTE
    ..\Drivers\FM33LG0xx_FL_Driver\Src\fm33lg0xx_fl_dac.c 0x00000000   Number         0  fm33lg0xx_fl_dac.o ABSOLUTE
    ..\Drivers\FM33LG0xx_FL_Driver\Src\fm33lg0xx_fl_divas.c 0x00000000   Number         0  fm33lg0xx_fl_divas.o ABSOLUTE
    ..\Drivers\FM33LG0xx_FL_Driver\Src\fm33lg0xx_fl_dma.c 0x00000000   Number         0  fm33lg0xx_fl_dma.o ABSOLUTE
    ..\Drivers\FM33LG0xx_FL_Driver\Src\fm33lg0xx_fl_exti.c 0x00000000   Number         0  fm33lg0xx_fl_exti.o ABSOLUTE
    ..\Drivers\FM33LG0xx_FL_Driver\Src\fm33lg0xx_fl_flash.c 0x00000000   Number         0  fm33lg0xx_fl_flash.o ABSOLUTE
    ..\Drivers\FM33LG0xx_FL_Driver\Src\fm33lg0xx_fl_gpio.c 0x00000000   Number         0  fm33lg0xx_fl_gpio.o ABSOLUTE
    ..\Drivers\FM33LG0xx_FL_Driver\Src\fm33lg0xx_fl_gptim.c 0x00000000   Number         0  fm33lg0xx_fl_gptim.o ABSOLUTE
    ..\Drivers\FM33LG0xx_FL_Driver\Src\fm33lg0xx_fl_i2c.c 0x00000000   Number         0  fm33lg0xx_fl_i2c.o ABSOLUTE
    ..\Drivers\FM33LG0xx_FL_Driver\Src\fm33lg0xx_fl_iwdt.c 0x00000000   Number         0  fm33lg0xx_fl_iwdt.o ABSOLUTE
    ..\Drivers\FM33LG0xx_FL_Driver\Src\fm33lg0xx_fl_lcd.c 0x00000000   Number         0  fm33lg0xx_fl_lcd.o ABSOLUTE
    ..\Drivers\FM33LG0xx_FL_Driver\Src\fm33lg0xx_fl_lptim16.c 0x00000000   Number         0  fm33lg0xx_fl_lptim16.o ABSOLUTE
    ..\Drivers\FM33LG0xx_FL_Driver\Src\fm33lg0xx_fl_lptim32.c 0x00000000   Number         0  fm33lg0xx_fl_lptim32.o ABSOLUTE
    ..\Drivers\FM33LG0xx_FL_Driver\Src\fm33lg0xx_fl_lpuart.c 0x00000000   Number         0  fm33lg0xx_fl_lpuart.o ABSOLUTE
    ..\Drivers\FM33LG0xx_FL_Driver\Src\fm33lg0xx_fl_opa.c 0x00000000   Number         0  fm33lg0xx_fl_opa.o ABSOLUTE
    ..\Drivers\FM33LG0xx_FL_Driver\Src\fm33lg0xx_fl_pgl.c 0x00000000   Number         0  fm33lg0xx_fl_pgl.o ABSOLUTE
    ..\Drivers\FM33LG0xx_FL_Driver\Src\fm33lg0xx_fl_pmu.c 0x00000000   Number         0  fm33lg0xx_fl_pmu.o ABSOLUTE
    ..\Drivers\FM33LG0xx_FL_Driver\Src\fm33lg0xx_fl_rng.c 0x00000000   Number         0  fm33lg0xx_fl_rng.o ABSOLUTE
    ..\Drivers\FM33LG0xx_FL_Driver\Src\fm33lg0xx_fl_rtca.c 0x00000000   Number         0  fm33lg0xx_fl_rtca.o ABSOLUTE
    ..\Drivers\FM33LG0xx_FL_Driver\Src\fm33lg0xx_fl_rtcb.c 0x00000000   Number         0  fm33lg0xx_fl_rtcb.o ABSOLUTE
    ..\Drivers\FM33LG0xx_FL_Driver\Src\fm33lg0xx_fl_spi.c 0x00000000   Number         0  fm33lg0xx_fl_spi.o ABSOLUTE
    ..\Drivers\FM33LG0xx_FL_Driver\Src\fm33lg0xx_fl_svd.c 0x00000000   Number         0  fm33lg0xx_fl_svd.o ABSOLUTE
    ..\Drivers\FM33LG0xx_FL_Driver\Src\fm33lg0xx_fl_u7816.c 0x00000000   Number         0  fm33lg0xx_fl_u7816.o ABSOLUTE
    ..\Drivers\FM33LG0xx_FL_Driver\Src\fm33lg0xx_fl_uart.c 0x00000000   Number         0  fm33lg0xx_fl_uart.o ABSOLUTE
    ..\Drivers\FM33LG0xx_FL_Driver\Src\fm33lg0xx_fl_vao.c 0x00000000   Number         0  fm33lg0xx_fl_vao.o ABSOLUTE
    ..\Drivers\FM33LG0xx_FL_Driver\Src\fm33lg0xx_fl_vrefp.c 0x00000000   Number         0  fm33lg0xx_fl_vrefp.o ABSOLUTE
    ..\Drivers\FM33LG0xx_FL_Driver\Src\fm33lg0xx_fl_wwdt.c 0x00000000   Number         0  fm33lg0xx_fl_wwdt.o ABSOLUTE
    ..\MF-config\Src\mf_config.c             0x00000000   Number         0  mf_config.o ABSOLUTE
    ..\Src\ADC_CHK.c                         0x00000000   Number         0  adc_chk.o ABSOLUTE
    ..\Src\GPIO.c                            0x00000000   Number         0  gpio.o ABSOLUTE
    ..\Src\LED_CTRL.c                        0x00000000   Number         0  led_ctrl.o ABSOLUTE
    ..\Src\PC_xieyi_Ctrl.c                   0x00000000   Number         0  pc_xieyi_ctrl.o ABSOLUTE
    ..\Src\Test_List.c                       0x00000000   Number         0  test_list.o ABSOLUTE
    ..\Src\WTD.c                             0x00000000   Number         0  wtd.o ABSOLUTE
    ..\Src\ZDINA219.c                        0x00000000   Number         0  zdina219.o ABSOLUTE
    ..\Src\crc.c                             0x00000000   Number         0  crc.o ABSOLUTE
    ..\Src\exti.c                            0x00000000   Number         0  exti.o ABSOLUTE
    ..\Src\jiliang_xieyi_Ctrl.c              0x00000000   Number         0  jiliang_xieyi_ctrl.o ABSOLUTE
    ..\Src\main.c                            0x00000000   Number         0  main.o ABSOLUTE
    ..\Src\time.c                            0x00000000   Number         0  time.o ABSOLUTE
    ..\Src\tongxin_xieyi_Ctrl.c              0x00000000   Number         0  tongxin_xieyi_ctrl.o ABSOLUTE
    ..\Src\uart0.c                           0x00000000   Number         0  uart0.o ABSOLUTE
    ..\Src\uart1.c                           0x00000000   Number         0  uart1.o ABSOLUTE
    ..\Src\uart3.c                           0x00000000   Number         0  uart3.o ABSOLUTE
    ..\Src\uart4.c                           0x00000000   Number         0  uart4.o ABSOLUTE
    ..\\Drivers\\CMSIS\\Device\\FM\\FM33xx\\Source\\system_fm33lg0xx.c 0x00000000   Number         0  system_fm33lg0xx.o ABSOLUTE
    ..\\Drivers\\FM33LG0xx_FL_Driver\\Src\\fm33lg0xx_fl.c 0x00000000   Number         0  fm33lg0xx_fl.o ABSOLUTE
    ..\\Drivers\\FM33LG0xx_FL_Driver\\Src\\fm33lg0xx_fl_adc.c 0x00000000   Number         0  fm33lg0xx_fl_adc.o ABSOLUTE
    ..\\Drivers\\FM33LG0xx_FL_Driver\\Src\\fm33lg0xx_fl_aes.c 0x00000000   Number         0  fm33lg0xx_fl_aes.o ABSOLUTE
    ..\\Drivers\\FM33LG0xx_FL_Driver\\Src\\fm33lg0xx_fl_atim.c 0x00000000   Number         0  fm33lg0xx_fl_atim.o ABSOLUTE
    ..\\Drivers\\FM33LG0xx_FL_Driver\\Src\\fm33lg0xx_fl_bstim16.c 0x00000000   Number         0  fm33lg0xx_fl_bstim16.o ABSOLUTE
    ..\\Drivers\\FM33LG0xx_FL_Driver\\Src\\fm33lg0xx_fl_bstim32.c 0x00000000   Number         0  fm33lg0xx_fl_bstim32.o ABSOLUTE
    ..\\Drivers\\FM33LG0xx_FL_Driver\\Src\\fm33lg0xx_fl_can.c 0x00000000   Number         0  fm33lg0xx_fl_can.o ABSOLUTE
    ..\\Drivers\\FM33LG0xx_FL_Driver\\Src\\fm33lg0xx_fl_cmu.c 0x00000000   Number         0  fm33lg0xx_fl_cmu.o ABSOLUTE
    ..\\Drivers\\FM33LG0xx_FL_Driver\\Src\\fm33lg0xx_fl_comp.c 0x00000000   Number         0  fm33lg0xx_fl_comp.o ABSOLUTE
    ..\\Drivers\\FM33LG0xx_FL_Driver\\Src\\fm33lg0xx_fl_crc.c 0x00000000   Number         0  fm33lg0xx_fl_crc.o ABSOLUTE
    ..\\Drivers\\FM33LG0xx_FL_Driver\\Src\\fm33lg0xx_fl_dac.c 0x00000000   Number         0  fm33lg0xx_fl_dac.o ABSOLUTE
    ..\\Drivers\\FM33LG0xx_FL_Driver\\Src\\fm33lg0xx_fl_divas.c 0x00000000   Number         0  fm33lg0xx_fl_divas.o ABSOLUTE
    ..\\Drivers\\FM33LG0xx_FL_Driver\\Src\\fm33lg0xx_fl_dma.c 0x00000000   Number         0  fm33lg0xx_fl_dma.o ABSOLUTE
    ..\\Drivers\\FM33LG0xx_FL_Driver\\Src\\fm33lg0xx_fl_exti.c 0x00000000   Number         0  fm33lg0xx_fl_exti.o ABSOLUTE
    ..\\Drivers\\FM33LG0xx_FL_Driver\\Src\\fm33lg0xx_fl_flash.c 0x00000000   Number         0  fm33lg0xx_fl_flash.o ABSOLUTE
    ..\\Drivers\\FM33LG0xx_FL_Driver\\Src\\fm33lg0xx_fl_gpio.c 0x00000000   Number         0  fm33lg0xx_fl_gpio.o ABSOLUTE
    ..\\Drivers\\FM33LG0xx_FL_Driver\\Src\\fm33lg0xx_fl_gptim.c 0x00000000   Number         0  fm33lg0xx_fl_gptim.o ABSOLUTE
    ..\\Drivers\\FM33LG0xx_FL_Driver\\Src\\fm33lg0xx_fl_i2c.c 0x00000000   Number         0  fm33lg0xx_fl_i2c.o ABSOLUTE
    ..\\Drivers\\FM33LG0xx_FL_Driver\\Src\\fm33lg0xx_fl_iwdt.c 0x00000000   Number         0  fm33lg0xx_fl_iwdt.o ABSOLUTE
    ..\\Drivers\\FM33LG0xx_FL_Driver\\Src\\fm33lg0xx_fl_lcd.c 0x00000000   Number         0  fm33lg0xx_fl_lcd.o ABSOLUTE
    ..\\Drivers\\FM33LG0xx_FL_Driver\\Src\\fm33lg0xx_fl_lptim16.c 0x00000000   Number         0  fm33lg0xx_fl_lptim16.o ABSOLUTE
    ..\\Drivers\\FM33LG0xx_FL_Driver\\Src\\fm33lg0xx_fl_lptim32.c 0x00000000   Number         0  fm33lg0xx_fl_lptim32.o ABSOLUTE
    ..\\Drivers\\FM33LG0xx_FL_Driver\\Src\\fm33lg0xx_fl_lpuart.c 0x00000000   Number         0  fm33lg0xx_fl_lpuart.o ABSOLUTE
    ..\\Drivers\\FM33LG0xx_FL_Driver\\Src\\fm33lg0xx_fl_opa.c 0x00000000   Number         0  fm33lg0xx_fl_opa.o ABSOLUTE
    ..\\Drivers\\FM33LG0xx_FL_Driver\\Src\\fm33lg0xx_fl_pgl.c 0x00000000   Number         0  fm33lg0xx_fl_pgl.o ABSOLUTE
    ..\\Drivers\\FM33LG0xx_FL_Driver\\Src\\fm33lg0xx_fl_pmu.c 0x00000000   Number         0  fm33lg0xx_fl_pmu.o ABSOLUTE
    ..\\Drivers\\FM33LG0xx_FL_Driver\\Src\\fm33lg0xx_fl_rng.c 0x00000000   Number         0  fm33lg0xx_fl_rng.o ABSOLUTE
    ..\\Drivers\\FM33LG0xx_FL_Driver\\Src\\fm33lg0xx_fl_rtca.c 0x00000000   Number         0  fm33lg0xx_fl_rtca.o ABSOLUTE
    ..\\Drivers\\FM33LG0xx_FL_Driver\\Src\\fm33lg0xx_fl_rtcb.c 0x00000000   Number         0  fm33lg0xx_fl_rtcb.o ABSOLUTE
    ..\\Drivers\\FM33LG0xx_FL_Driver\\Src\\fm33lg0xx_fl_spi.c 0x00000000   Number         0  fm33lg0xx_fl_spi.o ABSOLUTE
    ..\\Drivers\\FM33LG0xx_FL_Driver\\Src\\fm33lg0xx_fl_svd.c 0x00000000   Number         0  fm33lg0xx_fl_svd.o ABSOLUTE
    ..\\Drivers\\FM33LG0xx_FL_Driver\\Src\\fm33lg0xx_fl_u7816.c 0x00000000   Number         0  fm33lg0xx_fl_u7816.o ABSOLUTE
    ..\\Drivers\\FM33LG0xx_FL_Driver\\Src\\fm33lg0xx_fl_uart.c 0x00000000   Number         0  fm33lg0xx_fl_uart.o ABSOLUTE
    ..\\Drivers\\FM33LG0xx_FL_Driver\\Src\\fm33lg0xx_fl_vao.c 0x00000000   Number         0  fm33lg0xx_fl_vao.o ABSOLUTE
    ..\\Drivers\\FM33LG0xx_FL_Driver\\Src\\fm33lg0xx_fl_vrefp.c 0x00000000   Number         0  fm33lg0xx_fl_vrefp.o ABSOLUTE
    ..\\Drivers\\FM33LG0xx_FL_Driver\\Src\\fm33lg0xx_fl_wwdt.c 0x00000000   Number         0  fm33lg0xx_fl_wwdt.o ABSOLUTE
    ..\\MF-config\\Src\\mf_config.c          0x00000000   Number         0  mf_config.o ABSOLUTE
    ..\\Src\\ADC_CHK.c                       0x00000000   Number         0  adc_chk.o ABSOLUTE
    ..\\Src\\GPIO.c                          0x00000000   Number         0  gpio.o ABSOLUTE
    ..\\Src\\LED_CTRL.c                      0x00000000   Number         0  led_ctrl.o ABSOLUTE
    ..\\Src\\PC_xieyi_Ctrl.c                 0x00000000   Number         0  pc_xieyi_ctrl.o ABSOLUTE
    ..\\Src\\Test_List.c                     0x00000000   Number         0  test_list.o ABSOLUTE
    ..\\Src\\WTD.c                           0x00000000   Number         0  wtd.o ABSOLUTE
    ..\\Src\\ZDINA219.c                      0x00000000   Number         0  zdina219.o ABSOLUTE
    ..\\Src\\crc.c                           0x00000000   Number         0  crc.o ABSOLUTE
    ..\\Src\\exti.c                          0x00000000   Number         0  exti.o ABSOLUTE
    ..\\Src\\jiliang_xieyi_Ctrl.c            0x00000000   Number         0  jiliang_xieyi_ctrl.o ABSOLUTE
    ..\\Src\\main.c                          0x00000000   Number         0  main.o ABSOLUTE
    ..\\Src\\time.c                          0x00000000   Number         0  time.o ABSOLUTE
    ..\\Src\\tongxin_xieyi_Ctrl.c            0x00000000   Number         0  tongxin_xieyi_ctrl.o ABSOLUTE
    ..\\Src\\uart0.c                         0x00000000   Number         0  uart0.o ABSOLUTE
    ..\\Src\\uart1.c                         0x00000000   Number         0  uart1.o ABSOLUTE
    ..\\Src\\uart3.c                         0x00000000   Number         0  uart3.o ABSOLUTE
    ..\\Src\\uart4.c                         0x00000000   Number         0  uart4.o ABSOLUTE
    cdrcmple.s                               0x00000000   Number         0  cdrcmple.o ABSOLUTE
    cfcmple.s                                0x00000000   Number         0  cfcmple.o ABSOLUTE
    dc.s                                     0x00000000   Number         0  dc.o ABSOLUTE
    handlers.s                               0x00000000   Number         0  handlers.o ABSOLUTE
    init.s                                   0x00000000   Number         0  init.o ABSOLUTE
    .ARM.Collect$$$$00000000                 0x000000c0   Section        0  entry.o(.ARM.Collect$$$$00000000)
    .ARM.Collect$$$$00000001                 0x000000c0   Section        4  entry2.o(.ARM.Collect$$$$00000001)
    .ARM.Collect$$$$00000004                 0x000000c4   Section        4  entry5.o(.ARM.Collect$$$$00000004)
    .ARM.Collect$$$$00000008                 0x000000c8   Section        0  entry7b.o(.ARM.Collect$$$$00000008)
    .ARM.Collect$$$$0000000A                 0x000000c8   Section        0  entry8b.o(.ARM.Collect$$$$0000000A)
    .ARM.Collect$$$$0000000B                 0x000000c8   Section        8  entry9a.o(.ARM.Collect$$$$0000000B)
    .ARM.Collect$$$$0000000D                 0x000000d0   Section        0  entry10a.o(.ARM.Collect$$$$0000000D)
    .ARM.Collect$$$$0000000F                 0x000000d0   Section        0  entry11a.o(.ARM.Collect$$$$0000000F)
    .ARM.Collect$$$$00002712                 0x000000d0   Section        4  entry2.o(.ARM.Collect$$$$00002712)
    __lit__00000000                          0x000000d0   Data           4  entry2.o(.ARM.Collect$$$$00002712)
    .text                                    0x000000d4   Section       28  startup_fm33lg0xx.o(.text)
    .text                                    0x000000f0   Section        0  uidiv.o(.text)
    .text                                    0x0000011c   Section       36  init.o(.text)
    i.ATIM_IRQHandler                        0x00000140   Section        0  time.o(i.ATIM_IRQHandler)
    i.ATIM_Init                              0x00000290   Section        0  time.o(i.ATIM_Init)
    i.ATIM_NVIC_Init                         0x000002a4   Section        0  time.o(i.ATIM_NVIC_Init)
    i.ATIM_Start                             0x000002b4   Section        0  time.o(i.ATIM_Start)
    i.Current_CHK_CTRL_OFF                   0x000002cc   Section        0  gpio.o(i.Current_CHK_CTRL_OFF)
    i.FL_ADC_CommonInit                      0x000002dc   Section        0  fm33lg0xx_fl_adc.o(i.FL_ADC_CommonInit)
    i.FL_ADC_Disable                         0x00000468   Section        0  fm33lg0xx_fl_adc.o(i.FL_ADC_Disable)
    FL_ADC_Disable                           0x00000469   Thumb Code    10  fm33lg0xx_fl_adc.o(i.FL_ADC_Disable)
    i.FL_ADC_DisableOverSampling             0x00000472   Section        0  fm33lg0xx_fl_adc.o(i.FL_ADC_DisableOverSampling)
    FL_ADC_DisableOverSampling               0x00000473   Thumb Code    12  fm33lg0xx_fl_adc.o(i.FL_ADC_DisableOverSampling)
    i.FL_ADC_EnableSequencerChannel          0x0000047e   Section        0  adc_chk.o(i.FL_ADC_EnableSequencerChannel)
    FL_ADC_EnableSequencerChannel            0x0000047f   Thumb Code    12  adc_chk.o(i.FL_ADC_EnableSequencerChannel)
    i.FL_ADC_Init                            0x0000048c   Section        0  fm33lg0xx_fl_adc.o(i.FL_ADC_Init)
    i.FL_ADC_SetClockSource                  0x00000814   Section        0  fm33lg0xx_fl_adc.o(i.FL_ADC_SetClockSource)
    FL_ADC_SetClockSource                    0x00000815   Thumb Code    12  fm33lg0xx_fl_adc.o(i.FL_ADC_SetClockSource)
    i.FL_ATIM_GenerateUpdateEvent            0x00000820   Section        0  fm33lg0xx_fl_atim.o(i.FL_ATIM_GenerateUpdateEvent)
    FL_ATIM_GenerateUpdateEvent              0x00000821   Thumb Code    10  fm33lg0xx_fl_atim.o(i.FL_ATIM_GenerateUpdateEvent)
    i.FL_ATIM_Init                           0x0000082c   Section        0  fm33lg0xx_fl_atim.o(i.FL_ATIM_Init)
    i.FL_ATIM_IsActiveFlag_Update            0x000009c4   Section        0  fm33lg0xx_fl_atim.o(i.FL_ATIM_IsActiveFlag_Update)
    FL_ATIM_IsActiveFlag_Update              0x000009c5   Thumb Code    16  fm33lg0xx_fl_atim.o(i.FL_ATIM_IsActiveFlag_Update)
    i.FL_ATIM_SetCounterAlignedMode          0x000009d4   Section        0  fm33lg0xx_fl_atim.o(i.FL_ATIM_SetCounterAlignedMode)
    FL_ATIM_SetCounterAlignedMode            0x000009d5   Thumb Code    12  fm33lg0xx_fl_atim.o(i.FL_ATIM_SetCounterAlignedMode)
    i.FL_ATIM_SetCounterDirection            0x000009e0   Section        0  fm33lg0xx_fl_atim.o(i.FL_ATIM_SetCounterDirection)
    FL_ATIM_SetCounterDirection              0x000009e1   Thumb Code    12  fm33lg0xx_fl_atim.o(i.FL_ATIM_SetCounterDirection)
    i.FL_CMU_EnableGroup3BusClock            0x000009ec   Section        0  fm33lg0xx_fl_uart.o(i.FL_CMU_EnableGroup3BusClock)
    FL_CMU_EnableGroup3BusClock              0x000009ed   Thumb Code    12  fm33lg0xx_fl_uart.o(i.FL_CMU_EnableGroup3BusClock)
    i.FL_CMU_EnableGroup3OperationClock      0x000009fc   Section        0  fm33lg0xx_fl_atim.o(i.FL_CMU_EnableGroup3OperationClock)
    FL_CMU_EnableGroup3OperationClock        0x000009fd   Thumb Code    12  fm33lg0xx_fl_atim.o(i.FL_CMU_EnableGroup3OperationClock)
    i.FL_CMU_EnableGroup3OperationClock      0x00000a0c   Section        0  fm33lg0xx_fl_uart.o(i.FL_CMU_EnableGroup3OperationClock)
    FL_CMU_EnableGroup3OperationClock        0x00000a0d   Thumb Code    12  fm33lg0xx_fl_uart.o(i.FL_CMU_EnableGroup3OperationClock)
    i.FL_CMU_EnableGroup4BusClock            0x00000a1c   Section        0  fm33lg0xx_fl_atim.o(i.FL_CMU_EnableGroup4BusClock)
    FL_CMU_EnableGroup4BusClock              0x00000a1d   Thumb Code    12  fm33lg0xx_fl_atim.o(i.FL_CMU_EnableGroup4BusClock)
    i.FL_CMU_GetAHBClockFreq                 0x00000a2c   Section        0  fm33lg0xx_fl_cmu.o(i.FL_CMU_GetAHBClockFreq)
    i.FL_CMU_GetAPBClockFreq                 0x00000aa4   Section        0  fm33lg0xx_fl_cmu.o(i.FL_CMU_GetAPBClockFreq)
    i.FL_CMU_GetPLLClockFreq                 0x00000b1c   Section        0  fm33lg0xx_fl_cmu.o(i.FL_CMU_GetPLLClockFreq)
    i.FL_CMU_GetRCHFClockFreq                0x00000bc8   Section        0  fm33lg0xx_fl_cmu.o(i.FL_CMU_GetRCHFClockFreq)
    i.FL_CMU_GetRCLFClockFreq                0x00000c18   Section        0  fm33lg0xx_fl_cmu.o(i.FL_CMU_GetRCLFClockFreq)
    i.FL_CMU_GetSystemClockFreq              0x00000c64   Section        0  fm33lg0xx_fl_cmu.o(i.FL_CMU_GetSystemClockFreq)
    i.FL_DelayInit                           0x00000cc8   Section        0  fm33lg0xx_fl.o(i.FL_DelayInit)
    i.FL_DelayMs                             0x00000ce8   Section        0  fm33lg0xx_fl.o(i.FL_DelayMs)
    i.FL_DelayUs                             0x00000d20   Section        0  fm33lg0xx_fl.o(i.FL_DelayUs)
    i.FL_EXTI_CommonInit                     0x00000d64   Section        0  fm33lg0xx_fl_exti.o(i.FL_EXTI_CommonInit)
    i.FL_EXTI_Init                           0x00000dc4   Section        0  fm33lg0xx_fl_exti.o(i.FL_EXTI_Init)
    i.FL_GPIO_ClearFlag_EXTI                 0x00000f84   Section        0  fm33lg0xx_fl_exti.o(i.FL_GPIO_ClearFlag_EXTI)
    FL_GPIO_ClearFlag_EXTI                   0x00000f85   Thumb Code     8  fm33lg0xx_fl_exti.o(i.FL_GPIO_ClearFlag_EXTI)
    i.FL_GPIO_DisableDigitalFilter           0x00000f8c   Section        0  fm33lg0xx_fl_exti.o(i.FL_GPIO_DisableDigitalFilter)
    FL_GPIO_DisableDigitalFilter             0x00000f8d   Thumb Code    12  fm33lg0xx_fl_exti.o(i.FL_GPIO_DisableDigitalFilter)
    i.FL_GPIO_DisablePinAnalogSwitch         0x00000f98   Section        0  fm33lg0xx_fl_gpio.o(i.FL_GPIO_DisablePinAnalogSwitch)
    FL_GPIO_DisablePinAnalogSwitch           0x00000f99   Thumb Code    10  fm33lg0xx_fl_gpio.o(i.FL_GPIO_DisablePinAnalogSwitch)
    i.FL_GPIO_DisablePinInput                0x00000fa2   Section        0  fm33lg0xx_fl_gpio.o(i.FL_GPIO_DisablePinInput)
    FL_GPIO_DisablePinInput                  0x00000fa3   Thumb Code    10  fm33lg0xx_fl_gpio.o(i.FL_GPIO_DisablePinInput)
    i.FL_GPIO_DisablePinOpenDrain            0x00000fac   Section        0  fm33lg0xx_fl_gpio.o(i.FL_GPIO_DisablePinOpenDrain)
    FL_GPIO_DisablePinOpenDrain              0x00000fad   Thumb Code    10  fm33lg0xx_fl_gpio.o(i.FL_GPIO_DisablePinOpenDrain)
    i.FL_GPIO_DisablePinPullup               0x00000fb6   Section        0  fm33lg0xx_fl_gpio.o(i.FL_GPIO_DisablePinPullup)
    FL_GPIO_DisablePinPullup                 0x00000fb7   Thumb Code    10  fm33lg0xx_fl_gpio.o(i.FL_GPIO_DisablePinPullup)
    i.FL_GPIO_DisablePinRemap                0x00000fc0   Section        0  fm33lg0xx_fl_gpio.o(i.FL_GPIO_DisablePinRemap)
    FL_GPIO_DisablePinRemap                  0x00000fc1   Thumb Code    10  fm33lg0xx_fl_gpio.o(i.FL_GPIO_DisablePinRemap)
    i.FL_GPIO_GetInputPin                    0x00000fca   Section        0  test_list.o(i.FL_GPIO_GetInputPin)
    FL_GPIO_GetInputPin                      0x00000fcb   Thumb Code    22  test_list.o(i.FL_GPIO_GetInputPin)
    i.FL_GPIO_Init                           0x00000fe0   Section        0  fm33lg0xx_fl_gpio.o(i.FL_GPIO_Init)
    i.FL_GPIO_ResetOutputPin                 0x000011c8   Section        0  gpio.o(i.FL_GPIO_ResetOutputPin)
    FL_GPIO_ResetOutputPin                   0x000011c9   Thumb Code     6  gpio.o(i.FL_GPIO_ResetOutputPin)
    i.FL_GPIO_SetExtiLine0                   0x000011ce   Section        0  fm33lg0xx_fl_exti.o(i.FL_GPIO_SetExtiLine0)
    FL_GPIO_SetExtiLine0                     0x000011cf   Thumb Code    12  fm33lg0xx_fl_exti.o(i.FL_GPIO_SetExtiLine0)
    i.FL_GPIO_SetExtiLine1                   0x000011da   Section        0  fm33lg0xx_fl_exti.o(i.FL_GPIO_SetExtiLine1)
    FL_GPIO_SetExtiLine1                     0x000011db   Thumb Code    12  fm33lg0xx_fl_exti.o(i.FL_GPIO_SetExtiLine1)
    i.FL_GPIO_SetExtiLine10                  0x000011e6   Section        0  fm33lg0xx_fl_exti.o(i.FL_GPIO_SetExtiLine10)
    FL_GPIO_SetExtiLine10                    0x000011e7   Thumb Code    14  fm33lg0xx_fl_exti.o(i.FL_GPIO_SetExtiLine10)
    i.FL_GPIO_SetExtiLine11                  0x000011f4   Section        0  fm33lg0xx_fl_exti.o(i.FL_GPIO_SetExtiLine11)
    FL_GPIO_SetExtiLine11                    0x000011f5   Thumb Code    14  fm33lg0xx_fl_exti.o(i.FL_GPIO_SetExtiLine11)
    i.FL_GPIO_SetExtiLine12                  0x00001202   Section        0  fm33lg0xx_fl_exti.o(i.FL_GPIO_SetExtiLine12)
    FL_GPIO_SetExtiLine12                    0x00001203   Thumb Code    14  fm33lg0xx_fl_exti.o(i.FL_GPIO_SetExtiLine12)
    i.FL_GPIO_SetExtiLine13                  0x00001210   Section        0  fm33lg0xx_fl_exti.o(i.FL_GPIO_SetExtiLine13)
    FL_GPIO_SetExtiLine13                    0x00001211   Thumb Code    14  fm33lg0xx_fl_exti.o(i.FL_GPIO_SetExtiLine13)
    i.FL_GPIO_SetExtiLine14                  0x0000121e   Section        0  fm33lg0xx_fl_exti.o(i.FL_GPIO_SetExtiLine14)
    FL_GPIO_SetExtiLine14                    0x0000121f   Thumb Code    14  fm33lg0xx_fl_exti.o(i.FL_GPIO_SetExtiLine14)
    i.FL_GPIO_SetExtiLine15                  0x0000122c   Section        0  fm33lg0xx_fl_exti.o(i.FL_GPIO_SetExtiLine15)
    FL_GPIO_SetExtiLine15                    0x0000122d   Thumb Code    12  fm33lg0xx_fl_exti.o(i.FL_GPIO_SetExtiLine15)
    i.FL_GPIO_SetExtiLine16                  0x00001238   Section        0  fm33lg0xx_fl_exti.o(i.FL_GPIO_SetExtiLine16)
    FL_GPIO_SetExtiLine16                    0x00001239   Thumb Code    12  fm33lg0xx_fl_exti.o(i.FL_GPIO_SetExtiLine16)
    i.FL_GPIO_SetExtiLine17                  0x00001244   Section        0  fm33lg0xx_fl_exti.o(i.FL_GPIO_SetExtiLine17)
    FL_GPIO_SetExtiLine17                    0x00001245   Thumb Code    12  fm33lg0xx_fl_exti.o(i.FL_GPIO_SetExtiLine17)
    i.FL_GPIO_SetExtiLine18                  0x00001250   Section        0  fm33lg0xx_fl_exti.o(i.FL_GPIO_SetExtiLine18)
    FL_GPIO_SetExtiLine18                    0x00001251   Thumb Code    12  fm33lg0xx_fl_exti.o(i.FL_GPIO_SetExtiLine18)
    i.FL_GPIO_SetExtiLine2                   0x0000125c   Section        0  fm33lg0xx_fl_exti.o(i.FL_GPIO_SetExtiLine2)
    FL_GPIO_SetExtiLine2                     0x0000125d   Thumb Code    12  fm33lg0xx_fl_exti.o(i.FL_GPIO_SetExtiLine2)
    i.FL_GPIO_SetExtiLine3                   0x00001268   Section        0  fm33lg0xx_fl_exti.o(i.FL_GPIO_SetExtiLine3)
    FL_GPIO_SetExtiLine3                     0x00001269   Thumb Code    12  fm33lg0xx_fl_exti.o(i.FL_GPIO_SetExtiLine3)
    i.FL_GPIO_SetExtiLine4                   0x00001274   Section        0  fm33lg0xx_fl_exti.o(i.FL_GPIO_SetExtiLine4)
    FL_GPIO_SetExtiLine4                     0x00001275   Thumb Code    14  fm33lg0xx_fl_exti.o(i.FL_GPIO_SetExtiLine4)
    i.FL_GPIO_SetExtiLine5                   0x00001282   Section        0  fm33lg0xx_fl_exti.o(i.FL_GPIO_SetExtiLine5)
    FL_GPIO_SetExtiLine5                     0x00001283   Thumb Code    14  fm33lg0xx_fl_exti.o(i.FL_GPIO_SetExtiLine5)
    i.FL_GPIO_SetExtiLine6                   0x00001290   Section        0  fm33lg0xx_fl_exti.o(i.FL_GPIO_SetExtiLine6)
    FL_GPIO_SetExtiLine6                     0x00001291   Thumb Code    14  fm33lg0xx_fl_exti.o(i.FL_GPIO_SetExtiLine6)
    i.FL_GPIO_SetExtiLine7                   0x0000129e   Section        0  fm33lg0xx_fl_exti.o(i.FL_GPIO_SetExtiLine7)
    FL_GPIO_SetExtiLine7                     0x0000129f   Thumb Code    14  fm33lg0xx_fl_exti.o(i.FL_GPIO_SetExtiLine7)
    i.FL_GPIO_SetExtiLine8                   0x000012ac   Section        0  fm33lg0xx_fl_exti.o(i.FL_GPIO_SetExtiLine8)
    FL_GPIO_SetExtiLine8                     0x000012ad   Thumb Code    14  fm33lg0xx_fl_exti.o(i.FL_GPIO_SetExtiLine8)
    i.FL_GPIO_SetExtiLine9                   0x000012ba   Section        0  fm33lg0xx_fl_exti.o(i.FL_GPIO_SetExtiLine9)
    FL_GPIO_SetExtiLine9                     0x000012bb   Thumb Code    14  fm33lg0xx_fl_exti.o(i.FL_GPIO_SetExtiLine9)
    i.FL_GPIO_SetOutputPin                   0x000012c8   Section        0  gpio.o(i.FL_GPIO_SetOutputPin)
    FL_GPIO_SetOutputPin                     0x000012c9   Thumb Code     6  gpio.o(i.FL_GPIO_SetOutputPin)
    i.FL_GPIO_SetOutputPin                   0x000012ce   Section        0  zdina219.o(i.FL_GPIO_SetOutputPin)
    FL_GPIO_SetOutputPin                     0x000012cf   Thumb Code     6  zdina219.o(i.FL_GPIO_SetOutputPin)
    i.FL_GPIO_SetPinMode                     0x000012d4   Section        0  fm33lg0xx_fl_gpio.o(i.FL_GPIO_SetPinMode)
    FL_GPIO_SetPinMode                       0x000012d5   Thumb Code    26  fm33lg0xx_fl_gpio.o(i.FL_GPIO_SetPinMode)
    i.FL_GPIO_SetTriggerEdge0                0x000012ee   Section        0  fm33lg0xx_fl_exti.o(i.FL_GPIO_SetTriggerEdge0)
    FL_GPIO_SetTriggerEdge0                  0x000012ef   Thumb Code    26  fm33lg0xx_fl_exti.o(i.FL_GPIO_SetTriggerEdge0)
    i.FL_GPIO_SetTriggerEdge1                0x00001308   Section        0  fm33lg0xx_fl_exti.o(i.FL_GPIO_SetTriggerEdge1)
    FL_GPIO_SetTriggerEdge1                  0x00001309   Thumb Code    26  fm33lg0xx_fl_exti.o(i.FL_GPIO_SetTriggerEdge1)
    i.FL_IWDT_Init                           0x00001324   Section        0  fm33lg0xx_fl_iwdt.o(i.FL_IWDT_Init)
    i.FL_IWDT_ReadCounter                    0x00001444   Section        0  fm33lg0xx_fl_iwdt.o(i.FL_IWDT_ReadCounter)
    FL_IWDT_ReadCounter                      0x00001445   Thumb Code    20  fm33lg0xx_fl_iwdt.o(i.FL_IWDT_ReadCounter)
    i.FL_IWDT_StructInit                     0x00001458   Section        0  fm33lg0xx_fl_iwdt.o(i.FL_IWDT_StructInit)
    i.FL_Init                                0x00001462   Section        0  fm33lg0xx_fl.o(i.FL_Init)
    i.FL_NVIC_Init                           0x0000146c   Section        0  fm33lg0xx_fl.o(i.FL_NVIC_Init)
    i.FL_UART_EnableIT_TXShiftBuffEmpty      0x000014b4   Section        0  uart0.o(i.FL_UART_EnableIT_TXShiftBuffEmpty)
    FL_UART_EnableIT_TXShiftBuffEmpty        0x000014b5   Thumb Code    10  uart0.o(i.FL_UART_EnableIT_TXShiftBuffEmpty)
    i.FL_UART_EnableIT_TXShiftBuffEmpty      0x000014be   Section        0  uart1.o(i.FL_UART_EnableIT_TXShiftBuffEmpty)
    FL_UART_EnableIT_TXShiftBuffEmpty        0x000014bf   Thumb Code    10  uart1.o(i.FL_UART_EnableIT_TXShiftBuffEmpty)
    i.FL_UART_EnableIT_TXShiftBuffEmpty      0x000014c8   Section        0  uart3.o(i.FL_UART_EnableIT_TXShiftBuffEmpty)
    FL_UART_EnableIT_TXShiftBuffEmpty        0x000014c9   Thumb Code    10  uart3.o(i.FL_UART_EnableIT_TXShiftBuffEmpty)
    i.FL_UART_EnableIT_TXShiftBuffEmpty      0x000014d2   Section        0  uart4.o(i.FL_UART_EnableIT_TXShiftBuffEmpty)
    FL_UART_EnableIT_TXShiftBuffEmpty        0x000014d3   Thumb Code    10  uart4.o(i.FL_UART_EnableIT_TXShiftBuffEmpty)
    i.FL_UART_Init                           0x000014dc   Section        0  fm33lg0xx_fl_uart.o(i.FL_UART_Init)
    i.FL_UART_WriteTXBuff                    0x000017c0   Section        0  uart0.o(i.FL_UART_WriteTXBuff)
    FL_UART_WriteTXBuff                      0x000017c1   Thumb Code    12  uart0.o(i.FL_UART_WriteTXBuff)
    i.FL_UART_WriteTXBuff                    0x000017cc   Section        0  uart1.o(i.FL_UART_WriteTXBuff)
    FL_UART_WriteTXBuff                      0x000017cd   Thumb Code    12  uart1.o(i.FL_UART_WriteTXBuff)
    i.FL_UART_WriteTXBuff                    0x000017d8   Section        0  uart3.o(i.FL_UART_WriteTXBuff)
    FL_UART_WriteTXBuff                      0x000017d9   Thumb Code    12  uart3.o(i.FL_UART_WriteTXBuff)
    i.FL_UART_WriteTXBuff                    0x000017e4   Section        0  uart4.o(i.FL_UART_WriteTXBuff)
    FL_UART_WriteTXBuff                      0x000017e5   Thumb Code    12  uart4.o(i.FL_UART_WriteTXBuff)
    i.GPIO_IRQHandler                        0x000017f0   Section        0  exti.o(i.GPIO_IRQHandler)
    i.INA219_IIC_GPIO_Init                   0x00001820   Section        0  zdina219.o(i.INA219_IIC_GPIO_Init)
    i.LED_FLAG_Run                           0x000018ac   Section        0  led_ctrl.o(i.LED_FLAG_Run)
    i.LED_Off                                0x000018c8   Section        0  gpio.o(i.LED_Off)
    i.LED_On                                 0x000018d8   Section        0  gpio.o(i.LED_On)
    i.MF_ADC_Common_Init                     0x000018e8   Section        0  adc_chk.o(i.MF_ADC_Common_Init)
    MF_ADC_Common_Init                       0x000018e9   Thumb Code    24  adc_chk.o(i.MF_ADC_Common_Init)
    i.MF_ADC_Config_Init                     0x00001900   Section        0  adc_chk.o(i.MF_ADC_Config_Init)
    i.MF_ADC_Init                            0x0000190c   Section        0  adc_chk.o(i.MF_ADC_Init)
    MF_ADC_Init                              0x0000190d   Thumb Code   248  adc_chk.o(i.MF_ADC_Init)
    i.MF_ATIM_Interrupt_Init                 0x00001a0c   Section        0  time.o(i.MF_ATIM_Interrupt_Init)
    i.MF_ATIM_TimerBase_Init                 0x00001a2c   Section        0  time.o(i.MF_ATIM_TimerBase_Init)
    i.MF_Clock_Init                          0x00001a5c   Section        0  mf_config.o(i.MF_Clock_Init)
    i.MF_Config_Init                         0x00001ae0   Section        0  exti.o(i.MF_Config_Init)
    i.MF_EXTI_Common_Init                    0x00001af0   Section        0  exti.o(i.MF_EXTI_Common_Init)
    i.MF_EXTI_Line13_Init                    0x00001b00   Section        0  exti.o(i.MF_EXTI_Line13_Init)
    i.MF_NVIC_Init                           0x00001b3c   Section        0  exti.o(i.MF_NVIC_Init)
    i.MF_UART0_Init                          0x00001b4c   Section        0  uart0.o(i.MF_UART0_Init)
    i.MF_UART0_Interrupt_Init                0x00001bb8   Section        0  uart0.o(i.MF_UART0_Interrupt_Init)
    i.MF_UART1_Init                          0x00001bec   Section        0  uart1.o(i.MF_UART1_Init)
    i.MF_UART1_Interrupt_Init                0x00001c54   Section        0  uart1.o(i.MF_UART1_Interrupt_Init)
    i.MF_UART3_Init                          0x00001c88   Section        0  uart3.o(i.MF_UART3_Init)
    i.MF_UART3_Interrupt_Init                0x00001cf4   Section        0  uart3.o(i.MF_UART3_Interrupt_Init)
    i.MF_UART4_Init                          0x00001d28   Section        0  uart4.o(i.MF_UART4_Init)
    i.MF_UART4_Interrupt_Init                0x00001d90   Section        0  uart4.o(i.MF_UART4_Interrupt_Init)
    i.NB_Current_CHK_CTRL_OFF                0x00001dc4   Section        0  gpio.o(i.NB_Current_CHK_CTRL_OFF)
    i.NVIC_SetPriority                       0x00001dd4   Section        0  fm33lg0xx_fl.o(i.NVIC_SetPriority)
    NVIC_SetPriority                         0x00001dd5   Thumb Code   110  fm33lg0xx_fl.o(i.NVIC_SetPriority)
    i.Others_GPIO_Init                       0x00001e4c   Section        0  gpio.o(i.Others_GPIO_Init)
    i.RS2103_POWER_OFF                       0x000020b8   Section        0  gpio.o(i.RS2103_POWER_OFF)
    i.RS2103_POWER_ON                        0x000020c8   Section        0  gpio.o(i.RS2103_POWER_ON)
    i.RS2103_Sel_youci                       0x000020d8   Section        0  gpio.o(i.RS2103_Sel_youci)
    i.SENSOR_D_High                          0x000020e8   Section        0  gpio.o(i.SENSOR_D_High)
    i.SENSOR_P_Low                           0x000020fc   Section        0  gpio.o(i.SENSOR_P_Low)
    i.SENSOR_T_High                          0x00002110   Section        0  gpio.o(i.SENSOR_T_High)
    i.SystemCoreClockUpdate                  0x00002120   Section        0  system_fm33lg0xx.o(i.SystemCoreClockUpdate)
    i.SystemInit                             0x0000225c   Section        0  system_fm33lg0xx.o(i.SystemInit)
    i.SystemPLLClockUpdate                   0x00002358   Section        0  system_fm33lg0xx.o(i.SystemPLLClockUpdate)
    SystemPLLClockUpdate                     0x00002359   Thumb Code   182  system_fm33lg0xx.o(i.SystemPLLClockUpdate)
    i.UART0_IRQHandler                       0x00002428   Section        0  uart0.o(i.UART0_IRQHandler)
    i.UART0_MF_Config_Init                   0x00002520   Section        0  uart0.o(i.UART0_MF_Config_Init)
    i.UART0_MF_NVIC_Init                     0x00002534   Section        0  uart0.o(i.UART0_MF_NVIC_Init)
    i.UART1_IRQHandler                       0x00002544   Section        0  uart1.o(i.UART1_IRQHandler)
    i.UART1_MF_Config_Init                   0x0000263c   Section        0  uart1.o(i.UART1_MF_Config_Init)
    i.UART1_MF_NVIC_Init                     0x00002650   Section        0  uart1.o(i.UART1_MF_NVIC_Init)
    i.UART3_IRQHandler                       0x00002660   Section        0  uart3.o(i.UART3_IRQHandler)
    i.UART3_MF_Config_Init                   0x00002750   Section        0  uart3.o(i.UART3_MF_Config_Init)
    i.UART3_MF_NVIC_Init                     0x00002764   Section        0  uart3.o(i.UART3_MF_NVIC_Init)
    i.UART4_IRQHandler                       0x00002774   Section        0  uart4.o(i.UART4_IRQHandler)
    i.UART4_MF_Config_Init                   0x00002870   Section        0  uart4.o(i.UART4_MF_Config_Init)
    i.UART4_MF_NVIC_Init                     0x00002884   Section        0  uart4.o(i.UART4_MF_NVIC_Init)
    i.Uart0_Tx_Send_init                     0x00002894   Section        0  uart0.o(i.Uart0_Tx_Send_init)
    i.Uart1_Tx_Send_init                     0x000028a4   Section        0  uart1.o(i.Uart1_Tx_Send_init)
    i.Uart3_Tx_Send_init                     0x000028b4   Section        0  uart3.o(i.Uart3_Tx_Send_init)
    i.Uart4_Tx_Send_init                     0x000028c4   Section        0  uart4.o(i.Uart4_Tx_Send_init)
    i.WatchDog_Init                          0x000028d4   Section        0  wtd.o(i.WatchDog_Init)
    i.__ARM_common_switch8                   0x00002904   Section        0  system_fm33lg0xx.o(i.__ARM_common_switch8)
    i.__scatterload_copy                     0x00002920   Section       14  handlers.o(i.__scatterload_copy)
    i.__scatterload_null                     0x0000292e   Section        2  handlers.o(i.__scatterload_null)
    i.__scatterload_zeroinit                 0x00002930   Section       14  handlers.o(i.__scatterload_zeroinit)
    i.beidian_gongdian_OFF                   0x00002940   Section        0  gpio.o(i.beidian_gongdian_OFF)
    i.beidian_gongdian_On                    0x00002950   Section        0  gpio.o(i.beidian_gongdian_On)
    i.daowei_CLOSE_High                      0x00002960   Section        0  gpio.o(i.daowei_CLOSE_High)
    i.daowei_OPEN_Low                        0x00002974   Section        0  gpio.o(i.daowei_OPEN_Low)
    i.erji_dianya_CHK_CTRL_OFF               0x00002988   Section        0  gpio.o(i.erji_dianya_CHK_CTRL_OFF)
    i.gongwei_jiance                         0x00002998   Section        0  test_list.o(i.gongwei_jiance)
    i.huuoer_1_OFF                           0x00002a2c   Section        0  gpio.o(i.huuoer_1_OFF)
    i.huuoer_2_OFF                           0x00002a3c   Section        0  gpio.o(i.huuoer_2_OFF)
    i.huuoer_2_ON                            0x00002a4c   Section        0  gpio.o(i.huuoer_2_ON)
    i.jiliang_fangshi_select                 0x00002a5c   Section        0  test_list.o(i.jiliang_fangshi_select)
    i.kai_daowei                             0x00002aa4   Section        0  gpio.o(i.kai_daowei)
    i.main                                   0x00002ab0   Section        0  main.o(i.main)
    i.test_Init                              0x00002ad4   Section        0  main.o(i.test_Init)
    i.test_start_Init                        0x00002b00   Section        0  test_list.o(i.test_start_Init)
    i.zhudian_dianya_CHK_CTRL_OFF            0x00002b20   Section        0  gpio.o(i.zhudian_dianya_CHK_CTRL_OFF)
    i.zhudian_gongdian_OFF                   0x00002b30   Section        0  gpio.o(i.zhudian_gongdian_OFF)
    i.zhudian_gongdian_On                    0x00002b40   Section        0  gpio.o(i.zhudian_gongdian_On)
    .constdata                               0x00002b50   Section       84  fm33lg0xx_fl_exti.o(.constdata)
    setExtiLineFuncs                         0x00002b50   Data          76  fm33lg0xx_fl_exti.o(.constdata)
    setTrigEdgeFuncs                         0x00002b9c   Data           8  fm33lg0xx_fl_exti.o(.constdata)
    .data                                    0x20000000   Section       12  system_fm33lg0xx.o(.data)
    .data                                    0x2000000c   Section        2  led_ctrl.o(.data)
    .data                                    0x20000010   Section        8  test_list.o(.data)
    .data                                    0x20000018   Section       10  uart0.o(.data)
    .data                                    0x20000022   Section       64  uart1.o(.data)
    .data                                    0x20000062   Section        8  uart3.o(.data)
    .data                                    0x2000006a   Section        9  uart4.o(.data)
    .data                                    0x20000073   Section        1  exti.o(.data)
    .bss                                     0x20000074   Section      270  test_list.o(.bss)
    .bss                                     0x20000184   Section      616  uart0.o(.bss)
    .bss                                     0x200003ec   Section      616  uart1.o(.bss)
    .bss                                     0x20000654   Section      616  uart3.o(.bss)
    .bss                                     0x200008bc   Section      616  uart4.o(.bss)
    STACK                                    0x20000b28   Section     2048  startup_fm33lg0xx.o(STACK)

    Global Symbols

    Symbol Name                              Value     Ov Type        Size  Object(Section)

    BuildAttributes$$THM_ISAv3M$S$PE$A:L22$X:L11$S22$IEEE1$IW$USESV6$~STKCKD$USESV7$~SHL$OTIME$ROPI$EBA8$MICROLIB$REQ8$PRES8$EABIv2 0x00000000   Number         0  anon$$obj.o ABSOLUTE
    __ARM_use_no_argv                        0x00000000   Number         0  main.o ABSOLUTE
    __Vectors                                0x00000000   Data           4  startup_fm33lg0xx.o(RESET)
    __cpp_initialize__aeabi_                  - Undefined Weak Reference
    __cxa_finalize                            - Undefined Weak Reference
    __decompress                              - Undefined Weak Reference
    _clock_init                               - Undefined Weak Reference
    _microlib_exit                            - Undefined Weak Reference
    __Vectors_End                            0x000000c0   Data           0  startup_fm33lg0xx.o(RESET)
    __Vectors_Size                           0x000000c0   Number         0  startup_fm33lg0xx.o ABSOLUTE
    __main                                   0x000000c1   Thumb Code     0  entry.o(.ARM.Collect$$$$00000000)
    _main_stk                                0x000000c1   Thumb Code     0  entry2.o(.ARM.Collect$$$$00000001)
    _main_scatterload                        0x000000c5   Thumb Code     0  entry5.o(.ARM.Collect$$$$00000004)
    __main_after_scatterload                 0x000000c9   Thumb Code     0  entry5.o(.ARM.Collect$$$$00000004)
    _main_clock                              0x000000c9   Thumb Code     0  entry7b.o(.ARM.Collect$$$$00000008)
    _main_cpp_init                           0x000000c9   Thumb Code     0  entry8b.o(.ARM.Collect$$$$0000000A)
    _main_init                               0x000000c9   Thumb Code     0  entry9a.o(.ARM.Collect$$$$0000000B)
    __rt_final_cpp                           0x000000d1   Thumb Code     0  entry10a.o(.ARM.Collect$$$$0000000D)
    __rt_final_exit                          0x000000d1   Thumb Code     0  entry11a.o(.ARM.Collect$$$$0000000F)
    Reset_Handler                            0x000000d5   Thumb Code     8  startup_fm33lg0xx.o(.text)
    NMI_Handler                              0x000000dd   Thumb Code     2  startup_fm33lg0xx.o(.text)
    HardFault_Handler                        0x000000df   Thumb Code     2  startup_fm33lg0xx.o(.text)
    SVC_Handler                              0x000000e1   Thumb Code     2  startup_fm33lg0xx.o(.text)
    PendSV_Handler                           0x000000e3   Thumb Code     2  startup_fm33lg0xx.o(.text)
    SysTick_Handler                          0x000000e5   Thumb Code     2  startup_fm33lg0xx.o(.text)
    ADC_IRQHandler                           0x000000e7   Thumb Code     0  startup_fm33lg0xx.o(.text)
    AES_IRQHandler                           0x000000e7   Thumb Code     0  startup_fm33lg0xx.o(.text)
    BSTIM_IRQHandler                         0x000000e7   Thumb Code     0  startup_fm33lg0xx.o(.text)
    CAN_IRQHandler                           0x000000e7   Thumb Code     0  startup_fm33lg0xx.o(.text)
    CCL_IRQHandler                           0x000000e7   Thumb Code     0  startup_fm33lg0xx.o(.text)
    COMPx_IRQHandler                         0x000000e7   Thumb Code     0  startup_fm33lg0xx.o(.text)
    DAC_IRQHandler                           0x000000e7   Thumb Code     0  startup_fm33lg0xx.o(.text)
    DMA_IRQHandler                           0x000000e7   Thumb Code     0  startup_fm33lg0xx.o(.text)
    FDET_IRQHandler                          0x000000e7   Thumb Code     0  startup_fm33lg0xx.o(.text)
    FLASH_IRQHandler                         0x000000e7   Thumb Code     0  startup_fm33lg0xx.o(.text)
    GPTIM0_1_IRQHandler                      0x000000e7   Thumb Code     0  startup_fm33lg0xx.o(.text)
    GPTIM2_IRQHandler                        0x000000e7   Thumb Code     0  startup_fm33lg0xx.o(.text)
    I2C_IRQHandler                           0x000000e7   Thumb Code     0  startup_fm33lg0xx.o(.text)
    LPTIM_IRQHandler                         0x000000e7   Thumb Code     0  startup_fm33lg0xx.o(.text)
    LPUARTx_IRQHandler                       0x000000e7   Thumb Code     0  startup_fm33lg0xx.o(.text)
    LUT_IRQHandler                           0x000000e7   Thumb Code     0  startup_fm33lg0xx.o(.text)
    RTC_IRQHandler                           0x000000e7   Thumb Code     0  startup_fm33lg0xx.o(.text)
    SPI0_IRQHandler                          0x000000e7   Thumb Code     0  startup_fm33lg0xx.o(.text)
    SPI1_IRQHandler                          0x000000e7   Thumb Code     0  startup_fm33lg0xx.o(.text)
    SPI2_IRQHandler                          0x000000e7   Thumb Code     0  startup_fm33lg0xx.o(.text)
    SVD_IRQHandler                           0x000000e7   Thumb Code     0  startup_fm33lg0xx.o(.text)
    U7816_IRQHandler                         0x000000e7   Thumb Code     0  startup_fm33lg0xx.o(.text)
    UART5_IRQHandler                         0x000000e7   Thumb Code     0  startup_fm33lg0xx.o(.text)
    VREF_IRQHandler                          0x000000e7   Thumb Code     0  startup_fm33lg0xx.o(.text)
    WDT_IRQHandler                           0x000000e7   Thumb Code     0  startup_fm33lg0xx.o(.text)
    WKUPx_IRQHandler                         0x000000e7   Thumb Code     0  startup_fm33lg0xx.o(.text)
    __aeabi_uidiv                            0x000000f1   Thumb Code     0  uidiv.o(.text)
    __aeabi_uidivmod                         0x000000f1   Thumb Code    44  uidiv.o(.text)
    __scatterload                            0x0000011d   Thumb Code    28  init.o(.text)
    __scatterload_rt2                        0x0000011d   Thumb Code     0  init.o(.text)
    ATIM_IRQHandler                          0x00000141   Thumb Code   286  time.o(i.ATIM_IRQHandler)
    ATIM_Init                                0x00000291   Thumb Code    20  time.o(i.ATIM_Init)
    ATIM_NVIC_Init                           0x000002a5   Thumb Code    16  time.o(i.ATIM_NVIC_Init)
    ATIM_Start                               0x000002b5   Thumb Code    18  time.o(i.ATIM_Start)
    Current_CHK_CTRL_OFF                     0x000002cd   Thumb Code    12  gpio.o(i.Current_CHK_CTRL_OFF)
    FL_ADC_CommonInit                        0x000002dd   Thumb Code   386  fm33lg0xx_fl_adc.o(i.FL_ADC_CommonInit)
    FL_ADC_Init                              0x0000048d   Thumb Code   890  fm33lg0xx_fl_adc.o(i.FL_ADC_Init)
    FL_ATIM_Init                             0x0000082d   Thumb Code   400  fm33lg0xx_fl_atim.o(i.FL_ATIM_Init)
    FL_CMU_GetAHBClockFreq                   0x00000a2d   Thumb Code   114  fm33lg0xx_fl_cmu.o(i.FL_CMU_GetAHBClockFreq)
    FL_CMU_GetAPBClockFreq                   0x00000aa5   Thumb Code   114  fm33lg0xx_fl_cmu.o(i.FL_CMU_GetAPBClockFreq)
    FL_CMU_GetPLLClockFreq                   0x00000b1d   Thumb Code   162  fm33lg0xx_fl_cmu.o(i.FL_CMU_GetPLLClockFreq)
    FL_CMU_GetRCHFClockFreq                  0x00000bc9   Thumb Code    60  fm33lg0xx_fl_cmu.o(i.FL_CMU_GetRCHFClockFreq)
    FL_CMU_GetRCLFClockFreq                  0x00000c19   Thumb Code    70  fm33lg0xx_fl_cmu.o(i.FL_CMU_GetRCLFClockFreq)
    FL_CMU_GetSystemClockFreq                0x00000c65   Thumb Code    86  fm33lg0xx_fl_cmu.o(i.FL_CMU_GetSystemClockFreq)
    FL_DelayInit                             0x00000cc9   Thumb Code    26  fm33lg0xx_fl.o(i.FL_DelayInit)
    FL_DelayMs                               0x00000ce9   Thumb Code    46  fm33lg0xx_fl.o(i.FL_DelayMs)
    FL_DelayUs                               0x00000d21   Thumb Code    56  fm33lg0xx_fl.o(i.FL_DelayUs)
    FL_EXTI_CommonInit                       0x00000d65   Thumb Code    92  fm33lg0xx_fl_exti.o(i.FL_EXTI_CommonInit)
    FL_EXTI_Init                             0x00000dc5   Thumb Code   424  fm33lg0xx_fl_exti.o(i.FL_EXTI_Init)
    FL_GPIO_Init                             0x00000fe1   Thumb Code   470  fm33lg0xx_fl_gpio.o(i.FL_GPIO_Init)
    FL_IWDT_Init                             0x00001325   Thumb Code   272  fm33lg0xx_fl_iwdt.o(i.FL_IWDT_Init)
    FL_IWDT_StructInit                       0x00001459   Thumb Code    10  fm33lg0xx_fl_iwdt.o(i.FL_IWDT_StructInit)
    FL_Init                                  0x00001463   Thumb Code     8  fm33lg0xx_fl.o(i.FL_Init)
    FL_NVIC_Init                             0x0000146d   Thumb Code    68  fm33lg0xx_fl.o(i.FL_NVIC_Init)
    FL_UART_Init                             0x000014dd   Thumb Code   712  fm33lg0xx_fl_uart.o(i.FL_UART_Init)
    GPIO_IRQHandler                          0x000017f1   Thumb Code    40  exti.o(i.GPIO_IRQHandler)
    INA219_IIC_GPIO_Init                     0x00001821   Thumb Code   134  zdina219.o(i.INA219_IIC_GPIO_Init)
    LED_FLAG_Run                             0x000018ad   Thumb Code    20  led_ctrl.o(i.LED_FLAG_Run)
    LED_Off                                  0x000018c9   Thumb Code    12  gpio.o(i.LED_Off)
    LED_On                                   0x000018d9   Thumb Code    12  gpio.o(i.LED_On)
    MF_ADC_Config_Init                       0x00001901   Thumb Code    12  adc_chk.o(i.MF_ADC_Config_Init)
    MF_ATIM_Interrupt_Init                   0x00001a0d   Thumb Code    28  time.o(i.MF_ATIM_Interrupt_Init)
    MF_ATIM_TimerBase_Init                   0x00001a2d   Thumb Code    40  time.o(i.MF_ATIM_TimerBase_Init)
    MF_Clock_Init                            0x00001a5d   Thumb Code   122  mf_config.o(i.MF_Clock_Init)
    MF_Config_Init                           0x00001ae1   Thumb Code    16  exti.o(i.MF_Config_Init)
    MF_EXTI_Common_Init                      0x00001af1   Thumb Code    14  exti.o(i.MF_EXTI_Common_Init)
    MF_EXTI_Line13_Init                      0x00001b01   Thumb Code    54  exti.o(i.MF_EXTI_Line13_Init)
    MF_NVIC_Init                             0x00001b3d   Thumb Code    16  exti.o(i.MF_NVIC_Init)
    MF_UART0_Init                            0x00001b4d   Thumb Code   100  uart0.o(i.MF_UART0_Init)
    MF_UART0_Interrupt_Init                  0x00001bb9   Thumb Code    46  uart0.o(i.MF_UART0_Interrupt_Init)
    MF_UART1_Init                            0x00001bed   Thumb Code    96  uart1.o(i.MF_UART1_Init)
    MF_UART1_Interrupt_Init                  0x00001c55   Thumb Code    46  uart1.o(i.MF_UART1_Interrupt_Init)
    MF_UART3_Init                            0x00001c89   Thumb Code    98  uart3.o(i.MF_UART3_Init)
    MF_UART3_Interrupt_Init                  0x00001cf5   Thumb Code    46  uart3.o(i.MF_UART3_Interrupt_Init)
    MF_UART4_Init                            0x00001d29   Thumb Code    94  uart4.o(i.MF_UART4_Init)
    MF_UART4_Interrupt_Init                  0x00001d91   Thumb Code    46  uart4.o(i.MF_UART4_Interrupt_Init)
    NB_Current_CHK_CTRL_OFF                  0x00001dc5   Thumb Code    12  gpio.o(i.NB_Current_CHK_CTRL_OFF)
    Others_GPIO_Init                         0x00001e4d   Thumb Code   612  gpio.o(i.Others_GPIO_Init)
    RS2103_POWER_OFF                         0x000020b9   Thumb Code    12  gpio.o(i.RS2103_POWER_OFF)
    RS2103_POWER_ON                          0x000020c9   Thumb Code    12  gpio.o(i.RS2103_POWER_ON)
    RS2103_Sel_youci                         0x000020d9   Thumb Code    12  gpio.o(i.RS2103_Sel_youci)
    SENSOR_D_High                            0x000020e9   Thumb Code    14  gpio.o(i.SENSOR_D_High)
    SENSOR_P_Low                             0x000020fd   Thumb Code    14  gpio.o(i.SENSOR_P_Low)
    SENSOR_T_High                            0x00002111   Thumb Code    12  gpio.o(i.SENSOR_T_High)
    SystemCoreClockUpdate                    0x00002121   Thumb Code   282  system_fm33lg0xx.o(i.SystemCoreClockUpdate)
    SystemInit                               0x0000225d   Thumb Code   230  system_fm33lg0xx.o(i.SystemInit)
    UART0_IRQHandler                         0x00002429   Thumb Code   218  uart0.o(i.UART0_IRQHandler)
    UART0_MF_Config_Init                     0x00002521   Thumb Code    20  uart0.o(i.UART0_MF_Config_Init)
    UART0_MF_NVIC_Init                       0x00002535   Thumb Code    16  uart0.o(i.UART0_MF_NVIC_Init)
    UART1_IRQHandler                         0x00002545   Thumb Code   218  uart1.o(i.UART1_IRQHandler)
    UART1_MF_Config_Init                     0x0000263d   Thumb Code    20  uart1.o(i.UART1_MF_Config_Init)
    UART1_MF_NVIC_Init                       0x00002651   Thumb Code    16  uart1.o(i.UART1_MF_NVIC_Init)
    UART3_IRQHandler                         0x00002661   Thumb Code   214  uart3.o(i.UART3_IRQHandler)
    UART3_MF_Config_Init                     0x00002751   Thumb Code    20  uart3.o(i.UART3_MF_Config_Init)
    UART3_MF_NVIC_Init                       0x00002765   Thumb Code    16  uart3.o(i.UART3_MF_NVIC_Init)
    UART4_IRQHandler                         0x00002775   Thumb Code   218  uart4.o(i.UART4_IRQHandler)
    UART4_MF_Config_Init                     0x00002871   Thumb Code    20  uart4.o(i.UART4_MF_Config_Init)
    UART4_MF_NVIC_Init                       0x00002885   Thumb Code    16  uart4.o(i.UART4_MF_NVIC_Init)
    Uart0_Tx_Send_init                       0x00002895   Thumb Code    10  uart0.o(i.Uart0_Tx_Send_init)
    Uart1_Tx_Send_init                       0x000028a5   Thumb Code    10  uart1.o(i.Uart1_Tx_Send_init)
    Uart3_Tx_Send_init                       0x000028b5   Thumb Code    10  uart3.o(i.Uart3_Tx_Send_init)
    Uart4_Tx_Send_init                       0x000028c5   Thumb Code    10  uart4.o(i.Uart4_Tx_Send_init)
    WatchDog_Init                            0x000028d5   Thumb Code    38  wtd.o(i.WatchDog_Init)
    __ARM_common_switch8                     0x00002905   Thumb Code    28  system_fm33lg0xx.o(i.__ARM_common_switch8)
    __scatterload_copy                       0x00002921   Thumb Code    14  handlers.o(i.__scatterload_copy)
    __scatterload_null                       0x0000292f   Thumb Code     2  handlers.o(i.__scatterload_null)
    __scatterload_zeroinit                   0x00002931   Thumb Code    14  handlers.o(i.__scatterload_zeroinit)
    beidian_gongdian_OFF                     0x00002941   Thumb Code    12  gpio.o(i.beidian_gongdian_OFF)
    beidian_gongdian_On                      0x00002951   Thumb Code    12  gpio.o(i.beidian_gongdian_On)
    daowei_CLOSE_High                        0x00002961   Thumb Code    14  gpio.o(i.daowei_CLOSE_High)
    daowei_OPEN_Low                          0x00002975   Thumb Code    14  gpio.o(i.daowei_OPEN_Low)
    erji_dianya_CHK_CTRL_OFF                 0x00002989   Thumb Code    12  gpio.o(i.erji_dianya_CHK_CTRL_OFF)
    gongwei_jiance                           0x00002999   Thumb Code   138  test_list.o(i.gongwei_jiance)
    huuoer_1_OFF                             0x00002a2d   Thumb Code    12  gpio.o(i.huuoer_1_OFF)
    huuoer_2_OFF                             0x00002a3d   Thumb Code    12  gpio.o(i.huuoer_2_OFF)
    huuoer_2_ON                              0x00002a4d   Thumb Code    12  gpio.o(i.huuoer_2_ON)
    jiliang_fangshi_select                   0x00002a5d   Thumb Code    62  test_list.o(i.jiliang_fangshi_select)
    kai_daowei                               0x00002aa5   Thumb Code    12  gpio.o(i.kai_daowei)
    main                                     0x00002ab1   Thumb Code    36  main.o(i.main)
    test_Init                                0x00002ad5   Thumb Code    44  main.o(i.test_Init)
    test_start_Init                          0x00002b01   Thumb Code    32  test_list.o(i.test_start_Init)
    zhudian_dianya_CHK_CTRL_OFF              0x00002b21   Thumb Code    12  gpio.o(i.zhudian_dianya_CHK_CTRL_OFF)
    zhudian_gongdian_OFF                     0x00002b31   Thumb Code    12  gpio.o(i.zhudian_gongdian_OFF)
    zhudian_gongdian_On                      0x00002b41   Thumb Code    12  gpio.o(i.zhudian_gongdian_On)
    Region$$Table$$Base                      0x00002ba4   Number         0  anon$$obj.o(Region$$Table)
    Region$$Table$$Limit                     0x00002bc4   Number         0  anon$$obj.o(Region$$Table)
    XTLFClock                                0x20000000   Data           4  system_fm33lg0xx.o(.data)
    XTHFClock                                0x20000004   Data           4  system_fm33lg0xx.o(.data)
    SystemCoreClock                          0x20000008   Data           4  system_fm33lg0xx.o(.data)
    LED_thing_FLAG                           0x2000000c   Data           1  led_ctrl.o(.data)
    LED_thing_time                           0x2000000d   Data           1  led_ctrl.o(.data)
    Test_liucheng_L                          0x20000010   Data           1  test_list.o(.data)
    test_xieyi_jilu_Rec                      0x20000011   Data           1  test_list.o(.data)
    test_xieyi_jilu_irda_rec                 0x20000012   Data           1  test_list.o(.data)
    guanhongwai_jishu                        0x20000013   Data           1  test_list.o(.data)
    delay_4s                                 0x20000014   Data           4  test_list.o(.data)
    uart0_Rec_shuju_flag                     0x20000018   Data           1  uart0.o(.data)
    uart0_Rec_shuju_neirong_count            0x2000001a   Data           2  uart0.o(.data)
    send_over_flag0                          0x2000001c   Data           1  uart0.o(.data)
    chaoshi_dengdai_0                        0x2000001e   Data           2  uart0.o(.data)
    uart0_Rec_shuju_time_count               0x20000020   Data           2  uart0.o(.data)
    send_over_flag1                          0x20000022   Data           1  uart1.o(.data)
    uart1_Rec_shuju_flag                     0x20000023   Data           1  uart1.o(.data)
    uart1_Rec_shuju_neirong_count            0x20000024   Data           2  uart1.o(.data)
    chaoshi_dengdai_1                        0x20000026   Data           2  uart1.o(.data)
    uart1_Rec_shuju_time_count               0x20000028   Data           2  uart1.o(.data)
    qiandao                                  0x2000002a   Data          50  uart1.o(.data)
    qiandao_jiaozhun                         0x2000005c   Data           5  uart1.o(.data)
    qiandao_biaoshi                          0x20000061   Data           1  uart1.o(.data)
    uart3_Rec_shuju_flag                     0x20000062   Data           1  uart3.o(.data)
    uart3_Rec_shuju_neirong_count            0x20000064   Data           2  uart3.o(.data)
    chaoshi_dengdai_3                        0x20000066   Data           2  uart3.o(.data)
    uart3_Rec_shuju_time_count               0x20000068   Data           2  uart3.o(.data)
    send_over_flag4                          0x2000006a   Data           1  uart4.o(.data)
    uart4_Rec_shuju_flag                     0x2000006b   Data           1  uart4.o(.data)
    uart4_Rec_shuju_neirong_count            0x2000006c   Data           2  uart4.o(.data)
    chaoshi_dengdai_4                        0x2000006e   Data           2  uart4.o(.data)
    uart4_Rec_shuju_time_count               0x20000070   Data           2  uart4.o(.data)
    qiandao_biaoshi_4                        0x20000072   Data           1  uart4.o(.data)
    EXTIFlag                                 0x20000073   Data           1  exti.o(.data)
    Test_quanju_canshu_L                     0x20000074   Data          16  test_list.o(.bss)
    Test_jiejuo_jilu                         0x20000084   Data         148  test_list.o(.bss)
    Test_linshi_cunchushuju_L                0x20000118   Data          94  test_list.o(.bss)
    dayinbiaohaoyong                         0x20000176   Data          12  test_list.o(.bss)
    uart0_Rec_shuju_neirong                  0x20000184   Data         200  uart0.o(.bss)
    uart0_Uart0_Tx_SendData                  0x2000024c   Data         200  uart0.o(.bss)
    send_data_zancun_0                       0x20000314   Data         200  uart0.o(.bss)
    UART0Op                                  0x200003dc   Data          16  uart0.o(.bss)
    uart1_Rec_shuju_neirong                  0x200003ec   Data         200  uart1.o(.bss)
    uart1_Uart0_Tx_SendData                  0x200004b4   Data         200  uart1.o(.bss)
    send_data_zancun_1                       0x2000057c   Data         200  uart1.o(.bss)
    UART1Op                                  0x20000644   Data          16  uart1.o(.bss)
    uart3_Rec_shuju_neirong                  0x20000654   Data         200  uart3.o(.bss)
    uart3_Uart0_Tx_SendData                  0x2000071c   Data         200  uart3.o(.bss)
    send_data_zancun                         0x200007e4   Data         200  uart3.o(.bss)
    UART3Op                                  0x200008ac   Data          16  uart3.o(.bss)
    uart4_Rec_shuju_neirong                  0x200008bc   Data         200  uart4.o(.bss)
    uart4_Uart0_Tx_SendData                  0x20000984   Data         200  uart4.o(.bss)
    send_data_zancun_4                       0x20000a4c   Data         200  uart4.o(.bss)
    UART4Op                                  0x20000b14   Data          16  uart4.o(.bss)
    __initial_sp                             0x20001328   Data           0  startup_fm33lg0xx.o(STACK)



==============================================================================

Memory Map of the image

  Image Entry point : 0x000000c1

  Load Region LR_IROM1 (Base: 0x00000000, Size: 0x00002c38, Max: 0x00040000, ABSOLUTE)

    Execution Region ER_IROM1 (Exec base: 0x00000000, Load base: 0x00000000, Size: 0x00002bc4, Max: 0x00040000, ABSOLUTE)

    Exec Addr    Load Addr    Size         Type   Attr      Idx    E Section Name        Object

    0x00000000   0x00000000   0x000000c0   Data   RO            3    RESET               startup_fm33lg0xx.o
    0x000000c0   0x000000c0   0x00000000   Code   RO         4050  * .ARM.Collect$$$$00000000  mc_p.l(entry.o)
    0x000000c0   0x000000c0   0x00000004   Code   RO         4117    .ARM.Collect$$$$00000001  mc_p.l(entry2.o)
    0x000000c4   0x000000c4   0x00000004   Code   RO         4120    .ARM.Collect$$$$00000004  mc_p.l(entry5.o)
    0x000000c8   0x000000c8   0x00000000   Code   RO         4122    .ARM.Collect$$$$00000008  mc_p.l(entry7b.o)
    0x000000c8   0x000000c8   0x00000000   Code   RO         4124    .ARM.Collect$$$$0000000A  mc_p.l(entry8b.o)
    0x000000c8   0x000000c8   0x00000008   Code   RO         4125    .ARM.Collect$$$$0000000B  mc_p.l(entry9a.o)
    0x000000d0   0x000000d0   0x00000000   Code   RO         4127    .ARM.Collect$$$$0000000D  mc_p.l(entry10a.o)
    0x000000d0   0x000000d0   0x00000000   Code   RO         4129    .ARM.Collect$$$$0000000F  mc_p.l(entry11a.o)
    0x000000d0   0x000000d0   0x00000004   Code   RO         4118    .ARM.Collect$$$$00002712  mc_p.l(entry2.o)
    0x000000d4   0x000000d4   0x0000001c   Code   RO            4    .text               startup_fm33lg0xx.o
    0x000000f0   0x000000f0   0x0000002c   Code   RO         4053    .text               mc_p.l(uidiv.o)
    0x0000011c   0x0000011c   0x00000024   Code   RO         4151    .text               mc_p.l(init.o)
    0x00000140   0x00000140   0x00000150   Code   RO         3312    i.ATIM_IRQHandler   time.o
    0x00000290   0x00000290   0x00000014   Code   RO         3313    i.ATIM_Init         time.o
    0x000002a4   0x000002a4   0x00000010   Code   RO         3314    i.ATIM_NVIC_Init    time.o
    0x000002b4   0x000002b4   0x00000018   Code   RO         3315    i.ATIM_Start        time.o
    0x000002cc   0x000002cc   0x00000010   Code   RO         2866    i.Current_CHK_CTRL_OFF  gpio.o
    0x000002dc   0x000002dc   0x0000018c   Code   RO          404    i.FL_ADC_CommonInit  fm33lg0xx_fl_adc.o
    0x00000468   0x00000468   0x0000000a   Code   RO          407    i.FL_ADC_Disable    fm33lg0xx_fl_adc.o
    0x00000472   0x00000472   0x0000000c   Code   RO          408    i.FL_ADC_DisableOverSampling  fm33lg0xx_fl_adc.o
    0x0000047e   0x0000047e   0x0000000c   Code   RO         2711    i.FL_ADC_EnableSequencerChannel  adc_chk.o
    0x0000048a   0x0000048a   0x00000002   PAD
    0x0000048c   0x0000048c   0x00000388   Code   RO          409    i.FL_ADC_Init       fm33lg0xx_fl_adc.o
    0x00000814   0x00000814   0x0000000c   Code   RO          410    i.FL_ADC_SetClockSource  fm33lg0xx_fl_adc.o
    0x00000820   0x00000820   0x0000000a   Code   RO          537    i.FL_ATIM_GenerateUpdateEvent  fm33lg0xx_fl_atim.o
    0x0000082a   0x0000082a   0x00000002   PAD
    0x0000082c   0x0000082c   0x00000198   Code   RO          540    i.FL_ATIM_Init      fm33lg0xx_fl_atim.o
    0x000009c4   0x000009c4   0x00000010   Code   RO          541    i.FL_ATIM_IsActiveFlag_Update  fm33lg0xx_fl_atim.o
    0x000009d4   0x000009d4   0x0000000c   Code   RO          546    i.FL_ATIM_SetCounterAlignedMode  fm33lg0xx_fl_atim.o
    0x000009e0   0x000009e0   0x0000000c   Code   RO          547    i.FL_ATIM_SetCounterDirection  fm33lg0xx_fl_atim.o
    0x000009ec   0x000009ec   0x00000010   Code   RO         2498    i.FL_CMU_EnableGroup3BusClock  fm33lg0xx_fl_uart.o
    0x000009fc   0x000009fc   0x00000010   Code   RO          552    i.FL_CMU_EnableGroup3OperationClock  fm33lg0xx_fl_atim.o
    0x00000a0c   0x00000a0c   0x00000010   Code   RO         2499    i.FL_CMU_EnableGroup3OperationClock  fm33lg0xx_fl_uart.o
    0x00000a1c   0x00000a1c   0x00000010   Code   RO          553    i.FL_CMU_EnableGroup4BusClock  fm33lg0xx_fl_atim.o
    0x00000a2c   0x00000a2c   0x00000078   Code   RO          814    i.FL_CMU_GetAHBClockFreq  fm33lg0xx_fl_cmu.o
    0x00000aa4   0x00000aa4   0x00000078   Code   RO          815    i.FL_CMU_GetAPBClockFreq  fm33lg0xx_fl_cmu.o
    0x00000b1c   0x00000b1c   0x000000ac   Code   RO          816    i.FL_CMU_GetPLLClockFreq  fm33lg0xx_fl_cmu.o
    0x00000bc8   0x00000bc8   0x00000050   Code   RO          817    i.FL_CMU_GetRCHFClockFreq  fm33lg0xx_fl_cmu.o
    0x00000c18   0x00000c18   0x0000004c   Code   RO          818    i.FL_CMU_GetRCLFClockFreq  fm33lg0xx_fl_cmu.o
    0x00000c64   0x00000c64   0x00000064   Code   RO          819    i.FL_CMU_GetSystemClockFreq  fm33lg0xx_fl_cmu.o
    0x00000cc8   0x00000cc8   0x00000020   Code   RO          331    i.FL_DelayInit      fm33lg0xx_fl.o
    0x00000ce8   0x00000ce8   0x00000038   Code   RO          332    i.FL_DelayMs        fm33lg0xx_fl.o
    0x00000d20   0x00000d20   0x00000044   Code   RO          334    i.FL_DelayUs        fm33lg0xx_fl.o
    0x00000d64   0x00000d64   0x00000060   Code   RO         1089    i.FL_EXTI_CommonInit  fm33lg0xx_fl_exti.o
    0x00000dc4   0x00000dc4   0x000001c0   Code   RO         1092    i.FL_EXTI_Init      fm33lg0xx_fl_exti.o
    0x00000f84   0x00000f84   0x00000008   Code   RO         1094    i.FL_GPIO_ClearFlag_EXTI  fm33lg0xx_fl_exti.o
    0x00000f8c   0x00000f8c   0x0000000c   Code   RO         1095    i.FL_GPIO_DisableDigitalFilter  fm33lg0xx_fl_exti.o
    0x00000f98   0x00000f98   0x0000000a   Code   RO         1464    i.FL_GPIO_DisablePinAnalogSwitch  fm33lg0xx_fl_gpio.o
    0x00000fa2   0x00000fa2   0x0000000a   Code   RO         1465    i.FL_GPIO_DisablePinInput  fm33lg0xx_fl_gpio.o
    0x00000fac   0x00000fac   0x0000000a   Code   RO         1466    i.FL_GPIO_DisablePinOpenDrain  fm33lg0xx_fl_gpio.o
    0x00000fb6   0x00000fb6   0x0000000a   Code   RO         1467    i.FL_GPIO_DisablePinPullup  fm33lg0xx_fl_gpio.o
    0x00000fc0   0x00000fc0   0x0000000a   Code   RO         1468    i.FL_GPIO_DisablePinRemap  fm33lg0xx_fl_gpio.o
    0x00000fca   0x00000fca   0x00000016   Code   RO         3225    i.FL_GPIO_GetInputPin  test_list.o
    0x00000fe0   0x00000fe0   0x000001e8   Code   RO         1469    i.FL_GPIO_Init      fm33lg0xx_fl_gpio.o
    0x000011c8   0x000011c8   0x00000006   Code   RO         2868    i.FL_GPIO_ResetOutputPin  gpio.o
    0x000011ce   0x000011ce   0x0000000c   Code   RO         1096    i.FL_GPIO_SetExtiLine0  fm33lg0xx_fl_exti.o
    0x000011da   0x000011da   0x0000000c   Code   RO         1097    i.FL_GPIO_SetExtiLine1  fm33lg0xx_fl_exti.o
    0x000011e6   0x000011e6   0x0000000e   Code   RO         1098    i.FL_GPIO_SetExtiLine10  fm33lg0xx_fl_exti.o
    0x000011f4   0x000011f4   0x0000000e   Code   RO         1099    i.FL_GPIO_SetExtiLine11  fm33lg0xx_fl_exti.o
    0x00001202   0x00001202   0x0000000e   Code   RO         1100    i.FL_GPIO_SetExtiLine12  fm33lg0xx_fl_exti.o
    0x00001210   0x00001210   0x0000000e   Code   RO         1101    i.FL_GPIO_SetExtiLine13  fm33lg0xx_fl_exti.o
    0x0000121e   0x0000121e   0x0000000e   Code   RO         1102    i.FL_GPIO_SetExtiLine14  fm33lg0xx_fl_exti.o
    0x0000122c   0x0000122c   0x0000000c   Code   RO         1103    i.FL_GPIO_SetExtiLine15  fm33lg0xx_fl_exti.o
    0x00001238   0x00001238   0x0000000c   Code   RO         1104    i.FL_GPIO_SetExtiLine16  fm33lg0xx_fl_exti.o
    0x00001244   0x00001244   0x0000000c   Code   RO         1105    i.FL_GPIO_SetExtiLine17  fm33lg0xx_fl_exti.o
    0x00001250   0x00001250   0x0000000c   Code   RO         1106    i.FL_GPIO_SetExtiLine18  fm33lg0xx_fl_exti.o
    0x0000125c   0x0000125c   0x0000000c   Code   RO         1107    i.FL_GPIO_SetExtiLine2  fm33lg0xx_fl_exti.o
    0x00001268   0x00001268   0x0000000c   Code   RO         1108    i.FL_GPIO_SetExtiLine3  fm33lg0xx_fl_exti.o
    0x00001274   0x00001274   0x0000000e   Code   RO         1109    i.FL_GPIO_SetExtiLine4  fm33lg0xx_fl_exti.o
    0x00001282   0x00001282   0x0000000e   Code   RO         1110    i.FL_GPIO_SetExtiLine5  fm33lg0xx_fl_exti.o
    0x00001290   0x00001290   0x0000000e   Code   RO         1111    i.FL_GPIO_SetExtiLine6  fm33lg0xx_fl_exti.o
    0x0000129e   0x0000129e   0x0000000e   Code   RO         1112    i.FL_GPIO_SetExtiLine7  fm33lg0xx_fl_exti.o
    0x000012ac   0x000012ac   0x0000000e   Code   RO         1113    i.FL_GPIO_SetExtiLine8  fm33lg0xx_fl_exti.o
    0x000012ba   0x000012ba   0x0000000e   Code   RO         1114    i.FL_GPIO_SetExtiLine9  fm33lg0xx_fl_exti.o
    0x000012c8   0x000012c8   0x00000006   Code   RO         2869    i.FL_GPIO_SetOutputPin  gpio.o
    0x000012ce   0x000012ce   0x00000006   Code   RO         3858    i.FL_GPIO_SetOutputPin  zdina219.o
    0x000012d4   0x000012d4   0x0000001a   Code   RO         1470    i.FL_GPIO_SetPinMode  fm33lg0xx_fl_gpio.o
    0x000012ee   0x000012ee   0x0000001a   Code   RO         1115    i.FL_GPIO_SetTriggerEdge0  fm33lg0xx_fl_exti.o
    0x00001308   0x00001308   0x0000001a   Code   RO         1116    i.FL_GPIO_SetTriggerEdge1  fm33lg0xx_fl_exti.o
    0x00001322   0x00001322   0x00000002   PAD
    0x00001324   0x00001324   0x00000120   Code   RO         1743    i.FL_IWDT_Init      fm33lg0xx_fl_iwdt.o
    0x00001444   0x00001444   0x00000014   Code   RO         1744    i.FL_IWDT_ReadCounter  fm33lg0xx_fl_iwdt.o
    0x00001458   0x00001458   0x0000000a   Code   RO         1745    i.FL_IWDT_StructInit  fm33lg0xx_fl_iwdt.o
    0x00001462   0x00001462   0x00000008   Code   RO          336    i.FL_Init           fm33lg0xx_fl.o
    0x0000146a   0x0000146a   0x00000002   PAD
    0x0000146c   0x0000146c   0x00000048   Code   RO          337    i.FL_NVIC_Init      fm33lg0xx_fl.o
    0x000014b4   0x000014b4   0x0000000a   Code   RO         3463    i.FL_UART_EnableIT_TXShiftBuffEmpty  uart0.o
    0x000014be   0x000014be   0x0000000a   Code   RO         3575    i.FL_UART_EnableIT_TXShiftBuffEmpty  uart1.o
    0x000014c8   0x000014c8   0x0000000a   Code   RO         3667    i.FL_UART_EnableIT_TXShiftBuffEmpty  uart3.o
    0x000014d2   0x000014d2   0x0000000a   Code   RO         3746    i.FL_UART_EnableIT_TXShiftBuffEmpty  uart4.o
    0x000014dc   0x000014dc   0x000002e4   Code   RO         2505    i.FL_UART_Init      fm33lg0xx_fl_uart.o
    0x000017c0   0x000017c0   0x0000000c   Code   RO         3464    i.FL_UART_WriteTXBuff  uart0.o
    0x000017cc   0x000017cc   0x0000000c   Code   RO         3576    i.FL_UART_WriteTXBuff  uart1.o
    0x000017d8   0x000017d8   0x0000000c   Code   RO         3668    i.FL_UART_WriteTXBuff  uart3.o
    0x000017e4   0x000017e4   0x0000000c   Code   RO         3747    i.FL_UART_WriteTXBuff  uart4.o
    0x000017f0   0x000017f0   0x00000030   Code   RO         3997    i.GPIO_IRQHandler   exti.o
    0x00001820   0x00001820   0x0000008c   Code   RO         3859    i.INA219_IIC_GPIO_Init  zdina219.o
    0x000018ac   0x000018ac   0x0000001c   Code   RO         3158    i.LED_FLAG_Run      led_ctrl.o
    0x000018c8   0x000018c8   0x00000010   Code   RO         2870    i.LED_Off           gpio.o
    0x000018d8   0x000018d8   0x00000010   Code   RO         2871    i.LED_On            gpio.o
    0x000018e8   0x000018e8   0x00000018   Code   RO         2717    i.MF_ADC_Common_Init  adc_chk.o
    0x00001900   0x00001900   0x0000000c   Code   RO         2718    i.MF_ADC_Config_Init  adc_chk.o
    0x0000190c   0x0000190c   0x00000100   Code   RO         2719    i.MF_ADC_Init       adc_chk.o
    0x00001a0c   0x00001a0c   0x00000020   Code   RO         3316    i.MF_ATIM_Interrupt_Init  time.o
    0x00001a2c   0x00001a2c   0x00000030   Code   RO         3317    i.MF_ATIM_TimerBase_Init  time.o
    0x00001a5c   0x00001a5c   0x00000084   Code   RO           13    i.MF_Clock_Init     mf_config.o
    0x00001ae0   0x00001ae0   0x00000010   Code   RO         3998    i.MF_Config_Init    exti.o
    0x00001af0   0x00001af0   0x0000000e   Code   RO         3999    i.MF_EXTI_Common_Init  exti.o
    0x00001afe   0x00001afe   0x00000002   PAD
    0x00001b00   0x00001b00   0x0000003c   Code   RO         4000    i.MF_EXTI_Line13_Init  exti.o
    0x00001b3c   0x00001b3c   0x00000010   Code   RO         4001    i.MF_NVIC_Init      exti.o
    0x00001b4c   0x00001b4c   0x0000006c   Code   RO         3465    i.MF_UART0_Init     uart0.o
    0x00001bb8   0x00001bb8   0x00000034   Code   RO         3466    i.MF_UART0_Interrupt_Init  uart0.o
    0x00001bec   0x00001bec   0x00000068   Code   RO         3577    i.MF_UART1_Init     uart1.o
    0x00001c54   0x00001c54   0x00000034   Code   RO         3578    i.MF_UART1_Interrupt_Init  uart1.o
    0x00001c88   0x00001c88   0x0000006c   Code   RO         3669    i.MF_UART3_Init     uart3.o
    0x00001cf4   0x00001cf4   0x00000034   Code   RO         3670    i.MF_UART3_Interrupt_Init  uart3.o
    0x00001d28   0x00001d28   0x00000068   Code   RO         3748    i.MF_UART4_Init     uart4.o
    0x00001d90   0x00001d90   0x00000034   Code   RO         3749    i.MF_UART4_Interrupt_Init  uart4.o
    0x00001dc4   0x00001dc4   0x00000010   Code   RO         2872    i.NB_Current_CHK_CTRL_OFF  gpio.o
    0x00001dd4   0x00001dd4   0x00000078   Code   RO          338    i.NVIC_SetPriority  fm33lg0xx_fl.o
    0x00001e4c   0x00001e4c   0x0000026c   Code   RO         2874    i.Others_GPIO_Init  gpio.o
    0x000020b8   0x000020b8   0x00000010   Code   RO         2875    i.RS2103_POWER_OFF  gpio.o
    0x000020c8   0x000020c8   0x00000010   Code   RO         2876    i.RS2103_POWER_ON   gpio.o
    0x000020d8   0x000020d8   0x00000010   Code   RO         2878    i.RS2103_Sel_youci  gpio.o
    0x000020e8   0x000020e8   0x00000014   Code   RO         2879    i.SENSOR_D_High     gpio.o
    0x000020fc   0x000020fc   0x00000014   Code   RO         2882    i.SENSOR_P_Low      gpio.o
    0x00002110   0x00002110   0x00000010   Code   RO         2883    i.SENSOR_T_High     gpio.o
    0x00002120   0x00002120   0x0000013c   Code   RO          291    i.SystemCoreClockUpdate  system_fm33lg0xx.o
    0x0000225c   0x0000225c   0x000000fc   Code   RO          292    i.SystemInit        system_fm33lg0xx.o
    0x00002358   0x00002358   0x000000d0   Code   RO          293    i.SystemPLLClockUpdate  system_fm33lg0xx.o
    0x00002428   0x00002428   0x000000f8   Code   RO         3469    i.UART0_IRQHandler  uart0.o
    0x00002520   0x00002520   0x00000014   Code   RO         3470    i.UART0_MF_Config_Init  uart0.o
    0x00002534   0x00002534   0x00000010   Code   RO         3471    i.UART0_MF_NVIC_Init  uart0.o
    0x00002544   0x00002544   0x000000f8   Code   RO         3579    i.UART1_IRQHandler  uart1.o
    0x0000263c   0x0000263c   0x00000014   Code   RO         3580    i.UART1_MF_Config_Init  uart1.o
    0x00002650   0x00002650   0x00000010   Code   RO         3581    i.UART1_MF_NVIC_Init  uart1.o
    0x00002660   0x00002660   0x000000f0   Code   RO         3671    i.UART3_IRQHandler  uart3.o
    0x00002750   0x00002750   0x00000014   Code   RO         3672    i.UART3_MF_Config_Init  uart3.o
    0x00002764   0x00002764   0x00000010   Code   RO         3673    i.UART3_MF_NVIC_Init  uart3.o
    0x00002774   0x00002774   0x000000fc   Code   RO         3750    i.UART4_IRQHandler  uart4.o
    0x00002870   0x00002870   0x00000014   Code   RO         3751    i.UART4_MF_Config_Init  uart4.o
    0x00002884   0x00002884   0x00000010   Code   RO         3752    i.UART4_MF_NVIC_Init  uart4.o
    0x00002894   0x00002894   0x00000010   Code   RO         3475    i.Uart0_Tx_Send_init  uart0.o
    0x000028a4   0x000028a4   0x00000010   Code   RO         3584    i.Uart1_Tx_Send_init  uart1.o
    0x000028b4   0x000028b4   0x00000010   Code   RO         3676    i.Uart3_Tx_Send_init  uart3.o
    0x000028c4   0x000028c4   0x00000010   Code   RO         3755    i.Uart4_Tx_Send_init  uart4.o
    0x000028d4   0x000028d4   0x00000030   Code   RO         3832    i.WatchDog_Init     wtd.o
    0x00002904   0x00002904   0x0000001c   Code   RO          320    i.__ARM_common_switch8  system_fm33lg0xx.o
    0x00002920   0x00002920   0x0000000e   Code   RO         4157    i.__scatterload_copy  mc_p.l(handlers.o)
    0x0000292e   0x0000292e   0x00000002   Code   RO         4158    i.__scatterload_null  mc_p.l(handlers.o)
    0x00002930   0x00002930   0x0000000e   Code   RO         4159    i.__scatterload_zeroinit  mc_p.l(handlers.o)
    0x0000293e   0x0000293e   0x00000002   PAD
    0x00002940   0x00002940   0x00000010   Code   RO         2885    i.beidian_gongdian_OFF  gpio.o
    0x00002950   0x00002950   0x00000010   Code   RO         2886    i.beidian_gongdian_On  gpio.o
    0x00002960   0x00002960   0x00000014   Code   RO         2887    i.daowei_CLOSE_High  gpio.o
    0x00002974   0x00002974   0x00000014   Code   RO         2890    i.daowei_OPEN_Low   gpio.o
    0x00002988   0x00002988   0x00000010   Code   RO         2891    i.erji_dianya_CHK_CTRL_OFF  gpio.o
    0x00002998   0x00002998   0x00000094   Code   RO         3226    i.gongwei_jiance    test_list.o
    0x00002a2c   0x00002a2c   0x00000010   Code   RO         2894    i.huuoer_1_OFF      gpio.o
    0x00002a3c   0x00002a3c   0x00000010   Code   RO         2896    i.huuoer_2_OFF      gpio.o
    0x00002a4c   0x00002a4c   0x00000010   Code   RO         2897    i.huuoer_2_ON       gpio.o
    0x00002a5c   0x00002a5c   0x00000048   Code   RO         3227    i.jiliang_fangshi_select  test_list.o
    0x00002aa4   0x00002aa4   0x0000000c   Code   RO         2898    i.kai_daowei        gpio.o
    0x00002ab0   0x00002ab0   0x00000024   Code   RO          199    i.main              main.o
    0x00002ad4   0x00002ad4   0x0000002c   Code   RO          200    i.test_Init         main.o
    0x00002b00   0x00002b00   0x00000020   Code   RO         3233    i.test_start_Init   test_list.o
    0x00002b20   0x00002b20   0x00000010   Code   RO         2899    i.zhudian_dianya_CHK_CTRL_OFF  gpio.o
    0x00002b30   0x00002b30   0x00000010   Code   RO         2901    i.zhudian_gongdian_OFF  gpio.o
    0x00002b40   0x00002b40   0x00000010   Code   RO         2902    i.zhudian_gongdian_On  gpio.o
    0x00002b50   0x00002b50   0x00000054   Data   RO         1117    .constdata          fm33lg0xx_fl_exti.o
    0x00002ba4   0x00002ba4   0x00000020   Data   RO         4155    Region$$Table       anon$$obj.o


    Execution Region RW_IRAM1 (Exec base: 0x20000000, Load base: 0x00002bc4, Size: 0x00001328, Max: 0x00008000, ABSOLUTE)

    Exec Addr    Load Addr    Size         Type   Attr      Idx    E Section Name        Object

    0x20000000   0x00002bc4   0x0000000c   Data   RW          294    .data               system_fm33lg0xx.o
    0x2000000c   0x00002bd0   0x00000002   Data   RW         3159    .data               led_ctrl.o
    0x2000000e   0x00002bd2   0x00000002   PAD
    0x20000010   0x00002bd4   0x00000008   Data   RW         3236    .data               test_list.o
    0x20000018   0x00002bdc   0x0000000a   Data   RW         3477    .data               uart0.o
    0x20000022   0x00002be6   0x00000040   Data   RW         3587    .data               uart1.o
    0x20000062   0x00002c26   0x00000008   Data   RW         3678    .data               uart3.o
    0x2000006a   0x00002c2e   0x00000009   Data   RW         3758    .data               uart4.o
    0x20000073   0x00002c37   0x00000001   Data   RW         4002    .data               exti.o
    0x20000074        -       0x0000010e   Zero   RW         3235    .bss                test_list.o
    0x20000182   0x00002c38   0x00000002   PAD
    0x20000184        -       0x00000268   Zero   RW         3476    .bss                uart0.o
    0x200003ec        -       0x00000268   Zero   RW         3586    .bss                uart1.o
    0x20000654        -       0x00000268   Zero   RW         3677    .bss                uart3.o
    0x200008bc        -       0x00000268   Zero   RW         3757    .bss                uart4.o
    0x20000b24   0x00002c38   0x00000004   PAD
    0x20000b28        -       0x00000800   Zero   RW            1    STACK               startup_fm33lg0xx.o


==============================================================================

Image component sizes


      Code (inc. data)   RO Data    RW Data    ZI Data      Debug   Object Name

       304          8          0          0          0      22897   adc_chk.o
       154         14          0          1          0      19529   exti.o
       356         42          0          0          0      14582   fm33lg0xx_fl.o
      1334         24          0          0          0      59970   fm33lg0xx_fl_adc.o
       490         16          0          0          0      68095   fm33lg0xx_fl_atim.o
       668         82          0          0          0      28183   fm33lg0xx_fl_cmu.o
         0          0          0          0          0      23884   fm33lg0xx_fl_comp.o
       866         28         84          0          0      64680   fm33lg0xx_fl_exti.o
       564         18          0          0          0      23379   fm33lg0xx_fl_gpio.o
       318         16          0          0          0       5640   fm33lg0xx_fl_iwdt.o
       772         36          0          0          0      39891   fm33lg0xx_fl_uart.o
       996        100          0          0          0      28100   gpio.o
        28          8          0          2          0        723   led_ctrl.o
        80          0          0          0          0       1410   main.o
       132         10          0          0          0      70932   mf_config.o
        28          8        192          0       2048        728   startup_fm33lg0xx.o
       804        102          0         12          0       2335   system_fm33lg0xx.o
       274         20          0          8        270      23054   test_list.o
       476         68          0          0          0      35138   time.o
       482         50          0         10        616      16883   uart0.o
       478         50          0         64        616       5936   uart1.o
       474         48          0          8        616       5969   uart3.o
       482         56          0          9        616       5856   uart4.o
        48         10          0          0          0        580   wtd.o
       146          6          0          0          0      17831   zdina219.o

    ----------------------------------------------------------------------
     10764        820        308        116       4788     586205   Object Totals
         0          0         32          0          0          0   (incl. Generated)
        10          0          0          2          6          0   (incl. Padding)

    ----------------------------------------------------------------------

      Code (inc. data)   RO Data    RW Data    ZI Data      Debug   Library Member Name

         0          0          0          0          0          0   entry.o
         0          0          0          0          0          0   entry10a.o
         0          0          0          0          0          0   entry11a.o
         8          4          0          0          0          0   entry2.o
         4          0          0          0          0          0   entry5.o
         0          0          0          0          0          0   entry7b.o
         0          0          0          0          0          0   entry8b.o
         8          4          0          0          0          0   entry9a.o
        30          0          0          0          0          0   handlers.o
        36          8          0          0          0         68   init.o
        44          0          0          0          0         72   uidiv.o

    ----------------------------------------------------------------------
       132         16          0          0          0        140   Library Totals
         2          0          0          0          0          0   (incl. Padding)

    ----------------------------------------------------------------------

      Code (inc. data)   RO Data    RW Data    ZI Data      Debug   Library Name

       130         16          0          0          0        140   mc_p.l

    ----------------------------------------------------------------------
       132         16          0          0          0        140   Library Totals

    ----------------------------------------------------------------------

==============================================================================


      Code (inc. data)   RO Data    RW Data    ZI Data      Debug   

     10896        836        308        116       4788     580073   Grand Totals
     10896        836        308        116       4788     580073   ELF Image Totals
     10896        836        308        116          0          0   ROM Totals

==============================================================================

    Total RO  Size (Code + RO Data)                11204 (  10.94kB)
    Total RW  Size (RW Data + ZI Data)              4904 (   4.79kB)
    Total ROM Size (Code + RO Data + RW Data)      11320 (  11.05kB)

==============================================================================

