<!doctype html public "-//w3c//dtd html 4.0 transitional//en">
<html><head>
<title>Static Call Graph - [.\Objects\FM33LG048.axf]</title></head>
<body><HR>
<H1>Static Call Graph for image .\Objects\FM33LG048.axf</H1><HR>
<BR><P>#&#060CALLGRAPH&#062# ARM Linker, 5060750: Last Updated: Mon Mar 23 10:34:01 2026
<BR><P>
<H3>Maximum Stack Usage =        340 bytes + Unknown(Functions without stacksize, Cycles, Untraceable Function Pointers)</H3><H3>
Call chain for Maximum Stack Depth:</H3>
__rt_entry_main &rArr; main &rArr; Uart0_Rx_rec &rArr; pcProtocolParse &rArr; testDataResponse &rArr; Uart0_Tx_Send &rArr; UART_TX_state_change &rArr; FL_GPIO_Init &rArr; FL_GPIO_SetPinMode
<P>
<H3>
Functions with no stack information
</H3><UL>
 <LI><a href="#[59]">__user_initial_stackheap</a>
</UL>
</UL>
<P>
<H3>
Mutually Recursive functions
</H3> <LI><a href="#[7]">NMI_Handler</a>&nbsp;&nbsp;&nbsp;&rArr;&nbsp;&nbsp;&nbsp;<a href="#[7]">NMI_Handler</a><BR>
 <LI><a href="#[8]">HardFault_Handler</a>&nbsp;&nbsp;&nbsp;&rArr;&nbsp;&nbsp;&nbsp;<a href="#[8]">HardFault_Handler</a><BR>
 <LI><a href="#[9]">SVC_Handler</a>&nbsp;&nbsp;&nbsp;&rArr;&nbsp;&nbsp;&nbsp;<a href="#[9]">SVC_Handler</a><BR>
 <LI><a href="#[a]">PendSV_Handler</a>&nbsp;&nbsp;&nbsp;&rArr;&nbsp;&nbsp;&nbsp;<a href="#[a]">PendSV_Handler</a><BR>
 <LI><a href="#[b]">SysTick_Handler</a>&nbsp;&nbsp;&nbsp;&rArr;&nbsp;&nbsp;&nbsp;<a href="#[b]">SysTick_Handler</a><BR>
 <LI><a href="#[11]">ADC_IRQHandler</a>&nbsp;&nbsp;&nbsp;&rArr;&nbsp;&nbsp;&nbsp;<a href="#[11]">ADC_IRQHandler</a><BR>
</UL>
<P>
<H3>
Function Pointers
</H3><UL>
 <LI><a href="#[11]">ADC_IRQHandler</a> from startup_fm33lg0xx.o(.text) referenced from startup_fm33lg0xx.o(RESET)
 <LI><a href="#[1f]">AES_IRQHandler</a> from startup_fm33lg0xx.o(.text) referenced from startup_fm33lg0xx.o(RESET)
 <LI><a href="#[28]">ATIM_IRQHandler</a> from time.o(i.ATIM_IRQHandler) referenced from startup_fm33lg0xx.o(RESET)
 <LI><a href="#[24]">BSTIM_IRQHandler</a> from startup_fm33lg0xx.o(.text) referenced from startup_fm33lg0xx.o(RESET)
 <LI><a href="#[2b]">CAN_IRQHandler</a> from startup_fm33lg0xx.o(.text) referenced from startup_fm33lg0xx.o(RESET)
 <LI><a href="#[1e]">CCL_IRQHandler</a> from startup_fm33lg0xx.o(.text) referenced from startup_fm33lg0xx.o(RESET)
 <LI><a href="#[25]">COMPx_IRQHandler</a> from startup_fm33lg0xx.o(.text) referenced from startup_fm33lg0xx.o(RESET)
 <LI><a href="#[12]">DAC_IRQHandler</a> from startup_fm33lg0xx.o(.text) referenced from startup_fm33lg0xx.o(RESET)
 <LI><a href="#[21]">DMA_IRQHandler</a> from startup_fm33lg0xx.o(.text) referenced from startup_fm33lg0xx.o(RESET)
 <LI><a href="#[10]">FDET_IRQHandler</a> from mf_config.o(i.FDET_IRQHandler) referenced from startup_fm33lg0xx.o(RESET)
 <LI><a href="#[f]">FLASH_IRQHandler</a> from startup_fm33lg0xx.o(.text) referenced from startup_fm33lg0xx.o(RESET)
 <LI><a href="#[2e]">FL_GPIO_SetExtiLine0</a> from fm33lg0xx_fl_exti.o(i.FL_GPIO_SetExtiLine0) referenced from fm33lg0xx_fl_exti.o(.constdata)
 <LI><a href="#[2f]">FL_GPIO_SetExtiLine1</a> from fm33lg0xx_fl_exti.o(i.FL_GPIO_SetExtiLine1) referenced from fm33lg0xx_fl_exti.o(.constdata)
 <LI><a href="#[38]">FL_GPIO_SetExtiLine10</a> from fm33lg0xx_fl_exti.o(i.FL_GPIO_SetExtiLine10) referenced from fm33lg0xx_fl_exti.o(.constdata)
 <LI><a href="#[39]">FL_GPIO_SetExtiLine11</a> from fm33lg0xx_fl_exti.o(i.FL_GPIO_SetExtiLine11) referenced from fm33lg0xx_fl_exti.o(.constdata)
 <LI><a href="#[3a]">FL_GPIO_SetExtiLine12</a> from fm33lg0xx_fl_exti.o(i.FL_GPIO_SetExtiLine12) referenced from fm33lg0xx_fl_exti.o(.constdata)
 <LI><a href="#[3b]">FL_GPIO_SetExtiLine13</a> from fm33lg0xx_fl_exti.o(i.FL_GPIO_SetExtiLine13) referenced from fm33lg0xx_fl_exti.o(.constdata)
 <LI><a href="#[3c]">FL_GPIO_SetExtiLine14</a> from fm33lg0xx_fl_exti.o(i.FL_GPIO_SetExtiLine14) referenced from fm33lg0xx_fl_exti.o(.constdata)
 <LI><a href="#[3d]">FL_GPIO_SetExtiLine15</a> from fm33lg0xx_fl_exti.o(i.FL_GPIO_SetExtiLine15) referenced from fm33lg0xx_fl_exti.o(.constdata)
 <LI><a href="#[3e]">FL_GPIO_SetExtiLine16</a> from fm33lg0xx_fl_exti.o(i.FL_GPIO_SetExtiLine16) referenced from fm33lg0xx_fl_exti.o(.constdata)
 <LI><a href="#[3f]">FL_GPIO_SetExtiLine17</a> from fm33lg0xx_fl_exti.o(i.FL_GPIO_SetExtiLine17) referenced from fm33lg0xx_fl_exti.o(.constdata)
 <LI><a href="#[40]">FL_GPIO_SetExtiLine18</a> from fm33lg0xx_fl_exti.o(i.FL_GPIO_SetExtiLine18) referenced from fm33lg0xx_fl_exti.o(.constdata)
 <LI><a href="#[30]">FL_GPIO_SetExtiLine2</a> from fm33lg0xx_fl_exti.o(i.FL_GPIO_SetExtiLine2) referenced from fm33lg0xx_fl_exti.o(.constdata)
 <LI><a href="#[31]">FL_GPIO_SetExtiLine3</a> from fm33lg0xx_fl_exti.o(i.FL_GPIO_SetExtiLine3) referenced from fm33lg0xx_fl_exti.o(.constdata)
 <LI><a href="#[32]">FL_GPIO_SetExtiLine4</a> from fm33lg0xx_fl_exti.o(i.FL_GPIO_SetExtiLine4) referenced from fm33lg0xx_fl_exti.o(.constdata)
 <LI><a href="#[33]">FL_GPIO_SetExtiLine5</a> from fm33lg0xx_fl_exti.o(i.FL_GPIO_SetExtiLine5) referenced from fm33lg0xx_fl_exti.o(.constdata)
 <LI><a href="#[34]">FL_GPIO_SetExtiLine6</a> from fm33lg0xx_fl_exti.o(i.FL_GPIO_SetExtiLine6) referenced from fm33lg0xx_fl_exti.o(.constdata)
 <LI><a href="#[35]">FL_GPIO_SetExtiLine7</a> from fm33lg0xx_fl_exti.o(i.FL_GPIO_SetExtiLine7) referenced from fm33lg0xx_fl_exti.o(.constdata)
 <LI><a href="#[36]">FL_GPIO_SetExtiLine8</a> from fm33lg0xx_fl_exti.o(i.FL_GPIO_SetExtiLine8) referenced from fm33lg0xx_fl_exti.o(.constdata)
 <LI><a href="#[37]">FL_GPIO_SetExtiLine9</a> from fm33lg0xx_fl_exti.o(i.FL_GPIO_SetExtiLine9) referenced from fm33lg0xx_fl_exti.o(.constdata)
 <LI><a href="#[41]">FL_GPIO_SetTriggerEdge0</a> from fm33lg0xx_fl_exti.o(i.FL_GPIO_SetTriggerEdge0) referenced from fm33lg0xx_fl_exti.o(.constdata)
 <LI><a href="#[42]">FL_GPIO_SetTriggerEdge1</a> from fm33lg0xx_fl_exti.o(i.FL_GPIO_SetTriggerEdge1) referenced from fm33lg0xx_fl_exti.o(.constdata)
 <LI><a href="#[2a]">GPIO_IRQHandler</a> from pulse.o(i.GPIO_IRQHandler) referenced from startup_fm33lg0xx.o(RESET)
 <LI><a href="#[26]">GPTIM0_1_IRQHandler</a> from startup_fm33lg0xx.o(.text) referenced from startup_fm33lg0xx.o(RESET)
 <LI><a href="#[27]">GPTIM2_IRQHandler</a> from startup_fm33lg0xx.o(.text) referenced from startup_fm33lg0xx.o(RESET)
 <LI><a href="#[8]">HardFault_Handler</a> from startup_fm33lg0xx.o(.text) referenced from startup_fm33lg0xx.o(RESET)
 <LI><a href="#[1d]">I2C_IRQHandler</a> from startup_fm33lg0xx.o(.text) referenced from startup_fm33lg0xx.o(RESET)
 <LI><a href="#[20]">LPTIM_IRQHandler</a> from startup_fm33lg0xx.o(.text) referenced from startup_fm33lg0xx.o(RESET)
 <LI><a href="#[1c]">LPUARTx_IRQHandler</a> from startup_fm33lg0xx.o(.text) referenced from startup_fm33lg0xx.o(RESET)
 <LI><a href="#[23]">LUT_IRQHandler</a> from startup_fm33lg0xx.o(.text) referenced from startup_fm33lg0xx.o(RESET)
 <LI><a href="#[7]">NMI_Handler</a> from startup_fm33lg0xx.o(.text) referenced from startup_fm33lg0xx.o(RESET)
 <LI><a href="#[a]">PendSV_Handler</a> from startup_fm33lg0xx.o(.text) referenced from startup_fm33lg0xx.o(RESET)
 <LI><a href="#[e]">RTC_IRQHandler</a> from startup_fm33lg0xx.o(.text) referenced from startup_fm33lg0xx.o(RESET)
 <LI><a href="#[6]">Reset_Handler</a> from startup_fm33lg0xx.o(.text) referenced from startup_fm33lg0xx.o(RESET)
 <LI><a href="#[13]">SPI0_IRQHandler</a> from startup_fm33lg0xx.o(.text) referenced from startup_fm33lg0xx.o(RESET)
 <LI><a href="#[14]">SPI1_IRQHandler</a> from startup_fm33lg0xx.o(.text) referenced from startup_fm33lg0xx.o(RESET)
 <LI><a href="#[15]">SPI2_IRQHandler</a> from startup_fm33lg0xx.o(.text) referenced from startup_fm33lg0xx.o(RESET)
 <LI><a href="#[9]">SVC_Handler</a> from startup_fm33lg0xx.o(.text) referenced from startup_fm33lg0xx.o(RESET)
 <LI><a href="#[d]">SVD_IRQHandler</a> from startup_fm33lg0xx.o(.text) referenced from startup_fm33lg0xx.o(RESET)
 <LI><a href="#[b]">SysTick_Handler</a> from startup_fm33lg0xx.o(.text) referenced from startup_fm33lg0xx.o(RESET)
 <LI><a href="#[2c]">SystemInit</a> from system_fm33lg0xx.o(i.SystemInit) referenced from startup_fm33lg0xx.o(.text)
 <LI><a href="#[1b]">U7816_IRQHandler</a> from startup_fm33lg0xx.o(.text) referenced from startup_fm33lg0xx.o(RESET)
 <LI><a href="#[16]">UART0_IRQHandler</a> from uart0.o(i.UART0_IRQHandler) referenced from startup_fm33lg0xx.o(RESET)
 <LI><a href="#[17]">UART1_IRQHandler</a> from uart1.o(i.UART1_IRQHandler) referenced from startup_fm33lg0xx.o(RESET)
 <LI><a href="#[18]">UART3_IRQHandler</a> from uart3.o(i.UART3_IRQHandler) referenced from startup_fm33lg0xx.o(RESET)
 <LI><a href="#[19]">UART4_IRQHandler</a> from startup_fm33lg0xx.o(.text) referenced from startup_fm33lg0xx.o(RESET)
 <LI><a href="#[1a]">UART5_IRQHandler</a> from startup_fm33lg0xx.o(.text) referenced from startup_fm33lg0xx.o(RESET)
 <LI><a href="#[29]">VREF_IRQHandler</a> from startup_fm33lg0xx.o(.text) referenced from startup_fm33lg0xx.o(RESET)
 <LI><a href="#[c]">WDT_IRQHandler</a> from startup_fm33lg0xx.o(.text) referenced from startup_fm33lg0xx.o(RESET)
 <LI><a href="#[22]">WKUPx_IRQHandler</a> from startup_fm33lg0xx.o(.text) referenced from startup_fm33lg0xx.o(RESET)
 <LI><a href="#[43]">__main</a> from __main.o(!!!main) referenced from startup_fm33lg0xx.o(.text)
</UL>
<P>
<H3>
Global Symbols
</H3>
<P><STRONG><a name="[43]"></a>__main</STRONG> (Thumb, 8 bytes, Stack size 0 bytes, __main.o(!!!main))
<BR><BR>[Calls]<UL><LI><a href="#[44]">&gt;&gt;</a>&nbsp;&nbsp;&nbsp;__scatterload
<LI><a href="#[45]">&gt;&gt;</a>&nbsp;&nbsp;&nbsp;__rt_entry
</UL>

<P><STRONG><a name="[44]"></a>__scatterload</STRONG> (Thumb, 0 bytes, Stack size unknown bytes, __scatter.o(!!!scatter))
<BR><BR>[Called By]<UL><LI><a href="#[43]">&gt;&gt;</a>&nbsp;&nbsp;&nbsp;__main
</UL>

<P><STRONG><a name="[46]"></a>__scatterload_rt2</STRONG> (Thumb, 52 bytes, Stack size unknown bytes, __scatter.o(!!!scatter), UNUSED)
<BR><BR>[Calls]<UL><LI><a href="#[45]">&gt;&gt;</a>&nbsp;&nbsp;&nbsp;__rt_entry
</UL>

<P><STRONG><a name="[11a]"></a>__scatterload_rt2_thumb_only</STRONG> (Thumb, 0 bytes, Stack size unknown bytes, __scatter.o(!!!scatter), UNUSED)

<P><STRONG><a name="[11b]"></a>__scatterload_null</STRONG> (Thumb, 0 bytes, Stack size unknown bytes, __scatter.o(!!!scatter), UNUSED)

<P><STRONG><a name="[11c]"></a>__scatterload_zeroinit</STRONG> (Thumb, 28 bytes, Stack size unknown bytes, __scatter_zi.o(!!handler_zi), UNUSED)

<P><STRONG><a name="[4a]"></a>__rt_lib_init</STRONG> (Thumb, 0 bytes, Stack size unknown bytes, libinit.o(.ARM.Collect$$libinit$$00000000))
<BR><BR>[Called By]<UL><LI><a href="#[49]">&gt;&gt;</a>&nbsp;&nbsp;&nbsp;__rt_entry_li
</UL>

<P><STRONG><a name="[11d]"></a>__rt_lib_init_alloca_1</STRONG> (Thumb, 0 bytes, Stack size unknown bytes, libinit2.o(.ARM.Collect$$libinit$$0000002E))

<P><STRONG><a name="[11e]"></a>__rt_lib_init_argv_1</STRONG> (Thumb, 0 bytes, Stack size unknown bytes, libinit2.o(.ARM.Collect$$libinit$$0000002C))

<P><STRONG><a name="[11f]"></a>__rt_lib_init_atexit_1</STRONG> (Thumb, 0 bytes, Stack size unknown bytes, libinit2.o(.ARM.Collect$$libinit$$0000001B))

<P><STRONG><a name="[120]"></a>__rt_lib_init_clock_1</STRONG> (Thumb, 0 bytes, Stack size unknown bytes, libinit2.o(.ARM.Collect$$libinit$$00000021))

<P><STRONG><a name="[121]"></a>__rt_lib_init_cpp_1</STRONG> (Thumb, 0 bytes, Stack size unknown bytes, libinit2.o(.ARM.Collect$$libinit$$00000032))

<P><STRONG><a name="[122]"></a>__rt_lib_init_exceptions_1</STRONG> (Thumb, 0 bytes, Stack size unknown bytes, libinit2.o(.ARM.Collect$$libinit$$00000030))

<P><STRONG><a name="[123]"></a>__rt_lib_init_fp_1</STRONG> (Thumb, 0 bytes, Stack size unknown bytes, libinit2.o(.ARM.Collect$$libinit$$00000002))

<P><STRONG><a name="[124]"></a>__rt_lib_init_fp_trap_1</STRONG> (Thumb, 0 bytes, Stack size unknown bytes, libinit2.o(.ARM.Collect$$libinit$$0000001F))

<P><STRONG><a name="[125]"></a>__rt_lib_init_getenv_1</STRONG> (Thumb, 0 bytes, Stack size unknown bytes, libinit2.o(.ARM.Collect$$libinit$$00000023))

<P><STRONG><a name="[126]"></a>__rt_lib_init_heap_1</STRONG> (Thumb, 0 bytes, Stack size unknown bytes, libinit2.o(.ARM.Collect$$libinit$$0000000A))

<P><STRONG><a name="[127]"></a>__rt_lib_init_lc_collate_1</STRONG> (Thumb, 0 bytes, Stack size unknown bytes, libinit2.o(.ARM.Collect$$libinit$$00000011))

<P><STRONG><a name="[128]"></a>__rt_lib_init_lc_ctype_1</STRONG> (Thumb, 0 bytes, Stack size unknown bytes, libinit2.o(.ARM.Collect$$libinit$$00000013))

<P><STRONG><a name="[129]"></a>__rt_lib_init_lc_monetary_1</STRONG> (Thumb, 0 bytes, Stack size unknown bytes, libinit2.o(.ARM.Collect$$libinit$$00000015))

<P><STRONG><a name="[12a]"></a>__rt_lib_init_lc_numeric_1</STRONG> (Thumb, 0 bytes, Stack size unknown bytes, libinit2.o(.ARM.Collect$$libinit$$00000017))

<P><STRONG><a name="[12b]"></a>__rt_lib_init_lc_time_1</STRONG> (Thumb, 0 bytes, Stack size unknown bytes, libinit2.o(.ARM.Collect$$libinit$$00000019))

<P><STRONG><a name="[12c]"></a>__rt_lib_init_preinit_1</STRONG> (Thumb, 0 bytes, Stack size unknown bytes, libinit2.o(.ARM.Collect$$libinit$$00000004))

<P><STRONG><a name="[12d]"></a>__rt_lib_init_rand_1</STRONG> (Thumb, 0 bytes, Stack size unknown bytes, libinit2.o(.ARM.Collect$$libinit$$0000000E))

<P><STRONG><a name="[12e]"></a>__rt_lib_init_return</STRONG> (Thumb, 0 bytes, Stack size unknown bytes, libinit2.o(.ARM.Collect$$libinit$$00000033))

<P><STRONG><a name="[12f]"></a>__rt_lib_init_signal_1</STRONG> (Thumb, 0 bytes, Stack size unknown bytes, libinit2.o(.ARM.Collect$$libinit$$0000001D))

<P><STRONG><a name="[130]"></a>__rt_lib_init_stdio_1</STRONG> (Thumb, 0 bytes, Stack size unknown bytes, libinit2.o(.ARM.Collect$$libinit$$00000025))

<P><STRONG><a name="[131]"></a>__rt_lib_init_user_alloc_1</STRONG> (Thumb, 0 bytes, Stack size unknown bytes, libinit2.o(.ARM.Collect$$libinit$$0000000C))

<P><STRONG><a name="[4f]"></a>__rt_lib_shutdown</STRONG> (Thumb, 0 bytes, Stack size unknown bytes, libshutdown.o(.ARM.Collect$$libshutdown$$00000000))
<BR><BR>[Called By]<UL><LI><a href="#[4e]">&gt;&gt;</a>&nbsp;&nbsp;&nbsp;__rt_exit_ls
</UL>

<P><STRONG><a name="[132]"></a>__rt_lib_shutdown_cpp_1</STRONG> (Thumb, 0 bytes, Stack size unknown bytes, libshutdown2.o(.ARM.Collect$$libshutdown$$00000002))

<P><STRONG><a name="[133]"></a>__rt_lib_shutdown_fp_trap_1</STRONG> (Thumb, 0 bytes, Stack size unknown bytes, libshutdown2.o(.ARM.Collect$$libshutdown$$00000007))

<P><STRONG><a name="[134]"></a>__rt_lib_shutdown_heap_1</STRONG> (Thumb, 0 bytes, Stack size unknown bytes, libshutdown2.o(.ARM.Collect$$libshutdown$$0000000F))

<P><STRONG><a name="[135]"></a>__rt_lib_shutdown_return</STRONG> (Thumb, 0 bytes, Stack size unknown bytes, libshutdown2.o(.ARM.Collect$$libshutdown$$00000010))

<P><STRONG><a name="[136]"></a>__rt_lib_shutdown_signal_1</STRONG> (Thumb, 0 bytes, Stack size unknown bytes, libshutdown2.o(.ARM.Collect$$libshutdown$$0000000A))

<P><STRONG><a name="[137]"></a>__rt_lib_shutdown_stdio_1</STRONG> (Thumb, 0 bytes, Stack size unknown bytes, libshutdown2.o(.ARM.Collect$$libshutdown$$00000004))

<P><STRONG><a name="[138]"></a>__rt_lib_shutdown_user_alloc_1</STRONG> (Thumb, 0 bytes, Stack size unknown bytes, libshutdown2.o(.ARM.Collect$$libshutdown$$0000000C))

<P><STRONG><a name="[45]"></a>__rt_entry</STRONG> (Thumb, 0 bytes, Stack size unknown bytes, __rtentry.o(.ARM.Collect$$rtentry$$00000000))
<BR><BR>[Called By]<UL><LI><a href="#[46]">&gt;&gt;</a>&nbsp;&nbsp;&nbsp;__scatterload_rt2
<LI><a href="#[43]">&gt;&gt;</a>&nbsp;&nbsp;&nbsp;__main
</UL>

<P><STRONG><a name="[139]"></a>__rt_entry_presh_1</STRONG> (Thumb, 0 bytes, Stack size unknown bytes, __rtentry2.o(.ARM.Collect$$rtentry$$00000002))

<P><STRONG><a name="[47]"></a>__rt_entry_sh</STRONG> (Thumb, 0 bytes, Stack size unknown bytes, __rtentry4.o(.ARM.Collect$$rtentry$$00000004))
<BR><BR>[Stack]<UL><LI>Max Depth = 8 + Unknown Stack Size
<LI>Call Chain = __rt_entry_sh &rArr; __user_setup_stackheap
</UL>
<BR>[Calls]<UL><LI><a href="#[48]">&gt;&gt;</a>&nbsp;&nbsp;&nbsp;__user_setup_stackheap
</UL>

<P><STRONG><a name="[49]"></a>__rt_entry_li</STRONG> (Thumb, 0 bytes, Stack size unknown bytes, __rtentry2.o(.ARM.Collect$$rtentry$$0000000A))
<BR><BR>[Calls]<UL><LI><a href="#[4a]">&gt;&gt;</a>&nbsp;&nbsp;&nbsp;__rt_lib_init
</UL>

<P><STRONG><a name="[13a]"></a>__rt_entry_postsh_1</STRONG> (Thumb, 0 bytes, Stack size unknown bytes, __rtentry2.o(.ARM.Collect$$rtentry$$00000009))

<P><STRONG><a name="[4b]"></a>__rt_entry_main</STRONG> (Thumb, 0 bytes, Stack size unknown bytes, __rtentry2.o(.ARM.Collect$$rtentry$$0000000D))
<BR><BR>[Stack]<UL><LI>Max Depth = 340 + Unknown Stack Size
<LI>Call Chain = __rt_entry_main &rArr; main &rArr; Uart0_Rx_rec &rArr; pcProtocolParse &rArr; testDataResponse &rArr; Uart0_Tx_Send &rArr; UART_TX_state_change &rArr; FL_GPIO_Init &rArr; FL_GPIO_SetPinMode
</UL>
<BR>[Calls]<UL><LI><a href="#[4c]">&gt;&gt;</a>&nbsp;&nbsp;&nbsp;main
<LI><a href="#[4d]">&gt;&gt;</a>&nbsp;&nbsp;&nbsp;exit
</UL>

<P><STRONG><a name="[13b]"></a>__rt_entry_postli_1</STRONG> (Thumb, 0 bytes, Stack size unknown bytes, __rtentry2.o(.ARM.Collect$$rtentry$$0000000C))

<P><STRONG><a name="[5b]"></a>__rt_exit</STRONG> (Thumb, 0 bytes, Stack size unknown bytes, rtexit.o(.ARM.Collect$$rtexit$$00000000))
<BR><BR>[Called By]<UL><LI><a href="#[4d]">&gt;&gt;</a>&nbsp;&nbsp;&nbsp;exit
</UL>

<P><STRONG><a name="[4e]"></a>__rt_exit_ls</STRONG> (Thumb, 0 bytes, Stack size unknown bytes, rtexit2.o(.ARM.Collect$$rtexit$$00000003))
<BR><BR>[Calls]<UL><LI><a href="#[4f]">&gt;&gt;</a>&nbsp;&nbsp;&nbsp;__rt_lib_shutdown
</UL>

<P><STRONG><a name="[13c]"></a>__rt_exit_prels_1</STRONG> (Thumb, 0 bytes, Stack size unknown bytes, rtexit2.o(.ARM.Collect$$rtexit$$00000002))

<P><STRONG><a name="[50]"></a>__rt_exit_exit</STRONG> (Thumb, 0 bytes, Stack size unknown bytes, rtexit2.o(.ARM.Collect$$rtexit$$00000004))
<BR><BR>[Calls]<UL><LI><a href="#[51]">&gt;&gt;</a>&nbsp;&nbsp;&nbsp;_sys_exit
</UL>

<P><STRONG><a name="[53]"></a>__aeabi_memcpy4</STRONG> (Thumb, 56 bytes, Stack size 0 bytes, rt_memcpy.o(.emb_text))
<BR><BR>[Called By]<UL><LI><a href="#[108]">&gt;&gt;</a>&nbsp;&nbsp;&nbsp;Uart3_Rx_rec
<LI><a href="#[106]">&gt;&gt;</a>&nbsp;&nbsp;&nbsp;Uart1_Rx_rec
<LI><a href="#[103]">&gt;&gt;</a>&nbsp;&nbsp;&nbsp;Uart0_Rx_rec
<LI><a href="#[52]">&gt;&gt;</a>&nbsp;&nbsp;&nbsp;__aeabi_memcpy
</UL>

<P><STRONG><a name="[13d]"></a>__aeabi_memcpy8</STRONG> (Thumb, 0 bytes, Stack size 0 bytes, rt_memcpy.o(.emb_text), UNUSED)

<P><STRONG><a name="[6]"></a>Reset_Handler</STRONG> (Thumb, 8 bytes, Stack size 0 bytes, startup_fm33lg0xx.o(.text))
<BR>[Address Reference Count : 1]<UL><LI> startup_fm33lg0xx.o(RESET)
</UL>
<P><STRONG><a name="[7]"></a>NMI_Handler</STRONG> (Thumb, 2 bytes, Stack size 0 bytes, startup_fm33lg0xx.o(.text))
<BR><BR>[Calls]<UL><LI><a href="#[7]">&gt;&gt;</a>&nbsp;&nbsp;&nbsp;NMI_Handler
</UL>
<BR>[Called By]<UL><LI><a href="#[7]">&gt;&gt;</a>&nbsp;&nbsp;&nbsp;NMI_Handler
</UL>
<BR>[Address Reference Count : 1]<UL><LI> startup_fm33lg0xx.o(RESET)
</UL>
<P><STRONG><a name="[8]"></a>HardFault_Handler</STRONG> (Thumb, 2 bytes, Stack size 0 bytes, startup_fm33lg0xx.o(.text))
<BR><BR>[Calls]<UL><LI><a href="#[8]">&gt;&gt;</a>&nbsp;&nbsp;&nbsp;HardFault_Handler
</UL>
<BR>[Called By]<UL><LI><a href="#[8]">&gt;&gt;</a>&nbsp;&nbsp;&nbsp;HardFault_Handler
</UL>
<BR>[Address Reference Count : 1]<UL><LI> startup_fm33lg0xx.o(RESET)
</UL>
<P><STRONG><a name="[9]"></a>SVC_Handler</STRONG> (Thumb, 2 bytes, Stack size 0 bytes, startup_fm33lg0xx.o(.text))
<BR><BR>[Calls]<UL><LI><a href="#[9]">&gt;&gt;</a>&nbsp;&nbsp;&nbsp;SVC_Handler
</UL>
<BR>[Called By]<UL><LI><a href="#[9]">&gt;&gt;</a>&nbsp;&nbsp;&nbsp;SVC_Handler
</UL>
<BR>[Address Reference Count : 1]<UL><LI> startup_fm33lg0xx.o(RESET)
</UL>
<P><STRONG><a name="[a]"></a>PendSV_Handler</STRONG> (Thumb, 2 bytes, Stack size 0 bytes, startup_fm33lg0xx.o(.text))
<BR><BR>[Calls]<UL><LI><a href="#[a]">&gt;&gt;</a>&nbsp;&nbsp;&nbsp;PendSV_Handler
</UL>
<BR>[Called By]<UL><LI><a href="#[a]">&gt;&gt;</a>&nbsp;&nbsp;&nbsp;PendSV_Handler
</UL>
<BR>[Address Reference Count : 1]<UL><LI> startup_fm33lg0xx.o(RESET)
</UL>
<P><STRONG><a name="[b]"></a>SysTick_Handler</STRONG> (Thumb, 2 bytes, Stack size 0 bytes, startup_fm33lg0xx.o(.text))
<BR><BR>[Calls]<UL><LI><a href="#[b]">&gt;&gt;</a>&nbsp;&nbsp;&nbsp;SysTick_Handler
</UL>
<BR>[Called By]<UL><LI><a href="#[b]">&gt;&gt;</a>&nbsp;&nbsp;&nbsp;SysTick_Handler
</UL>
<BR>[Address Reference Count : 1]<UL><LI> startup_fm33lg0xx.o(RESET)
</UL>
<P><STRONG><a name="[11]"></a>ADC_IRQHandler</STRONG> (Thumb, 0 bytes, Stack size 0 bytes, startup_fm33lg0xx.o(.text))
<BR><BR>[Calls]<UL><LI><a href="#[11]">&gt;&gt;</a>&nbsp;&nbsp;&nbsp;ADC_IRQHandler
</UL>
<BR>[Called By]<UL><LI><a href="#[11]">&gt;&gt;</a>&nbsp;&nbsp;&nbsp;ADC_IRQHandler
</UL>
<BR>[Address Reference Count : 1]<UL><LI> startup_fm33lg0xx.o(RESET)
</UL>
<P><STRONG><a name="[1f]"></a>AES_IRQHandler</STRONG> (Thumb, 0 bytes, Stack size 0 bytes, startup_fm33lg0xx.o(.text))
<BR>[Address Reference Count : 1]<UL><LI> startup_fm33lg0xx.o(RESET)
</UL>
<P><STRONG><a name="[24]"></a>BSTIM_IRQHandler</STRONG> (Thumb, 0 bytes, Stack size 0 bytes, startup_fm33lg0xx.o(.text))
<BR>[Address Reference Count : 1]<UL><LI> startup_fm33lg0xx.o(RESET)
</UL>
<P><STRONG><a name="[2b]"></a>CAN_IRQHandler</STRONG> (Thumb, 0 bytes, Stack size 0 bytes, startup_fm33lg0xx.o(.text))
<BR>[Address Reference Count : 1]<UL><LI> startup_fm33lg0xx.o(RESET)
</UL>
<P><STRONG><a name="[1e]"></a>CCL_IRQHandler</STRONG> (Thumb, 0 bytes, Stack size 0 bytes, startup_fm33lg0xx.o(.text))
<BR>[Address Reference Count : 1]<UL><LI> startup_fm33lg0xx.o(RESET)
</UL>
<P><STRONG><a name="[25]"></a>COMPx_IRQHandler</STRONG> (Thumb, 0 bytes, Stack size 0 bytes, startup_fm33lg0xx.o(.text))
<BR>[Address Reference Count : 1]<UL><LI> startup_fm33lg0xx.o(RESET)
</UL>
<P><STRONG><a name="[12]"></a>DAC_IRQHandler</STRONG> (Thumb, 0 bytes, Stack size 0 bytes, startup_fm33lg0xx.o(.text))
<BR>[Address Reference Count : 1]<UL><LI> startup_fm33lg0xx.o(RESET)
</UL>
<P><STRONG><a name="[21]"></a>DMA_IRQHandler</STRONG> (Thumb, 0 bytes, Stack size 0 bytes, startup_fm33lg0xx.o(.text))
<BR>[Address Reference Count : 1]<UL><LI> startup_fm33lg0xx.o(RESET)
</UL>
<P><STRONG><a name="[f]"></a>FLASH_IRQHandler</STRONG> (Thumb, 0 bytes, Stack size 0 bytes, startup_fm33lg0xx.o(.text))
<BR>[Address Reference Count : 1]<UL><LI> startup_fm33lg0xx.o(RESET)
</UL>
<P><STRONG><a name="[26]"></a>GPTIM0_1_IRQHandler</STRONG> (Thumb, 0 bytes, Stack size 0 bytes, startup_fm33lg0xx.o(.text))
<BR>[Address Reference Count : 1]<UL><LI> startup_fm33lg0xx.o(RESET)
</UL>
<P><STRONG><a name="[27]"></a>GPTIM2_IRQHandler</STRONG> (Thumb, 0 bytes, Stack size 0 bytes, startup_fm33lg0xx.o(.text))
<BR>[Address Reference Count : 1]<UL><LI> startup_fm33lg0xx.o(RESET)
</UL>
<P><STRONG><a name="[1d]"></a>I2C_IRQHandler</STRONG> (Thumb, 0 bytes, Stack size 0 bytes, startup_fm33lg0xx.o(.text))
<BR>[Address Reference Count : 1]<UL><LI> startup_fm33lg0xx.o(RESET)
</UL>
<P><STRONG><a name="[20]"></a>LPTIM_IRQHandler</STRONG> (Thumb, 0 bytes, Stack size 0 bytes, startup_fm33lg0xx.o(.text))
<BR>[Address Reference Count : 1]<UL><LI> startup_fm33lg0xx.o(RESET)
</UL>
<P><STRONG><a name="[1c]"></a>LPUARTx_IRQHandler</STRONG> (Thumb, 0 bytes, Stack size 0 bytes, startup_fm33lg0xx.o(.text))
<BR>[Address Reference Count : 1]<UL><LI> startup_fm33lg0xx.o(RESET)
</UL>
<P><STRONG><a name="[23]"></a>LUT_IRQHandler</STRONG> (Thumb, 0 bytes, Stack size 0 bytes, startup_fm33lg0xx.o(.text))
<BR>[Address Reference Count : 1]<UL><LI> startup_fm33lg0xx.o(RESET)
</UL>
<P><STRONG><a name="[e]"></a>RTC_IRQHandler</STRONG> (Thumb, 0 bytes, Stack size 0 bytes, startup_fm33lg0xx.o(.text))
<BR>[Address Reference Count : 1]<UL><LI> startup_fm33lg0xx.o(RESET)
</UL>
<P><STRONG><a name="[13]"></a>SPI0_IRQHandler</STRONG> (Thumb, 0 bytes, Stack size 0 bytes, startup_fm33lg0xx.o(.text))
<BR>[Address Reference Count : 1]<UL><LI> startup_fm33lg0xx.o(RESET)
</UL>
<P><STRONG><a name="[14]"></a>SPI1_IRQHandler</STRONG> (Thumb, 0 bytes, Stack size 0 bytes, startup_fm33lg0xx.o(.text))
<BR>[Address Reference Count : 1]<UL><LI> startup_fm33lg0xx.o(RESET)
</UL>
<P><STRONG><a name="[15]"></a>SPI2_IRQHandler</STRONG> (Thumb, 0 bytes, Stack size 0 bytes, startup_fm33lg0xx.o(.text))
<BR>[Address Reference Count : 1]<UL><LI> startup_fm33lg0xx.o(RESET)
</UL>
<P><STRONG><a name="[d]"></a>SVD_IRQHandler</STRONG> (Thumb, 0 bytes, Stack size 0 bytes, startup_fm33lg0xx.o(.text))
<BR>[Address Reference Count : 1]<UL><LI> startup_fm33lg0xx.o(RESET)
</UL>
<P><STRONG><a name="[1b]"></a>U7816_IRQHandler</STRONG> (Thumb, 0 bytes, Stack size 0 bytes, startup_fm33lg0xx.o(.text))
<BR>[Address Reference Count : 1]<UL><LI> startup_fm33lg0xx.o(RESET)
</UL>
<P><STRONG><a name="[19]"></a>UART4_IRQHandler</STRONG> (Thumb, 0 bytes, Stack size 0 bytes, startup_fm33lg0xx.o(.text))
<BR>[Address Reference Count : 1]<UL><LI> startup_fm33lg0xx.o(RESET)
</UL>
<P><STRONG><a name="[1a]"></a>UART5_IRQHandler</STRONG> (Thumb, 0 bytes, Stack size 0 bytes, startup_fm33lg0xx.o(.text))
<BR>[Address Reference Count : 1]<UL><LI> startup_fm33lg0xx.o(RESET)
</UL>
<P><STRONG><a name="[29]"></a>VREF_IRQHandler</STRONG> (Thumb, 0 bytes, Stack size 0 bytes, startup_fm33lg0xx.o(.text))
<BR>[Address Reference Count : 1]<UL><LI> startup_fm33lg0xx.o(RESET)
</UL>
<P><STRONG><a name="[c]"></a>WDT_IRQHandler</STRONG> (Thumb, 0 bytes, Stack size 0 bytes, startup_fm33lg0xx.o(.text))
<BR>[Address Reference Count : 1]<UL><LI> startup_fm33lg0xx.o(RESET)
</UL>
<P><STRONG><a name="[22]"></a>WKUPx_IRQHandler</STRONG> (Thumb, 0 bytes, Stack size 0 bytes, startup_fm33lg0xx.o(.text))
<BR>[Address Reference Count : 1]<UL><LI> startup_fm33lg0xx.o(RESET)
</UL>
<P><STRONG><a name="[59]"></a>__user_initial_stackheap</STRONG> (Thumb, 0 bytes, Stack size unknown bytes, startup_fm33lg0xx.o(.text))
<BR><BR>[Called By]<UL><LI><a href="#[48]">&gt;&gt;</a>&nbsp;&nbsp;&nbsp;__user_setup_stackheap
</UL>

<P><STRONG><a name="[ad]"></a>__aeabi_lmul</STRONG> (Thumb, 48 bytes, Stack size 12 bytes, llmul.o(.text))
<BR><BR>[Stack]<UL><LI>Max Depth = 12<LI>Call Chain = __aeabi_lmul
</UL>
<BR>[Called By]<UL><LI><a href="#[aa]">&gt;&gt;</a>&nbsp;&nbsp;&nbsp;GetSingleChannelVoltage_POLL
</UL>

<P><STRONG><a name="[13e]"></a>_ll_mul</STRONG> (Thumb, 0 bytes, Stack size 12 bytes, llmul.o(.text), UNUSED)

<P><STRONG><a name="[ae]"></a>__aeabi_uldivmod</STRONG> (Thumb, 258 bytes, Stack size 32 bytes, lludiv.o(.text))
<BR><BR>[Stack]<UL><LI>Max Depth = 32<LI>Call Chain = __aeabi_uldivmod
</UL>
<BR>[Called By]<UL><LI><a href="#[aa]">&gt;&gt;</a>&nbsp;&nbsp;&nbsp;GetSingleChannelVoltage_POLL
</UL>

<P><STRONG><a name="[13f]"></a>_ll_udiv</STRONG> (Thumb, 0 bytes, Stack size 32 bytes, lludiv.o(.text), UNUSED)

<P><STRONG><a name="[52]"></a>__aeabi_memcpy</STRONG> (Thumb, 130 bytes, Stack size 24 bytes, rt_memcpy.o(.text))
<BR><BR>[Stack]<UL><LI>Max Depth = 24<LI>Call Chain = __aeabi_memcpy
</UL>
<BR>[Calls]<UL><LI><a href="#[53]">&gt;&gt;</a>&nbsp;&nbsp;&nbsp;__aeabi_memcpy4
</UL>
<BR>[Called By]<UL><LI><a href="#[119]">&gt;&gt;</a>&nbsp;&nbsp;&nbsp;testDataResponse
<LI><a href="#[116]">&gt;&gt;</a>&nbsp;&nbsp;&nbsp;lrdEUIResponse
<LI><a href="#[e2]">&gt;&gt;</a>&nbsp;&nbsp;&nbsp;whiteAppkey
<LI><a href="#[e3]">&gt;&gt;</a>&nbsp;&nbsp;&nbsp;whiteAppEUI
<LI><a href="#[e6]">&gt;&gt;</a>&nbsp;&nbsp;&nbsp;findWmbusConfig
<LI><a href="#[e5]">&gt;&gt;</a>&nbsp;&nbsp;&nbsp;configWmbus
<LI><a href="#[d0]">&gt;&gt;</a>&nbsp;&nbsp;&nbsp;Manual_Report_UP
<LI><a href="#[9d]">&gt;&gt;</a>&nbsp;&nbsp;&nbsp;Find_Self_Check
<LI><a href="#[9a]">&gt;&gt;</a>&nbsp;&nbsp;&nbsp;Find_Report_Result
<LI><a href="#[b3]">&gt;&gt;</a>&nbsp;&nbsp;&nbsp;Uart3_Tx_Send
<LI><a href="#[107]">&gt;&gt;</a>&nbsp;&nbsp;&nbsp;irProtocolParse
<LI><a href="#[6a]">&gt;&gt;</a>&nbsp;&nbsp;&nbsp;Uart1_Tx_Send
<LI><a href="#[104]">&gt;&gt;</a>&nbsp;&nbsp;&nbsp;pcProtocolParse
<LI><a href="#[105]">&gt;&gt;</a>&nbsp;&nbsp;&nbsp;Uart0_Tx_Send
</UL>

<P><STRONG><a name="[140]"></a>__rt_memcpy</STRONG> (Thumb, 0 bytes, Stack size 24 bytes, rt_memcpy.o(.text), UNUSED)

<P><STRONG><a name="[55]"></a>_memset_w</STRONG> (Thumb, 26 bytes, Stack size 0 bytes, rt_memclr.o(.text))
<BR><BR>[Called By]<UL><LI><a href="#[57]">&gt;&gt;</a>&nbsp;&nbsp;&nbsp;__rt_memclr_w
<LI><a href="#[54]">&gt;&gt;</a>&nbsp;&nbsp;&nbsp;_memset
</UL>

<P><STRONG><a name="[54]"></a>_memset</STRONG> (Thumb, 30 bytes, Stack size 0 bytes, rt_memclr.o(.text))
<BR><BR>[Calls]<UL><LI><a href="#[55]">&gt;&gt;</a>&nbsp;&nbsp;&nbsp;_memset_w
</UL>
<BR>[Called By]<UL><LI><a href="#[56]">&gt;&gt;</a>&nbsp;&nbsp;&nbsp;__aeabi_memclr
</UL>

<P><STRONG><a name="[56]"></a>__aeabi_memclr</STRONG> (Thumb, 4 bytes, Stack size 0 bytes, rt_memclr.o(.text))
<BR><BR>[Calls]<UL><LI><a href="#[54]">&gt;&gt;</a>&nbsp;&nbsp;&nbsp;_memset
</UL>
<BR>[Called By]<UL><LI><a href="#[f3]">&gt;&gt;</a>&nbsp;&nbsp;&nbsp;Test_Result_Init
<LI><a href="#[ea]">&gt;&gt;</a>&nbsp;&nbsp;&nbsp;Test_Function_Mensi
<LI><a href="#[dc]">&gt;&gt;</a>&nbsp;&nbsp;&nbsp;Test_Function_Lierda
<LI><a href="#[119]">&gt;&gt;</a>&nbsp;&nbsp;&nbsp;testDataResponse
<LI><a href="#[116]">&gt;&gt;</a>&nbsp;&nbsp;&nbsp;lrdEUIResponse
<LI><a href="#[104]">&gt;&gt;</a>&nbsp;&nbsp;&nbsp;pcProtocolParse
</UL>

<P><STRONG><a name="[141]"></a>__rt_memclr</STRONG> (Thumb, 0 bytes, Stack size 0 bytes, rt_memclr.o(.text), UNUSED)

<P><STRONG><a name="[f4]"></a>__aeabi_memclr4</STRONG> (Thumb, 0 bytes, Stack size 0 bytes, rt_memclr.o(.text))
<BR><BR>[Called By]<UL><LI><a href="#[106]">&gt;&gt;</a>&nbsp;&nbsp;&nbsp;Uart1_Rx_rec
<LI><a href="#[f3]">&gt;&gt;</a>&nbsp;&nbsp;&nbsp;Test_Result_Init
<LI><a href="#[107]">&gt;&gt;</a>&nbsp;&nbsp;&nbsp;irProtocolParse
<LI><a href="#[104]">&gt;&gt;</a>&nbsp;&nbsp;&nbsp;pcProtocolParse
</UL>

<P><STRONG><a name="[142]"></a>__aeabi_memclr8</STRONG> (Thumb, 0 bytes, Stack size 0 bytes, rt_memclr.o(.text), UNUSED)

<P><STRONG><a name="[57]"></a>__rt_memclr_w</STRONG> (Thumb, 4 bytes, Stack size 0 bytes, rt_memclr.o(.text), UNUSED)
<BR><BR>[Calls]<UL><LI><a href="#[55]">&gt;&gt;</a>&nbsp;&nbsp;&nbsp;_memset_w
</UL>

<P><STRONG><a name="[143]"></a>__aeabi_uidiv</STRONG> (Thumb, 0 bytes, Stack size 0 bytes, aeabi_sdiv.o(.text), UNUSED)

<P><STRONG><a name="[82]"></a>__aeabi_uidivmod</STRONG> (Thumb, 20 bytes, Stack size 0 bytes, aeabi_sdiv.o(.text))
<BR><BR>[Called By]<UL><LI><a href="#[db]">&gt;&gt;</a>&nbsp;&nbsp;&nbsp;SystemPLLClockUpdate
<LI><a href="#[85]">&gt;&gt;</a>&nbsp;&nbsp;&nbsp;FL_EXTI_Init
<LI><a href="#[7f]">&gt;&gt;</a>&nbsp;&nbsp;&nbsp;FL_CMU_GetPLLClockFreq
<LI><a href="#[84]">&gt;&gt;</a>&nbsp;&nbsp;&nbsp;FL_DelayUs
<LI><a href="#[92]">&gt;&gt;</a>&nbsp;&nbsp;&nbsp;FL_UART_Init
</UL>

<P><STRONG><a name="[144]"></a>__aeabi_idiv</STRONG> (Thumb, 0 bytes, Stack size 8 bytes, aeabi_sdiv.o(.text), UNUSED)

<P><STRONG><a name="[67]"></a>__aeabi_idivmod</STRONG> (Thumb, 326 bytes, Stack size 8 bytes, aeabi_sdiv.o(.text))
<BR><BR>[Stack]<UL><LI>Max Depth = 8<LI>Call Chain = __aeabi_idivmod
</UL>
<BR>[Called By]<UL><LI><a href="#[64]">&gt;&gt;</a>&nbsp;&nbsp;&nbsp;CheckZDCurrent
</UL>

<P><STRONG><a name="[145]"></a>__use_two_region_memory</STRONG> (Thumb, 2 bytes, Stack size 0 bytes, heapauxi.o(.text), UNUSED)

<P><STRONG><a name="[146]"></a>__rt_heap_escrow$2region</STRONG> (Thumb, 2 bytes, Stack size 0 bytes, heapauxi.o(.text), UNUSED)

<P><STRONG><a name="[147]"></a>__rt_heap_expand$2region</STRONG> (Thumb, 2 bytes, Stack size 0 bytes, heapauxi.o(.text), UNUSED)

<P><STRONG><a name="[48]"></a>__user_setup_stackheap</STRONG> (Thumb, 62 bytes, Stack size 8 bytes, sys_stackheap_outer.o(.text))
<BR><BR>[Stack]<UL><LI>Max Depth = 8 + Unknown Stack Size
<LI>Call Chain = __user_setup_stackheap
</UL>
<BR>[Calls]<UL><LI><a href="#[59]">&gt;&gt;</a>&nbsp;&nbsp;&nbsp;__user_initial_stackheap
<LI><a href="#[58]">&gt;&gt;</a>&nbsp;&nbsp;&nbsp;__user_perproc_libspace
</UL>
<BR>[Called By]<UL><LI><a href="#[47]">&gt;&gt;</a>&nbsp;&nbsp;&nbsp;__rt_entry_sh
</UL>

<P><STRONG><a name="[4d]"></a>exit</STRONG> (Thumb, 16 bytes, Stack size 8 bytes, exit.o(.text))
<BR><BR>[Stack]<UL><LI>Max Depth = 8 + Unknown Stack Size
<LI>Call Chain = exit
</UL>
<BR>[Calls]<UL><LI><a href="#[5b]">&gt;&gt;</a>&nbsp;&nbsp;&nbsp;__rt_exit
<LI><a href="#[5a]">&gt;&gt;</a>&nbsp;&nbsp;&nbsp;_call_atexit_fns (Weak Reference)
</UL>
<BR>[Called By]<UL><LI><a href="#[4b]">&gt;&gt;</a>&nbsp;&nbsp;&nbsp;__rt_entry_main
</UL>

<P><STRONG><a name="[148]"></a>__user_libspace</STRONG> (Thumb, 8 bytes, Stack size 0 bytes, libspace.o(.text), UNUSED)

<P><STRONG><a name="[58]"></a>__user_perproc_libspace</STRONG> (Thumb, 0 bytes, Stack size 0 bytes, libspace.o(.text))
<BR><BR>[Called By]<UL><LI><a href="#[48]">&gt;&gt;</a>&nbsp;&nbsp;&nbsp;__user_setup_stackheap
</UL>

<P><STRONG><a name="[149]"></a>__user_perthread_libspace</STRONG> (Thumb, 0 bytes, Stack size 0 bytes, libspace.o(.text), UNUSED)

<P><STRONG><a name="[51]"></a>_sys_exit</STRONG> (Thumb, 8 bytes, Stack size 0 bytes, sys_exit.o(.text))
<BR><BR>[Called By]<UL><LI><a href="#[50]">&gt;&gt;</a>&nbsp;&nbsp;&nbsp;__rt_exit_exit
</UL>

<P><STRONG><a name="[14a]"></a>__I$use$semihosting</STRONG> (Thumb, 0 bytes, Stack size 0 bytes, use_no_semi.o(.text), UNUSED)

<P><STRONG><a name="[14b]"></a>__use_no_semihosting_swi</STRONG> (Thumb, 2 bytes, Stack size 0 bytes, use_no_semi.o(.text), UNUSED)

<P><STRONG><a name="[14c]"></a>__decompress</STRONG> (Thumb, 0 bytes, Stack size unknown bytes, __dczerorl2.o(.text), UNUSED)

<P><STRONG><a name="[14d]"></a>__decompress1</STRONG> (Thumb, 86 bytes, Stack size unknown bytes, __dczerorl2.o(.text), UNUSED)

<P><STRONG><a name="[14e]"></a>__semihosting_library_function</STRONG> (Thumb, 0 bytes, Stack size unknown bytes, indicate_semi.o(.text), UNUSED)

<P><STRONG><a name="[114]"></a>ASCII8byte_To_ASCII16byte</STRONG> (Thumb, 52 bytes, Stack size 12 bytes, jiaoyan.o(i.ASCII8byte_To_ASCII16byte))
<BR><BR>[Stack]<UL><LI>Max Depth = 12<LI>Call Chain = ASCII8byte_To_ASCII16byte
</UL>
<BR>[Called By]<UL><LI><a href="#[107]">&gt;&gt;</a>&nbsp;&nbsp;&nbsp;irProtocolParse
</UL>

<P><STRONG><a name="[115]"></a>ASCII_To_Hex</STRONG> (Thumb, 58 bytes, Stack size 12 bytes, jiaoyan.o(i.ASCII_To_Hex))
<BR><BR>[Stack]<UL><LI>Max Depth = 12<LI>Call Chain = ASCII_To_Hex
</UL>
<BR>[Called By]<UL><LI><a href="#[107]">&gt;&gt;</a>&nbsp;&nbsp;&nbsp;irProtocolParse
</UL>

<P><STRONG><a name="[28]"></a>ATIM_IRQHandler</STRONG> (Thumb, 210 bytes, Stack size 0 bytes, time.o(i.ATIM_IRQHandler))
<BR>[Address Reference Count : 1]<UL><LI> startup_fm33lg0xx.o(RESET)
</UL>
<P><STRONG><a name="[5c]"></a>ATIM_Init</STRONG> (Thumb, 20 bytes, Stack size 8 bytes, time.o(i.ATIM_Init))
<BR><BR>[Stack]<UL><LI>Max Depth = 56<LI>Call Chain = ATIM_Init &rArr; MF_ATIM_TimerBase_Init &rArr; FL_ATIM_Init
</UL>
<BR>[Calls]<UL><LI><a href="#[5d]">&gt;&gt;</a>&nbsp;&nbsp;&nbsp;MF_ATIM_TimerBase_Init
<LI><a href="#[5e]">&gt;&gt;</a>&nbsp;&nbsp;&nbsp;MF_ATIM_Interrupt_Init
<LI><a href="#[60]">&gt;&gt;</a>&nbsp;&nbsp;&nbsp;ATIM_Start
<LI><a href="#[5f]">&gt;&gt;</a>&nbsp;&nbsp;&nbsp;ATIM_NVIC_Init
</UL>
<BR>[Called By]<UL><LI><a href="#[4c]">&gt;&gt;</a>&nbsp;&nbsp;&nbsp;main
</UL>

<P><STRONG><a name="[5f]"></a>ATIM_NVIC_Init</STRONG> (Thumb, 16 bytes, Stack size 8 bytes, time.o(i.ATIM_NVIC_Init))
<BR><BR>[Stack]<UL><LI>Max Depth = 32<LI>Call Chain = ATIM_NVIC_Init &rArr; FL_NVIC_Init &rArr; NVIC_SetPriority
</UL>
<BR>[Calls]<UL><LI><a href="#[61]">&gt;&gt;</a>&nbsp;&nbsp;&nbsp;FL_NVIC_Init
</UL>
<BR>[Called By]<UL><LI><a href="#[5c]">&gt;&gt;</a>&nbsp;&nbsp;&nbsp;ATIM_Init
</UL>

<P><STRONG><a name="[60]"></a>ATIM_Start</STRONG> (Thumb, 18 bytes, Stack size 0 bytes, time.o(i.ATIM_Start))
<BR><BR>[Called By]<UL><LI><a href="#[5c]">&gt;&gt;</a>&nbsp;&nbsp;&nbsp;ATIM_Init
</UL>

<P><STRONG><a name="[62]"></a>CRC16_MODBUS</STRONG> (Thumb, 78 bytes, Stack size 24 bytes, jiaoyan.o(i.CRC16_MODBUS))
<BR><BR>[Stack]<UL><LI>Max Depth = 44<LI>Call Chain = CRC16_MODBUS &rArr; InvertUint16
</UL>
<BR>[Calls]<UL><LI><a href="#[63]">&gt;&gt;</a>&nbsp;&nbsp;&nbsp;InvertUint16
</UL>
<BR>[Called By]<UL><LI><a href="#[107]">&gt;&gt;</a>&nbsp;&nbsp;&nbsp;irProtocolParse
</UL>

<P><STRONG><a name="[64]"></a>CheckZDCurrent</STRONG> (Thumb, 156 bytes, Stack size 24 bytes, ina219.o(i.CheckZDCurrent))
<BR><BR>[Stack]<UL><LI>Max Depth = 140<LI>Call Chain = CheckZDCurrent &rArr; ReadZD_Current &rArr; ZDINA219_IIC_SendBytes &rArr; ZDINA219_IIC_SendByte &rArr; ZDINA219_SDA_OUT_Dir_CTL &rArr; FL_GPIO_Init &rArr; FL_GPIO_SetPinMode
</UL>
<BR>[Calls]<UL><LI><a href="#[66]">&gt;&gt;</a>&nbsp;&nbsp;&nbsp;FL_DelayMs
<LI><a href="#[65]">&gt;&gt;</a>&nbsp;&nbsp;&nbsp;ReadZD_Current
<LI><a href="#[67]">&gt;&gt;</a>&nbsp;&nbsp;&nbsp;__aeabi_idivmod
</UL>
<BR>[Called By]<UL><LI><a href="#[6f]">&gt;&gt;</a>&nbsp;&nbsp;&nbsp;Current_CHK_Func
</UL>

<P><STRONG><a name="[68]"></a>Close_Commumication</STRONG> (Thumb, 16 bytes, Stack size 8 bytes, ir.o(i.Close_Commumication))
<BR><BR>[Stack]<UL><LI>Max Depth = 56<LI>Call Chain = Close_Commumication &rArr; Send_Qiandao &rArr; Uart1_Tx_Send &rArr; __aeabi_memcpy
</UL>
<BR>[Calls]<UL><LI><a href="#[69]">&gt;&gt;</a>&nbsp;&nbsp;&nbsp;Send_Qiandao
<LI><a href="#[6a]">&gt;&gt;</a>&nbsp;&nbsp;&nbsp;Uart1_Tx_Send
</UL>
<BR>[Called By]<UL><LI><a href="#[ea]">&gt;&gt;</a>&nbsp;&nbsp;&nbsp;Test_Function_Mensi
</UL>

<P><STRONG><a name="[6b]"></a>Current_CHK_CTRL_OFF_l</STRONG> (Thumb, 38 bytes, Stack size 8 bytes, ina219.o(i.Current_CHK_CTRL_OFF_l))
<BR><BR>[Stack]<UL><LI>Max Depth = 16<LI>Call Chain = Current_CHK_CTRL_OFF_l &rArr; Standby_Current_CHK_CTL
</UL>
<BR>[Calls]<UL><LI><a href="#[6d]">&gt;&gt;</a>&nbsp;&nbsp;&nbsp;Standby_Current_CHK_CTL
<LI><a href="#[6c]">&gt;&gt;</a>&nbsp;&nbsp;&nbsp;Main_Current_CHK_CTL
</UL>
<BR>[Called By]<UL><LI><a href="#[6f]">&gt;&gt;</a>&nbsp;&nbsp;&nbsp;Current_CHK_Func
</UL>

<P><STRONG><a name="[6e]"></a>Current_CHK_CTRL_ON_l</STRONG> (Thumb, 38 bytes, Stack size 8 bytes, ina219.o(i.Current_CHK_CTRL_ON_l))
<BR><BR>[Stack]<UL><LI>Max Depth = 16<LI>Call Chain = Current_CHK_CTRL_ON_l &rArr; Standby_Current_CHK_CTL
</UL>
<BR>[Calls]<UL><LI><a href="#[6d]">&gt;&gt;</a>&nbsp;&nbsp;&nbsp;Standby_Current_CHK_CTL
<LI><a href="#[6c]">&gt;&gt;</a>&nbsp;&nbsp;&nbsp;Main_Current_CHK_CTL
</UL>
<BR>[Called By]<UL><LI><a href="#[6f]">&gt;&gt;</a>&nbsp;&nbsp;&nbsp;Current_CHK_Func
</UL>

<P><STRONG><a name="[6f]"></a>Current_CHK_Func</STRONG> (Thumb, 38 bytes, Stack size 16 bytes, ina219.o(i.Current_CHK_Func))
<BR><BR>[Stack]<UL><LI>Max Depth = 156<LI>Call Chain = Current_CHK_Func &rArr; CheckZDCurrent &rArr; ReadZD_Current &rArr; ZDINA219_IIC_SendBytes &rArr; ZDINA219_IIC_SendByte &rArr; ZDINA219_SDA_OUT_Dir_CTL &rArr; FL_GPIO_Init &rArr; FL_GPIO_SetPinMode
</UL>
<BR>[Calls]<UL><LI><a href="#[6e]">&gt;&gt;</a>&nbsp;&nbsp;&nbsp;Current_CHK_CTRL_ON_l
<LI><a href="#[6b]">&gt;&gt;</a>&nbsp;&nbsp;&nbsp;Current_CHK_CTRL_OFF_l
<LI><a href="#[64]">&gt;&gt;</a>&nbsp;&nbsp;&nbsp;CheckZDCurrent
</UL>
<BR>[Called By]<UL><LI><a href="#[ea]">&gt;&gt;</a>&nbsp;&nbsp;&nbsp;Test_Function_Mensi
<LI><a href="#[ec]">&gt;&gt;</a>&nbsp;&nbsp;&nbsp;Test_Function_Pulse
<LI><a href="#[dc]">&gt;&gt;</a>&nbsp;&nbsp;&nbsp;Test_Function_Lierda
<LI><a href="#[eb]">&gt;&gt;</a>&nbsp;&nbsp;&nbsp;Test_Function_NB
</UL>

<P><STRONG><a name="[10]"></a>FDET_IRQHandler</STRONG> (Thumb, 44 bytes, Stack size 0 bytes, mf_config.o(i.FDET_IRQHandler))
<BR>[Address Reference Count : 1]<UL><LI> startup_fm33lg0xx.o(RESET)
</UL>
<P><STRONG><a name="[70]"></a>FL_ADC_CommonInit</STRONG> (Thumb, 386 bytes, Stack size 16 bytes, fm33lg0xx_fl_adc.o(i.FL_ADC_CommonInit))
<BR><BR>[Stack]<UL><LI>Max Depth = 16<LI>Call Chain = FL_ADC_CommonInit
</UL>
<BR>[Calls]<UL><LI><a href="#[71]">&gt;&gt;</a>&nbsp;&nbsp;&nbsp;FL_ADC_SetClockSource
</UL>
<BR>[Called By]<UL><LI><a href="#[b7]">&gt;&gt;</a>&nbsp;&nbsp;&nbsp;MF_ADC_Common_Init
</UL>

<P><STRONG><a name="[72]"></a>FL_ADC_Init</STRONG> (Thumb, 890 bytes, Stack size 24 bytes, fm33lg0xx_fl_adc.o(i.FL_ADC_Init))
<BR><BR>[Stack]<UL><LI>Max Depth = 24<LI>Call Chain = FL_ADC_Init
</UL>
<BR>[Calls]<UL><LI><a href="#[74]">&gt;&gt;</a>&nbsp;&nbsp;&nbsp;FL_ADC_DisableOverSampling
<LI><a href="#[73]">&gt;&gt;</a>&nbsp;&nbsp;&nbsp;FL_ADC_Disable
</UL>
<BR>[Called By]<UL><LI><a href="#[b9]">&gt;&gt;</a>&nbsp;&nbsp;&nbsp;MF_ADC_Init
</UL>

<P><STRONG><a name="[75]"></a>FL_ATIM_Init</STRONG> (Thumb, 400 bytes, Stack size 16 bytes, fm33lg0xx_fl_atim.o(i.FL_ATIM_Init))
<BR><BR>[Stack]<UL><LI>Max Depth = 16<LI>Call Chain = FL_ATIM_Init
</UL>
<BR>[Calls]<UL><LI><a href="#[76]">&gt;&gt;</a>&nbsp;&nbsp;&nbsp;FL_CMU_EnableGroup4BusClock
<LI><a href="#[77]">&gt;&gt;</a>&nbsp;&nbsp;&nbsp;FL_CMU_EnableGroup3OperationClock
<LI><a href="#[78]">&gt;&gt;</a>&nbsp;&nbsp;&nbsp;FL_ATIM_SetCounterDirection
<LI><a href="#[79]">&gt;&gt;</a>&nbsp;&nbsp;&nbsp;FL_ATIM_SetCounterAlignedMode
<LI><a href="#[7b]">&gt;&gt;</a>&nbsp;&nbsp;&nbsp;FL_ATIM_IsActiveFlag_Update
<LI><a href="#[7a]">&gt;&gt;</a>&nbsp;&nbsp;&nbsp;FL_ATIM_GenerateUpdateEvent
</UL>
<BR>[Called By]<UL><LI><a href="#[5d]">&gt;&gt;</a>&nbsp;&nbsp;&nbsp;MF_ATIM_TimerBase_Init
</UL>

<P><STRONG><a name="[7c]"></a>FL_CMU_GetAHBClockFreq</STRONG> (Thumb, 114 bytes, Stack size 8 bytes, fm33lg0xx_fl_cmu.o(i.FL_CMU_GetAHBClockFreq))
<BR><BR>[Stack]<UL><LI>Max Depth = 40<LI>Call Chain = FL_CMU_GetAHBClockFreq &rArr; FL_CMU_GetSystemClockFreq &rArr; FL_CMU_GetPLLClockFreq &rArr; __ARM_common_switch8
</UL>
<BR>[Calls]<UL><LI><a href="#[7d]">&gt;&gt;</a>&nbsp;&nbsp;&nbsp;FL_CMU_GetSystemClockFreq
</UL>
<BR>[Called By]<UL><LI><a href="#[7e]">&gt;&gt;</a>&nbsp;&nbsp;&nbsp;FL_CMU_GetAPBClockFreq
</UL>

<P><STRONG><a name="[7e]"></a>FL_CMU_GetAPBClockFreq</STRONG> (Thumb, 114 bytes, Stack size 8 bytes, fm33lg0xx_fl_cmu.o(i.FL_CMU_GetAPBClockFreq))
<BR><BR>[Stack]<UL><LI>Max Depth = 48<LI>Call Chain = FL_CMU_GetAPBClockFreq &rArr; FL_CMU_GetAHBClockFreq &rArr; FL_CMU_GetSystemClockFreq &rArr; FL_CMU_GetPLLClockFreq &rArr; __ARM_common_switch8
</UL>
<BR>[Calls]<UL><LI><a href="#[7c]">&gt;&gt;</a>&nbsp;&nbsp;&nbsp;FL_CMU_GetAHBClockFreq
</UL>
<BR>[Called By]<UL><LI><a href="#[92]">&gt;&gt;</a>&nbsp;&nbsp;&nbsp;FL_UART_Init
</UL>

<P><STRONG><a name="[7f]"></a>FL_CMU_GetPLLClockFreq</STRONG> (Thumb, 162 bytes, Stack size 16 bytes, fm33lg0xx_fl_cmu.o(i.FL_CMU_GetPLLClockFreq))
<BR><BR>[Stack]<UL><LI>Max Depth = 24<LI>Call Chain = FL_CMU_GetPLLClockFreq &rArr; __ARM_common_switch8
</UL>
<BR>[Calls]<UL><LI><a href="#[81]">&gt;&gt;</a>&nbsp;&nbsp;&nbsp;__ARM_common_switch8
<LI><a href="#[80]">&gt;&gt;</a>&nbsp;&nbsp;&nbsp;FL_CMU_GetRCHFClockFreq
<LI><a href="#[82]">&gt;&gt;</a>&nbsp;&nbsp;&nbsp;__aeabi_uidivmod
</UL>
<BR>[Called By]<UL><LI><a href="#[7d]">&gt;&gt;</a>&nbsp;&nbsp;&nbsp;FL_CMU_GetSystemClockFreq
</UL>

<P><STRONG><a name="[80]"></a>FL_CMU_GetRCHFClockFreq</STRONG> (Thumb, 60 bytes, Stack size 0 bytes, fm33lg0xx_fl_cmu.o(i.FL_CMU_GetRCHFClockFreq))
<BR><BR>[Called By]<UL><LI><a href="#[7d]">&gt;&gt;</a>&nbsp;&nbsp;&nbsp;FL_CMU_GetSystemClockFreq
<LI><a href="#[7f]">&gt;&gt;</a>&nbsp;&nbsp;&nbsp;FL_CMU_GetPLLClockFreq
<LI><a href="#[92]">&gt;&gt;</a>&nbsp;&nbsp;&nbsp;FL_UART_Init
</UL>

<P><STRONG><a name="[83]"></a>FL_CMU_GetRCLFClockFreq</STRONG> (Thumb, 70 bytes, Stack size 0 bytes, fm33lg0xx_fl_cmu.o(i.FL_CMU_GetRCLFClockFreq))
<BR><BR>[Called By]<UL><LI><a href="#[7d]">&gt;&gt;</a>&nbsp;&nbsp;&nbsp;FL_CMU_GetSystemClockFreq
</UL>

<P><STRONG><a name="[7d]"></a>FL_CMU_GetSystemClockFreq</STRONG> (Thumb, 86 bytes, Stack size 8 bytes, fm33lg0xx_fl_cmu.o(i.FL_CMU_GetSystemClockFreq))
<BR><BR>[Stack]<UL><LI>Max Depth = 32<LI>Call Chain = FL_CMU_GetSystemClockFreq &rArr; FL_CMU_GetPLLClockFreq &rArr; __ARM_common_switch8
</UL>
<BR>[Calls]<UL><LI><a href="#[81]">&gt;&gt;</a>&nbsp;&nbsp;&nbsp;__ARM_common_switch8
<LI><a href="#[83]">&gt;&gt;</a>&nbsp;&nbsp;&nbsp;FL_CMU_GetRCLFClockFreq
<LI><a href="#[80]">&gt;&gt;</a>&nbsp;&nbsp;&nbsp;FL_CMU_GetRCHFClockFreq
<LI><a href="#[7f]">&gt;&gt;</a>&nbsp;&nbsp;&nbsp;FL_CMU_GetPLLClockFreq
</UL>
<BR>[Called By]<UL><LI><a href="#[7c]">&gt;&gt;</a>&nbsp;&nbsp;&nbsp;FL_CMU_GetAHBClockFreq
<LI><a href="#[92]">&gt;&gt;</a>&nbsp;&nbsp;&nbsp;FL_UART_Init
</UL>

<P><STRONG><a name="[90]"></a>FL_DelayInit</STRONG> (Thumb, 26 bytes, Stack size 0 bytes, fm33lg0xx_fl.o(i.FL_DelayInit))
<BR><BR>[Called By]<UL><LI><a href="#[8f]">&gt;&gt;</a>&nbsp;&nbsp;&nbsp;FL_Init
</UL>

<P><STRONG><a name="[66]"></a>FL_DelayMs</STRONG> (Thumb, 24 bytes, Stack size 8 bytes, fm33lg0xx_fl.o(i.FL_DelayMs))
<BR><BR>[Stack]<UL><LI>Max Depth = 16<LI>Call Chain = FL_DelayMs &rArr; FL_DelayUs
</UL>
<BR>[Calls]<UL><LI><a href="#[84]">&gt;&gt;</a>&nbsp;&nbsp;&nbsp;FL_DelayUs
</UL>
<BR>[Called By]<UL><LI><a href="#[103]">&gt;&gt;</a>&nbsp;&nbsp;&nbsp;Uart0_Rx_rec
<LI><a href="#[bb]">&gt;&gt;</a>&nbsp;&nbsp;&nbsp;MF_Clock_Init
<LI><a href="#[65]">&gt;&gt;</a>&nbsp;&nbsp;&nbsp;ReadZD_Current
<LI><a href="#[64]">&gt;&gt;</a>&nbsp;&nbsp;&nbsp;CheckZDCurrent
<LI><a href="#[dc]">&gt;&gt;</a>&nbsp;&nbsp;&nbsp;Test_Function_Lierda
<LI><a href="#[b3]">&gt;&gt;</a>&nbsp;&nbsp;&nbsp;Uart3_Tx_Send
<LI><a href="#[105]">&gt;&gt;</a>&nbsp;&nbsp;&nbsp;Uart0_Tx_Send
</UL>

<P><STRONG><a name="[84]"></a>FL_DelayUs</STRONG> (Thumb, 56 bytes, Stack size 8 bytes, fm33lg0xx_fl.o(i.FL_DelayUs))
<BR><BR>[Stack]<UL><LI>Max Depth = 8<LI>Call Chain = FL_DelayUs
</UL>
<BR>[Calls]<UL><LI><a href="#[82]">&gt;&gt;</a>&nbsp;&nbsp;&nbsp;__aeabi_uidivmod
</UL>
<BR>[Called By]<UL><LI><a href="#[66]">&gt;&gt;</a>&nbsp;&nbsp;&nbsp;FL_DelayMs
</UL>

<P><STRONG><a name="[be]"></a>FL_EXTI_CommonInit</STRONG> (Thumb, 92 bytes, Stack size 0 bytes, fm33lg0xx_fl_exti.o(i.FL_EXTI_CommonInit))
<BR><BR>[Called By]<UL><LI><a href="#[bd]">&gt;&gt;</a>&nbsp;&nbsp;&nbsp;MF_EXTI_Common_Init
</UL>

<P><STRONG><a name="[85]"></a>FL_EXTI_Init</STRONG> (Thumb, 418 bytes, Stack size 32 bytes, fm33lg0xx_fl_exti.o(i.FL_EXTI_Init))
<BR><BR>[Stack]<UL><LI>Max Depth = 32<LI>Call Chain = FL_EXTI_Init
</UL>
<BR>[Calls]<UL><LI><a href="#[86]">&gt;&gt;</a>&nbsp;&nbsp;&nbsp;FL_GPIO_DisableDigitalFilter
<LI><a href="#[87]">&gt;&gt;</a>&nbsp;&nbsp;&nbsp;FL_GPIO_ClearFlag_EXTI
<LI><a href="#[82]">&gt;&gt;</a>&nbsp;&nbsp;&nbsp;__aeabi_uidivmod
</UL>
<BR>[Called By]<UL><LI><a href="#[c0]">&gt;&gt;</a>&nbsp;&nbsp;&nbsp;MF_EXTI_Line12_Init
<LI><a href="#[c1]">&gt;&gt;</a>&nbsp;&nbsp;&nbsp;MF_EXTI_Line0_Init
</UL>

<P><STRONG><a name="[88]"></a>FL_GPIO_Init</STRONG> (Thumb, 470 bytes, Stack size 24 bytes, fm33lg0xx_fl_gpio.o(i.FL_GPIO_Init))
<BR><BR>[Stack]<UL><LI>Max Depth = 36<LI>Call Chain = FL_GPIO_Init &rArr; FL_GPIO_SetPinMode
</UL>
<BR>[Calls]<UL><LI><a href="#[8e]">&gt;&gt;</a>&nbsp;&nbsp;&nbsp;FL_GPIO_SetPinMode
<LI><a href="#[8d]">&gt;&gt;</a>&nbsp;&nbsp;&nbsp;FL_GPIO_DisablePinRemap
<LI><a href="#[8a]">&gt;&gt;</a>&nbsp;&nbsp;&nbsp;FL_GPIO_DisablePinPullup
<LI><a href="#[8b]">&gt;&gt;</a>&nbsp;&nbsp;&nbsp;FL_GPIO_DisablePinOpenDrain
<LI><a href="#[89]">&gt;&gt;</a>&nbsp;&nbsp;&nbsp;FL_GPIO_DisablePinInput
<LI><a href="#[8c]">&gt;&gt;</a>&nbsp;&nbsp;&nbsp;FL_GPIO_DisablePinAnalogSwitch
</UL>
<BR>[Called By]<UL><LI><a href="#[10a]">&gt;&gt;</a>&nbsp;&nbsp;&nbsp;User_GPIO_Init
<LI><a href="#[b0]">&gt;&gt;</a>&nbsp;&nbsp;&nbsp;INA219_IIC_GPIO_Init
<LI><a href="#[c3]">&gt;&gt;</a>&nbsp;&nbsp;&nbsp;MF_SWD_IO_Init
<LI><a href="#[10c]">&gt;&gt;</a>&nbsp;&nbsp;&nbsp;ZDINA219_SDA_OUT_Dir_CTL
<LI><a href="#[b9]">&gt;&gt;</a>&nbsp;&nbsp;&nbsp;MF_ADC_Init
<LI><a href="#[c0]">&gt;&gt;</a>&nbsp;&nbsp;&nbsp;MF_EXTI_Line12_Init
<LI><a href="#[c1]">&gt;&gt;</a>&nbsp;&nbsp;&nbsp;MF_EXTI_Line0_Init
<LI><a href="#[ca]">&gt;&gt;</a>&nbsp;&nbsp;&nbsp;MF_UART3_Init
<LI><a href="#[c7]">&gt;&gt;</a>&nbsp;&nbsp;&nbsp;MF_UART1_Init
<LI><a href="#[102]">&gt;&gt;</a>&nbsp;&nbsp;&nbsp;UART_TX_state_change
<LI><a href="#[c4]">&gt;&gt;</a>&nbsp;&nbsp;&nbsp;MF_UART0_Init
</UL>

<P><STRONG><a name="[8f]"></a>FL_Init</STRONG> (Thumb, 8 bytes, Stack size 8 bytes, fm33lg0xx_fl.o(i.FL_Init))
<BR><BR>[Stack]<UL><LI>Max Depth = 8<LI>Call Chain = FL_Init
</UL>
<BR>[Calls]<UL><LI><a href="#[90]">&gt;&gt;</a>&nbsp;&nbsp;&nbsp;FL_DelayInit
</UL>
<BR>[Called By]<UL><LI><a href="#[4c]">&gt;&gt;</a>&nbsp;&nbsp;&nbsp;main
</UL>

<P><STRONG><a name="[61]"></a>FL_NVIC_Init</STRONG> (Thumb, 68 bytes, Stack size 16 bytes, fm33lg0xx_fl.o(i.FL_NVIC_Init))
<BR><BR>[Stack]<UL><LI>Max Depth = 24<LI>Call Chain = FL_NVIC_Init &rArr; NVIC_SetPriority
</UL>
<BR>[Calls]<UL><LI><a href="#[91]">&gt;&gt;</a>&nbsp;&nbsp;&nbsp;NVIC_SetPriority
</UL>
<BR>[Called By]<UL><LI><a href="#[5f]">&gt;&gt;</a>&nbsp;&nbsp;&nbsp;ATIM_NVIC_Init
<LI><a href="#[c2]">&gt;&gt;</a>&nbsp;&nbsp;&nbsp;MF_NVIC_Init
<LI><a href="#[ff]">&gt;&gt;</a>&nbsp;&nbsp;&nbsp;UART3_MF_NVIC_Init
<LI><a href="#[fb]">&gt;&gt;</a>&nbsp;&nbsp;&nbsp;UART1_MF_NVIC_Init
<LI><a href="#[f7]">&gt;&gt;</a>&nbsp;&nbsp;&nbsp;UART0_MF_NVIC_Init
</UL>

<P><STRONG><a name="[92]"></a>FL_UART_Init</STRONG> (Thumb, 712 bytes, Stack size 24 bytes, fm33lg0xx_fl_uart.o(i.FL_UART_Init))
<BR><BR>[Stack]<UL><LI>Max Depth = 72<LI>Call Chain = FL_UART_Init &rArr; FL_CMU_GetAPBClockFreq &rArr; FL_CMU_GetAHBClockFreq &rArr; FL_CMU_GetSystemClockFreq &rArr; FL_CMU_GetPLLClockFreq &rArr; __ARM_common_switch8
</UL>
<BR>[Calls]<UL><LI><a href="#[7d]">&gt;&gt;</a>&nbsp;&nbsp;&nbsp;FL_CMU_GetSystemClockFreq
<LI><a href="#[80]">&gt;&gt;</a>&nbsp;&nbsp;&nbsp;FL_CMU_GetRCHFClockFreq
<LI><a href="#[7e]">&gt;&gt;</a>&nbsp;&nbsp;&nbsp;FL_CMU_GetAPBClockFreq
<LI><a href="#[94]">&gt;&gt;</a>&nbsp;&nbsp;&nbsp;FL_CMU_EnableGroup3OperationClock
<LI><a href="#[93]">&gt;&gt;</a>&nbsp;&nbsp;&nbsp;FL_CMU_EnableGroup3BusClock
<LI><a href="#[82]">&gt;&gt;</a>&nbsp;&nbsp;&nbsp;__aeabi_uidivmod
</UL>
<BR>[Called By]<UL><LI><a href="#[ca]">&gt;&gt;</a>&nbsp;&nbsp;&nbsp;MF_UART3_Init
<LI><a href="#[c7]">&gt;&gt;</a>&nbsp;&nbsp;&nbsp;MF_UART1_Init
<LI><a href="#[c4]">&gt;&gt;</a>&nbsp;&nbsp;&nbsp;MF_UART0_Init
</UL>

<P><STRONG><a name="[95]"></a>FL_VAO_XTLF_Init</STRONG> (Thumb, 278 bytes, Stack size 16 bytes, fm33lg0xx_fl_vao.o(i.FL_VAO_XTLF_Init))
<BR><BR>[Stack]<UL><LI>Max Depth = 16<LI>Call Chain = FL_VAO_XTLF_Init
</UL>
<BR>[Calls]<UL><LI><a href="#[96]">&gt;&gt;</a>&nbsp;&nbsp;&nbsp;FL_CDIF_EnableVAOToCPU
<LI><a href="#[97]">&gt;&gt;</a>&nbsp;&nbsp;&nbsp;FL_CDIF_EnableCPUToVAO
</UL>
<BR>[Called By]<UL><LI><a href="#[ba]">&gt;&gt;</a>&nbsp;&nbsp;&nbsp;MF_CMU_XTLF_Init
</UL>

<P><STRONG><a name="[98]"></a>Find_Device_ID</STRONG> (Thumb, 16 bytes, Stack size 8 bytes, ir.o(i.Find_Device_ID))
<BR><BR>[Stack]<UL><LI>Max Depth = 56<LI>Call Chain = Find_Device_ID &rArr; Send_Qiandao &rArr; Uart1_Tx_Send &rArr; __aeabi_memcpy
</UL>
<BR>[Calls]<UL><LI><a href="#[69]">&gt;&gt;</a>&nbsp;&nbsp;&nbsp;Send_Qiandao
<LI><a href="#[6a]">&gt;&gt;</a>&nbsp;&nbsp;&nbsp;Uart1_Tx_Send
</UL>
<BR>[Called By]<UL><LI><a href="#[ea]">&gt;&gt;</a>&nbsp;&nbsp;&nbsp;Test_Function_Mensi
<LI><a href="#[ec]">&gt;&gt;</a>&nbsp;&nbsp;&nbsp;Test_Function_Pulse
<LI><a href="#[dc]">&gt;&gt;</a>&nbsp;&nbsp;&nbsp;Test_Function_Lierda
<LI><a href="#[eb]">&gt;&gt;</a>&nbsp;&nbsp;&nbsp;Test_Function_NB
</UL>

<P><STRONG><a name="[99]"></a>Find_LoraEUI</STRONG> (Thumb, 16 bytes, Stack size 8 bytes, ir.o(i.Find_LoraEUI))
<BR><BR>[Stack]<UL><LI>Max Depth = 56<LI>Call Chain = Find_LoraEUI &rArr; Send_Qiandao &rArr; Uart1_Tx_Send &rArr; __aeabi_memcpy
</UL>
<BR>[Calls]<UL><LI><a href="#[69]">&gt;&gt;</a>&nbsp;&nbsp;&nbsp;Send_Qiandao
<LI><a href="#[6a]">&gt;&gt;</a>&nbsp;&nbsp;&nbsp;Uart1_Tx_Send
</UL>
<BR>[Called By]<UL><LI><a href="#[ea]">&gt;&gt;</a>&nbsp;&nbsp;&nbsp;Test_Function_Mensi
</UL>

<P><STRONG><a name="[9a]"></a>Find_Report_Result</STRONG> (Thumb, 44 bytes, Stack size 8 bytes, ir.o(i.Find_Report_Result))
<BR><BR>[Stack]<UL><LI>Max Depth = 56<LI>Call Chain = Find_Report_Result &rArr; Send_Qiandao &rArr; Uart1_Tx_Send &rArr; __aeabi_memcpy
</UL>
<BR>[Calls]<UL><LI><a href="#[9b]">&gt;&gt;</a>&nbsp;&nbsp;&nbsp;Sum_jiaoyan
<LI><a href="#[69]">&gt;&gt;</a>&nbsp;&nbsp;&nbsp;Send_Qiandao
<LI><a href="#[6a]">&gt;&gt;</a>&nbsp;&nbsp;&nbsp;Uart1_Tx_Send
<LI><a href="#[52]">&gt;&gt;</a>&nbsp;&nbsp;&nbsp;__aeabi_memcpy
</UL>
<BR>[Called By]<UL><LI><a href="#[ea]">&gt;&gt;</a>&nbsp;&nbsp;&nbsp;Test_Function_Mensi
</UL>

<P><STRONG><a name="[9c]"></a>Find_Result</STRONG> (Thumb, 16 bytes, Stack size 8 bytes, ir.o(i.Find_Result))
<BR><BR>[Stack]<UL><LI>Max Depth = 56<LI>Call Chain = Find_Result &rArr; Send_Qiandao &rArr; Uart1_Tx_Send &rArr; __aeabi_memcpy
</UL>
<BR>[Calls]<UL><LI><a href="#[69]">&gt;&gt;</a>&nbsp;&nbsp;&nbsp;Send_Qiandao
<LI><a href="#[6a]">&gt;&gt;</a>&nbsp;&nbsp;&nbsp;Uart1_Tx_Send
</UL>
<BR>[Called By]<UL><LI><a href="#[dc]">&gt;&gt;</a>&nbsp;&nbsp;&nbsp;Test_Function_Lierda
<LI><a href="#[eb]">&gt;&gt;</a>&nbsp;&nbsp;&nbsp;Test_Function_NB
</UL>

<P><STRONG><a name="[9d]"></a>Find_Self_Check</STRONG> (Thumb, 44 bytes, Stack size 8 bytes, ir.o(i.Find_Self_Check))
<BR><BR>[Stack]<UL><LI>Max Depth = 56<LI>Call Chain = Find_Self_Check &rArr; Send_Qiandao &rArr; Uart1_Tx_Send &rArr; __aeabi_memcpy
</UL>
<BR>[Calls]<UL><LI><a href="#[9b]">&gt;&gt;</a>&nbsp;&nbsp;&nbsp;Sum_jiaoyan
<LI><a href="#[69]">&gt;&gt;</a>&nbsp;&nbsp;&nbsp;Send_Qiandao
<LI><a href="#[6a]">&gt;&gt;</a>&nbsp;&nbsp;&nbsp;Uart1_Tx_Send
<LI><a href="#[52]">&gt;&gt;</a>&nbsp;&nbsp;&nbsp;__aeabi_memcpy
</UL>
<BR>[Called By]<UL><LI><a href="#[ea]">&gt;&gt;</a>&nbsp;&nbsp;&nbsp;Test_Function_Mensi
<LI><a href="#[ec]">&gt;&gt;</a>&nbsp;&nbsp;&nbsp;Test_Function_Pulse
</UL>

<P><STRONG><a name="[9e]"></a>Find_Version</STRONG> (Thumb, 16 bytes, Stack size 8 bytes, ir.o(i.Find_Version))
<BR><BR>[Stack]<UL><LI>Max Depth = 56<LI>Call Chain = Find_Version &rArr; Send_Qiandao &rArr; Uart1_Tx_Send &rArr; __aeabi_memcpy
</UL>
<BR>[Calls]<UL><LI><a href="#[69]">&gt;&gt;</a>&nbsp;&nbsp;&nbsp;Send_Qiandao
<LI><a href="#[6a]">&gt;&gt;</a>&nbsp;&nbsp;&nbsp;Uart1_Tx_Send
</UL>
<BR>[Called By]<UL><LI><a href="#[ea]">&gt;&gt;</a>&nbsp;&nbsp;&nbsp;Test_Function_Mensi
<LI><a href="#[ec]">&gt;&gt;</a>&nbsp;&nbsp;&nbsp;Test_Function_Pulse
<LI><a href="#[eb]">&gt;&gt;</a>&nbsp;&nbsp;&nbsp;Test_Function_NB
</UL>

<P><STRONG><a name="[2a]"></a>GPIO_IRQHandler</STRONG> (Thumb, 66 bytes, Stack size 8 bytes, pulse.o(i.GPIO_IRQHandler))
<BR><BR>[Stack]<UL><LI>Max Depth = 8<LI>Call Chain = GPIO_IRQHandler
</UL>
<BR>[Calls]<UL><LI><a href="#[9f]">&gt;&gt;</a>&nbsp;&nbsp;&nbsp;FL_GPIO_IsActiveFlag_EXTI
<LI><a href="#[a0]">&gt;&gt;</a>&nbsp;&nbsp;&nbsp;FL_GPIO_ClearFlag_EXTI
</UL>
<BR>[Address Reference Count : 1]<UL><LI> startup_fm33lg0xx.o(RESET)
</UL>
<P><STRONG><a name="[aa]"></a>GetSingleChannelVoltage_POLL</STRONG> (Thumb, 110 bytes, Stack size 64 bytes, adc.o(i.GetSingleChannelVoltage_POLL))
<BR><BR>[Stack]<UL><LI>Max Depth = 96<LI>Call Chain = GetSingleChannelVoltage_POLL &rArr; GetSingleChannelSample_POLL
</UL>
<BR>[Calls]<UL><LI><a href="#[ac]">&gt;&gt;</a>&nbsp;&nbsp;&nbsp;__ARM_common_ll_muluu
<LI><a href="#[ab]">&gt;&gt;</a>&nbsp;&nbsp;&nbsp;GetVREF1P2Sample_POLL
<LI><a href="#[a1]">&gt;&gt;</a>&nbsp;&nbsp;&nbsp;GetSingleChannelSample_POLL
<LI><a href="#[ae]">&gt;&gt;</a>&nbsp;&nbsp;&nbsp;__aeabi_uldivmod
<LI><a href="#[ad]">&gt;&gt;</a>&nbsp;&nbsp;&nbsp;__aeabi_lmul
</UL>
<BR>[Called By]<UL><LI><a href="#[e1]">&gt;&gt;</a>&nbsp;&nbsp;&nbsp;Voltage_Main_Mould_CHK
</UL>

<P><STRONG><a name="[af]"></a>Get_GP30_Voltage</STRONG> (Thumb, 16 bytes, Stack size 8 bytes, ir.o(i.Get_GP30_Voltage))
<BR><BR>[Stack]<UL><LI>Max Depth = 56<LI>Call Chain = Get_GP30_Voltage &rArr; Send_Qiandao &rArr; Uart1_Tx_Send &rArr; __aeabi_memcpy
</UL>
<BR>[Calls]<UL><LI><a href="#[69]">&gt;&gt;</a>&nbsp;&nbsp;&nbsp;Send_Qiandao
<LI><a href="#[6a]">&gt;&gt;</a>&nbsp;&nbsp;&nbsp;Uart1_Tx_Send
</UL>
<BR>[Called By]<UL><LI><a href="#[ea]">&gt;&gt;</a>&nbsp;&nbsp;&nbsp;Test_Function_Mensi
<LI><a href="#[ec]">&gt;&gt;</a>&nbsp;&nbsp;&nbsp;Test_Function_Pulse
</UL>

<P><STRONG><a name="[b0]"></a>INA219_IIC_GPIO_Init</STRONG> (Thumb, 134 bytes, Stack size 32 bytes, ina219.o(i.INA219_IIC_GPIO_Init))
<BR><BR>[Stack]<UL><LI>Max Depth = 68<LI>Call Chain = INA219_IIC_GPIO_Init &rArr; FL_GPIO_Init &rArr; FL_GPIO_SetPinMode
</UL>
<BR>[Calls]<UL><LI><a href="#[88]">&gt;&gt;</a>&nbsp;&nbsp;&nbsp;FL_GPIO_Init
<LI><a href="#[b1]">&gt;&gt;</a>&nbsp;&nbsp;&nbsp;FL_GPIO_SetOutputPin
</UL>
<BR>[Called By]<UL><LI><a href="#[4c]">&gt;&gt;</a>&nbsp;&nbsp;&nbsp;main
</UL>

<P><STRONG><a name="[63]"></a>InvertUint16</STRONG> (Thumb, 62 bytes, Stack size 20 bytes, jiaoyan.o(i.InvertUint16))
<BR><BR>[Stack]<UL><LI>Max Depth = 20<LI>Call Chain = InvertUint16
</UL>
<BR>[Called By]<UL><LI><a href="#[62]">&gt;&gt;</a>&nbsp;&nbsp;&nbsp;CRC16_MODBUS
</UL>

<P><STRONG><a name="[b2]"></a>JILIAN_TONGXIN_xieyifasong</STRONG> (Thumb, 106 bytes, Stack size 24 bytes, measurement.o(i.JILIAN_TONGXIN_xieyifasong))
<BR><BR>[Stack]<UL><LI>Max Depth = 64<LI>Call Chain = JILIAN_TONGXIN_xieyifasong &rArr; Uart3_Tx_Send &rArr; __aeabi_memcpy
</UL>
<BR>[Calls]<UL><LI><a href="#[b3]">&gt;&gt;</a>&nbsp;&nbsp;&nbsp;Uart3_Tx_Send
</UL>
<BR>[Called By]<UL><LI><a href="#[b6]">&gt;&gt;</a>&nbsp;&nbsp;&nbsp;JILIAN_zoushui_xieyi
<LI><a href="#[b5]">&gt;&gt;</a>&nbsp;&nbsp;&nbsp;JILIAN_wushui_xieyi
<LI><a href="#[b4]">&gt;&gt;</a>&nbsp;&nbsp;&nbsp;JILIAN_manshui_xieyi
</UL>

<P><STRONG><a name="[109]"></a>JILIAN_TONGXIN_xieyijiexi</STRONG> (Thumb, 144 bytes, Stack size 20 bytes, measurement.o(i.JILIAN_TONGXIN_xieyijiexi))
<BR><BR>[Stack]<UL><LI>Max Depth = 20<LI>Call Chain = JILIAN_TONGXIN_xieyijiexi
</UL>
<BR>[Called By]<UL><LI><a href="#[108]">&gt;&gt;</a>&nbsp;&nbsp;&nbsp;Uart3_Rx_rec
</UL>

<P><STRONG><a name="[b4]"></a>JILIAN_manshui_xieyi</STRONG> (Thumb, 12 bytes, Stack size 8 bytes, measurement.o(i.JILIAN_manshui_xieyi))
<BR><BR>[Stack]<UL><LI>Max Depth = 72<LI>Call Chain = JILIAN_manshui_xieyi &rArr; JILIAN_TONGXIN_xieyifasong &rArr; Uart3_Tx_Send &rArr; __aeabi_memcpy
</UL>
<BR>[Calls]<UL><LI><a href="#[b2]">&gt;&gt;</a>&nbsp;&nbsp;&nbsp;JILIAN_TONGXIN_xieyifasong
</UL>
<BR>[Called By]<UL><LI><a href="#[ea]">&gt;&gt;</a>&nbsp;&nbsp;&nbsp;Test_Function_Mensi
<LI><a href="#[ec]">&gt;&gt;</a>&nbsp;&nbsp;&nbsp;Test_Function_Pulse
<LI><a href="#[dc]">&gt;&gt;</a>&nbsp;&nbsp;&nbsp;Test_Function_Lierda
<LI><a href="#[eb]">&gt;&gt;</a>&nbsp;&nbsp;&nbsp;Test_Function_NB
</UL>

<P><STRONG><a name="[b5]"></a>JILIAN_wushui_xieyi</STRONG> (Thumb, 12 bytes, Stack size 8 bytes, measurement.o(i.JILIAN_wushui_xieyi))
<BR><BR>[Stack]<UL><LI>Max Depth = 72<LI>Call Chain = JILIAN_wushui_xieyi &rArr; JILIAN_TONGXIN_xieyifasong &rArr; Uart3_Tx_Send &rArr; __aeabi_memcpy
</UL>
<BR>[Calls]<UL><LI><a href="#[b2]">&gt;&gt;</a>&nbsp;&nbsp;&nbsp;JILIAN_TONGXIN_xieyifasong
</UL>
<BR>[Called By]<UL><LI><a href="#[ea]">&gt;&gt;</a>&nbsp;&nbsp;&nbsp;Test_Function_Mensi
<LI><a href="#[ec]">&gt;&gt;</a>&nbsp;&nbsp;&nbsp;Test_Function_Pulse
<LI><a href="#[dc]">&gt;&gt;</a>&nbsp;&nbsp;&nbsp;Test_Function_Lierda
<LI><a href="#[eb]">&gt;&gt;</a>&nbsp;&nbsp;&nbsp;Test_Function_NB
</UL>

<P><STRONG><a name="[b6]"></a>JILIAN_zoushui_xieyi</STRONG> (Thumb, 12 bytes, Stack size 8 bytes, measurement.o(i.JILIAN_zoushui_xieyi))
<BR><BR>[Stack]<UL><LI>Max Depth = 72<LI>Call Chain = JILIAN_zoushui_xieyi &rArr; JILIAN_TONGXIN_xieyifasong &rArr; Uart3_Tx_Send &rArr; __aeabi_memcpy
</UL>
<BR>[Calls]<UL><LI><a href="#[b2]">&gt;&gt;</a>&nbsp;&nbsp;&nbsp;JILIAN_TONGXIN_xieyifasong
</UL>
<BR>[Called By]<UL><LI><a href="#[ea]">&gt;&gt;</a>&nbsp;&nbsp;&nbsp;Test_Function_Mensi
<LI><a href="#[ec]">&gt;&gt;</a>&nbsp;&nbsp;&nbsp;Test_Function_Pulse
<LI><a href="#[dc]">&gt;&gt;</a>&nbsp;&nbsp;&nbsp;Test_Function_Lierda
<LI><a href="#[eb]">&gt;&gt;</a>&nbsp;&nbsp;&nbsp;Test_Function_NB
</UL>

<P><STRONG><a name="[117]"></a>LED_Sign_Close</STRONG> (Thumb, 26 bytes, Stack size 0 bytes, led.o(i.LED_Sign_Close))
<BR><BR>[Called By]<UL><LI><a href="#[4c]">&gt;&gt;</a>&nbsp;&nbsp;&nbsp;main
</UL>

<P><STRONG><a name="[f2]"></a>LED_Sign_Open</STRONG> (Thumb, 24 bytes, Stack size 0 bytes, led.o(i.LED_Sign_Open))
<BR><BR>[Called By]<UL><LI><a href="#[108]">&gt;&gt;</a>&nbsp;&nbsp;&nbsp;Uart3_Rx_rec
<LI><a href="#[106]">&gt;&gt;</a>&nbsp;&nbsp;&nbsp;Uart1_Rx_rec
<LI><a href="#[103]">&gt;&gt;</a>&nbsp;&nbsp;&nbsp;Uart0_Rx_rec
<LI><a href="#[f0]">&gt;&gt;</a>&nbsp;&nbsp;&nbsp;Test_Init
</UL>

<P><STRONG><a name="[b8]"></a>MF_ADC_Config_Init</STRONG> (Thumb, 12 bytes, Stack size 8 bytes, adc.o(i.MF_ADC_Config_Init))
<BR><BR>[Stack]<UL><LI>Max Depth = 116<LI>Call Chain = MF_ADC_Config_Init &rArr; MF_ADC_Init &rArr; FL_GPIO_Init &rArr; FL_GPIO_SetPinMode
</UL>
<BR>[Calls]<UL><LI><a href="#[b9]">&gt;&gt;</a>&nbsp;&nbsp;&nbsp;MF_ADC_Init
<LI><a href="#[b7]">&gt;&gt;</a>&nbsp;&nbsp;&nbsp;MF_ADC_Common_Init
</UL>
<BR>[Called By]<UL><LI><a href="#[4c]">&gt;&gt;</a>&nbsp;&nbsp;&nbsp;main
</UL>

<P><STRONG><a name="[5e]"></a>MF_ATIM_Interrupt_Init</STRONG> (Thumb, 28 bytes, Stack size 0 bytes, time.o(i.MF_ATIM_Interrupt_Init))
<BR><BR>[Called By]<UL><LI><a href="#[5c]">&gt;&gt;</a>&nbsp;&nbsp;&nbsp;ATIM_Init
</UL>

<P><STRONG><a name="[5d]"></a>MF_ATIM_TimerBase_Init</STRONG> (Thumb, 40 bytes, Stack size 32 bytes, time.o(i.MF_ATIM_TimerBase_Init))
<BR><BR>[Stack]<UL><LI>Max Depth = 48<LI>Call Chain = MF_ATIM_TimerBase_Init &rArr; FL_ATIM_Init
</UL>
<BR>[Calls]<UL><LI><a href="#[75]">&gt;&gt;</a>&nbsp;&nbsp;&nbsp;FL_ATIM_Init
</UL>
<BR>[Called By]<UL><LI><a href="#[5c]">&gt;&gt;</a>&nbsp;&nbsp;&nbsp;ATIM_Init
</UL>

<P><STRONG><a name="[ba]"></a>MF_CMU_XTLF_Init</STRONG> (Thumb, 20 bytes, Stack size 16 bytes, mf_config.o(i.MF_CMU_XTLF_Init))
<BR><BR>[Stack]<UL><LI>Max Depth = 32<LI>Call Chain = MF_CMU_XTLF_Init &rArr; FL_VAO_XTLF_Init
</UL>
<BR>[Calls]<UL><LI><a href="#[95]">&gt;&gt;</a>&nbsp;&nbsp;&nbsp;FL_VAO_XTLF_Init
</UL>
<BR>[Called By]<UL><LI><a href="#[bb]">&gt;&gt;</a>&nbsp;&nbsp;&nbsp;MF_Clock_Init
</UL>

<P><STRONG><a name="[bb]"></a>MF_Clock_Init</STRONG> (Thumb, 322 bytes, Stack size 8 bytes, mf_config.o(i.MF_Clock_Init))
<BR><BR>[Stack]<UL><LI>Max Depth = 40<LI>Call Chain = MF_Clock_Init &rArr; MF_CMU_XTLF_Init &rArr; FL_VAO_XTLF_Init
</UL>
<BR>[Calls]<UL><LI><a href="#[bc]">&gt;&gt;</a>&nbsp;&nbsp;&nbsp;SystemCoreClockUpdate
<LI><a href="#[66]">&gt;&gt;</a>&nbsp;&nbsp;&nbsp;FL_DelayMs
<LI><a href="#[ba]">&gt;&gt;</a>&nbsp;&nbsp;&nbsp;MF_CMU_XTLF_Init
</UL>
<BR>[Called By]<UL><LI><a href="#[4c]">&gt;&gt;</a>&nbsp;&nbsp;&nbsp;main
</UL>

<P><STRONG><a name="[bd]"></a>MF_EXTI_Common_Init</STRONG> (Thumb, 14 bytes, Stack size 8 bytes, pulse.o(i.MF_EXTI_Common_Init))
<BR><BR>[Stack]<UL><LI>Max Depth = 8<LI>Call Chain = MF_EXTI_Common_Init
</UL>
<BR>[Calls]<UL><LI><a href="#[be]">&gt;&gt;</a>&nbsp;&nbsp;&nbsp;FL_EXTI_CommonInit
</UL>
<BR>[Called By]<UL><LI><a href="#[bf]">&gt;&gt;</a>&nbsp;&nbsp;&nbsp;MF_EXTI_Init
</UL>

<P><STRONG><a name="[bf]"></a>MF_EXTI_Init</STRONG> (Thumb, 20 bytes, Stack size 8 bytes, pulse.o(i.MF_EXTI_Init))
<BR><BR>[Stack]<UL><LI>Max Depth = 84<LI>Call Chain = MF_EXTI_Init &rArr; MF_EXTI_Line12_Init &rArr; FL_GPIO_Init &rArr; FL_GPIO_SetPinMode
</UL>
<BR>[Calls]<UL><LI><a href="#[c2]">&gt;&gt;</a>&nbsp;&nbsp;&nbsp;MF_NVIC_Init
<LI><a href="#[c0]">&gt;&gt;</a>&nbsp;&nbsp;&nbsp;MF_EXTI_Line12_Init
<LI><a href="#[c1]">&gt;&gt;</a>&nbsp;&nbsp;&nbsp;MF_EXTI_Line0_Init
<LI><a href="#[bd]">&gt;&gt;</a>&nbsp;&nbsp;&nbsp;MF_EXTI_Common_Init
</UL>
<BR>[Called By]<UL><LI><a href="#[4c]">&gt;&gt;</a>&nbsp;&nbsp;&nbsp;main
</UL>

<P><STRONG><a name="[c1]"></a>MF_EXTI_Line0_Init</STRONG> (Thumb, 56 bytes, Stack size 40 bytes, pulse.o(i.MF_EXTI_Line0_Init))
<BR><BR>[Stack]<UL><LI>Max Depth = 76<LI>Call Chain = MF_EXTI_Line0_Init &rArr; FL_GPIO_Init &rArr; FL_GPIO_SetPinMode
</UL>
<BR>[Calls]<UL><LI><a href="#[88]">&gt;&gt;</a>&nbsp;&nbsp;&nbsp;FL_GPIO_Init
<LI><a href="#[85]">&gt;&gt;</a>&nbsp;&nbsp;&nbsp;FL_EXTI_Init
</UL>
<BR>[Called By]<UL><LI><a href="#[bf]">&gt;&gt;</a>&nbsp;&nbsp;&nbsp;MF_EXTI_Init
</UL>

<P><STRONG><a name="[c0]"></a>MF_EXTI_Line12_Init</STRONG> (Thumb, 58 bytes, Stack size 40 bytes, pulse.o(i.MF_EXTI_Line12_Init))
<BR><BR>[Stack]<UL><LI>Max Depth = 76<LI>Call Chain = MF_EXTI_Line12_Init &rArr; FL_GPIO_Init &rArr; FL_GPIO_SetPinMode
</UL>
<BR>[Calls]<UL><LI><a href="#[88]">&gt;&gt;</a>&nbsp;&nbsp;&nbsp;FL_GPIO_Init
<LI><a href="#[85]">&gt;&gt;</a>&nbsp;&nbsp;&nbsp;FL_EXTI_Init
</UL>
<BR>[Called By]<UL><LI><a href="#[bf]">&gt;&gt;</a>&nbsp;&nbsp;&nbsp;MF_EXTI_Init
</UL>

<P><STRONG><a name="[c2]"></a>MF_NVIC_Init</STRONG> (Thumb, 16 bytes, Stack size 8 bytes, pulse.o(i.MF_NVIC_Init))
<BR><BR>[Stack]<UL><LI>Max Depth = 32<LI>Call Chain = MF_NVIC_Init &rArr; FL_NVIC_Init &rArr; NVIC_SetPriority
</UL>
<BR>[Calls]<UL><LI><a href="#[61]">&gt;&gt;</a>&nbsp;&nbsp;&nbsp;FL_NVIC_Init
</UL>
<BR>[Called By]<UL><LI><a href="#[bf]">&gt;&gt;</a>&nbsp;&nbsp;&nbsp;MF_EXTI_Init
</UL>

<P><STRONG><a name="[c3]"></a>MF_SWD_IO_Init</STRONG> (Thumb, 62 bytes, Stack size 32 bytes, mf_config.o(i.MF_SWD_IO_Init))
<BR><BR>[Stack]<UL><LI>Max Depth = 68<LI>Call Chain = MF_SWD_IO_Init &rArr; FL_GPIO_Init &rArr; FL_GPIO_SetPinMode
</UL>
<BR>[Calls]<UL><LI><a href="#[88]">&gt;&gt;</a>&nbsp;&nbsp;&nbsp;FL_GPIO_Init
</UL>
<BR>[Called By]<UL><LI><a href="#[4c]">&gt;&gt;</a>&nbsp;&nbsp;&nbsp;main
</UL>

<P><STRONG><a name="[c4]"></a>MF_UART0_Init</STRONG> (Thumb, 100 bytes, Stack size 56 bytes, uart0.o(i.MF_UART0_Init))
<BR><BR>[Stack]<UL><LI>Max Depth = 128<LI>Call Chain = MF_UART0_Init &rArr; FL_UART_Init &rArr; FL_CMU_GetAPBClockFreq &rArr; FL_CMU_GetAHBClockFreq &rArr; FL_CMU_GetSystemClockFreq &rArr; FL_CMU_GetPLLClockFreq &rArr; __ARM_common_switch8
</UL>
<BR>[Calls]<UL><LI><a href="#[88]">&gt;&gt;</a>&nbsp;&nbsp;&nbsp;FL_GPIO_Init
<LI><a href="#[92]">&gt;&gt;</a>&nbsp;&nbsp;&nbsp;FL_UART_Init
</UL>
<BR>[Called By]<UL><LI><a href="#[f6]">&gt;&gt;</a>&nbsp;&nbsp;&nbsp;UART0_MF_Config_Init
</UL>

<P><STRONG><a name="[c5]"></a>MF_UART0_Interrupt_Init</STRONG> (Thumb, 46 bytes, Stack size 8 bytes, uart0.o(i.MF_UART0_Interrupt_Init))
<BR><BR>[Stack]<UL><LI>Max Depth = 8<LI>Call Chain = MF_UART0_Interrupt_Init
</UL>
<BR>[Calls]<UL><LI><a href="#[c6]">&gt;&gt;</a>&nbsp;&nbsp;&nbsp;FL_UART_EnableIT_TXShiftBuffEmpty
</UL>
<BR>[Called By]<UL><LI><a href="#[f6]">&gt;&gt;</a>&nbsp;&nbsp;&nbsp;UART0_MF_Config_Init
</UL>

<P><STRONG><a name="[c7]"></a>MF_UART1_Init</STRONG> (Thumb, 96 bytes, Stack size 56 bytes, uart1.o(i.MF_UART1_Init))
<BR><BR>[Stack]<UL><LI>Max Depth = 128<LI>Call Chain = MF_UART1_Init &rArr; FL_UART_Init &rArr; FL_CMU_GetAPBClockFreq &rArr; FL_CMU_GetAHBClockFreq &rArr; FL_CMU_GetSystemClockFreq &rArr; FL_CMU_GetPLLClockFreq &rArr; __ARM_common_switch8
</UL>
<BR>[Calls]<UL><LI><a href="#[88]">&gt;&gt;</a>&nbsp;&nbsp;&nbsp;FL_GPIO_Init
<LI><a href="#[92]">&gt;&gt;</a>&nbsp;&nbsp;&nbsp;FL_UART_Init
</UL>
<BR>[Called By]<UL><LI><a href="#[fa]">&gt;&gt;</a>&nbsp;&nbsp;&nbsp;UART1_MF_Config_Init
</UL>

<P><STRONG><a name="[c8]"></a>MF_UART1_Interrupt_Init</STRONG> (Thumb, 46 bytes, Stack size 8 bytes, uart1.o(i.MF_UART1_Interrupt_Init))
<BR><BR>[Stack]<UL><LI>Max Depth = 8<LI>Call Chain = MF_UART1_Interrupt_Init
</UL>
<BR>[Calls]<UL><LI><a href="#[c9]">&gt;&gt;</a>&nbsp;&nbsp;&nbsp;FL_UART_EnableIT_TXShiftBuffEmpty
</UL>
<BR>[Called By]<UL><LI><a href="#[fa]">&gt;&gt;</a>&nbsp;&nbsp;&nbsp;UART1_MF_Config_Init
</UL>

<P><STRONG><a name="[ca]"></a>MF_UART3_Init</STRONG> (Thumb, 98 bytes, Stack size 56 bytes, uart3.o(i.MF_UART3_Init))
<BR><BR>[Stack]<UL><LI>Max Depth = 128<LI>Call Chain = MF_UART3_Init &rArr; FL_UART_Init &rArr; FL_CMU_GetAPBClockFreq &rArr; FL_CMU_GetAHBClockFreq &rArr; FL_CMU_GetSystemClockFreq &rArr; FL_CMU_GetPLLClockFreq &rArr; __ARM_common_switch8
</UL>
<BR>[Calls]<UL><LI><a href="#[88]">&gt;&gt;</a>&nbsp;&nbsp;&nbsp;FL_GPIO_Init
<LI><a href="#[92]">&gt;&gt;</a>&nbsp;&nbsp;&nbsp;FL_UART_Init
</UL>
<BR>[Called By]<UL><LI><a href="#[fe]">&gt;&gt;</a>&nbsp;&nbsp;&nbsp;UART3_MF_Config_Init
</UL>

<P><STRONG><a name="[cb]"></a>MF_UART3_Interrupt_Init</STRONG> (Thumb, 46 bytes, Stack size 8 bytes, uart3.o(i.MF_UART3_Interrupt_Init))
<BR><BR>[Stack]<UL><LI>Max Depth = 8<LI>Call Chain = MF_UART3_Interrupt_Init
</UL>
<BR>[Calls]<UL><LI><a href="#[cc]">&gt;&gt;</a>&nbsp;&nbsp;&nbsp;FL_UART_EnableIT_TXShiftBuffEmpty
</UL>
<BR>[Called By]<UL><LI><a href="#[fe]">&gt;&gt;</a>&nbsp;&nbsp;&nbsp;UART3_MF_Config_Init
</UL>

<P><STRONG><a name="[6c]"></a>Main_Current_CHK_CTL</STRONG> (Thumb, 40 bytes, Stack size 8 bytes, gpio.o(i.Main_Current_CHK_CTL))
<BR><BR>[Stack]<UL><LI>Max Depth = 8<LI>Call Chain = Main_Current_CHK_CTL
</UL>
<BR>[Calls]<UL><LI><a href="#[ce]">&gt;&gt;</a>&nbsp;&nbsp;&nbsp;FL_GPIO_SetOutputPin
<LI><a href="#[cd]">&gt;&gt;</a>&nbsp;&nbsp;&nbsp;FL_GPIO_ResetOutputPin
</UL>
<BR>[Called By]<UL><LI><a href="#[f0]">&gt;&gt;</a>&nbsp;&nbsp;&nbsp;Test_Init
<LI><a href="#[6e]">&gt;&gt;</a>&nbsp;&nbsp;&nbsp;Current_CHK_CTRL_ON_l
<LI><a href="#[6b]">&gt;&gt;</a>&nbsp;&nbsp;&nbsp;Current_CHK_CTRL_OFF_l
</UL>

<P><STRONG><a name="[cf]"></a>Main_Voltage_Output_Ctl</STRONG> (Thumb, 40 bytes, Stack size 8 bytes, gpio.o(i.Main_Voltage_Output_Ctl))
<BR><BR>[Stack]<UL><LI>Max Depth = 8<LI>Call Chain = Main_Voltage_Output_Ctl
</UL>
<BR>[Calls]<UL><LI><a href="#[ce]">&gt;&gt;</a>&nbsp;&nbsp;&nbsp;FL_GPIO_SetOutputPin
<LI><a href="#[cd]">&gt;&gt;</a>&nbsp;&nbsp;&nbsp;FL_GPIO_ResetOutputPin
</UL>
<BR>[Called By]<UL><LI><a href="#[f0]">&gt;&gt;</a>&nbsp;&nbsp;&nbsp;Test_Init
</UL>

<P><STRONG><a name="[d0]"></a>Manual_Report_UP</STRONG> (Thumb, 44 bytes, Stack size 8 bytes, ir.o(i.Manual_Report_UP))
<BR><BR>[Stack]<UL><LI>Max Depth = 56<LI>Call Chain = Manual_Report_UP &rArr; Send_Qiandao &rArr; Uart1_Tx_Send &rArr; __aeabi_memcpy
</UL>
<BR>[Calls]<UL><LI><a href="#[9b]">&gt;&gt;</a>&nbsp;&nbsp;&nbsp;Sum_jiaoyan
<LI><a href="#[69]">&gt;&gt;</a>&nbsp;&nbsp;&nbsp;Send_Qiandao
<LI><a href="#[6a]">&gt;&gt;</a>&nbsp;&nbsp;&nbsp;Uart1_Tx_Send
<LI><a href="#[52]">&gt;&gt;</a>&nbsp;&nbsp;&nbsp;__aeabi_memcpy
</UL>
<BR>[Called By]<UL><LI><a href="#[ea]">&gt;&gt;</a>&nbsp;&nbsp;&nbsp;Test_Function_Mensi
<LI><a href="#[dc]">&gt;&gt;</a>&nbsp;&nbsp;&nbsp;Test_Function_Lierda
</UL>

<P><STRONG><a name="[d1]"></a>Output_12V_CTL1</STRONG> (Thumb, 40 bytes, Stack size 8 bytes, gpio.o(i.Output_12V_CTL1))
<BR><BR>[Stack]<UL><LI>Max Depth = 8<LI>Call Chain = Output_12V_CTL1
</UL>
<BR>[Calls]<UL><LI><a href="#[ce]">&gt;&gt;</a>&nbsp;&nbsp;&nbsp;FL_GPIO_SetOutputPin
<LI><a href="#[cd]">&gt;&gt;</a>&nbsp;&nbsp;&nbsp;FL_GPIO_ResetOutputPin
</UL>
<BR>[Called By]<UL><LI><a href="#[f0]">&gt;&gt;</a>&nbsp;&nbsp;&nbsp;Test_Init
<LI><a href="#[ea]">&gt;&gt;</a>&nbsp;&nbsp;&nbsp;Test_Function_Mensi
<LI><a href="#[ec]">&gt;&gt;</a>&nbsp;&nbsp;&nbsp;Test_Function_Pulse
<LI><a href="#[dc]">&gt;&gt;</a>&nbsp;&nbsp;&nbsp;Test_Function_Lierda
<LI><a href="#[eb]">&gt;&gt;</a>&nbsp;&nbsp;&nbsp;Test_Function_NB
</UL>

<P><STRONG><a name="[d2]"></a>Output_12V_CTL2</STRONG> (Thumb, 40 bytes, Stack size 8 bytes, gpio.o(i.Output_12V_CTL2))
<BR><BR>[Stack]<UL><LI>Max Depth = 8<LI>Call Chain = Output_12V_CTL2
</UL>
<BR>[Calls]<UL><LI><a href="#[ce]">&gt;&gt;</a>&nbsp;&nbsp;&nbsp;FL_GPIO_SetOutputPin
<LI><a href="#[cd]">&gt;&gt;</a>&nbsp;&nbsp;&nbsp;FL_GPIO_ResetOutputPin
</UL>
<BR>[Called By]<UL><LI><a href="#[f0]">&gt;&gt;</a>&nbsp;&nbsp;&nbsp;Test_Init
<LI><a href="#[ea]">&gt;&gt;</a>&nbsp;&nbsp;&nbsp;Test_Function_Mensi
<LI><a href="#[ec]">&gt;&gt;</a>&nbsp;&nbsp;&nbsp;Test_Function_Pulse
<LI><a href="#[dc]">&gt;&gt;</a>&nbsp;&nbsp;&nbsp;Test_Function_Lierda
<LI><a href="#[eb]">&gt;&gt;</a>&nbsp;&nbsp;&nbsp;Test_Function_NB
</UL>

<P><STRONG><a name="[65]"></a>ReadZD_Current</STRONG> (Thumb, 160 bytes, Stack size 16 bytes, ina219.o(i.ReadZD_Current))
<BR><BR>[Stack]<UL><LI>Max Depth = 116<LI>Call Chain = ReadZD_Current &rArr; ZDINA219_IIC_SendBytes &rArr; ZDINA219_IIC_SendByte &rArr; ZDINA219_SDA_OUT_Dir_CTL &rArr; FL_GPIO_Init &rArr; FL_GPIO_SetPinMode
</UL>
<BR>[Calls]<UL><LI><a href="#[66]">&gt;&gt;</a>&nbsp;&nbsp;&nbsp;FL_DelayMs
<LI><a href="#[d6]">&gt;&gt;</a>&nbsp;&nbsp;&nbsp;ZDINA219_IIC_Stop
<LI><a href="#[d3]">&gt;&gt;</a>&nbsp;&nbsp;&nbsp;ZDINA219_IIC_Start
<LI><a href="#[d5]">&gt;&gt;</a>&nbsp;&nbsp;&nbsp;ZDINA219_IIC_SendBytes
<LI><a href="#[d4]">&gt;&gt;</a>&nbsp;&nbsp;&nbsp;ZDINA219_IIC_SendByte
<LI><a href="#[d7]">&gt;&gt;</a>&nbsp;&nbsp;&nbsp;ZDINA219_IIC_RevBytes
</UL>
<BR>[Called By]<UL><LI><a href="#[64]">&gt;&gt;</a>&nbsp;&nbsp;&nbsp;CheckZDCurrent
</UL>

<P><STRONG><a name="[69]"></a>Send_Qiandao</STRONG> (Thumb, 26 bytes, Stack size 8 bytes, ir.o(i.Send_Qiandao))
<BR><BR>[Stack]<UL><LI>Max Depth = 48<LI>Call Chain = Send_Qiandao &rArr; Uart1_Tx_Send &rArr; __aeabi_memcpy
</UL>
<BR>[Calls]<UL><LI><a href="#[6a]">&gt;&gt;</a>&nbsp;&nbsp;&nbsp;Uart1_Tx_Send
</UL>
<BR>[Called By]<UL><LI><a href="#[e8]">&gt;&gt;</a>&nbsp;&nbsp;&nbsp;whiteSave
<LI><a href="#[e9]">&gt;&gt;</a>&nbsp;&nbsp;&nbsp;whiteReset
<LI><a href="#[e2]">&gt;&gt;</a>&nbsp;&nbsp;&nbsp;whiteAppkey
<LI><a href="#[e3]">&gt;&gt;</a>&nbsp;&nbsp;&nbsp;whiteAppEUI
<LI><a href="#[ed]">&gt;&gt;</a>&nbsp;&nbsp;&nbsp;simulate3WirePulse
<LI><a href="#[e7]">&gt;&gt;</a>&nbsp;&nbsp;&nbsp;setWmbusKey
<LI><a href="#[de]">&gt;&gt;</a>&nbsp;&nbsp;&nbsp;loraSetFreq923
<LI><a href="#[df]">&gt;&gt;</a>&nbsp;&nbsp;&nbsp;loraGetFreq
<LI><a href="#[dd]">&gt;&gt;</a>&nbsp;&nbsp;&nbsp;getLrdLoRaEUI
<LI><a href="#[e6]">&gt;&gt;</a>&nbsp;&nbsp;&nbsp;findWmbusConfig
<LI><a href="#[e4]">&gt;&gt;</a>&nbsp;&nbsp;&nbsp;findLrdType
<LI><a href="#[e5]">&gt;&gt;</a>&nbsp;&nbsp;&nbsp;configWmbus
<LI><a href="#[da]">&gt;&gt;</a>&nbsp;&nbsp;&nbsp;Start_Wmbus_Test
<LI><a href="#[d8]">&gt;&gt;</a>&nbsp;&nbsp;&nbsp;Set_true
<LI><a href="#[d0]">&gt;&gt;</a>&nbsp;&nbsp;&nbsp;Manual_Report_UP
<LI><a href="#[af]">&gt;&gt;</a>&nbsp;&nbsp;&nbsp;Get_GP30_Voltage
<LI><a href="#[9e]">&gt;&gt;</a>&nbsp;&nbsp;&nbsp;Find_Version
<LI><a href="#[9d]">&gt;&gt;</a>&nbsp;&nbsp;&nbsp;Find_Self_Check
<LI><a href="#[9c]">&gt;&gt;</a>&nbsp;&nbsp;&nbsp;Find_Result
<LI><a href="#[9a]">&gt;&gt;</a>&nbsp;&nbsp;&nbsp;Find_Report_Result
<LI><a href="#[99]">&gt;&gt;</a>&nbsp;&nbsp;&nbsp;Find_LoraEUI
<LI><a href="#[98]">&gt;&gt;</a>&nbsp;&nbsp;&nbsp;Find_Device_ID
<LI><a href="#[68]">&gt;&gt;</a>&nbsp;&nbsp;&nbsp;Close_Commumication
</UL>

<P><STRONG><a name="[d8]"></a>Set_true</STRONG> (Thumb, 16 bytes, Stack size 8 bytes, ir.o(i.Set_true))
<BR><BR>[Stack]<UL><LI>Max Depth = 56<LI>Call Chain = Set_true &rArr; Send_Qiandao &rArr; Uart1_Tx_Send &rArr; __aeabi_memcpy
</UL>
<BR>[Calls]<UL><LI><a href="#[69]">&gt;&gt;</a>&nbsp;&nbsp;&nbsp;Send_Qiandao
<LI><a href="#[6a]">&gt;&gt;</a>&nbsp;&nbsp;&nbsp;Uart1_Tx_Send
</UL>
<BR>[Called By]<UL><LI><a href="#[ea]">&gt;&gt;</a>&nbsp;&nbsp;&nbsp;Test_Function_Mensi
<LI><a href="#[ec]">&gt;&gt;</a>&nbsp;&nbsp;&nbsp;Test_Function_Pulse
<LI><a href="#[eb]">&gt;&gt;</a>&nbsp;&nbsp;&nbsp;Test_Function_NB
</UL>

<P><STRONG><a name="[6d]"></a>Standby_Current_CHK_CTL</STRONG> (Thumb, 40 bytes, Stack size 8 bytes, gpio.o(i.Standby_Current_CHK_CTL))
<BR><BR>[Stack]<UL><LI>Max Depth = 8<LI>Call Chain = Standby_Current_CHK_CTL
</UL>
<BR>[Calls]<UL><LI><a href="#[ce]">&gt;&gt;</a>&nbsp;&nbsp;&nbsp;FL_GPIO_SetOutputPin
<LI><a href="#[cd]">&gt;&gt;</a>&nbsp;&nbsp;&nbsp;FL_GPIO_ResetOutputPin
</UL>
<BR>[Called By]<UL><LI><a href="#[f0]">&gt;&gt;</a>&nbsp;&nbsp;&nbsp;Test_Init
<LI><a href="#[6e]">&gt;&gt;</a>&nbsp;&nbsp;&nbsp;Current_CHK_CTRL_ON_l
<LI><a href="#[6b]">&gt;&gt;</a>&nbsp;&nbsp;&nbsp;Current_CHK_CTRL_OFF_l
</UL>

<P><STRONG><a name="[d9]"></a>Standby_Voltage_Output_Ctl</STRONG> (Thumb, 40 bytes, Stack size 8 bytes, gpio.o(i.Standby_Voltage_Output_Ctl))
<BR><BR>[Stack]<UL><LI>Max Depth = 8<LI>Call Chain = Standby_Voltage_Output_Ctl
</UL>
<BR>[Calls]<UL><LI><a href="#[ce]">&gt;&gt;</a>&nbsp;&nbsp;&nbsp;FL_GPIO_SetOutputPin
<LI><a href="#[cd]">&gt;&gt;</a>&nbsp;&nbsp;&nbsp;FL_GPIO_ResetOutputPin
</UL>
<BR>[Called By]<UL><LI><a href="#[f0]">&gt;&gt;</a>&nbsp;&nbsp;&nbsp;Test_Init
<LI><a href="#[dc]">&gt;&gt;</a>&nbsp;&nbsp;&nbsp;Test_Function_Lierda
</UL>

<P><STRONG><a name="[da]"></a>Start_Wmbus_Test</STRONG> (Thumb, 16 bytes, Stack size 8 bytes, ir.o(i.Start_Wmbus_Test))
<BR><BR>[Stack]<UL><LI>Max Depth = 56<LI>Call Chain = Start_Wmbus_Test &rArr; Send_Qiandao &rArr; Uart1_Tx_Send &rArr; __aeabi_memcpy
</UL>
<BR>[Calls]<UL><LI><a href="#[69]">&gt;&gt;</a>&nbsp;&nbsp;&nbsp;Send_Qiandao
<LI><a href="#[6a]">&gt;&gt;</a>&nbsp;&nbsp;&nbsp;Uart1_Tx_Send
</UL>
<BR>[Called By]<UL><LI><a href="#[eb]">&gt;&gt;</a>&nbsp;&nbsp;&nbsp;Test_Function_NB
</UL>

<P><STRONG><a name="[9b]"></a>Sum_jiaoyan</STRONG> (Thumb, 32 bytes, Stack size 8 bytes, jiaoyan.o(i.Sum_jiaoyan))
<BR><BR>[Stack]<UL><LI>Max Depth = 8<LI>Call Chain = Sum_jiaoyan
</UL>
<BR>[Called By]<UL><LI><a href="#[118]">&gt;&gt;</a>&nbsp;&nbsp;&nbsp;startTestResponse
<LI><a href="#[ed]">&gt;&gt;</a>&nbsp;&nbsp;&nbsp;simulate3WirePulse
<LI><a href="#[e6]">&gt;&gt;</a>&nbsp;&nbsp;&nbsp;findWmbusConfig
<LI><a href="#[e5]">&gt;&gt;</a>&nbsp;&nbsp;&nbsp;configWmbus
<LI><a href="#[d0]">&gt;&gt;</a>&nbsp;&nbsp;&nbsp;Manual_Report_UP
<LI><a href="#[9d]">&gt;&gt;</a>&nbsp;&nbsp;&nbsp;Find_Self_Check
<LI><a href="#[9a]">&gt;&gt;</a>&nbsp;&nbsp;&nbsp;Find_Report_Result
<LI><a href="#[107]">&gt;&gt;</a>&nbsp;&nbsp;&nbsp;irProtocolParse
<LI><a href="#[104]">&gt;&gt;</a>&nbsp;&nbsp;&nbsp;pcProtocolParse
</UL>

<P><STRONG><a name="[bc]"></a>SystemCoreClockUpdate</STRONG> (Thumb, 282 bytes, Stack size 8 bytes, system_fm33lg0xx.o(i.SystemCoreClockUpdate))
<BR><BR>[Stack]<UL><LI>Max Depth = 24<LI>Call Chain = SystemCoreClockUpdate &rArr; SystemPLLClockUpdate &rArr; __ARM_common_switch8
</UL>
<BR>[Calls]<UL><LI><a href="#[81]">&gt;&gt;</a>&nbsp;&nbsp;&nbsp;__ARM_common_switch8
<LI><a href="#[db]">&gt;&gt;</a>&nbsp;&nbsp;&nbsp;SystemPLLClockUpdate
</UL>
<BR>[Called By]<UL><LI><a href="#[bb]">&gt;&gt;</a>&nbsp;&nbsp;&nbsp;MF_Clock_Init
<LI><a href="#[2c]">&gt;&gt;</a>&nbsp;&nbsp;&nbsp;SystemInit
</UL>

<P><STRONG><a name="[2c]"></a>SystemInit</STRONG> (Thumb, 230 bytes, Stack size 8 bytes, system_fm33lg0xx.o(i.SystemInit))
<BR><BR>[Stack]<UL><LI>Max Depth = 32<LI>Call Chain = SystemInit &rArr; SystemCoreClockUpdate &rArr; SystemPLLClockUpdate &rArr; __ARM_common_switch8
</UL>
<BR>[Calls]<UL><LI><a href="#[bc]">&gt;&gt;</a>&nbsp;&nbsp;&nbsp;SystemCoreClockUpdate
</UL>
<BR>[Address Reference Count : 1]<UL><LI> startup_fm33lg0xx.o(.text)
</UL>
<P><STRONG><a name="[ef]"></a>Test_Function_CAT1</STRONG> (Thumb, 2 bytes, Stack size 0 bytes, test_cat1.o(i.Test_Function_CAT1))
<BR><BR>[Called By]<UL><LI><a href="#[ee]">&gt;&gt;</a>&nbsp;&nbsp;&nbsp;Test_Function_Select
</UL>

<P><STRONG><a name="[dc]"></a>Test_Function_Lierda</STRONG> (Thumb, 2246 bytes, Stack size 8 bytes, test_lierda.o(i.Test_Function_Lierda))
<BR><BR>[Stack]<UL><LI>Max Depth = 164<LI>Call Chain = Test_Function_Lierda &rArr; Current_CHK_Func &rArr; CheckZDCurrent &rArr; ReadZD_Current &rArr; ZDINA219_IIC_SendBytes &rArr; ZDINA219_IIC_SendByte &rArr; ZDINA219_SDA_OUT_Dir_CTL &rArr; FL_GPIO_Init &rArr; FL_GPIO_SetPinMode
</UL>
<BR>[Calls]<UL><LI><a href="#[66]">&gt;&gt;</a>&nbsp;&nbsp;&nbsp;FL_DelayMs
<LI><a href="#[6f]">&gt;&gt;</a>&nbsp;&nbsp;&nbsp;Current_CHK_Func
<LI><a href="#[d9]">&gt;&gt;</a>&nbsp;&nbsp;&nbsp;Standby_Voltage_Output_Ctl
<LI><a href="#[d2]">&gt;&gt;</a>&nbsp;&nbsp;&nbsp;Output_12V_CTL2
<LI><a href="#[d1]">&gt;&gt;</a>&nbsp;&nbsp;&nbsp;Output_12V_CTL1
<LI><a href="#[e1]">&gt;&gt;</a>&nbsp;&nbsp;&nbsp;Voltage_Main_Mould_CHK
<LI><a href="#[e0]">&gt;&gt;</a>&nbsp;&nbsp;&nbsp;startTestInit
<LI><a href="#[b6]">&gt;&gt;</a>&nbsp;&nbsp;&nbsp;JILIAN_zoushui_xieyi
<LI><a href="#[b5]">&gt;&gt;</a>&nbsp;&nbsp;&nbsp;JILIAN_wushui_xieyi
<LI><a href="#[b4]">&gt;&gt;</a>&nbsp;&nbsp;&nbsp;JILIAN_manshui_xieyi
<LI><a href="#[e8]">&gt;&gt;</a>&nbsp;&nbsp;&nbsp;whiteSave
<LI><a href="#[e9]">&gt;&gt;</a>&nbsp;&nbsp;&nbsp;whiteReset
<LI><a href="#[e2]">&gt;&gt;</a>&nbsp;&nbsp;&nbsp;whiteAppkey
<LI><a href="#[e3]">&gt;&gt;</a>&nbsp;&nbsp;&nbsp;whiteAppEUI
<LI><a href="#[e7]">&gt;&gt;</a>&nbsp;&nbsp;&nbsp;setWmbusKey
[...]
<BR>[Address Reference Count : 1]<UL><LI> fm33lg0xx_fl_exti.o(.constdata)
</UL>
<P><STRONG><a name="[2f]"></a>FL_GPIO_SetExtiLine1</STRONG> (Thumb, 12 bytes, Stack size 0 bytes, fm33lg0xx_fl_exti.o(i.FL_GPIO_SetExtiLine1))
<BR>[Address Reference Count : 1]<UL><LI> fm33lg0xx_fl_exti.o(.constdata)
</UL>
<P><STRONG><a name="[38]"></a>FL_GPIO_SetExtiLine10</STRONG> (Thumb, 14 bytes, Stack size 0 bytes, fm33lg0xx_fl_exti.o(i.FL_GPIO_SetExtiLine10))
<BR>[Address Reference Count : 1]<UL><LI> fm33lg0xx_fl_exti.o(.constdata)
</UL>
<P><STRONG><a name="[39]"></a>FL_GPIO_SetExtiLine11</STRONG> (Thumb, 14 bytes, Stack size 0 bytes, fm33lg0xx_fl_exti.o(i.FL_GPIO_SetExtiLine11))
<BR>[Address Reference Count : 1]<UL><LI> fm33lg0xx_fl_exti.o(.constdata)
</UL>
<P><STRONG><a name="[3a]"></a>FL_GPIO_SetExtiLine12</STRONG> (Thumb, 14 bytes, Stack size 0 bytes, fm33lg0xx_fl_exti.o(i.FL_GPIO_SetExtiLine12))
<BR>[Address Reference Count : 1]<UL><LI> fm33lg0xx_fl_exti.o(.constdata)
</UL>
<P><STRONG><a name="[3b]"></a>FL_GPIO_SetExtiLine13</STRONG> (Thumb, 14 bytes, Stack size 0 bytes, fm33lg0xx_fl_exti.o(i.FL_GPIO_SetExtiLine13))
<BR>[Address Reference Count : 1]<UL><LI> fm33lg0xx_fl_exti.o(.constdata)
</UL>
<P><STRONG><a name="[3c]"></a>FL_GPIO_SetExtiLine14</STRONG> (Thumb, 14 bytes, Stack size 0 bytes, fm33lg0xx_fl_exti.o(i.FL_GPIO_SetExtiLine14))
<BR>[Address Reference Count : 1]<UL><LI> fm33lg0xx_fl_exti.o(.constdata)
</UL>
<P><STRONG><a name="[3d]"></a>FL_GPIO_SetExtiLine15</STRONG> (Thumb, 12 bytes, Stack size 0 bytes, fm33lg0xx_fl_exti.o(i.FL_GPIO_SetExtiLine15))
<BR>[Address Reference Count : 1]<UL><LI> fm33lg0xx_fl_exti.o(.constdata)
</UL>
<P><STRONG><a name="[3e]"></a>FL_GPIO_SetExtiLine16</STRONG> (Thumb, 12 bytes, Stack size 0 bytes, fm33lg0xx_fl_exti.o(i.FL_GPIO_SetExtiLine16))
<BR>[Address Reference Count : 1]<UL><LI> fm33lg0xx_fl_exti.o(.constdata)
</UL>
<P><STRONG><a name="[3f]"></a>FL_GPIO_SetExtiLine17</STRONG> (Thumb, 12 bytes, Stack size 0 bytes, fm33lg0xx_fl_exti.o(i.FL_GPIO_SetExtiLine17))
<BR>[Address Reference Count : 1]<UL><LI> fm33lg0xx_fl_exti.o(.constdata)
</UL>
<P><STRONG><a name="[40]"></a>FL_GPIO_SetExtiLine18</STRONG> (Thumb, 12 bytes, Stack size 0 bytes, fm33lg0xx_fl_exti.o(i.FL_GPIO_SetExtiLine18))
<BR>[Address Reference Count : 1]<UL><LI> fm33lg0xx_fl_exti.o(.constdata)
</UL>
<P><STRONG><a name="[30]"></a>FL_GPIO_SetExtiLine2</STRONG> (Thumb, 12 bytes, Stack size 0 bytes, fm33lg0xx_fl_exti.o(i.FL_GPIO_SetExtiLine2))
<BR>[Address Reference Count : 1]<UL><LI> fm33lg0xx_fl_exti.o(.constdata)
</UL>
<P><STRONG><a name="[31]"></a>FL_GPIO_SetExtiLine3</STRONG> (Thumb, 12 bytes, Stack size 0 bytes, fm33lg0xx_fl_exti.o(i.FL_GPIO_SetExtiLine3))
<BR>[Address Reference Count : 1]<UL><LI> fm33lg0xx_fl_exti.o(.constdata)
</UL>
<P><STRONG><a name="[32]"></a>FL_GPIO_SetExtiLine4</STRONG> (Thumb, 14 bytes, Stack size 0 bytes, fm33lg0xx_fl_exti.o(i.FL_GPIO_SetExtiLine4))
<BR>[Address Reference Count : 1]<UL><LI> fm33lg0xx_fl_exti.o(.constdata)
</UL>
<P><STRONG><a name="[33]"></a>FL_GPIO_SetExtiLine5</STRONG> (Thumb, 14 bytes, Stack size 0 bytes, fm33lg0xx_fl_exti.o(i.FL_GPIO_SetExtiLine5))
<BR>[Address Reference Count : 1]<UL><LI> fm33lg0xx_fl_exti.o(.constdata)
</UL>
<P><STRONG><a name="[34]"></a>FL_GPIO_SetExtiLine6</STRONG> (Thumb, 14 bytes, Stack size 0 bytes, fm33lg0xx_fl_exti.o(i.FL_GPIO_SetExtiLine6))
<BR>[Address Reference Count : 1]<UL><LI> fm33lg0xx_fl_exti.o(.constdata)
</UL>
<P><STRONG><a name="[35]"></a>FL_GPIO_SetExtiLine7</STRONG> (Thumb, 14 bytes, Stack size 0 bytes, fm33lg0xx_fl_exti.o(i.FL_GPIO_SetExtiLine7))
<BR>[Address Reference Count : 1]<UL><LI> fm33lg0xx_fl_exti.o(.constdata)
</UL>
<P><STRONG><a name="[36]"></a>FL_GPIO_SetExtiLine8</STRONG> (Thumb, 14 bytes, Stack size 0 bytes, fm33lg0xx_fl_exti.o(i.FL_GPIO_SetExtiLine8))
<BR>[Address Reference Count : 1]<UL><LI> fm33lg0xx_fl_exti.o(.constdata)
</UL>
<P><STRONG><a name="[37]"></a>FL_GPIO_SetExtiLine9</STRONG> (Thumb, 14 bytes, Stack size 0 bytes, fm33lg0xx_fl_exti.o(i.FL_GPIO_SetExtiLine9))
<BR>[Address Reference Count : 1]<UL><LI> fm33lg0xx_fl_exti.o(.constdata)
</UL>
<P><STRONG><a name="[41]"></a>FL_GPIO_SetTriggerEdge0</STRONG> (Thumb, 26 bytes, Stack size 12 bytes, fm33lg0xx_fl_exti.o(i.FL_GPIO_SetTriggerEdge0))
<BR><BR>[Stack]<UL><LI>Max Depth = 12<LI>Call Chain = FL_GPIO_SetTriggerEdge0
</UL>
<BR>[Address Reference Count : 1]<UL><LI> fm33lg0xx_fl_exti.o(.constdata)
</UL>
<P><STRONG><a name="[42]"></a>FL_GPIO_SetTriggerEdge1</STRONG> (Thumb, 26 bytes, Stack size 8 bytes, fm33lg0xx_fl_exti.o(i.FL_GPIO_SetTriggerEdge1))
<BR><BR>[Stack]<UL><LI>Max Depth = 8<LI>Call Chain = FL_GPIO_SetTriggerEdge1
</UL>
<BR>[Address Reference Count : 1]<UL><LI> fm33lg0xx_fl_exti.o(.constdata)
</UL>
<P><STRONG><a name="[73]"></a>FL_ADC_Disable</STRONG> (Thumb, 10 bytes, Stack size 0 bytes, fm33lg0xx_fl_adc.o(i.FL_ADC_Disable))
<BR><BR>[Called By]<UL><LI><a href="#[72]">&gt;&gt;</a>&nbsp;&nbsp;&nbsp;FL_ADC_Init
</UL>

<P><STRONG><a name="[74]"></a>FL_ADC_DisableOverSampling</STRONG> (Thumb, 12 bytes, Stack size 0 bytes, fm33lg0xx_fl_adc.o(i.FL_ADC_DisableOverSampling))
<BR><BR>[Called By]<UL><LI><a href="#[72]">&gt;&gt;</a>&nbsp;&nbsp;&nbsp;FL_ADC_Init
</UL>

<P><STRONG><a name="[71]"></a>FL_ADC_SetClockSource</STRONG> (Thumb, 12 bytes, Stack size 0 bytes, fm33lg0xx_fl_adc.o(i.FL_ADC_SetClockSource))
<BR><BR>[Called By]<UL><LI><a href="#[70]">&gt;&gt;</a>&nbsp;&nbsp;&nbsp;FL_ADC_CommonInit
</UL>

<P><STRONG><a name="[97]"></a>FL_CDIF_EnableCPUToVAO</STRONG> (Thumb, 10 bytes, Stack size 0 bytes, fm33lg0xx_fl_vao.o(i.FL_CDIF_EnableCPUToVAO))
<BR><BR>[Called By]<UL><LI><a href="#[95]">&gt;&gt;</a>&nbsp;&nbsp;&nbsp;FL_VAO_XTLF_Init
</UL>

<P><STRONG><a name="[96]"></a>FL_CDIF_EnableVAOToCPU</STRONG> (Thumb, 10 bytes, Stack size 0 bytes, fm33lg0xx_fl_vao.o(i.FL_CDIF_EnableVAOToCPU))
<BR><BR>[Called By]<UL><LI><a href="#[95]">&gt;&gt;</a>&nbsp;&nbsp;&nbsp;FL_VAO_XTLF_Init
</UL>

<P><STRONG><a name="[7a]"></a>FL_ATIM_GenerateUpdateEvent</STRONG> (Thumb, 10 bytes, Stack size 0 bytes, fm33lg0xx_fl_atim.o(i.FL_ATIM_GenerateUpdateEvent))
<BR><BR>[Called By]<UL><LI><a href="#[75]">&gt;&gt;</a>&nbsp;&nbsp;&nbsp;FL_ATIM_Init
</UL>

<P><STRONG><a name="[7b]"></a>FL_ATIM_IsActiveFlag_Update</STRONG> (Thumb, 16 bytes, Stack size 0 bytes, fm33lg0xx_fl_atim.o(i.FL_ATIM_IsActiveFlag_Update))
<BR><BR>[Called By]<UL><LI><a href="#[75]">&gt;&gt;</a>&nbsp;&nbsp;&nbsp;FL_ATIM_Init
</UL>

<P><STRONG><a name="[79]"></a>FL_ATIM_SetCounterAlignedMode</STRONG> (Thumb, 12 bytes, Stack size 0 bytes, fm33lg0xx_fl_atim.o(i.FL_ATIM_SetCounterAlignedMode))
<BR><BR>[Called By]<UL><LI><a href="#[75]">&gt;&gt;</a>&nbsp;&nbsp;&nbsp;FL_ATIM_Init
</UL>

<P><STRONG><a name="[78]"></a>FL_ATIM_SetCounterDirection</STRONG> (Thumb, 12 bytes, Stack size 0 bytes, fm33lg0xx_fl_atim.o(i.FL_ATIM_SetCounterDirection))
<BR><BR>[Called By]<UL><LI><a href="#[75]">&gt;&gt;</a>&nbsp;&nbsp;&nbsp;FL_ATIM_Init
</UL>

<P><STRONG><a name="[77]"></a>FL_CMU_EnableGroup3OperationClock</STRONG> (Thumb, 12 bytes, Stack size 0 bytes, fm33lg0xx_fl_atim.o(i.FL_CMU_EnableGroup3OperationClock))
<BR><BR>[Called By]<UL><LI><a href="#[75]">&gt;&gt;</a>&nbsp;&nbsp;&nbsp;FL_ATIM_Init
</UL>

<P><STRONG><a name="[76]"></a>FL_CMU_EnableGroup4BusClock</STRONG> (Thumb, 12 bytes, Stack size 0 bytes, fm33lg0xx_fl_atim.o(i.FL_CMU_EnableGroup4BusClock))
<BR><BR>[Called By]<UL><LI><a href="#[75]">&gt;&gt;</a>&nbsp;&nbsp;&nbsp;FL_ATIM_Init
</UL>

<P><STRONG><a name="[91]"></a>NVIC_SetPriority</STRONG> (Thumb, 110 bytes, Stack size 8 bytes, fm33lg0xx_fl.o(i.NVIC_SetPriority))
<BR><BR>[Stack]<UL><LI>Max Depth = 8<LI>Call Chain = NVIC_SetPriority
</UL>
<BR>[Called By]<UL><LI><a href="#[61]">&gt;&gt;</a>&nbsp;&nbsp;&nbsp;FL_NVIC_Init
</UL>

<P><STRONG><a name="[8c]"></a>FL_GPIO_DisablePinAnalogSwitch</STRONG> (Thumb, 10 bytes, Stack size 0 bytes, fm33lg0xx_fl_gpio.o(i.FL_GPIO_DisablePinAnalogSwitch))
<BR><BR>[Called By]<UL><LI><a href="#[88]">&gt;&gt;</a>&nbsp;&nbsp;&nbsp;FL_GPIO_Init
</UL>

<P><STRONG><a name="[89]"></a>FL_GPIO_DisablePinInput</STRONG> (Thumb, 10 bytes, Stack size 0 bytes, fm33lg0xx_fl_gpio.o(i.FL_GPIO_DisablePinInput))
<BR><BR>[Called By]<UL><LI><a href="#[88]">&gt;&gt;</a>&nbsp;&nbsp;&nbsp;FL_GPIO_Init
</UL>

<P><STRONG><a name="[8b]"></a>FL_GPIO_DisablePinOpenDrain</STRONG> (Thumb, 10 bytes, Stack size 0 bytes, fm33lg0xx_fl_gpio.o(i.FL_GPIO_DisablePinOpenDrain))
<BR><BR>[Called By]<UL><LI><a href="#[88]">&gt;&gt;</a>&nbsp;&nbsp;&nbsp;FL_GPIO_Init
</UL>

<P><STRONG><a name="[8a]"></a>FL_GPIO_DisablePinPullup</STRONG> (Thumb, 10 bytes, Stack size 0 bytes, fm33lg0xx_fl_gpio.o(i.FL_GPIO_DisablePinPullup))
<BR><BR>[Called By]<UL><LI><a href="#[88]">&gt;&gt;</a>&nbsp;&nbsp;&nbsp;FL_GPIO_Init
</UL>

<P><STRONG><a name="[8d]"></a>FL_GPIO_DisablePinRemap</STRONG> (Thumb, 10 bytes, Stack size 0 bytes, fm33lg0xx_fl_gpio.o(i.FL_GPIO_DisablePinRemap))
<BR><BR>[Called By]<UL><LI><a href="#[88]">&gt;&gt;</a>&nbsp;&nbsp;&nbsp;FL_GPIO_Init
</UL>

<P><STRONG><a name="[8e]"></a>FL_GPIO_SetPinMode</STRONG> (Thumb, 26 bytes, Stack size 12 bytes, fm33lg0xx_fl_gpio.o(i.FL_GPIO_SetPinMode))
<BR><BR>[Stack]<UL><LI>Max Depth = 12<LI>Call Chain = FL_GPIO_SetPinMode
</UL>
<BR>[Called By]<UL><LI><a href="#[88]">&gt;&gt;</a>&nbsp;&nbsp;&nbsp;FL_GPIO_Init
</UL>

<P><STRONG><a name="[93]"></a>FL_CMU_EnableGroup3BusClock</STRONG> (Thumb, 12 bytes, Stack size 0 bytes, fm33lg0xx_fl_uart.o(i.FL_CMU_EnableGroup3BusClock))
<BR><BR>[Called By]<UL><LI><a href="#[92]">&gt;&gt;</a>&nbsp;&nbsp;&nbsp;FL_UART_Init
</UL>

<P><STRONG><a name="[94]"></a>FL_CMU_EnableGroup3OperationClock</STRONG> (Thumb, 12 bytes, Stack size 0 bytes, fm33lg0xx_fl_uart.o(i.FL_CMU_EnableGroup3OperationClock))
<BR><BR>[Called By]<UL><LI><a href="#[92]">&gt;&gt;</a>&nbsp;&nbsp;&nbsp;FL_UART_Init
</UL>

<P><STRONG><a name="[a5]"></a>FL_ADC_ClearFlag_EndOfConversion</STRONG> (Thumb, 6 bytes, Stack size 0 bytes, adc.o(i.FL_ADC_ClearFlag_EndOfConversion))
<BR><BR>[Called By]<UL><LI><a href="#[ab]">&gt;&gt;</a>&nbsp;&nbsp;&nbsp;GetVREF1P2Sample_POLL
<LI><a href="#[a1]">&gt;&gt;</a>&nbsp;&nbsp;&nbsp;GetSingleChannelSample_POLL
</UL>

<P><STRONG><a name="[a9]"></a>FL_ADC_Disable</STRONG> (Thumb, 10 bytes, Stack size 0 bytes, adc.o(i.FL_ADC_Disable))
<BR><BR>[Called By]<UL><LI><a href="#[ab]">&gt;&gt;</a>&nbsp;&nbsp;&nbsp;GetVREF1P2Sample_POLL
<LI><a href="#[a1]">&gt;&gt;</a>&nbsp;&nbsp;&nbsp;GetSingleChannelSample_POLL
</UL>

<P><STRONG><a name="[a3]"></a>FL_ADC_DisableSequencerChannel</STRONG> (Thumb, 12 bytes, Stack size 0 bytes, adc.o(i.FL_ADC_DisableSequencerChannel))
<BR><BR>[Called By]<UL><LI><a href="#[ab]">&gt;&gt;</a>&nbsp;&nbsp;&nbsp;GetVREF1P2Sample_POLL
<LI><a href="#[a1]">&gt;&gt;</a>&nbsp;&nbsp;&nbsp;GetSingleChannelSample_POLL
</UL>

<P><STRONG><a name="[a6]"></a>FL_ADC_Enable</STRONG> (Thumb, 10 bytes, Stack size 0 bytes, adc.o(i.FL_ADC_Enable))
<BR><BR>[Called By]<UL><LI><a href="#[ab]">&gt;&gt;</a>&nbsp;&nbsp;&nbsp;GetVREF1P2Sample_POLL
<LI><a href="#[a1]">&gt;&gt;</a>&nbsp;&nbsp;&nbsp;GetSingleChannelSample_POLL
</UL>

<P><STRONG><a name="[a7]"></a>FL_ADC_EnableSWConversion</STRONG> (Thumb, 10 bytes, Stack size 0 bytes, adc.o(i.FL_ADC_EnableSWConversion))
<BR><BR>[Called By]<UL><LI><a href="#[ab]">&gt;&gt;</a>&nbsp;&nbsp;&nbsp;GetVREF1P2Sample_POLL
<LI><a href="#[a1]">&gt;&gt;</a>&nbsp;&nbsp;&nbsp;GetSingleChannelSample_POLL
</UL>

<P><STRONG><a name="[a4]"></a>FL_ADC_EnableSequencerChannel</STRONG> (Thumb, 12 bytes, Stack size 0 bytes, adc.o(i.FL_ADC_EnableSequencerChannel))
<BR><BR>[Called By]<UL><LI><a href="#[b9]">&gt;&gt;</a>&nbsp;&nbsp;&nbsp;MF_ADC_Init
<LI><a href="#[ab]">&gt;&gt;</a>&nbsp;&nbsp;&nbsp;GetVREF1P2Sample_POLL
<LI><a href="#[a1]">&gt;&gt;</a>&nbsp;&nbsp;&nbsp;GetSingleChannelSample_POLL
</UL>

<P><STRONG><a name="[a8]"></a>FL_ADC_IsActiveFlag_EndOfConversion</STRONG> (Thumb, 16 bytes, Stack size 0 bytes, adc.o(i.FL_ADC_IsActiveFlag_EndOfConversion))
<BR><BR>[Called By]<UL><LI><a href="#[ab]">&gt;&gt;</a>&nbsp;&nbsp;&nbsp;GetVREF1P2Sample_POLL
<LI><a href="#[a1]">&gt;&gt;</a>&nbsp;&nbsp;&nbsp;GetSingleChannelSample_POLL
</UL>

<P><STRONG><a name="[a2]"></a>FL_CMU_SetADCPrescaler</STRONG> (Thumb, 16 bytes, Stack size 0 bytes, adc.o(i.FL_CMU_SetADCPrescaler))
<BR><BR>[Called By]<UL><LI><a href="#[ab]">&gt;&gt;</a>&nbsp;&nbsp;&nbsp;GetVREF1P2Sample_POLL
<LI><a href="#[a1]">&gt;&gt;</a>&nbsp;&nbsp;&nbsp;GetSingleChannelSample_POLL
</UL>

<P><STRONG><a name="[a1]"></a>GetSingleChannelSample_POLL</STRONG> (Thumb, 114 bytes, Stack size 32 bytes, adc.o(i.GetSingleChannelSample_POLL))
<BR><BR>[Stack]<UL><LI>Max Depth = 32<LI>Call Chain = GetSingleChannelSample_POLL
</UL>
<BR>[Calls]<UL><LI><a href="#[a2]">&gt;&gt;</a>&nbsp;&nbsp;&nbsp;FL_CMU_SetADCPrescaler
<LI><a href="#[a8]">&gt;&gt;</a>&nbsp;&nbsp;&nbsp;FL_ADC_IsActiveFlag_EndOfConversion
<LI><a href="#[a4]">&gt;&gt;</a>&nbsp;&nbsp;&nbsp;FL_ADC_EnableSequencerChannel
<LI><a href="#[a7]">&gt;&gt;</a>&nbsp;&nbsp;&nbsp;FL_ADC_EnableSWConversion
<LI><a href="#[a6]">&gt;&gt;</a>&nbsp;&nbsp;&nbsp;FL_ADC_Enable
<LI><a href="#[a3]">&gt;&gt;</a>&nbsp;&nbsp;&nbsp;FL_ADC_DisableSequencerChannel
<LI><a href="#[a9]">&gt;&gt;</a>&nbsp;&nbsp;&nbsp;FL_ADC_Disable
<LI><a href="#[a5]">&gt;&gt;</a>&nbsp;&nbsp;&nbsp;FL_ADC_ClearFlag_EndOfConversion
</UL>
<BR>[Called By]<UL><LI><a href="#[aa]">&gt;&gt;</a>&nbsp;&nbsp;&nbsp;GetSingleChannelVoltage_POLL
</UL>

<P><STRONG><a name="[ab]"></a>GetVREF1P2Sample_POLL</STRONG> (Thumb, 144 bytes, Stack size 24 bytes, adc.o(i.GetVREF1P2Sample_POLL))
<BR><BR>[Stack]<UL><LI>Max Depth = 24<LI>Call Chain = GetVREF1P2Sample_POLL
</UL>
<BR>[Calls]<UL><LI><a href="#[a2]">&gt;&gt;</a>&nbsp;&nbsp;&nbsp;FL_CMU_SetADCPrescaler
<LI><a href="#[a8]">&gt;&gt;</a>&nbsp;&nbsp;&nbsp;FL_ADC_IsActiveFlag_EndOfConversion
<LI><a href="#[a4]">&gt;&gt;</a>&nbsp;&nbsp;&nbsp;FL_ADC_EnableSequencerChannel
<LI><a href="#[a7]">&gt;&gt;</a>&nbsp;&nbsp;&nbsp;FL_ADC_EnableSWConversion
<LI><a href="#[a6]">&gt;&gt;</a>&nbsp;&nbsp;&nbsp;FL_ADC_Enable
<LI><a href="#[a3]">&gt;&gt;</a>&nbsp;&nbsp;&nbsp;FL_ADC_DisableSequencerChannel
<LI><a href="#[a9]">&gt;&gt;</a>&nbsp;&nbsp;&nbsp;FL_ADC_Disable
<LI><a href="#[a5]">&gt;&gt;</a>&nbsp;&nbsp;&nbsp;FL_ADC_ClearFlag_EndOfConversion
</UL>
<BR>[Called By]<UL><LI><a href="#[aa]">&gt;&gt;</a>&nbsp;&nbsp;&nbsp;GetSingleChannelVoltage_POLL
</UL>

<P><STRONG><a name="[b7]"></a>MF_ADC_Common_Init</STRONG> (Thumb, 24 bytes, Stack size 24 bytes, adc.o(i.MF_ADC_Common_Init))
<BR><BR>[Stack]<UL><LI>Max Depth = 40<LI>Call Chain = MF_ADC_Common_Init &rArr; FL_ADC_CommonInit
</UL>
<BR>[Calls]<UL><LI><a href="#[70]">&gt;&gt;</a>&nbsp;&nbsp;&nbsp;FL_ADC_CommonInit
</UL>
<BR>[Called By]<UL><LI><a href="#[b8]">&gt;&gt;</a>&nbsp;&nbsp;&nbsp;MF_ADC_Config_Init
</UL>

<P><STRONG><a name="[b9]"></a>MF_ADC_Init</STRONG> (Thumb, 108 bytes, Stack size 72 bytes, adc.o(i.MF_ADC_Init))
<BR><BR>[Stack]<UL><LI>Max Depth = 108<LI>Call Chain = MF_ADC_Init &rArr; FL_GPIO_Init &rArr; FL_GPIO_SetPinMode
</UL>
<BR>[Calls]<UL><LI><a href="#[88]">&gt;&gt;</a>&nbsp;&nbsp;&nbsp;FL_GPIO_Init
<LI><a href="#[72]">&gt;&gt;</a>&nbsp;&nbsp;&nbsp;FL_ADC_Init
<LI><a href="#[a4]">&gt;&gt;</a>&nbsp;&nbsp;&nbsp;FL_ADC_EnableSequencerChannel
</UL>
<BR>[Called By]<UL><LI><a href="#[b8]">&gt;&gt;</a>&nbsp;&nbsp;&nbsp;MF_ADC_Config_Init
</UL>

<P><STRONG><a name="[cd]"></a>FL_GPIO_ResetOutputPin</STRONG> (Thumb, 10 bytes, Stack size 0 bytes, gpio.o(i.FL_GPIO_ResetOutputPin))
<BR><BR>[Called By]<UL><LI><a href="#[d9]">&gt;&gt;</a>&nbsp;&nbsp;&nbsp;Standby_Voltage_Output_Ctl
<LI><a href="#[6d]">&gt;&gt;</a>&nbsp;&nbsp;&nbsp;Standby_Current_CHK_CTL
<LI><a href="#[d2]">&gt;&gt;</a>&nbsp;&nbsp;&nbsp;Output_12V_CTL2
<LI><a href="#[d1]">&gt;&gt;</a>&nbsp;&nbsp;&nbsp;Output_12V_CTL1
<LI><a href="#[cf]">&gt;&gt;</a>&nbsp;&nbsp;&nbsp;Main_Voltage_Output_Ctl
<LI><a href="#[6c]">&gt;&gt;</a>&nbsp;&nbsp;&nbsp;Main_Current_CHK_CTL
</UL>

<P><STRONG><a name="[ce]"></a>FL_GPIO_SetOutputPin</STRONG> (Thumb, 10 bytes, Stack size 0 bytes, gpio.o(i.FL_GPIO_SetOutputPin))
<BR><BR>[Called By]<UL><LI><a href="#[d9]">&gt;&gt;</a>&nbsp;&nbsp;&nbsp;Standby_Voltage_Output_Ctl
<LI><a href="#[6d]">&gt;&gt;</a>&nbsp;&nbsp;&nbsp;Standby_Current_CHK_CTL
<LI><a href="#[d2]">&gt;&gt;</a>&nbsp;&nbsp;&nbsp;Output_12V_CTL2
<LI><a href="#[d1]">&gt;&gt;</a>&nbsp;&nbsp;&nbsp;Output_12V_CTL1
<LI><a href="#[cf]">&gt;&gt;</a>&nbsp;&nbsp;&nbsp;Main_Voltage_Output_Ctl
<LI><a href="#[6c]">&gt;&gt;</a>&nbsp;&nbsp;&nbsp;Main_Current_CHK_CTL
</UL>

<P><STRONG><a name="[112]"></a>FL_GPIO_GetInputPin</STRONG> (Thumb, 22 bytes, Stack size 0 bytes, ina219.o(i.FL_GPIO_GetInputPin))
<BR><BR>[Called By]<UL><LI><a href="#[10f]">&gt;&gt;</a>&nbsp;&nbsp;&nbsp;ZDINA219_SDA_InPut
</UL>

<P><STRONG><a name="[111]"></a>FL_GPIO_ResetOutputPin</STRONG> (Thumb, 10 bytes, Stack size 0 bytes, ina219.o(i.FL_GPIO_ResetOutputPin))
<BR><BR>[Called By]<UL><LI><a href="#[110]">&gt;&gt;</a>&nbsp;&nbsp;&nbsp;ZDINA219_SDA
<LI><a href="#[10d]">&gt;&gt;</a>&nbsp;&nbsp;&nbsp;ZDINA219_SCL
</UL>

<P><STRONG><a name="[b1]"></a>FL_GPIO_SetOutputPin</STRONG> (Thumb, 10 bytes, Stack size 0 bytes, ina219.o(i.FL_GPIO_SetOutputPin))
<BR><BR>[Called By]<UL><LI><a href="#[b0]">&gt;&gt;</a>&nbsp;&nbsp;&nbsp;INA219_IIC_GPIO_Init
<LI><a href="#[110]">&gt;&gt;</a>&nbsp;&nbsp;&nbsp;ZDINA219_SDA
<LI><a href="#[10d]">&gt;&gt;</a>&nbsp;&nbsp;&nbsp;ZDINA219_SCL
</UL>

<P><STRONG><a name="[c6]"></a>FL_UART_EnableIT_TXShiftBuffEmpty</STRONG> (Thumb, 10 bytes, Stack size 0 bytes, uart0.o(i.FL_UART_EnableIT_TXShiftBuffEmpty))
<BR><BR>[Called By]<UL><LI><a href="#[105]">&gt;&gt;</a>&nbsp;&nbsp;&nbsp;Uart0_Tx_Send
<LI><a href="#[c5]">&gt;&gt;</a>&nbsp;&nbsp;&nbsp;MF_UART0_Interrupt_Init
</UL>

<P><STRONG><a name="[f5]"></a>FL_UART_WriteTXBuff</STRONG> (Thumb, 12 bytes, Stack size 0 bytes, uart0.o(i.FL_UART_WriteTXBuff))
<BR><BR>[Called By]<UL><LI><a href="#[105]">&gt;&gt;</a>&nbsp;&nbsp;&nbsp;Uart0_Tx_Send
<LI><a href="#[16]">&gt;&gt;</a>&nbsp;&nbsp;&nbsp;UART0_IRQHandler
</UL>

<P><STRONG><a name="[c9]"></a>FL_UART_EnableIT_TXShiftBuffEmpty</STRONG> (Thumb, 10 bytes, Stack size 0 bytes, uart1.o(i.FL_UART_EnableIT_TXShiftBuffEmpty))
<BR><BR>[Called By]<UL><LI><a href="#[6a]">&gt;&gt;</a>&nbsp;&nbsp;&nbsp;Uart1_Tx_Send
<LI><a href="#[c8]">&gt;&gt;</a>&nbsp;&nbsp;&nbsp;MF_UART1_Interrupt_Init
</UL>

<P><STRONG><a name="[f9]"></a>FL_UART_WriteTXBuff</STRONG> (Thumb, 12 bytes, Stack size 0 bytes, uart1.o(i.FL_UART_WriteTXBuff))
<BR><BR>[Called By]<UL><LI><a href="#[6a]">&gt;&gt;</a>&nbsp;&nbsp;&nbsp;Uart1_Tx_Send
<LI><a href="#[17]">&gt;&gt;</a>&nbsp;&nbsp;&nbsp;UART1_IRQHandler
</UL>

<P><STRONG><a name="[cc]"></a>FL_UART_EnableIT_TXShiftBuffEmpty</STRONG> (Thumb, 10 bytes, Stack size 0 bytes, uart3.o(i.FL_UART_EnableIT_TXShiftBuffEmpty))
<BR><BR>[Called By]<UL><LI><a href="#[b3]">&gt;&gt;</a>&nbsp;&nbsp;&nbsp;Uart3_Tx_Send
<LI><a href="#[cb]">&gt;&gt;</a>&nbsp;&nbsp;&nbsp;MF_UART3_Interrupt_Init
</UL>

<P><STRONG><a name="[fd]"></a>FL_UART_WriteTXBuff</STRONG> (Thumb, 12 bytes, Stack size 0 bytes, uart3.o(i.FL_UART_WriteTXBuff))
<BR><BR>[Called By]<UL><LI><a href="#[b3]">&gt;&gt;</a>&nbsp;&nbsp;&nbsp;Uart3_Tx_Send
<LI><a href="#[18]">&gt;&gt;</a>&nbsp;&nbsp;&nbsp;UART3_IRQHandler
</UL>

<P><STRONG><a name="[a0]"></a>FL_GPIO_ClearFlag_EXTI</STRONG> (Thumb, 8 bytes, Stack size 0 bytes, pulse.o(i.FL_GPIO_ClearFlag_EXTI))
<BR><BR>[Called By]<UL><LI><a href="#[2a]">&gt;&gt;</a>&nbsp;&nbsp;&nbsp;GPIO_IRQHandler
</UL>

<P><STRONG><a name="[9f]"></a>FL_GPIO_IsActiveFlag_EXTI</STRONG> (Thumb, 26 bytes, Stack size 0 bytes, pulse.o(i.FL_GPIO_IsActiveFlag_EXTI))
<BR><BR>[Called By]<UL><LI><a href="#[2a]">&gt;&gt;</a>&nbsp;&nbsp;&nbsp;GPIO_IRQHandler
</UL>
<P>
<H3>
Undefined Global Symbols
</H3>
<P><STRONG><a name="[5a]"></a>_call_atexit_fns</STRONG> (ARM, 0 bytes, Stack size 0 bytes, UNDEFINED)
<BR><BR>[Called By]<UL><LI><a href="#[4d]">&gt;&gt;</a>&nbsp;&nbsp;&nbsp;exit
</UL>
<HR></body></html>
