<html>
<body>
<pre>
<h1>礦ision Build Log</h1>
<h2>Tool Versions:</h2>
IDE-Version: μVision V5.34.0.0
Copyright (C) 2021 ARM Ltd and ARM Germany GmbH. All rights reserved.
License Information: 111 huawei, 111, LIC=HF82M-XEJB6-JPIZQ-NSZ9X-NU0XW-HZ42U
 
Tool Versions:
Toolchain:       MDK-ARM Professional  Version: 5.34.0.0
Toolchain Path:  D:\keil\Keil MDK v5.34\Installation Direction\ARM\ARMCC\Bin
C Compiler:      Armcc.exe V5.06 update 6 (build 750)
Assembler:       Armasm.exe V5.06 update 6 (build 750)
Linker/Locator:  ArmLink.exe V5.06 update 6 (build 750)
Library Manager: ArmAr.exe V5.06 update 6 (build 750)
Hex Converter:   FromElf.exe V5.06 update 6 (build 750)
CPU DLL:         SARMCM3.DLL V5.34.0.0
Dialog DLL:      DARMCM1.DLL V1.19.4.0
Target DLL:      STLink\ST-LINKIII-KEIL_SWO.dll V3.0.8.0
Dialog DLL:      TARMCM1.DLL V1.14.3.0
 
<h2>Project:</h2>
D:\viewshine\海外水表自动化线程序\程序\MDK-ARM\FM33LG048.uvprojx
Project File Date:  02/27/2026

<h2>Output:</h2>
*** Using Compiler 'V5.06 update 6 (build 750)', folder: 'D:\keil\Keil MDK v5.34\Installation Direction\ARM\ARMCC\Bin'
Rebuild target 'FM33LG048'
assembling startup_fm33lg0xx.s...
compiling system_fm33lg0xx.c...
compiling mf_config.c...
compiling fm33lg0xx_fl_rtca.c...
compiling fm33lg0xx_fl_svd.c...
compiling fm33lg0xx_fl_lpuart.c...
compiling fm33lg0xx_fl_comp.c...
compiling fm33lg0xx_fl_dma.c...
compiling fm33lg0xx_fl_pgl.c...
compiling fm33lg0xx_fl_exti.c...
compiling fm33lg0xx_fl_flash.c...
compiling main.c...
compiling fm33lg0xx_fl_rtcb.c...
compiling fm33lg0xx_fl_vrefp.c...
compiling fm33lg0xx_fl_iwdt.c...
compiling fm33lg0xx_fl_aes.c...
compiling fm33lg0xx_fl_adc.c...
compiling fm33lg0xx_fl_crc.c...
compiling fm33lg0xx_fl_vao.c...
compiling fm33lg0xx_fl_lptim16.c...
compiling fm33lg0xx_fl_spi.c...
compiling fm33lg0xx_fl_atim.c...
compiling fm33lg0xx_fl_dac.c...
compiling fm33lg0xx_fl.c...
compiling fm33lg0xx_fl_lcd.c...
compiling fm33lg0xx_fl_gptim.c...
compiling fm33lg0xx_fl_opa.c...
compiling fm33lg0xx_fl_bstim32.c...
compiling fm33lg0xx_fl_cmu.c...
compiling fm33lg0xx_fl_pmu.c...
compiling fm33lg0xx_fl_lptim32.c...
compiling fm33lg0xx_fl_gpio.c...
compiling fm33lg0xx_fl_i2c.c...
compiling fm33lg0xx_fl_divas.c...
compiling fm33lg0xx_fl_uart.c...
compiling fm33lg0xx_fl_wwdt.c...
compiling fm33lg0xx_fl_u7816.c...
compiling fm33lg0xx_fl_rng.c...
compiling fm33lg0xx_fl_can.c...
compiling fm33lg0xx_fl_bstim16.c...
compiling adc.c...
compiling ina219.c...
compiling gpio.c...
compiling jiaoyan.c...
compiling time.c...
compiling uart0.c...
compiling uart1.c...
compiling uart3.c...
compiling led.c...
compiling ir.c...
compiling measurement.c...
compiling pc.c...
compiling test_NB.c...
compiling test_CAT1.c...
compiling test_Lierda.c...
compiling test_Pulse.c...
compiling pulse.c...
compiling test_Mensi.c...
compiling test_Init.c...
linking...
Program Size: Code=27904 RO-data=308 RW-data=380 ZI-data=7108  
FromELF: creating hex file...
".\Objects\FM33LG048.axf" - 0 Error(s), 0 Warning(s).

<h2>Software Packages used:</h2>

Package Vendor: FMSH
                https://fmdevelopers.oss-cn-shanghai.aliyuncs.com/FMSH.FM33LG0XX_DFP.3.0.1.pack
                FMSH.FM33LG0XX_DFP.3.0.1
                FMSH FM33LG0XX Series Device Family Pack

<h2>Collection of Component include folders:</h2>
  D:\keil\Keil MDK v5.34\Installation Direction\FMSH\FM33LG0XX_DFP\3.0.1\Device\Include

<h2>Collection of Component Files used:</h2>
Build Time Elapsed:  00:00:11
</pre>
</body>
</html>
